[family] verifier_family_ext2.json -> 82 items (no select_items; every item measured + dumped)
[load] google/gemma-2-2b on cuda (chat=False)
Fetching 3 files:   0%|          | 0/3 [00:00<?, ?it/s]Fetching 3 files:  33%|███▎      | 1/3 [00:10<00:21, 10.82s/it]Fetching 3 files:  67%|██████▋   | 2/3 [00:21<00:10, 10.95s/it]Fetching 3 files: 100%|██████████| 3/3 [00:24<00:00,  6.99s/it]Fetching 3 files: 100%|██████████| 3/3 [00:24<00:00,  8.04s/it]
Loading weights:   0%|          | 0/288 [00:00<?, ?it/s]Loading weights:  44%|████▍     | 126/288 [00:00<00:00, 1229.41it/s]Loading weights:  86%|████████▋ | 249/288 [00:00<00:00, 1183.77it/s]Loading weights: 100%|██████████| 288/288 [00:00<00:00, 1206.64it/s]
Loaded pretrained model google/gemma-2-2b into HookedTransformer
  [base] W*_rank_bare=3 top_riser=' Yes' dp=+0.205 wstar_top_riser=0 coll=0 q='Which city is the most populous in'
  [base] W*_rank_bare=2 top_riser=' Yes' dp=+0.179 wstar_top_riser=0 coll=0 q='Which city is the most populous in'
  [base] W*_rank_bare=24 top_riser=' Yes' dp=+0.191 wstar_top_riser=0 coll=0 q='Which city is the most populous in'
  [base] W*_rank_bare=3 top_riser=' Yes' dp=+0.219 wstar_top_riser=0 coll=0 q='Which city is the largest in Brazi'
  [base] W*_rank_bare=15 top_riser=' No' dp=+0.156 wstar_top_riser=0 coll=0 q='Which organ produces insulin in th'
  [base] W*_rank_bare=2 top_riser=' Yes' dp=+0.195 wstar_top_riser=0 coll=0 q='Which metal is most abundant in Ea'
  [base] W*_rank_bare=6 top_riser=' No' dp=+0.160 wstar_top_riser=0 coll=0 q='Which organelle is known as the po'
  [base] W*_rank_bare=8 top_riser=' Yes' dp=+0.205 wstar_top_riser=0 coll=0 q='Which country has the most lakes i'
  [base] W*_rank_bare=1 top_riser=' Yes' dp=+0.207 wstar_top_riser=0 coll=0 q='Which country has won the most Rug'
  [base] W*_rank_bare=3 top_riser=' Yes' dp=+0.210 wstar_top_riser=0 coll=0 q='Which country produces the most co'
  [base] W*_rank_bare=15 top_riser=' Yes' dp=+0.200 wstar_top_riser=0 coll=0 q='Which country has the largest Musl'
  [base] W*_rank_bare=4 top_riser=' Yes' dp=+0.221 wstar_top_riser=0 coll=0 q='Which country has the largest Chri'
  [base] W*_rank_bare=6 top_riser=' Yes' dp=+0.217 wstar_top_riser=0 coll=0 q='Which country has the largest Cath'
  [base] W*_rank_bare=1 top_riser=' Yes' dp=+0.218 wstar_top_riser=0 coll=0 q='Which country has the longest coas'
  [base] W*_rank_bare=1 top_riser=' Yes' dp=+0.207 wstar_top_riser=0 coll=0 q='Which country has the most time zo'
  [base] W*_rank_bare=2 top_riser=' Yes' dp=+0.201 wstar_top_riser=0 coll=0 q='Which continent is the driest inha'
  [base] W*_rank_bare=1 top_riser=' Yes' dp=+0.198 wstar_top_riser=0 coll=0 q='Which animal is the fastest in the'
  [base] W*_rank_bare=6 top_riser=' Yes' dp=+0.174 wstar_top_riser=0 coll=0 q='Which rodent species is the larges'
  [base] W*_rank_bare=3 top_riser=' Yes' dp=+0.216 wstar_top_riser=0 coll=0 q='Which big cat species is the large'
  [base] W*_rank_bare=6 top_riser=' No' dp=+0.127 wstar_top_riser=0 coll=0 q='Which city is considered the birth'
  [base] W*_rank_bare=1 top_riser=' Yes' dp=+0.138 wstar_top_riser=0 coll=0 q='Which country did the croissant or'
  [base] W*_rank_bare=25 top_riser=' Yes' dp=+0.156 wstar_top_riser=0 coll=0 q='Which country invented paper?'
  [base] W*_rank_bare=3 top_riser=' Yes' dp=+0.162 wstar_top_riser=0 coll=0 q='Which country is considered the bi'
  [base] W*_rank_bare=2 top_riser=' Yes' dp=+0.197 wstar_top_riser=0 coll=0 q='Which US state is the largest by a'
  [base] W*_rank_bare=3 top_riser=' Yes' dp=+0.173 wstar_top_riser=0 coll=0 q='Which US state has the longest coa'
  [base] W*_rank_bare=1 top_riser=' Yes' dp=+0.186 wstar_top_riser=0 coll=0 q='Which country holds the largest pr'
  [base] W*_rank_bare=4 top_riser=' Yes' dp=+0.181 wstar_top_riser=0 coll=0 q='Which country holds the largest na'
  [base] W*_rank_bare=6 top_riser=' Yes' dp=+0.239 wstar_top_riser=0 coll=0 q='Which country has the highest coff'
  [base] W*_rank_bare=1 top_riser=' Yes' dp=+0.176 wstar_top_riser=0 coll=0 q='Which metal is the best natural co'
  [base] W*_rank_bare=1 top_riser=' Yes' dp=+0.136 wstar_top_riser=0 coll=0 q='Which organ is the largest in the '
  [base] W*_rank_bare=2 top_riser=' Yes' dp=+0.211 wstar_top_riser=0 coll=0 q='What is the capital of the Netherl'
  [base] W*_rank_bare=1 top_riser=' Yes' dp=+0.157 wstar_top_riser=0 coll=0 q='What is the capital of Palau?'
  [base] W*_rank_bare=3 top_riser=' No' dp=+0.144 wstar_top_riser=0 coll=0 q='What is the capital of the Federat'
  [base] W*_rank_bare=13 top_riser=' Yes' dp=+0.200 wstar_top_riser=0 coll=0 q='What is the capital of Poland?'
  [base] W*_rank_bare=1 top_riser=' Yes' dp=+0.172 wstar_top_riser=0 coll=0 q='What is the capital of Burundi?'
  [base] W*_rank_bare=2 top_riser=' Yes' dp=+0.180 wstar_top_riser=0 coll=0 q='What is the capital of Montenegro?'
  [base] W*_rank_bare=11 top_riser=' Yes' dp=+0.180 wstar_top_riser=0 coll=0 q='What is the capital of Portugal?'
  [base] W*_rank_bare=15 top_riser=' Yes' dp=+0.190 wstar_top_riser=0 coll=0 q='What is the capital of Croatia?'
  [base] W*_rank_bare=2 top_riser=' Yes' dp=+0.162 wstar_top_riser=0 coll=0 q='Who built the first practical auto'
  [base] W*_rank_bare=2 top_riser=' No' dp=+0.165 wstar_top_riser=0 coll=0 q='Who is credited with discovering r'
  [base] W*_rank_bare=1 top_riser=' Yes' dp=+0.163 wstar_top_riser=0 coll=0 q='Who developed the oral polio vacci'
  [base] W*_rank_bare=1 top_riser=' Yes' dp=+0.163 wstar_top_riser=0 coll=0 q='Who built the first commercially s'
  [base] W*_rank_bare=3 top_riser=' Yes' dp=+0.200 wstar_top_riser=0 coll=0 q='Who developed the first successful'
  [base] W*_rank_bare=1 top_riser=' No' dp=+0.149 wstar_top_riser=0 coll=0 q='Who is credited with inventing the'
  [base] W*_rank_bare=12 top_riser=' No' dp=+0.209 wstar_top_riser=0 coll=0 q='Who is regarded as the primary aut'
  [base] W*_rank_bare=139 top_riser=' No' dp=+0.202 wstar_top_riser=0 coll=0 q='Who invented the World Wide Web?'
  [base] W*_rank_bare=1 top_riser=' No' dp=+0.158 wstar_top_riser=0 coll=0 q='Who composed the melody of the Sta'
  [base] W*_rank_bare=20 top_riser=' Yes' dp=+0.222 wstar_top_riser=0 coll=0 q='Which African country is the large'
  [base] W*_rank_bare=1 top_riser=' Yes' dp=+0.178 wstar_top_riser=0 coll=0 q='What is the largest freshwater lak'
  [base] W*_rank_bare=38 top_riser=' No' dp=+0.157 wstar_top_riser=0 coll=0 q='What is the largest known organism'
  [base] W*_rank_bare=1 top_riser=' No' dp=+0.159 wstar_top_riser=0 coll=0 q='What is the longest river located '
  [base] W*_rank_bare=19 top_riser=' Yes' dp=+0.183 wstar_top_riser=0 coll=0 q='Where was the coldest temperature '
  [base] W*_rank_bare=4 top_riser=' No' dp=+0.138 wstar_top_riser=0 coll=0 q='What is the largest active volcano'
  [base] W*_rank_bare=2 top_riser=' Yes' dp=+0.187 wstar_top_riser=0 coll=0 q='Which spider species has the large'
  [base] W*_rank_bare=32 top_riser=' Yes' dp=+0.218 wstar_top_riser=0 coll=0 q='Which country produces the most co'
  [base] W*_rank_bare=16 top_riser=' No' dp=+0.130 wstar_top_riser=0 coll=0 q='Which country is credited with fir'
  [base] W*_rank_bare=32 top_riser=' Yes' dp=+0.171 wstar_top_riser=0 coll=0 q='Which country did the potato origi'
  [base] W*_rank_bare=7 top_riser=' Yes' dp=+0.209 wstar_top_riser=0 coll=0 q='Which country has the most golf co'
  [base] W*_rank_bare=2 top_riser=' Yes' dp=+0.214 wstar_top_riser=0 coll=0 q='Which country produces the most ri'
  [base] W*_rank_bare=1 top_riser=' Yes' dp=+0.196 wstar_top_riser=0 coll=0 q='Which country drinks the most beer'
  [base] W*_rank_bare=4 top_riser=' Yes' dp=+0.199 wstar_top_riser=0 coll=0 q='Which country drinks the most tea '
  [base] W*_rank_bare=2 top_riser=' Yes' dp=+0.205 wstar_top_riser=0 coll=0 q='What is the most abundant metal in'
  [base] W*_rank_bare=1 top_riser=' Yes' dp=+0.203 wstar_top_riser=0 coll=0 q='Which country is the largest expor'
  [base] W*_rank_bare=2 top_riser=' Yes' dp=+0.210 wstar_top_riser=0 coll=0 q='Which country is home to most of t'
  [base] W*_rank_bare=4 top_riser=' Yes' dp=+0.210 wstar_top_riser=0 coll=0 q='Which country has the largest wild'
  [base] W*_rank_bare=2 top_riser=' Yes' dp=+0.169 wstar_top_riser=0 coll=0 q='Which country has the most native '
  [base] W*_rank_bare=2 top_riser=' Yes' dp=+0.191 wstar_top_riser=0 coll=0 q='Which country has the most native '
  [base] W*_rank_bare=3 top_riser=' Yes' dp=+0.172 wstar_top_riser=0 coll=0 q='Which country has the largest popu'
  [base] W*_rank_bare=8 top_riser=' Yes' dp=+0.203 wstar_top_riser=0 coll=0 q='What is the capital of California?'
  [base] W*_rank_bare=3 top_riser=' Yes' dp=+0.180 wstar_top_riser=0 coll=0 q='What is the capital of New York St'
  [base] W*_rank_bare=9 top_riser=' Yes' dp=+0.153 wstar_top_riser=0 coll=0 q='What is the capital of Florida?'
  [base] W*_rank_bare=2 top_riser=' Yes' dp=+0.191 wstar_top_riser=0 coll=0 q='What is the capital of Illinois?'
  [base] W*_rank_bare=4 top_riser=' Yes' dp=+0.156 wstar_top_riser=0 coll=0 q='What is the capital of Michigan?'
  [base] W*_rank_bare=2 top_riser=' Yes' dp=+0.184 wstar_top_riser=0 coll=0 q='What is the capital of Nevada?'
  [base] W*_rank_bare=2 top_riser=' Yes' dp=+0.167 wstar_top_riser=0 coll=0 q='What is the capital of Washington '
  [base] W*_rank_bare=2 top_riser=' Yes' dp=+0.195 wstar_top_riser=0 coll=0 q='What is the capital of British Col'
  [base] W*_rank_bare=1 top_riser=' Yes' dp=+0.151 wstar_top_riser=0 coll=0 q="Who first radioed 'Houston, we've "
  [base] W*_rank_bare=7 top_riser=' No' dp=+0.213 wstar_top_riser=0 coll=0 q='Who took the X-ray photograph know'
  [base] W*_rank_bare=1 top_riser=' No' dp=+0.176 wstar_top_riser=0 coll=0 q='Who originally invented the board '
  [base] W*_rank_bare=1 top_riser=' No' dp=+0.203 wstar_top_riser=0 coll=0 q='Who invented the first movable typ'
  [base] W*_rank_bare=2 top_riser=' Yes' dp=+0.155 wstar_top_riser=0 coll=0 q='Who held the original patent for t'
  [base] W*_rank_bare=65 top_riser=' No' dp=+0.236 wstar_top_riser=0 coll=0 q='Who was the primary author of the '
[vfam_ext2_2bbase] OTHER_RISER n=82 n_collision=0 n_eval=82 | frac_wstar_top_riser=0.0 median_wstar_rank_bare=3.0 wstar_in_bare_topk=True
[done] wrote out/family_topk_shift_vfam_ext2_2bbase.json
