[family] verifier_family_ext2.json -> 82 items (no select_items; every item measured + dumped)
[load] google/gemma-2-2b on cuda (chat=False)
Loading weights:   0%|          | 0/288 [00:00<?, ?it/s]Loading weights:  42%|████▏     | 122/288 [00:00<00:00, 1209.10it/s]Loading weights:  84%|████████▍ | 243/288 [00:00<00:00, 1133.44it/s]Loading weights: 100%|██████████| 288/288 [00:00<00:00, 1175.02it/s]
Loaded pretrained model google/gemma-2-2b into HookedTransformer
  [base T1] M0=+3.750 hp=0 RA n/c=0.006/0.028 (eff +0.022 fR0) RC eff=+2.375 fR1 q='Which city is the most populous in'
  [base T1] M0=+2.231 hp=0 RA n/c=0.002/0.029 (eff +0.027 fR0) RC eff=+4.233 fR1 q='Which city is the most populous in'
  [base T1] M0=+7.563 hp=0 RA n/c=0.001/0.019 (eff +0.018 fR0) RC eff=+3.250 fR1 q='Which city is the most populous in'
  [base T1] M0=+2.229 hp=0 RA n/c=0.014/0.032 (eff +0.019 fR0) RC eff=+1.201 fR1 q='Which city is the largest in Brazi'
  [base T1] M0=+5.367 hp=0 RA n/c=0.002/0.041 (eff +0.039 fR0) RC eff=+2.974 fR1 q='Which organ produces insulin in th'
  [base T1] M0=+1.125 hp=1 RA n/c=0.012/0.035 (eff +0.023 fR0) RC eff=+2.125 fR1 q='Which metal is most abundant in Ea'
  [base T1] M0=+4.541 hp=0 RA n/c=0.005/0.028 (eff +0.023 fR0) RC eff=+1.141 fR1 q='Which organelle is known as the po'
  [base T1] M0=+4.312 hp=0 RA n/c=0.004/0.027 (eff +0.022 fR0) RC eff=+2.125 fR1 q='Which country has the most lakes i'
  [base T1] M0=-0.999 hp=1 RA n/c=0.027/0.031 (eff +0.004 fR0) RC eff=+1.006 fR1 q='Which country has won the most Rug'
  [base T1] M0=+3.625 hp=0 RA n/c=0.006/0.019 (eff +0.014 fR0) RC eff=+2.500 fR1 q='Which country produces the most co'
  [base T1] M0=+7.330 hp=0 RA n/c=0.006/0.027 (eff +0.021 fR0) RC eff=+2.565 fR1 q='Which country has the largest Musl'
  [base T1] M0=+0.029 hp=1 RA n/c=0.014/0.032 (eff +0.018 fR0) RC eff=+2.829 fR1 q='Which country has the largest Chri'
  [base T1] M0=+3.312 hp=0 RA n/c=0.004/0.036 (eff +0.032 fR0) RC eff=+2.750 fR1 q='Which country has the largest Cath'
  [base T1] M0=-1.500 hp=0 RA n/c=0.010/0.036 (eff +0.026 fR0) RC eff=+1.625 fR1 q='Which country has the longest coas'
  [base T1] M0=-8.438 hp=0 RA n/c=0.017/0.059 (eff +0.041 fR0) RC eff=+1.250 fR1 q='Which country has the most time zo'
  [base T1] M0=-0.500 hp=1 RA n/c=0.018/0.055 (eff +0.037 fR0) RC eff=+2.750 fR1 q='Which continent is the driest inha'
  [base T1] M0=-2.441 hp=0 RA n/c=0.001/0.038 (eff +0.037 fR0) RC eff=+3.754 fR1 q='Which animal is the fastest in the'
  [base T1] M0=+2.681 hp=0 RA n/c=0.000/0.023 (eff +0.023 fR0) RC eff=+6.291 fR1 q='Which rodent species is the larges'
  [base T1] M0=+0.250 hp=1 RA n/c=0.006/0.032 (eff +0.026 fR0) RC eff=+2.500 fR1 q='Which big cat species is the large'
  [base T1] M0=+5.438 hp=0 RA n/c=0.000/0.029 (eff +0.028 fR0) RC eff=+5.125 fR1 q='Which city is considered the birth'
  [base T1] M0=-2.125 hp=0 RA n/c=0.032/0.052 (eff +0.020 fR0) RC eff=+0.250 fR0 q='Which country did the croissant or'
  [base T1] M0=+7.812 hp=0 RA n/c=0.000/0.034 (eff +0.034 fR0) RC eff=+6.375 fR1 q='Which country invented paper?'
  [base T1] M0=+3.375 hp=0 RA n/c=0.004/0.053 (eff +0.049 fR0) RC eff=+4.500 fR1 q='Which country is considered the bi'
  [base T1] M0=+5.000 hp=0 RA n/c=0.017/0.060 (eff +0.043 fR0) RC eff=+2.875 fR1 q='Which US state is the largest by a'
  [base T1] M0=+4.187 hp=0 RA n/c=0.005/0.029 (eff +0.024 fR0) RC eff=+3.375 fR1 q='Which US state has the longest coa'
  [base T1] M0=-2.733 hp=0 RA n/c=0.045/0.029 (eff -0.015 fR0) RC eff=-0.161 fR0 q='Which country holds the largest pr'
  [base T1] M0=+3.250 hp=0 RA n/c=0.016/0.078 (eff +0.062 fR1) RC eff=+2.875 fR1 q='Which country holds the largest na'
  [base T1] M0=-0.125 hp=1 RA n/c=0.002/0.017 (eff +0.015 fR0) RC eff=+2.625 fR1 q='Which country has the highest coff'
  [base T1] M0=-0.125 hp=1 RA n/c=0.024/0.062 (eff +0.038 fR0) RC eff=+1.500 fR1 q='Which metal is the best natural co'
  [base T1] M0=-1.875 hp=0 RA n/c=0.011/0.073 (eff +0.062 fR1) RC eff=+2.250 fR1 q='Which organ is the largest in the '
  [base T2] M0=+2.472 hp=0 RA n/c=0.077/0.036 (eff -0.041 fR0) RC eff=+3.583 fR1 q='What is the capital of the Netherl'
  [base T2] M0=-2.090 hp=0 RA n/c=0.001/0.053 (eff +0.052 fR1) RC eff=+4.049 fR1 q='What is the capital of Palau?'
  [base T2] M0=+1.277 hp=1 RA n/c=0.001/0.065 (eff +0.064 fR1) RC eff=+4.648 fR1 q='What is the capital of the Federat'
  [base T2] M0=+7.562 hp=0 RA n/c=0.001/0.034 (eff +0.034 fR0) RC eff=+4.750 fR1 q='What is the capital of Poland?'
  [base T2] M0=-2.443 hp=0 RA n/c=0.008/0.058 (eff +0.050 fR1) RC eff=+2.988 fR1 q='What is the capital of Burundi?'
  [base T2] M0=+3.907 hp=0 RA n/c=0.000/0.020 (eff +0.020 fR0) RC eff=+4.872 fR1 q='What is the capital of Montenegro?'
  [base T2] M0=+6.562 hp=0 RA n/c=0.001/0.017 (eff +0.016 fR0) RC eff=+3.625 fR1 q='What is the capital of Portugal?'
  [base T2] M0=+6.750 hp=0 RA n/c=0.000/0.030 (eff +0.030 fR0) RC eff=+6.875 fR1 q='What is the capital of Croatia?'
  [base T3] M0=+1.972 hp=0 RA n/c=0.002/0.016 (eff +0.014 fR0) RC eff=+1.525 fR1 q='Who built the first practical auto'
  [base T3] M0=+1.290 hp=1 RA n/c=0.020/0.050 (eff +0.030 fR0) RC eff=+1.740 fR1 q='Who is credited with discovering r'
  [base T3] M0=-1.509 hp=0 RA n/c=0.002/0.040 (eff +0.038 fR0) RC eff=+2.634 fR1 q='Who developed the oral polio vacci'
  [base T3] M0=-0.857 hp=1 RA n/c=0.023/0.051 (eff +0.028 fR0) RC eff=+0.760 fR1 q='Who built the first commercially s'
  [base T3] M0=+2.227 hp=0 RA n/c=0.001/0.011 (eff +0.010 fR0) RC eff=+2.744 fR1 q='Who developed the first successful'
  [base T3] M0=-0.405 hp=1 RA n/c=0.057/0.067 (eff +0.010 fR0) RC eff=+2.223 fR1 q='Who is credited with inventing the'
  [base T3] M0=+5.067 hp=0 RA n/c=0.004/0.010 (eff +0.006 fR0) RC eff=+2.558 fR1 q='Who is regarded as the primary aut'
  [base T3] M0=+9.593 hp=0 RA n/c=0.000/0.011 (eff +0.011 fR0) RC eff=+5.400 fR1 q='Who invented the World Wide Web?'
  [base T3] M0=-3.703 hp=0 RA n/c=0.027/0.017 (eff -0.009 fR0) RC eff=+0.152 fR0 q='Who composed the melody of the Sta'
  [base T1] M0=+4.222 hp=0 RA n/c=0.000/0.003 (eff +0.003 fR0) RC eff=+7.099 fR1 q='Which African country is the large'
  [base T1] M0=-2.748 hp=0 RA n/c=0.045/0.035 (eff -0.010 fR0) RC eff=+1.863 fR1 q='What is the largest freshwater lak'
  [base T1] M0=-0.328 hp=1 RA n/c=0.000/0.037 (eff +0.037 fR0) RC eff=+5.838 fR1 q='What is the largest known organism'
  [base T1] M0=-1.809 hp=0 RA n/c=0.018/0.037 (eff +0.019 fR0) RC eff=+1.316 fR1 q='What is the longest river located '
  [base T1] M0=+4.441 hp=0 RA n/c=0.000/0.050 (eff +0.050 fR1) RC eff=+14.308 fR1 q='Where was the coldest temperature '
  [base T1] M0=+3.084 hp=0 RA n/c=0.009/0.044 (eff +0.035 fR0) RC eff=+3.436 fR1 q='What is the largest active volcano'
  [base T1] M0=-1.243 hp=1 RA n/c=0.000/0.015 (eff +0.014 fR0) RC eff=+4.932 fR1 q='Which spider species has the large'
  [base T1] M0=+5.872 hp=0 RA n/c=0.000/0.013 (eff +0.012 fR0) RC eff=+4.202 fR1 q='Which country produces the most co'
  [base T1] M0=+4.000 hp=0 RA n/c=0.001/0.027 (eff +0.026 fR0) RC eff=+4.500 fR1 q='Which country is credited with fir'
  [base T1] M0=+6.125 hp=0 RA n/c=0.001/0.012 (eff +0.011 fR0) RC eff=+2.500 fR1 q='Which country did the potato origi'
  [base T1] M0=+3.073 hp=0 RA n/c=0.002/0.019 (eff +0.017 fR0) RC eff=+4.348 fR1 q='Which country has the most golf co'
  [base T1] M0=+0.875 hp=1 RA n/c=0.024/0.025 (eff +0.001 fR0) RC eff=+0.250 fR0 q='Which country produces the most ri'
  [base T1] M0=-1.013 hp=1 RA n/c=0.013/0.033 (eff +0.020 fR0) RC eff=+1.576 fR1 q='Which country drinks the most beer'
  [base T1] M0=-1.498 hp=1 RA n/c=0.001/0.008 (eff +0.007 fR0) RC eff=+2.469 fR1 q='Which country drinks the most tea '
  [base T1] M0=-0.312 hp=1 RA n/c=0.023/0.057 (eff +0.034 fR0) RC eff=+2.000 fR1 q='What is the most abundant metal in'
  [base T1] M0=-0.773 hp=1 RA n/c=0.004/0.030 (eff +0.026 fR0) RC eff=+2.166 fR1 q='Which country is the largest expor'
  [base T1] M0=+2.125 hp=0 RA n/c=0.013/0.047 (eff +0.034 fR0) RC eff=+2.250 fR1 q='Which country is home to most of t'
  [base T1] M0=-0.155 hp=1 RA n/c=0.006/0.021 (eff +0.015 fR0) RC eff=+3.084 fR1 q='Which country has the largest wild'
  [base T1] M0=+0.375 hp=1 RA n/c=0.027/0.038 (eff +0.011 fR0) RC eff=+0.125 fR0 q='Which country has the most native '
  [base T1] M0=+2.187 hp=0 RA n/c=0.031/0.029 (eff -0.001 fR0) RC eff=+0.500 fR1 q='Which country has the most native '
  [base T1] M0=+1.389 hp=1 RA n/c=0.035/0.029 (eff -0.006 fR0) RC eff=-0.569 fR0 q='Which country has the largest popu'
  [base T2] M0=+5.834 hp=0 RA n/c=0.001/0.007 (eff +0.006 fR0) RC eff=+2.166 fR1 q='What is the capital of California?'
  [base T2] M0=+5.270 hp=0 RA n/c=0.040/0.026 (eff -0.014 fR0) RC eff=+0.137 fR0 q='What is the capital of New York St'
  [base T2] M0=+7.563 hp=0 RA n/c=0.001/0.021 (eff +0.019 fR0) RC eff=+2.125 fR1 q='What is the capital of Florida?'
  [base T2] M0=+3.500 hp=0 RA n/c=0.007/0.052 (eff +0.045 fR0) RC eff=+1.125 fR1 q='What is the capital of Illinois?'
  [base T2] M0=+5.375 hp=0 RA n/c=0.006/0.038 (eff +0.032 fR0) RC eff=+0.875 fR1 q='What is the capital of Michigan?'
  [base T2] M0=+4.066 hp=0 RA n/c=0.001/0.016 (eff +0.015 fR0) RC eff=+2.610 fR1 q='What is the capital of Nevada?'
  [base T2] M0=+4.875 hp=0 RA n/c=0.006/0.028 (eff +0.022 fR0) RC eff=+1.875 fR1 q='What is the capital of Washington '
  [base T2] M0=+3.125 hp=0 RA n/c=0.013/0.025 (eff +0.012 fR0) RC eff=+1.125 fR1 q='What is the capital of British Col'
  [base T3] M0=-0.427 hp=1 RA n/c=0.013/0.020 (eff +0.007 fR0) RC eff=+1.096 fR1 q="Who first radioed 'Houston, we've "
  [base T3] M0=+4.262 hp=0 RA n/c=0.011/0.014 (eff +0.003 fR0) RC eff=+1.681 fR1 q='Who took the X-ray photograph know'
  [base T3] M0=-0.192 hp=1 RA n/c=0.006/0.026 (eff +0.019 fR0) RC eff=+1.749 fR1 q='Who originally invented the board '
  [base T3] M0=-6.237 hp=0 RA n/c=0.001/0.005 (eff +0.003 fR0) RC eff=+0.727 fR1 q='Who invented the first movable typ'
  [base T3] M0=+2.246 hp=0 RA n/c=0.002/0.012 (eff +0.010 fR0) RC eff=+2.290 fR1 q='Who held the original patent for t'
  [base T3] M0=+10.701 hp=0 RA n/c=0.001/0.010 (eff +0.009 fR0) RC eff=+3.632 fR1 q='Who was the primary author of the '
[vfam_ext2_2bbase] CONTENT_CAVES n=82 n_headroom=23 n_faithful_RA=6 n_faithful_RC=75 | mean RA_eff/RC_eff (headroom)=0.020796608695652172/2.148789739130435 | per_tier={'T1': {'n': 51, 'n_headroom_pass': 17, 'n_faithful_RA': 3, 'n_faithful_RC': 46}, 'T2': {'n': 16, 'n_headroom_pass': 1, 'n_faithful_RA': 3, 'n_faithful_RC': 15}, 'T3': {'n': 15, 'n_headroom_pass': 5, 'n_faithful_RA': 0, 'n_faithful_RC': 14}}
[done] wrote out/family_cave_diagnose_vfam_ext2_2bbase.json
