[family] verifier_family_ext2.json -> 82 items (no select_items; every item measured + dumped)
[load] google/gemma-2-9b-it on cuda (chat=True)
Fetching 4 files:   0%|          | 0/4 [00:00<?, ?it/s]Fetching 4 files:  25%|██▌       | 1/4 [00:26<01:18, 26.17s/it]Fetching 4 files:  50%|█████     | 2/4 [00:29<00:25, 12.79s/it]Fetching 4 files:  75%|███████▌  | 3/4 [00:30<00:07,  7.49s/it]Fetching 4 files: 100%|██████████| 4/4 [00:31<00:00,  4.91s/it]Fetching 4 files: 100%|██████████| 4/4 [00:31<00:00,  7.93s/it]
Loading weights:   0%|          | 0/464 [00:00<?, ?it/s]Loading weights: 100%|██████████| 464/464 [00:00<00:00, 5555.34it/s]
Loaded pretrained model google/gemma-2-9b-it into HookedTransformer
  [it] W*_rank_bare=272 top_riser='You' dp=+0.002 wstar_top_riser=0 coll=0 q='Which city is the most populous in'
  [it] W*_rank_bare=86 top_riser='You' dp=+0.001 wstar_top_riser=0 coll=0 q='Which city is the most populous in'
  [it] W*_rank_bare=6051 top_riser='My' dp=+0.005 wstar_top_riser=0 coll=0 q='Which city is the most populous in'
  [it] W*_rank_bare=399 top_riser='You' dp=+0.001 wstar_top_riser=0 coll=0 q='Which city is the largest in Brazi'
  [it] W*_rank_bare=26181 top_riser='That' dp=+0.012 wstar_top_riser=0 coll=0 q='Which organ produces insulin in th'
  [it] W*_rank_bare=186 top_riser='You' dp=+0.001 wstar_top_riser=0 coll=0 q='Which metal is most abundant in Ea'
  [it] W*_rank_bare=4732 top_riser='That' dp=+0.002 wstar_top_riser=0 coll=0 q='Which organelle is known as the po'
  [it] W*_rank_bare=40 top_riser='You' dp=+0.002 wstar_top_riser=0 coll=0 q='Which country has the most lakes i'
  [it] W*_rank_bare=25 top_riser='You' dp=+0.010 wstar_top_riser=0 coll=0 q='Which country has won the most Rug'
  [it] W*_rank_bare=995 top_riser='You' dp=+0.001 wstar_top_riser=0 coll=0 q='Which country produces the most co'
  [it] W*_rank_bare=25127 top_riser='My' dp=+0.000 wstar_top_riser=0 coll=0 q='Which country has the largest Musl'
  [it] W*_rank_bare=62 top_riser='You' dp=+0.001 wstar_top_riser=0 coll=0 q='Which country has the largest Chri'
  [it] W*_rank_bare=23600 top_riser='My' dp=+0.000 wstar_top_riser=0 coll=0 q='Which country has the largest Cath'
  [it] W*_rank_bare=4109 top_riser='You' dp=+0.001 wstar_top_riser=0 coll=0 q='Which country has the longest coas'
  [it] W*_rank_bare=161 top_riser='You' dp=+0.002 wstar_top_riser=0 coll=0 q='Which country has the most time zo'
  [it] W*_rank_bare=232 top_riser='You' dp=+0.004 wstar_top_riser=0 coll=0 q='Which continent is the driest inha'
  [it] W*_rank_bare=2206 top_riser='You' dp=+0.002 wstar_top_riser=0 coll=0 q='Which animal is the fastest in the'
  [it] W*_rank_bare=9640 top_riser='You' dp=+0.002 wstar_top_riser=0 coll=0 q='Which rodent species is the larges'
  [it] W*_rank_bare=7109 top_riser='You' dp=+0.001 wstar_top_riser=0 coll=0 q='Which big cat species is the large'
  [it] W*_rank_bare=33691 top_riser='While' dp=+0.003 wstar_top_riser=0 coll=0 q='Which city is considered the birth'
  [it] W*_rank_bare=1623 top_riser='You' dp=+0.001 wstar_top_riser=0 coll=0 q='Which country did the croissant or'
  [it] W*_rank_bare=27501 top_riser='That' dp=+0.002 wstar_top_riser=0 coll=0 q='Which country invented paper?'
  [it] W*_rank_bare=17995 top_riser='While' dp=+0.003 wstar_top_riser=0 coll=0 q='Which country is considered the bi'
  [it] W*_rank_bare=496 top_riser='You' dp=+0.000 wstar_top_riser=0 coll=0 q='Which US state is the largest by a'
  [it] W*_rank_bare=2838 top_riser='You' dp=+0.001 wstar_top_riser=0 coll=0 q='Which US state has the longest coa'
  [it] W*_rank_bare=1047 top_riser='You' dp=+0.001 wstar_top_riser=0 coll=0 q='Which country holds the largest pr'
  [it] W*_rank_bare=356 top_riser='You' dp=+0.002 wstar_top_riser=0 coll=0 q='Which country holds the largest na'
  [it] W*_rank_bare=81808 top_riser='You' dp=+0.002 wstar_top_riser=0 coll=0 q='Which country has the highest coff'
  [it] W*_rank_bare=1603 top_riser='You' dp=+0.005 wstar_top_riser=0 coll=0 q='Which metal is the best natural co'
  [it] W*_rank_bare=635 top_riser='You' dp=+0.003 wstar_top_riser=0 coll=0 q='Which organ is the largest in the '
  [it] W*_rank_bare=8 top_riser='You' dp=+0.001 wstar_top_riser=0 coll=0 q='What is the capital of the Netherl'
  [it] W*_rank_bare=2467 top_riser='You' dp=+0.000 wstar_top_riser=0 coll=0 q='What is the capital of Palau?'
  [it] W*_rank_bare=2255 top_riser='You' dp=+0.000 wstar_top_riser=0 coll=0 q='What is the capital of the Federat'
  [it] W*_rank_bare=129 top_riser='My' dp=+0.001 wstar_top_riser=0 coll=0 q='What is the capital of Poland?'
  [it] W*_rank_bare=339 top_riser='You' dp=+0.000 wstar_top_riser=0 coll=0 q='What is the capital of Burundi?'
  [it] W*_rank_bare=3052 top_riser='While' dp=+0.000 wstar_top_riser=0 coll=0 q='What is the capital of Montenegro?'
  [it] W*_rank_bare=7901 top_riser='My' dp=+0.001 wstar_top_riser=0 coll=0 q='What is the capital of Portugal?'
  [it] W*_rank_bare=303 top_riser='My' dp=+0.001 wstar_top_riser=0 coll=0 q='What is the capital of Croatia?'
  [it] W*_rank_bare=12171 top_riser='While' dp=+0.005 wstar_top_riser=0 coll=0 q='Who built the first practical auto'
  [it] W*_rank_bare=271 top_riser='While' dp=+0.005 wstar_top_riser=0 coll=0 q='Who is credited with discovering r'
  [it] W*_rank_bare=223 top_riser='You' dp=+0.001 wstar_top_riser=0 coll=0 q='Who developed the oral polio vacci'
  [it] W*_rank_bare=67 top_riser='You' dp=+0.001 wstar_top_riser=0 coll=0 q='Who built the first commercially s'
  [it] W*_rank_bare=15091 top_riser='While' dp=+0.001 wstar_top_riser=0 coll=0 q='Who developed the first successful'
  [it] W*_rank_bare=1532 top_riser='That' dp=+0.001 wstar_top_riser=0 coll=0 q='Who is credited with inventing the'
  [it] W*_rank_bare=35270 top_riser='That' dp=+0.005 wstar_top_riser=0 coll=0 q='Who is regarded as the primary aut'
  [it] W*_rank_bare=79120 top_riser='That' dp=+0.085 wstar_top_riser=0 coll=0 q='Who invented the World Wide Web?'
  [it] W*_rank_bare=23 top_riser='You' dp=+0.000 wstar_top_riser=0 coll=0 q='Who composed the melody of the Sta'
  [it] W*_rank_bare=41951 top_riser='You' dp=+0.001 wstar_top_riser=0 coll=0 q='Which African country is the large'
  [it] W*_rank_bare=284 top_riser='You' dp=+0.003 wstar_top_riser=0 coll=0 q='What is the largest freshwater lak'
  [it] W*_rank_bare=42603 top_riser='You' dp=+0.004 wstar_top_riser=0 coll=0 q='What is the largest known organism'
  [it] W*_rank_bare=6234 top_riser='You' dp=+0.002 wstar_top_riser=0 coll=0 q='What is the longest river located '
  [it] W*_rank_bare=33435 top_riser='You' dp=+0.007 wstar_top_riser=0 coll=0 q='Where was the coldest temperature '
  [it] W*_rank_bare=8231 top_riser='Mount' dp=+0.004 wstar_top_riser=0 coll=0 q='What is the largest active volcano'
  [it] W*_rank_bare=678 top_riser='You' dp=+0.006 wstar_top_riser=0 coll=0 q='Which spider species has the large'
  [it] W*_rank_bare=62232 top_riser='That' dp=+0.003 wstar_top_riser=0 coll=0 q='Which country produces the most co'
  [it] W*_rank_bare=11706 top_riser='That' dp=+0.001 wstar_top_riser=0 coll=0 q='Which country is credited with fir'
  [it] W*_rank_bare=9802 top_riser='That' dp=+0.002 wstar_top_riser=0 coll=0 q='Which country did the potato origi'
  [it] W*_rank_bare=2448 top_riser='You' dp=+0.001 wstar_top_riser=0 coll=0 q='Which country has the most golf co'
  [it] W*_rank_bare=493 top_riser='You' dp=+0.002 wstar_top_riser=0 coll=0 q='Which country produces the most ri'
  [it] W*_rank_bare=6531 top_riser='You' dp=+0.011 wstar_top_riser=0 coll=0 q='Which country drinks the most beer'
  [it] W*_rank_bare=23495 top_riser='You' dp=+0.001 wstar_top_riser=0 coll=0 q='Which country drinks the most tea '
  [it] W*_rank_bare=9545 top_riser='You' dp=+0.002 wstar_top_riser=0 coll=0 q='What is the most abundant metal in'
  [it] W*_rank_bare=2010 top_riser='My' dp=+0.001 wstar_top_riser=0 coll=0 q='Which country is the largest expor'
  [it] W*_rank_bare=5821 top_riser='You' dp=+0.001 wstar_top_riser=0 coll=0 q='Which country is home to most of t'
  [it] W*_rank_bare=5673 top_riser='You' dp=+0.001 wstar_top_riser=0 coll=0 q='Which country has the largest wild'
  [it] W*_rank_bare=113 top_riser='You' dp=+0.006 wstar_top_riser=0 coll=0 q='Which country has the most native '
  [it] W*_rank_bare=37 top_riser='You' dp=+0.002 wstar_top_riser=0 coll=0 q='Which country has the most native '
  [it] W*_rank_bare=1550 top_riser='You' dp=+0.002 wstar_top_riser=0 coll=0 q='Which country has the largest popu'
  [it] W*_rank_bare=18028 top_riser='That' dp=+0.005 wstar_top_riser=0 coll=0 q='What is the capital of California?'
  [it] W*_rank_bare=12348 top_riser='That' dp=+0.004 wstar_top_riser=0 coll=0 q='What is the capital of New York St'
  [it] W*_rank_bare=28087 top_riser='Miami' dp=+0.008 wstar_top_riser=0 coll=0 q='What is the capital of Florida?'
  [it] W*_rank_bare=2604 top_riser='That' dp=+0.002 wstar_top_riser=0 coll=0 q='What is the capital of Illinois?'
  [it] W*_rank_bare=6749 top_riser='That' dp=+0.002 wstar_top_riser=0 coll=0 q='What is the capital of Michigan?'
  [it] W*_rank_bare=2303 top_riser='That' dp=+0.004 wstar_top_riser=0 coll=0 q='What is the capital of Nevada?'
  [it] W*_rank_bare=1086 top_riser='That' dp=+0.000 wstar_top_riser=0 coll=0 q='What is the capital of Washington '
  [it] W*_rank_bare=600 top_riser='Vancouver' dp=+0.001 wstar_top_riser=0 coll=0 q='What is the capital of British Col'
  [it] W*_rank_bare=137 top_riser='You' dp=+0.002 wstar_top_riser=0 coll=0 q="Who first radioed 'Houston, we've "
  [it] W*_rank_bare=22241 top_riser='That' dp=+0.011 wstar_top_riser=0 coll=0 q='Who took the X-ray photograph know'
  [it] W*_rank_bare=1761 top_riser='You' dp=+0.002 wstar_top_riser=0 coll=0 q='Who originally invented the board '
  [it] W*_rank_bare=30 top_riser='You' dp=+0.002 wstar_top_riser=0 coll=0 q='Who invented the first movable typ'
  [it] W*_rank_bare=191 top_riser='While' dp=+0.001 wstar_top_riser=0 coll=0 q='Who held the original patent for t'
  [it] W*_rank_bare=44310 top_riser='That' dp=+0.010 wstar_top_riser=0 coll=0 q='Who was the primary author of the '
[vfam_ext2_9bit] OTHER_RISER n=82 n_collision=0 n_eval=82 | frac_wstar_top_riser=0.0 median_wstar_rank_bare=2375.5 wstar_in_bare_topk=False
[done] wrote out/family_topk_shift_vfam_ext2_9bit.json
