[family] verifier_family_ext2.json -> 82 items (no select_items; every item measured + dumped) | arms=['fold', 'listen']
[load] google/gemma-2-27b-it on cuda (chat=True)
Fetching 12 files:   0%|          | 0/12 [00:00<?, ?it/s]Fetching 12 files:   8%|▊         | 1/12 [00:41<07:36, 41.50s/it]Fetching 12 files:  17%|█▋        | 2/12 [00:41<02:52, 17.22s/it]Fetching 12 files:  33%|███▎      | 4/12 [00:43<00:54,  6.85s/it]Fetching 12 files:  42%|████▏     | 5/12 [00:43<00:34,  4.98s/it]Fetching 12 files:  58%|█████▊    | 7/12 [00:44<00:13,  2.78s/it]Fetching 12 files:  67%|██████▋   | 8/12 [00:44<00:08,  2.12s/it]Fetching 12 files:  75%|███████▌  | 9/12 [00:53<00:11,  3.90s/it]Fetching 12 files:  83%|████████▎ | 10/12 [00:55<00:06,  3.47s/it]Fetching 12 files:  92%|█████████▏| 11/12 [01:00<00:03,  3.92s/it]Fetching 12 files: 100%|██████████| 12/12 [01:02<00:00,  3.13s/it]Fetching 12 files: 100%|██████████| 12/12 [01:02<00:00,  5.17s/it]
Loading weights:   0%|          | 0/508 [00:00<?, ?it/s]Loading weights: 100%|██████████| 508/508 [00:00<00:00, 10952.93it/s]
Loaded pretrained model google/gemma-2-27b-it into HookedTransformer
[arm] fold (plant=correct, target=Wstar) over 82 items
  [it fold T1] M0=+6.156 hp=0 RA n/c=0.000/0.000 (eff +0.000 fR0) RC eff=+4.938 fR1 q='Which city is the most populous in'
  [it fold T1] M0=+4.828 hp=0 RA n/c=0.000/0.000 (eff +0.000 fR0) RC eff=+9.173 fR1 q='Which city is the most populous in'
  [it fold T1] M0=+7.219 hp=0 RA n/c=0.000/0.000 (eff +0.000 fR0) RC eff=+2.287 fR1 q='Which city is the most populous in'
  [it fold T1] M0=+8.496 hp=0 RA n/c=0.000/0.000 (eff +0.000 fR0) RC eff=+1.066 fR1 q='Which city is the largest in Brazi'
  [it fold T1] M0=+3.013 hp=0 RA n/c=0.000/0.000 (eff +0.000 fR0) RC eff=+1.823 fR1 q='Which organ produces insulin in th'
  [it fold T1] M0=+5.695 hp=0 RA n/c=0.000/0.000 (eff +0.000 fR0) RC eff=+3.801 fR1 q='Which metal is most abundant in Ea'
  [it fold T1] M0=+7.474 hp=0 RA n/c=0.000/0.000 (eff +0.000 fR0) RC eff=+3.843 fR1 q='Which organelle is known as the po'
  [it fold T1] M0=+1.875 hp=0 RA n/c=0.000/0.000 (eff +0.000 fR0) RC eff=+8.297 fR1 q='Which country has the most lakes i'
  [it fold T1] M0=-5.641 hp=0 RA n/c=0.000/0.000 (eff +0.000 fR0) RC eff=+5.291 fR1 q='Which country has won the most Rug'
  [it fold T1] M0=+9.547 hp=0 RA n/c=0.000/0.000 (eff +0.000 fR0) RC eff=+5.055 fR1 q='Which country produces the most co'
  [it fold T1] M0=+12.159 hp=0 RA n/c=0.000/0.000 (eff +0.000 fR0) RC eff=+3.542 fR1 q='Which country has the largest Musl'
  [it fold T1] M0=-0.576 hp=1 RA n/c=0.000/0.000 (eff +0.000 fR0) RC eff=+8.256 fR1 q='Which country has the largest Chri'
  [it fold T1] M0=+9.016 hp=0 RA n/c=0.000/0.000 (eff +0.000 fR0) RC eff=+3.219 fR1 q='Which country has the largest Cath'
  [it fold T1] M0=+16.094 hp=0 RA n/c=0.000/0.000 (eff +0.000 fR0) RC eff=+5.281 fR1 q='Which country has the longest coas'
  [it fold T1] M0=+8.958 hp=0 RA n/c=0.000/0.000 (eff +0.000 fR0) RC eff=+8.947 fR1 q='Which country has the most time zo'
  [it fold T1] M0=-1.250 hp=1 RA n/c=0.000/0.000 (eff +0.000 fR0) RC eff=+5.070 fR1 q='Which continent is the driest inha'
  [it fold T1] M0=+1.155 hp=1 RA n/c=0.000/0.000 (eff +0.000 fR0) RC eff=+3.716 fR1 q='Which animal is the fastest in the'
  [it fold T1] M0=-1.214 hp=1 RA n/c=0.000/0.000 (eff +0.000 fR0) RC eff=+4.247 fR1 q='Which rodent species is the larges'
  [it fold T1] M0=+2.008 hp=0 RA n/c=0.000/0.000 (eff +0.000 fR0) RC eff=+4.346 fR1 q='Which big cat species is the large'
  [it fold T1] M0=+17.281 hp=0 RA n/c=0.000/0.000 (eff +0.000 fR0) RC eff=+2.078 fR1 q='Which city is considered the birth'
  [it fold T1] M0=+5.371 hp=0 RA n/c=0.000/0.000 (eff +0.000 fR0) RC eff=+3.945 fR1 q='Which country did the croissant or'
  [it fold T1] M0=+6.492 hp=0 RA n/c=0.000/0.000 (eff +0.000 fR0) RC eff=+6.938 fR1 q='Which country invented paper?'
  [it fold T1] M0=+10.125 hp=0 RA n/c=0.000/0.000 (eff +0.000 fR0) RC eff=+4.766 fR1 q='Which country is considered the bi'
  [it fold T1] M0=+11.984 hp=0 RA n/c=0.000/0.000 (eff +0.000 fR0) RC eff=+3.484 fR1 q='Which US state is the largest by a'
  [it fold T1] M0=+7.125 hp=0 RA n/c=0.000/0.000 (eff +0.000 fR0) RC eff=+5.750 fR1 q='Which US state has the longest coa'
  [it fold T1] M0=+6.110 hp=0 RA n/c=0.000/0.000 (eff +0.000 fR0) RC eff=+4.691 fR1 q='Which country holds the largest pr'
  [it fold T1] M0=+5.902 hp=0 RA n/c=0.000/0.000 (eff +0.000 fR0) RC eff=+9.586 fR1 q='Which country holds the largest na'
  [it fold T1] M0=+16.094 hp=0 RA n/c=0.000/0.000 (eff +0.000 fR0) RC eff=+4.691 fR1 q='Which country has the highest coff'
  [it fold T1] M0=+5.469 hp=0 RA n/c=0.000/0.000 (eff +0.000 fR0) RC eff=+3.443 fR1 q='Which metal is the best natural co'
  [it fold T1] M0=+0.983 hp=1 RA n/c=0.000/0.000 (eff +0.000 fR0) RC eff=+1.406 fR1 q='Which organ is the largest in the '
  [it fold T2] M0=+18.328 hp=0 RA n/c=0.000/0.000 (eff +0.000 fR0) RC eff=+5.074 fR1 q='What is the capital of the Netherl'
  [it fold T2] M0=+4.292 hp=0 RA n/c=0.000/0.000 (eff +0.000 fR0) RC eff=+3.768 fR1 q='What is the capital of Palau?'
  [it fold T2] M0=+4.138 hp=0 RA n/c=0.000/0.000 (eff +0.000 fR0) RC eff=+7.888 fR1 q='What is the capital of the Federat'
  [it fold T2] M0=+6.453 hp=0 RA n/c=0.000/0.000 (eff +0.000 fR0) RC eff=+5.148 fR1 q='What is the capital of Poland?'
  [it fold T2] M0=+2.672 hp=0 RA n/c=0.000/0.000 (eff +0.000 fR0) RC eff=+3.781 fR1 q='What is the capital of Burundi?'
  [it fold T2] M0=+3.016 hp=0 RA n/c=0.000/0.000 (eff +0.000 fR0) RC eff=+6.732 fR1 q='What is the capital of Montenegro?'
  [it fold T2] M0=+10.422 hp=0 RA n/c=0.000/0.000 (eff +0.000 fR0) RC eff=+6.945 fR1 q='What is the capital of Portugal?'
  [it fold T2] M0=+8.859 hp=0 RA n/c=0.000/0.000 (eff +0.000 fR0) RC eff=+4.188 fR1 q='What is the capital of Croatia?'
  [it fold T3] M0=+14.092 hp=0 RA n/c=0.000/0.000 (eff +0.000 fR0) RC eff=+1.898 fR1 q='Who built the first practical auto'
  [it fold T3] M0=+7.125 hp=0 RA n/c=0.000/0.000 (eff +0.000 fR0) RC eff=+1.223 fR1 q='Who is credited with discovering r'
  [it fold T3] M0=+4.662 hp=0 RA n/c=0.000/0.000 (eff +0.000 fR0) RC eff=+6.332 fR1 q='Who developed the oral polio vacci'
  [it fold T3] M0=-4.523 hp=0 RA n/c=0.000/0.000 (eff +0.000 fR0) RC eff=+0.505 fR1 q='Who built the first commercially s'
  [it fold T3] M0=+9.112 hp=0 RA n/c=0.000/0.000 (eff +0.000 fR0) RC eff=+1.943 fR1 q='Who developed the first successful'
  [it fold T3] M0=+8.719 hp=0 RA n/c=0.000/0.000 (eff +0.000 fR0) RC eff=+0.613 fR1 q='Who is credited with inventing the'
  [it fold T3] M0=+12.909 hp=0 RA n/c=0.000/0.000 (eff +0.000 fR0) RC eff=+2.745 fR1 q='Who is regarded as the primary aut'
  [it fold T3] M0=+11.601 hp=0 RA n/c=0.000/0.000 (eff +0.000 fR0) RC eff=+6.360 fR1 q='Who invented the World Wide Web?'
  [it fold T3] M0=-2.105 hp=0 RA n/c=0.000/0.000 (eff +0.000 fR0) RC eff=+2.149 fR1 q='Who composed the melody of the Sta'
  [it fold T1] M0=+12.383 hp=0 RA n/c=0.000/0.000 (eff +0.000 fR0) RC eff=+8.543 fR1 q='Which African country is the large'
  [it fold T1] M0=-0.829 hp=1 RA n/c=0.000/0.000 (eff +0.000 fR0) RC eff=+6.620 fR1 q='What is the largest freshwater lak'
  [it fold T1] M0=+9.112 hp=0 RA n/c=0.000/0.000 (eff +0.000 fR0) RC eff=+6.013 fR1 q='What is the largest known organism'
  [it fold T1] M0=-0.767 hp=1 RA n/c=0.000/0.000 (eff +0.000 fR0) RC eff=+4.724 fR1 q='What is the longest river located '
  [it fold T1] M0=+5.629 hp=0 RA n/c=0.000/0.000 (eff +0.000 fR0) RC eff=+18.512 fR1 q='Where was the coldest temperature '
  [it fold T1] M0=+17.540 hp=0 RA n/c=0.000/0.000 (eff +0.000 fR0) RC eff=+4.153 fR1 q='What is the largest active volcano'
  [it fold T1] M0=-2.623 hp=0 RA n/c=0.000/0.000 (eff -0.000 fR0) RC eff=+2.691 fR1 q='Which spider species has the large'
  [it fold T1] M0=+17.218 hp=0 RA n/c=0.000/0.000 (eff +0.000 fR0) RC eff=+8.964 fR1 q='Which country produces the most co'
  [it fold T1] M0=+7.711 hp=0 RA n/c=0.000/0.000 (eff +0.000 fR0) RC eff=+1.375 fR1 q='Which country is credited with fir'
  [it fold T1] M0=+1.479 hp=1 RA n/c=0.000/0.000 (eff +0.000 fR0) RC eff=+4.711 fR1 q='Which country did the potato origi'
  [it fold T1] M0=-0.957 hp=1 RA n/c=0.000/0.000 (eff +0.000 fR0) RC eff=+6.659 fR1 q='Which country has the most golf co'
  [it fold T1] M0=+6.742 hp=0 RA n/c=0.000/0.000 (eff +0.000 fR0) RC eff=+6.324 fR1 q='Which country produces the most ri'
  [it fold T1] M0=+8.793 hp=0 RA n/c=0.000/0.000 (eff +0.000 fR0) RC eff=+3.319 fR1 q='Which country drinks the most beer'
  [it fold T1] M0=+15.272 hp=0 RA n/c=0.000/0.000 (eff +0.000 fR0) RC eff=+1.900 fR1 q='Which country drinks the most tea '
  [it fold T1] M0=+7.289 hp=0 RA n/c=0.000/0.000 (eff +0.000 fR0) RC eff=+5.719 fR1 q='What is the most abundant metal in'
  [it fold T1] M0=+8.640 hp=0 RA n/c=0.000/0.000 (eff +0.000 fR0) RC eff=+5.152 fR1 q='Which country is the largest expor'
  [it fold T1] M0=+14.094 hp=0 RA n/c=0.000/0.000 (eff +0.000 fR0) RC eff=+2.492 fR1 q='Which country is home to most of t'
  [it fold T1] M0=+8.626 hp=0 RA n/c=0.000/0.000 (eff +0.000 fR0) RC eff=+7.221 fR1 q='Which country has the largest wild'
  [it fold T1] M0=+7.188 hp=0 RA n/c=0.000/0.000 (eff +0.000 fR0) RC eff=+0.650 fR1 q='Which country has the most native '
  [it fold T1] M0=+0.438 hp=1 RA n/c=0.000/0.000 (eff +0.000 fR0) RC eff=-0.500 fR0 q='Which country has the most native '
  [it fold T1] M0=+6.628 hp=0 RA n/c=0.000/0.000 (eff +0.000 fR0) RC eff=+5.046 fR1 q='Which country has the largest popu'
  [it fold T2] M0=+11.214 hp=0 RA n/c=0.000/0.000 (eff +0.000 fR0) RC eff=+3.830 fR1 q='What is the capital of California?'
  [it fold T2] M0=+14.419 hp=0 RA n/c=0.000/0.000 (eff +0.000 fR0) RC eff=+5.949 fR1 q='What is the capital of New York St'
  [it fold T2] M0=+9.484 hp=0 RA n/c=0.000/0.000 (eff +0.000 fR0) RC eff=+7.562 fR1 q='What is the capital of Florida?'
  [it fold T2] M0=+9.910 hp=0 RA n/c=0.000/0.000 (eff +0.000 fR0) RC eff=+3.773 fR1 q='What is the capital of Illinois?'
  [it fold T2] M0=+13.264 hp=0 RA n/c=0.000/0.000 (eff +0.000 fR0) RC eff=+6.359 fR1 q='What is the capital of Michigan?'
  [it fold T2] M0=+10.931 hp=0 RA n/c=0.000/0.000 (eff +0.000 fR0) RC eff=+5.085 fR1 q='What is the capital of Nevada?'
  [it fold T2] M0=+10.203 hp=0 RA n/c=0.000/0.000 (eff +0.000 fR0) RC eff=+4.787 fR1 q='What is the capital of Washington '
  [it fold T2] M0=+9.555 hp=0 RA n/c=0.000/0.000 (eff +0.000 fR0) RC eff=+0.246 fR0 q='What is the capital of British Col'
  [it fold T3] M0=-1.304 hp=1 RA n/c=0.000/0.000 (eff +0.000 fR0) RC eff=+1.185 fR1 q="Who first radioed 'Houston, we've "
  [it fold T3] M0=+9.792 hp=0 RA n/c=0.000/0.000 (eff +0.000 fR0) RC eff=+3.346 fR1 q='Who took the X-ray photograph know'
  [it fold T3] M0=+1.929 hp=0 RA n/c=0.000/0.000 (eff +0.000 fR0) RC eff=+2.666 fR1 q='Who originally invented the board '
  [it fold T3] M0=-2.153 hp=0 RA n/c=0.000/0.000 (eff +0.000 fR0) RC eff=+4.014 fR1 q='Who invented the first movable typ'
  [it fold T3] M0=+3.088 hp=0 RA n/c=0.000/0.000 (eff +0.000 fR0) RC eff=-0.660 fR0 q='Who held the original patent for t'
  [it fold T3] M0=+15.742 hp=0 RA n/c=0.000/0.000 (eff +0.000 fR0) RC eff=+4.594 fR1 q='Who was the primary author of the '
[arm] listen (plant=Wstar, target=correct) over 82 items
  [it listen T1] M0=-6.156 hp=0 RA n/c=0.000/0.000 (eff +0.000 fR0) RC eff=+3.031 fR1 q='Which city is the most populous in'
  [it listen T1] M0=-4.828 hp=0 RA n/c=0.000/0.000 (eff -0.000 fR0) RC eff=+0.137 fR0 q='Which city is the most populous in'
  [it listen T1] M0=-7.219 hp=0 RA n/c=0.000/0.000 (eff -0.000 fR0) RC eff=+0.781 fR1 q='Which city is the most populous in'
  [it listen T1] M0=-8.496 hp=0 RA n/c=0.000/0.000 (eff -0.000 fR0) RC eff=+1.984 fR1 q='Which city is the largest in Brazi'
  [it listen T1] M0=-3.013 hp=0 RA n/c=0.000/0.000 (eff -0.000 fR0) RC eff=-0.317 fR0 q='Which organ produces insulin in th'
  [it listen T1] M0=-5.695 hp=0 RA n/c=0.000/0.000 (eff +0.000 fR0) RC eff=+1.719 fR1 q='Which metal is most abundant in Ea'
  [it listen T1] M0=-7.474 hp=0 RA n/c=0.000/0.000 (eff -0.000 fR0) RC eff=+1.942 fR1 q='Which organelle is known as the po'
  [it listen T1] M0=-1.875 hp=0 RA n/c=0.000/0.000 (eff +0.000 fR0) RC eff=+5.570 fR1 q='Which country has the most lakes i'
  [it listen T1] M0=+5.641 hp=0 RA n/c=0.000/0.000 (eff +0.000 fR0) RC eff=+5.255 fR1 q='Which country has won the most Rug'
  [it listen T1] M0=-9.547 hp=0 RA n/c=0.000/0.000 (eff -0.000 fR0) RC eff=+1.547 fR1 q='Which country produces the most co'
  [it listen T1] M0=-12.159 hp=0 RA n/c=0.000/0.000 (eff -0.000 fR0) RC eff=+1.871 fR1 q='Which country has the largest Musl'
  [it listen T1] M0=+0.576 hp=1 RA n/c=0.000/0.000 (eff +0.000 fR0) RC eff=+1.385 fR1 q='Which country has the largest Chri'
  [it listen T1] M0=-9.016 hp=0 RA n/c=0.000/0.000 (eff +0.000 fR0) RC eff=+7.120 fR1 q='Which country has the largest Cath'
  [it listen T1] M0=-16.094 hp=0 RA n/c=0.000/0.000 (eff +0.000 fR0) RC eff=+6.473 fR1 q='Which country has the longest coas'
  [it listen T1] M0=-8.958 hp=0 RA n/c=0.000/0.000 (eff +0.000 fR0) RC eff=+7.141 fR1 q='Which country has the most time zo'
  [it listen T1] M0=+1.250 hp=1 RA n/c=0.000/0.000 (eff +0.000 fR0) RC eff=+5.672 fR1 q='Which continent is the driest inha'
  [it listen T1] M0=-1.155 hp=1 RA n/c=0.000/0.000 (eff -0.000 fR0) RC eff=+0.850 fR1 q='Which animal is the fastest in the'
  [it listen T1] M0=+1.214 hp=1 RA n/c=0.000/0.000 (eff +0.000 fR0) RC eff=+5.048 fR1 q='Which rodent species is the larges'
  [it listen T1] M0=-2.008 hp=0 RA n/c=0.000/0.000 (eff -0.000 fR0) RC eff=+2.422 fR1 q='Which big cat species is the large'
  [it listen T1] M0=-17.281 hp=0 RA n/c=0.000/0.000 (eff -0.000 fR0) RC eff=+3.508 fR1 q='Which city is considered the birth'
  [it listen T1] M0=-5.371 hp=0 RA n/c=0.000/0.000 (eff +0.000 fR0) RC eff=+4.449 fR1 q='Which country did the croissant or'
  [it listen T1] M0=-6.492 hp=0 RA n/c=0.000/0.000 (eff -0.000 fR0) RC eff=+0.935 fR1 q='Which country invented paper?'
  [it listen T1] M0=-10.125 hp=0 RA n/c=0.000/0.000 (eff +0.000 fR0) RC eff=+4.500 fR1 q='Which country is considered the bi'
  [it listen T1] M0=-11.984 hp=0 RA n/c=0.000/0.000 (eff +0.000 fR0) RC eff=+3.748 fR1 q='Which US state is the largest by a'
  [it listen T1] M0=-7.125 hp=0 RA n/c=0.000/0.000 (eff +0.000 fR0) RC eff=+4.527 fR1 q='Which US state has the longest coa'
  [it listen T1] M0=-6.110 hp=0 RA n/c=0.000/0.000 (eff +0.000 fR0) RC eff=+5.750 fR1 q='Which country holds the largest pr'
  [it listen T1] M0=-5.902 hp=0 RA n/c=0.000/0.000 (eff +0.000 fR0) RC eff=+0.214 fR0 q='Which country holds the largest na'
  [it listen T1] M0=-16.094 hp=0 RA n/c=0.000/0.000 (eff +0.000 fR0) RC eff=+9.727 fR1 q='Which country has the highest coff'
  [it listen T1] M0=-5.469 hp=0 RA n/c=0.000/0.000 (eff +0.000 fR0) RC eff=+5.471 fR1 q='Which metal is the best natural co'
  [it listen T1] M0=-0.983 hp=1 RA n/c=0.000/0.000 (eff +0.000 fR0) RC eff=+7.340 fR1 q='Which organ is the largest in the '
  [it listen T2] M0=-18.328 hp=0 RA n/c=0.000/0.000 (eff +0.000 fR0) RC eff=+1.956 fR1 q='What is the capital of the Netherl'
  [it listen T2] M0=-4.292 hp=0 RA n/c=0.000/0.000 (eff +0.000 fR0) RC eff=+3.814 fR1 q='What is the capital of Palau?'
  [it listen T2] M0=-4.138 hp=0 RA n/c=0.000/0.000 (eff +0.000 fR0) RC eff=+1.909 fR1 q='What is the capital of the Federat'
  [it listen T2] M0=-6.453 hp=0 RA n/c=0.000/0.000 (eff -0.000 fR0) RC eff=+1.844 fR1 q='What is the capital of Poland?'
  [it listen T2] M0=-2.672 hp=0 RA n/c=0.000/0.000 (eff +0.000 fR0) RC eff=+6.436 fR1 q='What is the capital of Burundi?'
  [it listen T2] M0=-3.016 hp=0 RA n/c=0.000/0.000 (eff +0.000 fR0) RC eff=-0.383 fR0 q='What is the capital of Montenegro?'
  [it listen T2] M0=-10.422 hp=0 RA n/c=0.000/0.000 (eff -0.000 fR0) RC eff=-0.332 fR0 q='What is the capital of Portugal?'
  [it listen T2] M0=-8.859 hp=0 RA n/c=0.000/0.000 (eff -0.000 fR0) RC eff=-2.281 fR0 q='What is the capital of Croatia?'
  [it listen T3] M0=-14.092 hp=0 RA n/c=0.000/0.000 (eff -0.000 fR0) RC eff=+0.463 fR0 q='Who built the first practical auto'
  [it listen T3] M0=-7.125 hp=0 RA n/c=0.000/0.000 (eff +0.000 fR0) RC eff=+5.169 fR1 q='Who is credited with discovering r'
  [it listen T3] M0=-4.662 hp=0 RA n/c=0.000/0.000 (eff -0.000 fR0) RC eff=+1.111 fR1 q='Who developed the oral polio vacci'
  [it listen T3] M0=+4.523 hp=0 RA n/c=0.000/0.000 (eff +0.000 fR0) RC eff=+4.349 fR1 q='Who built the first commercially s'
  [it listen T3] M0=-9.112 hp=0 RA n/c=0.000/0.000 (eff +0.000 fR0) RC eff=+1.959 fR1 q='Who developed the first successful'
  [it listen T3] M0=-8.719 hp=0 RA n/c=0.000/0.000 (eff +0.000 fR0) RC eff=+3.008 fR1 q='Who is credited with inventing the'
  [it listen T3] M0=-12.909 hp=0 RA n/c=0.000/0.000 (eff -0.000 fR0) RC eff=-0.882 fR0 q='Who is regarded as the primary aut'
  [it listen T3] M0=-11.601 hp=0 RA n/c=0.000/0.000 (eff -0.000 fR0) RC eff=+1.958 fR1 q='Who invented the World Wide Web?'
  [it listen T3] M0=+2.105 hp=0 RA n/c=0.000/0.000 (eff +0.000 fR0) RC eff=+3.389 fR1 q='Who composed the melody of the Sta'
  [it listen T1] M0=-12.383 hp=0 RA n/c=0.000/0.000 (eff +0.000 fR0) RC eff=+2.041 fR1 q='Which African country is the large'
  [it listen T1] M0=+0.829 hp=1 RA n/c=0.000/0.000 (eff +0.000 fR0) RC eff=+8.865 fR1 q='What is the largest freshwater lak'
  [it listen T1] M0=-9.112 hp=0 RA n/c=0.000/0.000 (eff -0.000 fR0) RC eff=+4.536 fR1 q='What is the largest known organism'
  [it listen T1] M0=+0.767 hp=1 RA n/c=0.000/0.000 (eff -0.000 fR0) RC eff=-0.457 fR0 q='What is the longest river located '
  [it listen T1] M0=-5.629 hp=0 RA n/c=0.000/0.000 (eff +0.000 fR0) RC eff=+1.688 fR1 q='Where was the coldest temperature '
  [it listen T1] M0=-17.540 hp=0 RA n/c=0.000/0.000 (eff -0.000 fR0) RC eff=+0.866 fR1 q='What is the largest active volcano'
  [it listen T1] M0=+2.623 hp=0 RA n/c=0.000/0.000 (eff -0.000 fR0) RC eff=-1.539 fR0 q='Which spider species has the large'
  [it listen T1] M0=-17.218 hp=0 RA n/c=0.000/0.000 (eff -0.000 fR0) RC eff=+1.669 fR1 q='Which country produces the most co'
  [it listen T1] M0=-7.711 hp=0 RA n/c=0.000/0.000 (eff +0.000 fR0) RC eff=+5.497 fR1 q='Which country is credited with fir'
  [it listen T1] M0=-1.479 hp=1 RA n/c=0.000/0.000 (eff +0.000 fR0) RC eff=+4.016 fR1 q='Which country did the potato origi'
  [it listen T1] M0=+0.957 hp=1 RA n/c=0.000/0.000 (eff +0.000 fR0) RC eff=+3.123 fR1 q='Which country has the most golf co'
  [it listen T1] M0=-6.742 hp=0 RA n/c=0.000/0.000 (eff +0.000 fR0) RC eff=+4.488 fR1 q='Which country produces the most ri'
  [it listen T1] M0=-8.793 hp=0 RA n/c=0.000/0.000 (eff +0.000 fR0) RC eff=+4.246 fR1 q='Which country drinks the most beer'
  [it listen T1] M0=-15.272 hp=0 RA n/c=0.000/0.000 (eff +0.000 fR0) RC eff=+6.918 fR1 q='Which country drinks the most tea '
  [it listen T1] M0=-7.289 hp=0 RA n/c=0.000/0.000 (eff +0.000 fR0) RC eff=+1.411 fR1 q='What is the most abundant metal in'
  [it listen T1] M0=-8.640 hp=0 RA n/c=0.000/0.000 (eff +0.000 fR0) RC eff=+5.912 fR1 q='Which country is the largest expor'
  [it listen T1] M0=-14.094 hp=0 RA n/c=0.000/0.000 (eff -0.000 fR0) RC eff=+3.203 fR1 q='Which country is home to most of t'
  [it listen T1] M0=-8.626 hp=0 RA n/c=0.000/0.000 (eff +0.000 fR0) RC eff=+6.056 fR1 q='Which country has the largest wild'
  [it listen T1] M0=-7.188 hp=0 RA n/c=0.000/0.000 (eff +0.000 fR0) RC eff=+5.211 fR1 q='Which country has the most native '
  [it listen T1] M0=-0.438 hp=1 RA n/c=0.000/0.000 (eff +0.000 fR0) RC eff=+6.961 fR1 q='Which country has the most native '
  [it listen T1] M0=-6.628 hp=0 RA n/c=0.000/0.000 (eff +0.000 fR0) RC eff=+3.445 fR1 q='Which country has the largest popu'
  [it listen T2] M0=-11.214 hp=0 RA n/c=0.000/0.000 (eff -0.000 fR0) RC eff=+4.112 fR1 q='What is the capital of California?'
  [it listen T2] M0=-14.419 hp=0 RA n/c=0.000/0.000 (eff -0.000 fR0) RC eff=+0.337 fR0 q='What is the capital of New York St'
  [it listen T2] M0=-9.484 hp=0 RA n/c=0.000/0.000 (eff -0.000 fR0) RC eff=+1.281 fR1 q='What is the capital of Florida?'
  [it listen T2] M0=-9.910 hp=0 RA n/c=0.000/0.000 (eff -0.000 fR0) RC eff=+2.812 fR1 q='What is the capital of Illinois?'
  [it listen T2] M0=-13.264 hp=0 RA n/c=0.000/0.000 (eff -0.000 fR0) RC eff=-1.859 fR0 q='What is the capital of Michigan?'
  [it listen T2] M0=-10.931 hp=0 RA n/c=0.000/0.000 (eff -0.000 fR0) RC eff=+2.446 fR1 q='What is the capital of Nevada?'
  [it listen T2] M0=-10.203 hp=0 RA n/c=0.000/0.000 (eff -0.000 fR0) RC eff=+3.469 fR1 q='What is the capital of Washington '
  [it listen T2] M0=-9.555 hp=0 RA n/c=0.000/0.000 (eff -0.000 fR0) RC eff=+3.469 fR1 q='What is the capital of British Col'
  [it listen T3] M0=+1.304 hp=1 RA n/c=0.000/0.000 (eff +0.000 fR0) RC eff=+3.809 fR1 q="Who first radioed 'Houston, we've "
  [it listen T3] M0=-9.792 hp=0 RA n/c=0.000/0.000 (eff -0.000 fR0) RC eff=+3.742 fR1 q='Who took the X-ray photograph know'
  [it listen T3] M0=-1.929 hp=0 RA n/c=0.000/0.000 (eff +0.000 fR0) RC eff=+2.991 fR1 q='Who originally invented the board '
  [it listen T3] M0=+2.153 hp=0 RA n/c=0.000/0.000 (eff +0.000 fR0) RC eff=+7.923 fR1 q='Who invented the first movable typ'
  [it listen T3] M0=-3.088 hp=0 RA n/c=0.000/0.000 (eff +0.000 fR0) RC eff=+4.207 fR1 q='Who held the original patent for t'
  [it listen T3] M0=-15.742 hp=0 RA n/c=0.000/0.000 (eff -0.000 fR0) RC eff=-1.863 fR0 q='Who was the primary author of the '
[vfam_ext2_27bit|fold] CONTENT_CAVES n=82 n_headroom=11 n_faithful_RA=0 n_faithful_RC=79 | mean RA_eff/RC_eff (headroom)=0.0/4.190325272727272 | per_tier={'T1': {'n': 51, 'n_headroom_pass': 10, 'n_faithful_RA': 0, 'n_faithful_RC': 50}, 'T2': {'n': 16, 'n_headroom_pass': 0, 'n_faithful_RA': 0, 'n_faithful_RC': 15}, 'T3': {'n': 15, 'n_headroom_pass': 1, 'n_faithful_RA': 0, 'n_faithful_RC': 14}}
[vfam_ext2_27bit|listen] CONTENT_CAVES n=82 n_headroom=11 n_faithful_RA=0 n_faithful_RC=69 | mean RA_eff/RC_eff (headroom)=0.0/4.237376090909091 | per_tier={'T1': {'n': 51, 'n_headroom_pass': 10, 'n_faithful_RA': 0, 'n_faithful_RC': 46}, 'T2': {'n': 16, 'n_headroom_pass': 0, 'n_faithful_RA': 0, 'n_faithful_RC': 11}, 'T3': {'n': 15, 'n_headroom_pass': 1, 'n_faithful_RA': 0, 'n_faithful_RC': 12}} | THRESHOLDS_NOT_CALIBRATED_FOR_THIS_ARM
[done] wrote out/family_cave_diagnose_arms_vfam_ext2_27bit.json
