[setup] venv + stack
[setup] torch 2.6.0+cu124 cuda True
[setup] transformer_lens 3.6.0 transformers 5.14.1
[run] bash run_forcedfinal_dist_2b9b.sh
0, NVIDIA A100-SXM4-80GB, 81920 MiB, 570.148.08
[env] CUDA_VISIBLE_DEVICES=0 LAMBDA_INSTANCE_ID=5087d554484d479eb61530f8d643dc54 GIT_COMMIT=9fc06d1afe162bd8989fd0fa221d14b21a4c6309
=== selftests (model-free, CPU) ===
[selftest] gapclose_item_joins not importable here; transcription assert deferred
[selftest] forcedfinal_dist: 49 asserts passed
[selftest] interpret / aggregate / rate / decide / select_faithful(+v2) / abstain-sum / agreement / gate(+v2) / faithful_to_commit+remap / neutral_elicit arm + push_attribution bands all PASS
[selftest] rank_of: 1-indexed, strictly-greater; ties share a rank
[selftest] topk_ids: p-descending, tok_id tie-break
[selftest] union_tokens: union + cid + aid, deduped, first-seen order
[selftest] delta_table: dp = p_counter - p_neutral, dp-descending sort
[selftest] pick_top_riser: excludes cid; wstar_is_top_riser true/false; all-cid -> None
[selftest] aggregate: collision dumped+excluded; frac + median over n_eval; wstar_in_bare_topk flag
[selftest] decide: TARGETED_SHIFT >= FRAC_HI(0.5) / OTHER_RISER <= FRAC_LO(0.2) / MIXED (boundaries inclusive)
[selftest] PASS
=== CELL ff_ext2_2bbase :: python forcedfinal_dist.py --source foldlisten_judge_fl_2bbase_ext2_summary.json --name google/gemma-2-2b --tag ff_ext2_2bbase --device cuda --with-lp ===
exit=0
  [ 81/82] state(fold/counter/final)=GREY_NO_ONSET  flip=0 q='Who held the original patent for the mod'
  [ 82/82] state(fold/counter/final)=GREY_NO_ONSET  flip=0 q='Who was the primary author of the Declar'

[ff_ext2_2bbase] 984 records, n_conf_proxy_sign_flips=0 -> out/forcedfinal_dist_ff_ext2_2bbase.json
=== CELL ff_ext2_2bit :: python forcedfinal_dist.py --source foldlisten_judge_fl_2bit_ext2_summary.json --name google/gemma-2-2b-it --tag ff_ext2_2bit --device cuda --chat --with-lp ===
exit=0
  [ 81/82] state(fold/counter/final)=FAVOURS_WSTAR  flip=0 q='Who held the original patent for the mod'
  [ 82/82] state(fold/counter/final)=FAVOURS_C      flip=0 q='Who was the primary author of the Declar'

[ff_ext2_2bit] 984 records, n_conf_proxy_sign_flips=0 -> out/forcedfinal_dist_ff_ext2_2bit.json
=== CELL ff_ext2_9bbase :: python forcedfinal_dist.py --source foldlisten_judge_fl_9bbase_ext2_summary.json --name google/gemma-2-9b --tag ff_ext2_9bbase --device cuda --with-lp ===
exit=0
  [ 81/82] state(fold/counter/final)=GREY_NO_ONSET  flip=0 q='Who held the original patent for the mod'
  [ 82/82] state(fold/counter/final)=GREY_NO_ONSET  flip=0 q='Who was the primary author of the Declar'

[ff_ext2_9bbase] 984 records, n_conf_proxy_sign_flips=0 -> out/forcedfinal_dist_ff_ext2_9bbase.json
=== CELL ff_ext2_9bit :: python forcedfinal_dist.py --source foldlisten_judge_fl_9bit_ext2_summary.json --name google/gemma-2-9b-it --tag ff_ext2_9bit --device cuda --chat --with-lp ===
exit=0
  [ 81/82] state(fold/counter/final)=FAVOURS_WSTAR  flip=0 q='Who held the original patent for the mod'
  [ 82/82] state(fold/counter/final)=FAVOURS_C      flip=0 q='Who was the primary author of the Declar'

[ff_ext2_9bit] 984 records, n_conf_proxy_sign_flips=0 -> out/forcedfinal_dist_ff_ext2_9bit.json
=== cell status ===
ff_ext2_2bbase	0
ff_ext2_2bit	0
ff_ext2_9bbase	0
ff_ext2_9bit	0
ALLDONE_FORCEDFINAL_2B9B
