[family] verifier_family_ext2.json -> 82 items (no select_items; every item measured + dumped)
[load] google/gemma-2-27b-it on cuda (chat=True)
Loading weights:   0%|          | 0/508 [00:00<?, ?it/s]Loading weights:  18%|█▊        | 93/508 [00:00<00:00, 929.70it/s]Loading weights:  37%|███▋      | 186/508 [00:00<00:00, 836.02it/s]Loading weights:  64%|██████▍   | 327/508 [00:00<00:00, 1082.66it/s]Loading weights: 100%|██████████| 508/508 [00:00<00:00, 1478.92it/s]
Loaded pretrained model google/gemma-2-27b-it into HookedTransformer
  [it] W*_rank_bare=192 top_riser='My' dp=+0.000 wstar_top_riser=0 coll=0 q='Which city is the most populous in'
  [it] W*_rank_bare=4077 top_riser='You' dp=+0.000 wstar_top_riser=0 coll=0 q='Which city is the most populous in'
  [it] W*_rank_bare=1842 top_riser='My' dp=+0.000 wstar_top_riser=0 coll=0 q='Which city is the most populous in'
  [it] W*_rank_bare=7269 top_riser='My' dp=+0.000 wstar_top_riser=0 coll=0 q='Which city is the largest in Brazi'
  [it] W*_rank_bare=194205 top_riser='I' dp=+0.000 wstar_top_riser=0 coll=0 q='Which organ produces insulin in th'
  [it] W*_rank_bare=1374 top_riser='You' dp=+0.000 wstar_top_riser=0 coll=0 q='Which metal is most abundant in Ea'
  [it] W*_rank_bare=7078 top_riser='You' dp=+0.000 wstar_top_riser=0 coll=0 q='Which organelle is known as the po'
  [it] W*_rank_bare=54 top_riser='You' dp=+0.000 wstar_top_riser=0 coll=0 q='Which country has the most lakes i'
  [it] W*_rank_bare=67 top_riser='You' dp=+0.001 wstar_top_riser=0 coll=0 q='Which country has won the most Rug'
  [it] W*_rank_bare=20093 top_riser='My' dp=+0.000 wstar_top_riser=0 coll=0 q='Which country produces the most co'
  [it] W*_rank_bare=26271 top_riser='While' dp=+0.000 wstar_top_riser=0 coll=0 q='Which country has the largest Musl'
  [it] W*_rank_bare=2982 top_riser='You' dp=+0.000 wstar_top_riser=0 coll=0 q='Which country has the largest Chri'
  [it] W*_rank_bare=28219 top_riser='While' dp=+0.000 wstar_top_riser=0 coll=0 q='Which country has the largest Cath'
  [it] W*_rank_bare=87981 top_riser='You' dp=+0.000 wstar_top_riser=0 coll=0 q='Which country has the longest coas'
  [it] W*_rank_bare=5556 top_riser='You' dp=+0.001 wstar_top_riser=0 coll=0 q='Which country has the most time zo'
  [it] W*_rank_bare=19 top_riser='You' dp=+0.000 wstar_top_riser=0 coll=0 q='Which continent is the driest inha'
  [it] W*_rank_bare=16091 top_riser='You' dp=+0.000 wstar_top_riser=0 coll=0 q='Which animal is the fastest in the'
  [it] W*_rank_bare=4426 top_riser='You' dp=+0.000 wstar_top_riser=0 coll=0 q='Which rodent species is the larges'
  [it] W*_rank_bare=41606 top_riser='My' dp=+0.000 wstar_top_riser=0 coll=0 q='Which big cat species is the large'
  [it] W*_rank_bare=51464 top_riser='While' dp=+0.002 wstar_top_riser=0 coll=0 q='Which city is considered the birth'
  [it] W*_rank_bare=2030 top_riser='While' dp=+0.000 wstar_top_riser=0 coll=0 q='Which country did the croissant or'
  [it] W*_rank_bare=12840 top_riser='While' dp=+0.001 wstar_top_riser=0 coll=0 q='Which country invented paper?'
  [it] W*_rank_bare=79425 top_riser='While' dp=+0.000 wstar_top_riser=0 coll=0 q='Which country is considered the bi'
  [it] W*_rank_bare=24641 top_riser='My' dp=+0.001 wstar_top_riser=0 coll=0 q='Which US state is the largest by a'
  [it] W*_rank_bare=422 top_riser='You' dp=+0.000 wstar_top_riser=0 coll=0 q='Which US state has the longest coa'
  [it] W*_rank_bare=370 top_riser='You' dp=+0.000 wstar_top_riser=0 coll=0 q='Which country holds the largest pr'
  [it] W*_rank_bare=2170 top_riser='You' dp=+0.000 wstar_top_riser=0 coll=0 q='Which country holds the largest na'
  [it] W*_rank_bare=134534 top_riser='While' dp=+0.000 wstar_top_riser=0 coll=0 q='Which country has the highest coff'
  [it] W*_rank_bare=598 top_riser='You' dp=+0.001 wstar_top_riser=0 coll=0 q='Which metal is the best natural co'
  [it] W*_rank_bare=2926 top_riser='You' dp=+0.000 wstar_top_riser=0 coll=0 q='Which organ is the largest in the '
  [it] W*_rank_bare=4 top_riser='While' dp=+0.000 wstar_top_riser=0 coll=0 q='What is the capital of the Netherl'
  [it] W*_rank_bare=3172 top_riser='You' dp=+0.000 wstar_top_riser=0 coll=0 q='What is the capital of Palau?'
  [it] W*_rank_bare=5799 top_riser='You' dp=+0.000 wstar_top_riser=0 coll=0 q='What is the capital of the Federat'
  [it] W*_rank_bare=160 top_riser='While' dp=+0.001 wstar_top_riser=0 coll=0 q='What is the capital of Poland?'
  [it] W*_rank_bare=281 top_riser='You' dp=+0.000 wstar_top_riser=0 coll=0 q='What is the capital of Burundi?'
  [it] W*_rank_bare=103 top_riser='You' dp=+0.000 wstar_top_riser=0 coll=0 q='What is the capital of Montenegro?'
  [it] W*_rank_bare=7629 top_riser='While' dp=+0.001 wstar_top_riser=0 coll=0 q='What is the capital of Portugal?'
  [it] W*_rank_bare=267 top_riser='While' dp=+0.001 wstar_top_riser=0 coll=0 q='What is the capital of Croatia?'
  [it] W*_rank_bare=61476 top_riser='While' dp=+0.002 wstar_top_riser=0 coll=0 q='Who built the first practical auto'
  [it] W*_rank_bare=399 top_riser='While' dp=+0.000 wstar_top_riser=0 coll=0 q='Who is credited with discovering r'
  [it] W*_rank_bare=376 top_riser='You' dp=+0.000 wstar_top_riser=0 coll=0 q='Who developed the oral polio vacci'
  [it] W*_rank_bare=35 top_riser='You' dp=+0.000 wstar_top_riser=0 coll=0 q='Who built the first commercially s'
  [it] W*_rank_bare=15771 top_riser='While' dp=+0.000 wstar_top_riser=0 coll=0 q='Who developed the first successful'
  [it] W*_rank_bare=452 top_riser='While' dp=+0.000 wstar_top_riser=0 coll=0 q='Who is credited with inventing the'
  [it] W*_rank_bare=39969 top_riser='While' dp=+0.003 wstar_top_riser=0 coll=0 q='Who is regarded as the primary aut'
  [it] W*_rank_bare=215432 top_riser='While' dp=+0.004 wstar_top_riser=0 coll=0 q='Who invented the World Wide Web?'
  [it] W*_rank_bare=63 top_riser='You' dp=+0.000 wstar_top_riser=0 coll=0 q='Who composed the melody of the Sta'
  [it] W*_rank_bare=29321 top_riser=' You' dp=+0.000 wstar_top_riser=0 coll=0 q='Which African country is the large'
  [it] W*_rank_bare=20 top_riser='You' dp=+0.000 wstar_top_riser=0 coll=0 q='What is the largest freshwater lak'
  [it] W*_rank_bare=147284 top_riser='You' dp=+0.000 wstar_top_riser=0 coll=0 q='What is the largest known organism'
  [it] W*_rank_bare=8103 top_riser='You' dp=+0.000 wstar_top_riser=0 coll=0 q='What is the longest river located '
  [it] W*_rank_bare=7978 top_riser='You' dp=+0.003 wstar_top_riser=0 coll=0 q='Where was the coldest temperature '
  [it] W*_rank_bare=2088 top_riser='While' dp=+0.000 wstar_top_riser=0 coll=0 q='What is the largest active volcano'
  [it] W*_rank_bare=386 top_riser='You' dp=+0.001 wstar_top_riser=0 coll=0 q='Which spider species has the large'
  [it] W*_rank_bare=162396 top_riser='My' dp=+0.000 wstar_top_riser=0 coll=0 q='Which country produces the most co'
  [it] W*_rank_bare=23120 top_riser='While' dp=+0.001 wstar_top_riser=0 coll=0 q='Which country is credited with fir'
  [it] W*_rank_bare=2756 top_riser='While' dp=+0.003 wstar_top_riser=0 coll=0 q='Which country did the potato origi'
  [it] W*_rank_bare=887 top_riser='You' dp=+0.000 wstar_top_riser=0 coll=0 q='Which country has the most golf co'
  [it] W*_rank_bare=2027 top_riser='You' dp=+0.000 wstar_top_riser=0 coll=0 q='Which country produces the most ri'
  [it] W*_rank_bare=23805 top_riser='You' dp=+0.001 wstar_top_riser=0 coll=0 q='Which country drinks the most beer'
  [it] W*_rank_bare=173859 top_riser='While' dp=+0.000 wstar_top_riser=0 coll=0 q='Which country drinks the most tea '
  [it] W*_rank_bare=4265 top_riser='You' dp=+0.000 wstar_top_riser=0 coll=0 q='What is the most abundant metal in'
  [it] W*_rank_bare=8950 top_riser='My' dp=+0.000 wstar_top_riser=0 coll=0 q='Which country is the largest expor'
  [it] W*_rank_bare=67448 top_riser='My' dp=+0.000 wstar_top_riser=0 coll=0 q='Which country is home to most of t'
  [it] W*_rank_bare=23100 top_riser='You' dp=+0.000 wstar_top_riser=0 coll=0 q='Which country has the largest wild'
  [it] W*_rank_bare=1037 top_riser='You' dp=+0.000 wstar_top_riser=0 coll=0 q='Which country has the most native '
  [it] W*_rank_bare=128 top_riser='My' dp=+0.000 wstar_top_riser=0 coll=0 q='Which country has the most native '
  [it] W*_rank_bare=861 top_riser='While' dp=+0.000 wstar_top_riser=0 coll=0 q='Which country has the largest popu'
  [it] W*_rank_bare=9445 top_riser='While' dp=+0.001 wstar_top_riser=0 coll=0 q='What is the capital of California?'
  [it] W*_rank_bare=28897 top_riser='While' dp=+0.000 wstar_top_riser=0 coll=0 q='What is the capital of New York St'
  [it] W*_rank_bare=712 top_riser='While' dp=+0.002 wstar_top_riser=0 coll=0 q='What is the capital of Florida?'
  [it] W*_rank_bare=1567 top_riser='While' dp=+0.001 wstar_top_riser=0 coll=0 q='What is the capital of Illinois?'
  [it] W*_rank_bare=1513 top_riser='While' dp=+0.001 wstar_top_riser=0 coll=0 q='What is the capital of Michigan?'
  [it] W*_rank_bare=2057 top_riser='While' dp=+0.001 wstar_top_riser=0 coll=0 q='What is the capital of Nevada?'
  [it] W*_rank_bare=1869 top_riser='While' dp=+0.001 wstar_top_riser=0 coll=0 q='What is the capital of Washington '
  [it] W*_rank_bare=8337 top_riser='While' dp=+0.000 wstar_top_riser=0 coll=0 q='What is the capital of British Col'
  [it] W*_rank_bare=124 top_riser='You' dp=+0.000 wstar_top_riser=0 coll=0 q="Who first radioed 'Houston, we've "
  [it] W*_rank_bare=28190 top_riser='While' dp=+0.001 wstar_top_riser=0 coll=0 q='Who took the X-ray photograph know'
  [it] W*_rank_bare=173 top_riser='While' dp=+0.000 wstar_top_riser=0 coll=0 q='Who originally invented the board '
  [it] W*_rank_bare=93 top_riser='While' dp=+0.000 wstar_top_riser=0 coll=0 q='Who invented the first movable typ'
  [it] W*_rank_bare=196 top_riser='While' dp=+0.001 wstar_top_riser=0 coll=0 q='Who held the original patent for t'
  [it] W*_rank_bare=182643 top_riser='While' dp=+0.001 wstar_top_riser=0 coll=0 q='Who was the primary author of the '
[vfam_ext2_27bit] OTHER_RISER n=82 n_collision=0 n_eval=82 | frac_wstar_top_riser=0.0 median_wstar_rank_bare=3077.0 wstar_in_bare_topk=False
[done] wrote out/family_topk_shift_vfam_ext2_27bit.json
