[setup] venv + stack
[setup] torch 2.6.0+cu124 cuda True
[setup] transformer_lens 3.6.0 transformers 5.14.1
[run] bash run_r1_dist_27b.sh
{
  "run": "r1_dist_27b",
  "started_utc": "2026-07-28T19:01:31.862264+00:00",
  "python": "3.10.12",
  "git_commit": null,
  "gpu_name": "NVIDIA H100 PCIe",
  "gpu_count": "1",
  "driver": "570.148.08",
  "cuda_smi": "| NVIDIA-SMI 570.148.08             Driver Version: 570.148.08     CUDA Version: 12.8     |",
  "lambda_instance_id": null,
  "dtype": "bfloat16",
  "torch": "2.6.0+cu124",
  "transformers": "5.14.1",
  "transformer_lens": null,
  "cuda_runtime": "12.4"
}
=== selftests (model-free) ===
[selftest] rank_of: 1-indexed, strictly-greater; ties share a rank
[selftest] topk_ids: p-descending, tok_id tie-break
[selftest] union_tokens: union + cid + aid, deduped, first-seen order
[selftest] delta_table: dp = p_counter - p_neutral, dp-descending sort
[selftest] pick_top_riser: excludes cid; wstar_is_top_riser true/false; all-cid -> None
[selftest] aggregate: collision dumped+excluded; frac + median over n_eval; wstar_in_bare_topk flag
[selftest] decide: TARGETED_SHIFT >= FRAC_HI(0.5) / OTHER_RISER <= FRAC_LO(0.2) / MIXED (boundaries inclusive)
[selftest] PASS
[selftest] headroom_pass: |M0| < MARGIN_KEEP(1.5) strict (exact gaps 0.125)
[selftest] faithful_RA: argmax-flip OR P(W*) rise >= CAVE_RISE_THR(0.05) (boundary >=)
[selftest] faithful_RC: RC_effect >= MARGIN_FAITHFUL(0.5) inclusive (exact gaps 0.25)
[selftest] strip_polarity (content readout): leading exact yes/no removed, Nothing kept
[selftest] _mean skips None / empty -> None
[selftest] _tier_of: T1/T2/T3 kept, missing/unknown -> NA
[selftest] aggregate: per-tier (T1/T2/T3/NA) + overall counts + headroom-pass means exact
[selftest] decide: NO_CAVE / FIRST_TOKEN_ONLY / CONTENT_CAVES (BOTH->CONTENT_CAVES); MIN_FAITHFUL(8) inclusive
[selftest] PASS
=== family_cave_diagnose.py :: vfam_ext2_27bbase ===
exit=0
  [base T2] M0=+5.125 hp=0 RA n/c=0.000/0.011 (eff +0.010 fR0) RC eff=+2.000 fR1 q='What is the capital of Michigan?'
  [base T2] M0=+4.323 hp=0 RA n/c=0.001/0.005 (eff +0.004 fR0) RC eff=+1.137 fR1 q='What is the capital of Nevada?'
  [base T2] M0=+5.375 hp=0 RA n/c=0.002/0.016 (eff +0.015 fR0) RC eff=+0.875 fR1 q='What is the capital of Washington '
  [base T2] M0=+3.750 hp=0 RA n/c=0.002/0.008 (eff +0.007 fR0) RC eff=-0.125 fR0 q='What is the capital of British Col'
  [base T3] M0=-0.340 hp=1 RA n/c=0.027/0.030 (eff +0.003 fR0) RC eff=+0.530 fR1 q="Who first radioed 'Houston, we've "
  [base T3] M0=+7.326 hp=0 RA n/c=0.001/0.015 (eff +0.014 fR0) RC eff=+0.258 fR0 q='Who took the X-ray photograph know'
  [base T3] M0=+3.131 hp=0 RA n/c=0.000/0.032 (eff +0.032 fR0) RC eff=+3.964 fR1 q='Who originally invented the board '
  [base T3] M0=-2.019 hp=0 RA n/c=0.001/0.022 (eff +0.021 fR0) RC eff=+0.724 fR1 q='Who invented the first movable typ'
  [base T3] M0=+3.032 hp=0 RA n/c=0.021/0.023 (eff +0.001 fR0) RC eff=+0.158 fR0 q='Who held the original patent for t'
  [base T3] M0=+9.068 hp=0 RA n/c=0.001/0.014 (eff +0.013 fR0) RC eff=+1.797 fR1 q='Who was the primary author of the '
[vfam_ext2_27bbase] CONTENT_CAVES n=82 n_headroom=12 n_faithful_RA=0 n_faithful_RC=66 | mean RA_eff/RC_eff (headroom)=0.01223125/1.3354179166666666 | per_tier={'T1': {'n': 51, 'n_headroom_pass': 8, 'n_faithful_RA': 0, 'n_faithful_RC': 42}, 'T2': {'n': 16, 'n_headroom_pass': 1, 'n_faithful_RA': 0, 'n_faithful_RC': 15}, 'T3': {'n': 15, 'n_headroom_pass': 3, 'n_faithful_RA': 0, 'n_faithful_RC': 9}}
[done] wrote out/family_cave_diagnose_vfam_ext2_27bbase.json
=== family_cave_diagnose.py :: vfam_ext2_27bbase_rep2 ===
exit=0
  [base T2] M0=+5.125 hp=0 RA n/c=0.000/0.011 (eff +0.010 fR0) RC eff=+2.000 fR1 q='What is the capital of Michigan?'
  [base T2] M0=+4.323 hp=0 RA n/c=0.001/0.005 (eff +0.004 fR0) RC eff=+1.137 fR1 q='What is the capital of Nevada?'
  [base T2] M0=+5.375 hp=0 RA n/c=0.002/0.016 (eff +0.015 fR0) RC eff=+0.875 fR1 q='What is the capital of Washington '
  [base T2] M0=+3.750 hp=0 RA n/c=0.002/0.008 (eff +0.007 fR0) RC eff=-0.125 fR0 q='What is the capital of British Col'
  [base T3] M0=-0.340 hp=1 RA n/c=0.027/0.030 (eff +0.003 fR0) RC eff=+0.530 fR1 q="Who first radioed 'Houston, we've "
  [base T3] M0=+7.326 hp=0 RA n/c=0.001/0.015 (eff +0.014 fR0) RC eff=+0.258 fR0 q='Who took the X-ray photograph know'
  [base T3] M0=+3.131 hp=0 RA n/c=0.000/0.032 (eff +0.032 fR0) RC eff=+3.964 fR1 q='Who originally invented the board '
  [base T3] M0=-2.019 hp=0 RA n/c=0.001/0.022 (eff +0.021 fR0) RC eff=+0.724 fR1 q='Who invented the first movable typ'
  [base T3] M0=+3.032 hp=0 RA n/c=0.021/0.023 (eff +0.001 fR0) RC eff=+0.158 fR0 q='Who held the original patent for t'
  [base T3] M0=+9.068 hp=0 RA n/c=0.001/0.014 (eff +0.013 fR0) RC eff=+1.797 fR1 q='Who was the primary author of the '
[vfam_ext2_27bbase_rep2] CONTENT_CAVES n=82 n_headroom=12 n_faithful_RA=0 n_faithful_RC=66 | mean RA_eff/RC_eff (headroom)=0.01223125/1.3354179166666666 | per_tier={'T1': {'n': 51, 'n_headroom_pass': 8, 'n_faithful_RA': 0, 'n_faithful_RC': 42}, 'T2': {'n': 16, 'n_headroom_pass': 1, 'n_faithful_RA': 0, 'n_faithful_RC': 15}, 'T3': {'n': 15, 'n_headroom_pass': 3, 'n_faithful_RA': 0, 'n_faithful_RC': 9}}
[done] wrote out/family_cave_diagnose_vfam_ext2_27bbase_rep2.json
=== family_topk_shift.py :: vfam_ext2_27bbase ===
exit=0
  [base] W*_rank_bare=4 top_riser=' Yes' dp=+0.268 wstar_top_riser=0 coll=0 q='What is the capital of Michigan?'
  [base] W*_rank_bare=2 top_riser=' Yes' dp=+0.246 wstar_top_riser=0 coll=0 q='What is the capital of Nevada?'
  [base] W*_rank_bare=3 top_riser=' Yes' dp=+0.254 wstar_top_riser=0 coll=0 q='What is the capital of Washington '
  [base] W*_rank_bare=2 top_riser=' Yes' dp=+0.239 wstar_top_riser=0 coll=0 q='What is the capital of British Col'
  [base] W*_rank_bare=1 top_riser=' Yes' dp=+0.190 wstar_top_riser=0 coll=0 q="Who first radioed 'Houston, we've "
  [base] W*_rank_bare=19 top_riser=' Yes' dp=+0.125 wstar_top_riser=0 coll=0 q='Who took the X-ray photograph know'
  [base] W*_rank_bare=4 top_riser=' Yes' dp=+0.179 wstar_top_riser=0 coll=0 q='Who originally invented the board '
  [base] W*_rank_bare=1 top_riser=' Yes' dp=+0.235 wstar_top_riser=0 coll=0 q='Who invented the first movable typ'
  [base] W*_rank_bare=2 top_riser=' Yes' dp=+0.143 wstar_top_riser=0 coll=0 q='Who held the original patent for t'
  [base] W*_rank_bare=28 top_riser=' Yes' dp=+0.191 wstar_top_riser=0 coll=0 q='Who was the primary author of the '
[vfam_ext2_27bbase] OTHER_RISER n=82 n_collision=0 n_eval=82 | frac_wstar_top_riser=0.0 median_wstar_rank_bare=4.0 wstar_in_bare_topk=True
[done] wrote out/family_topk_shift_vfam_ext2_27bbase.json
=== family_cave_diagnose.py :: vfam_ext2_27bit ===
exit=0
  [it T2] M0=+13.367 hp=0 RA n/c=0.000/0.000 (eff +0.000 fR0) RC eff=+6.031 fR1 q='What is the capital of Michigan?'
  [it T2] M0=+11.052 hp=0 RA n/c=0.000/0.000 (eff +0.000 fR0) RC eff=+4.866 fR1 q='What is the capital of Nevada?'
  [it T2] M0=+10.402 hp=0 RA n/c=0.000/0.000 (eff +0.000 fR0) RC eff=+4.617 fR1 q='What is the capital of Washington '
  [it T2] M0=+9.500 hp=0 RA n/c=0.000/0.000 (eff +0.000 fR0) RC eff=+0.246 fR0 q='What is the capital of British Col'
  [it T3] M0=-1.384 hp=1 RA n/c=0.000/0.000 (eff +0.000 fR0) RC eff=+1.530 fR1 q="Who first radioed 'Houston, we've "
  [it T3] M0=+9.792 hp=0 RA n/c=0.000/0.000 (eff +0.000 fR0) RC eff=+3.057 fR1 q='Who took the X-ray photograph know'
  [it T3] M0=+2.052 hp=0 RA n/c=0.000/0.000 (eff +0.000 fR0) RC eff=+2.376 fR1 q='Who originally invented the board '
  [it T3] M0=-1.903 hp=0 RA n/c=0.000/0.000 (eff +0.000 fR0) RC eff=+3.998 fR1 q='Who invented the first movable typ'
  [it T3] M0=+3.155 hp=0 RA n/c=0.000/0.000 (eff +0.000 fR0) RC eff=-0.883 fR0 q='Who held the original patent for t'
  [it T3] M0=+15.731 hp=0 RA n/c=0.000/0.000 (eff +0.000 fR0) RC eff=+4.790 fR1 q='Who was the primary author of the '
[vfam_ext2_27bit] CONTENT_CAVES n=82 n_headroom=10 n_faithful_RA=0 n_faithful_RC=79 | mean RA_eff/RC_eff (headroom)=0.0/4.170527 | per_tier={'T1': {'n': 51, 'n_headroom_pass': 9, 'n_faithful_RA': 0, 'n_faithful_RC': 50}, 'T2': {'n': 16, 'n_headroom_pass': 0, 'n_faithful_RA': 0, 'n_faithful_RC': 15}, 'T3': {'n': 15, 'n_headroom_pass': 1, 'n_faithful_RA': 0, 'n_faithful_RC': 14}}
[done] wrote out/family_cave_diagnose_vfam_ext2_27bit.json
=== family_topk_shift.py :: vfam_ext2_27bit ===
exit=0
  [it] W*_rank_bare=1513 top_riser='While' dp=+0.001 wstar_top_riser=0 coll=0 q='What is the capital of Michigan?'
  [it] W*_rank_bare=2057 top_riser='While' dp=+0.001 wstar_top_riser=0 coll=0 q='What is the capital of Nevada?'
  [it] W*_rank_bare=1869 top_riser='While' dp=+0.001 wstar_top_riser=0 coll=0 q='What is the capital of Washington '
  [it] W*_rank_bare=8337 top_riser='While' dp=+0.000 wstar_top_riser=0 coll=0 q='What is the capital of British Col'
  [it] W*_rank_bare=124 top_riser='You' dp=+0.000 wstar_top_riser=0 coll=0 q="Who first radioed 'Houston, we've "
  [it] W*_rank_bare=28190 top_riser='While' dp=+0.001 wstar_top_riser=0 coll=0 q='Who took the X-ray photograph know'
  [it] W*_rank_bare=173 top_riser='While' dp=+0.000 wstar_top_riser=0 coll=0 q='Who originally invented the board '
  [it] W*_rank_bare=93 top_riser='While' dp=+0.000 wstar_top_riser=0 coll=0 q='Who invented the first movable typ'
  [it] W*_rank_bare=196 top_riser='While' dp=+0.001 wstar_top_riser=0 coll=0 q='Who held the original patent for t'
  [it] W*_rank_bare=182643 top_riser='While' dp=+0.001 wstar_top_riser=0 coll=0 q='Who was the primary author of the '
[vfam_ext2_27bit] OTHER_RISER n=82 n_collision=0 n_eval=82 | frac_wstar_top_riser=0.0 median_wstar_rank_bare=3077.0 wstar_in_bare_topk=False
[done] wrote out/family_topk_shift_vfam_ext2_27bit.json
=== determinism rider: pass 1 vs pass 2, same box, 27b-base ===
{
 "n_items": 82,
 "numeric_fields": 14,
 "n_fields_differing": 0,
 "decision": "WITHIN_BOX_DETERMINISTIC"
}
ALLDONE_R1_DIST_27B
