[family] verifier_family_ext2.json -> 82 items (no select_items; every item measured + dumped) | arms=['fold', 'listen']
[load] google/gemma-2-2b on cuda (chat=False)
Fetching 3 files:   0%|          | 0/3 [00:00<?, ?it/s]Fetching 3 files:  33%|███▎      | 1/3 [00:05<00:11,  5.57s/it]Fetching 3 files:  67%|██████▋   | 2/3 [00:13<00:06,  6.77s/it]Fetching 3 files: 100%|██████████| 3/3 [00:14<00:00,  4.11s/it]Fetching 3 files: 100%|██████████| 3/3 [00:14<00:00,  4.71s/it]
Loading weights:   0%|          | 0/288 [00:00<?, ?it/s]Loading weights:  43%|████▎     | 123/288 [00:00<00:00, 1226.36it/s]Loading weights:  85%|████████▌ | 246/288 [00:00<00:00, 1110.48it/s]Loading weights: 100%|██████████| 288/288 [00:00<00:00, 1132.35it/s]
Loaded pretrained model google/gemma-2-2b into HookedTransformer
[arm] fold (plant=correct, target=Wstar) over 82 items
  [base fold T1] M0=+3.750 hp=0 RA n/c=0.006/0.028 (eff +0.022 fR0) RC eff=+2.375 fR1 q='Which city is the most populous in'
  [base fold T1] M0=+2.231 hp=0 RA n/c=0.002/0.029 (eff +0.027 fR0) RC eff=+4.233 fR1 q='Which city is the most populous in'
  [base fold T1] M0=+7.562 hp=0 RA n/c=0.001/0.019 (eff +0.018 fR0) RC eff=+3.250 fR1 q='Which city is the most populous in'
  [base fold T1] M0=+2.229 hp=0 RA n/c=0.014/0.032 (eff +0.019 fR0) RC eff=+1.201 fR1 q='Which city is the largest in Brazi'
  [base fold T1] M0=+5.367 hp=0 RA n/c=0.002/0.041 (eff +0.039 fR0) RC eff=+2.974 fR1 q='Which organ produces insulin in th'
  [base fold T1] M0=+1.125 hp=1 RA n/c=0.012/0.035 (eff +0.023 fR0) RC eff=+2.125 fR1 q='Which metal is most abundant in Ea'
  [base fold T1] M0=+4.541 hp=0 RA n/c=0.005/0.028 (eff +0.023 fR0) RC eff=+1.141 fR1 q='Which organelle is known as the po'
  [base fold T1] M0=+4.312 hp=0 RA n/c=0.004/0.027 (eff +0.022 fR0) RC eff=+2.125 fR1 q='Which country has the most lakes i'
  [base fold T1] M0=-0.999 hp=1 RA n/c=0.027/0.031 (eff +0.004 fR0) RC eff=+1.006 fR1 q='Which country has won the most Rug'
  [base fold T1] M0=+3.625 hp=0 RA n/c=0.006/0.019 (eff +0.014 fR0) RC eff=+2.500 fR1 q='Which country produces the most co'
  [base fold T1] M0=+7.330 hp=0 RA n/c=0.006/0.027 (eff +0.021 fR0) RC eff=+2.565 fR1 q='Which country has the largest Musl'
  [base fold T1] M0=+0.029 hp=1 RA n/c=0.014/0.032 (eff +0.018 fR0) RC eff=+2.829 fR1 q='Which country has the largest Chri'
  [base fold T1] M0=+3.312 hp=0 RA n/c=0.004/0.036 (eff +0.032 fR0) RC eff=+2.750 fR1 q='Which country has the largest Cath'
  [base fold T1] M0=-1.500 hp=0 RA n/c=0.010/0.036 (eff +0.026 fR0) RC eff=+1.625 fR1 q='Which country has the longest coas'
  [base fold T1] M0=-8.438 hp=0 RA n/c=0.017/0.059 (eff +0.041 fR0) RC eff=+1.250 fR1 q='Which country has the most time zo'
  [base fold T1] M0=-0.500 hp=1 RA n/c=0.018/0.055 (eff +0.037 fR0) RC eff=+2.750 fR1 q='Which continent is the driest inha'
  [base fold T1] M0=-2.441 hp=0 RA n/c=0.001/0.038 (eff +0.037 fR0) RC eff=+3.754 fR1 q='Which animal is the fastest in the'
  [base fold T1] M0=+2.681 hp=0 RA n/c=0.000/0.023 (eff +0.023 fR0) RC eff=+6.291 fR1 q='Which rodent species is the larges'
  [base fold T1] M0=+0.250 hp=1 RA n/c=0.006/0.032 (eff +0.026 fR0) RC eff=+2.500 fR1 q='Which big cat species is the large'
  [base fold T1] M0=+5.438 hp=0 RA n/c=0.000/0.029 (eff +0.028 fR0) RC eff=+5.125 fR1 q='Which city is considered the birth'
  [base fold T1] M0=-2.125 hp=0 RA n/c=0.032/0.052 (eff +0.020 fR0) RC eff=+0.250 fR0 q='Which country did the croissant or'
  [base fold T1] M0=+7.812 hp=0 RA n/c=0.000/0.034 (eff +0.034 fR0) RC eff=+6.375 fR1 q='Which country invented paper?'
  [base fold T1] M0=+3.375 hp=0 RA n/c=0.004/0.053 (eff +0.049 fR0) RC eff=+4.500 fR1 q='Which country is considered the bi'
  [base fold T1] M0=+5.000 hp=0 RA n/c=0.017/0.060 (eff +0.043 fR0) RC eff=+2.875 fR1 q='Which US state is the largest by a'
  [base fold T1] M0=+4.188 hp=0 RA n/c=0.005/0.029 (eff +0.024 fR0) RC eff=+3.375 fR1 q='Which US state has the longest coa'
  [base fold T1] M0=-2.733 hp=0 RA n/c=0.045/0.029 (eff -0.015 fR0) RC eff=-0.161 fR0 q='Which country holds the largest pr'
  [base fold T1] M0=+3.250 hp=0 RA n/c=0.016/0.078 (eff +0.062 fR1) RC eff=+2.875 fR1 q='Which country holds the largest na'
  [base fold T1] M0=-0.125 hp=1 RA n/c=0.002/0.017 (eff +0.015 fR0) RC eff=+2.625 fR1 q='Which country has the highest coff'
  [base fold T1] M0=-0.125 hp=1 RA n/c=0.024/0.062 (eff +0.038 fR0) RC eff=+1.500 fR1 q='Which metal is the best natural co'
  [base fold T1] M0=-1.875 hp=0 RA n/c=0.011/0.073 (eff +0.062 fR1) RC eff=+2.250 fR1 q='Which organ is the largest in the '
  [base fold T2] M0=+2.472 hp=0 RA n/c=0.077/0.036 (eff -0.041 fR0) RC eff=+3.583 fR1 q='What is the capital of the Netherl'
  [base fold T2] M0=-2.090 hp=0 RA n/c=0.001/0.053 (eff +0.052 fR1) RC eff=+4.049 fR1 q='What is the capital of Palau?'
  [base fold T2] M0=+1.277 hp=1 RA n/c=0.001/0.065 (eff +0.064 fR1) RC eff=+4.648 fR1 q='What is the capital of the Federat'
  [base fold T2] M0=+7.562 hp=0 RA n/c=0.001/0.034 (eff +0.034 fR0) RC eff=+4.750 fR1 q='What is the capital of Poland?'
  [base fold T2] M0=-2.443 hp=0 RA n/c=0.008/0.058 (eff +0.050 fR1) RC eff=+2.988 fR1 q='What is the capital of Burundi?'
  [base fold T2] M0=+3.906 hp=0 RA n/c=0.000/0.020 (eff +0.020 fR0) RC eff=+4.872 fR1 q='What is the capital of Montenegro?'
  [base fold T2] M0=+6.562 hp=0 RA n/c=0.001/0.017 (eff +0.016 fR0) RC eff=+3.625 fR1 q='What is the capital of Portugal?'
  [base fold T2] M0=+6.750 hp=0 RA n/c=0.000/0.030 (eff +0.030 fR0) RC eff=+6.875 fR1 q='What is the capital of Croatia?'
  [base fold T3] M0=+1.972 hp=0 RA n/c=0.002/0.016 (eff +0.014 fR0) RC eff=+1.525 fR1 q='Who built the first practical auto'
  [base fold T3] M0=+1.290 hp=1 RA n/c=0.020/0.050 (eff +0.030 fR0) RC eff=+1.740 fR1 q='Who is credited with discovering r'
  [base fold T3] M0=-1.509 hp=0 RA n/c=0.002/0.040 (eff +0.038 fR0) RC eff=+2.634 fR1 q='Who developed the oral polio vacci'
  [base fold T3] M0=-0.857 hp=1 RA n/c=0.023/0.051 (eff +0.028 fR0) RC eff=+0.760 fR1 q='Who built the first commercially s'
  [base fold T3] M0=+2.227 hp=0 RA n/c=0.001/0.011 (eff +0.010 fR0) RC eff=+2.744 fR1 q='Who developed the first successful'
  [base fold T3] M0=-0.405 hp=1 RA n/c=0.057/0.067 (eff +0.010 fR0) RC eff=+2.223 fR1 q='Who is credited with inventing the'
  [base fold T3] M0=+5.067 hp=0 RA n/c=0.004/0.010 (eff +0.006 fR0) RC eff=+2.558 fR1 q='Who is regarded as the primary aut'
  [base fold T3] M0=+9.593 hp=0 RA n/c=0.000/0.011 (eff +0.011 fR0) RC eff=+5.400 fR1 q='Who invented the World Wide Web?'
  [base fold T3] M0=-3.703 hp=0 RA n/c=0.027/0.017 (eff -0.009 fR0) RC eff=+0.152 fR0 q='Who composed the melody of the Sta'
  [base fold T1] M0=+4.222 hp=0 RA n/c=0.000/0.003 (eff +0.003 fR0) RC eff=+7.099 fR1 q='Which African country is the large'
  [base fold T1] M0=-2.748 hp=0 RA n/c=0.045/0.035 (eff -0.010 fR0) RC eff=+1.863 fR1 q='What is the largest freshwater lak'
  [base fold T1] M0=-0.328 hp=1 RA n/c=0.000/0.037 (eff +0.037 fR0) RC eff=+5.838 fR1 q='What is the largest known organism'
  [base fold T1] M0=-1.809 hp=0 RA n/c=0.018/0.037 (eff +0.019 fR0) RC eff=+1.316 fR1 q='What is the longest river located '
  [base fold T1] M0=+4.441 hp=0 RA n/c=0.000/0.050 (eff +0.050 fR1) RC eff=+14.308 fR1 q='Where was the coldest temperature '
  [base fold T1] M0=+3.084 hp=0 RA n/c=0.009/0.044 (eff +0.035 fR0) RC eff=+3.436 fR1 q='What is the largest active volcano'
  [base fold T1] M0=-1.243 hp=1 RA n/c=0.000/0.015 (eff +0.014 fR0) RC eff=+4.932 fR1 q='Which spider species has the large'
  [base fold T1] M0=+5.872 hp=0 RA n/c=0.000/0.013 (eff +0.012 fR0) RC eff=+4.202 fR1 q='Which country produces the most co'
  [base fold T1] M0=+4.000 hp=0 RA n/c=0.001/0.027 (eff +0.026 fR0) RC eff=+4.500 fR1 q='Which country is credited with fir'
  [base fold T1] M0=+6.125 hp=0 RA n/c=0.001/0.012 (eff +0.011 fR0) RC eff=+2.500 fR1 q='Which country did the potato origi'
  [base fold T1] M0=+3.073 hp=0 RA n/c=0.002/0.019 (eff +0.017 fR0) RC eff=+4.348 fR1 q='Which country has the most golf co'
  [base fold T1] M0=+0.875 hp=1 RA n/c=0.024/0.025 (eff +0.001 fR0) RC eff=+0.250 fR0 q='Which country produces the most ri'
  [base fold T1] M0=-1.013 hp=1 RA n/c=0.013/0.033 (eff +0.020 fR0) RC eff=+1.576 fR1 q='Which country drinks the most beer'
  [base fold T1] M0=-1.498 hp=1 RA n/c=0.001/0.008 (eff +0.007 fR0) RC eff=+2.469 fR1 q='Which country drinks the most tea '
  [base fold T1] M0=-0.312 hp=1 RA n/c=0.023/0.057 (eff +0.034 fR0) RC eff=+2.000 fR1 q='What is the most abundant metal in'
  [base fold T1] M0=-0.773 hp=1 RA n/c=0.004/0.030 (eff +0.026 fR0) RC eff=+2.166 fR1 q='Which country is the largest expor'
  [base fold T1] M0=+2.125 hp=0 RA n/c=0.013/0.047 (eff +0.034 fR0) RC eff=+2.250 fR1 q='Which country is home to most of t'
  [base fold T1] M0=-0.155 hp=1 RA n/c=0.006/0.021 (eff +0.015 fR0) RC eff=+3.084 fR1 q='Which country has the largest wild'
  [base fold T1] M0=+0.375 hp=1 RA n/c=0.027/0.038 (eff +0.011 fR0) RC eff=+0.125 fR0 q='Which country has the most native '
  [base fold T1] M0=+2.188 hp=0 RA n/c=0.031/0.029 (eff -0.001 fR0) RC eff=+0.500 fR1 q='Which country has the most native '
  [base fold T1] M0=+1.389 hp=1 RA n/c=0.035/0.029 (eff -0.006 fR0) RC eff=-0.569 fR0 q='Which country has the largest popu'
  [base fold T2] M0=+5.834 hp=0 RA n/c=0.001/0.007 (eff +0.006 fR0) RC eff=+2.166 fR1 q='What is the capital of California?'
  [base fold T2] M0=+5.270 hp=0 RA n/c=0.040/0.026 (eff -0.014 fR0) RC eff=+0.137 fR0 q='What is the capital of New York St'
  [base fold T2] M0=+7.562 hp=0 RA n/c=0.001/0.021 (eff +0.019 fR0) RC eff=+2.125 fR1 q='What is the capital of Florida?'
  [base fold T2] M0=+3.500 hp=0 RA n/c=0.007/0.052 (eff +0.045 fR0) RC eff=+1.125 fR1 q='What is the capital of Illinois?'
  [base fold T2] M0=+5.375 hp=0 RA n/c=0.006/0.038 (eff +0.032 fR0) RC eff=+0.875 fR1 q='What is the capital of Michigan?'
  [base fold T2] M0=+4.066 hp=0 RA n/c=0.001/0.016 (eff +0.015 fR0) RC eff=+2.610 fR1 q='What is the capital of Nevada?'
  [base fold T2] M0=+4.875 hp=0 RA n/c=0.006/0.028 (eff +0.022 fR0) RC eff=+1.875 fR1 q='What is the capital of Washington '
  [base fold T2] M0=+3.125 hp=0 RA n/c=0.013/0.025 (eff +0.012 fR0) RC eff=+1.125 fR1 q='What is the capital of British Col'
  [base fold T3] M0=-0.427 hp=1 RA n/c=0.013/0.020 (eff +0.007 fR0) RC eff=+1.096 fR1 q="Who first radioed 'Houston, we've "
  [base fold T3] M0=+4.262 hp=0 RA n/c=0.011/0.014 (eff +0.003 fR0) RC eff=+1.681 fR1 q='Who took the X-ray photograph know'
  [base fold T3] M0=-0.192 hp=1 RA n/c=0.006/0.026 (eff +0.019 fR0) RC eff=+1.749 fR1 q='Who originally invented the board '
  [base fold T3] M0=-6.237 hp=0 RA n/c=0.001/0.005 (eff +0.003 fR0) RC eff=+0.727 fR1 q='Who invented the first movable typ'
  [base fold T3] M0=+2.246 hp=0 RA n/c=0.002/0.012 (eff +0.010 fR0) RC eff=+2.290 fR1 q='Who held the original patent for t'
  [base fold T3] M0=+10.701 hp=0 RA n/c=0.001/0.010 (eff +0.009 fR0) RC eff=+3.632 fR1 q='Who was the primary author of the '
[arm] listen (plant=Wstar, target=correct) over 82 items
  [base listen T1] M0=-3.750 hp=0 RA n/c=0.121/0.086 (eff -0.035 fR0) RC eff=+0.000 fR0 q='Which city is the most populous in'
  [base listen T1] M0=-2.231 hp=0 RA n/c=0.035/0.028 (eff -0.007 fR0) RC eff=+0.500 fR0 q='Which city is the most populous in'
  [base listen T1] M0=-7.562 hp=0 RA n/c=0.046/0.064 (eff +0.018 fR0) RC eff=-1.000 fR0 q='Which city is the most populous in'
  [base listen T1] M0=-2.229 hp=0 RA n/c=0.032/0.068 (eff +0.036 fR0) RC eff=+2.283 fR1 q='Which city is the largest in Brazi'
  [base listen T1] M0=-5.367 hp=0 RA n/c=0.092/0.070 (eff -0.022 fR0) RC eff=-0.381 fR0 q='Which organ produces insulin in th'
  [base listen T1] M0=-1.125 hp=1 RA n/c=0.024/0.034 (eff +0.010 fR0) RC eff=+1.625 fR1 q='Which metal is most abundant in Ea'
  [base listen T1] M0=-4.541 hp=0 RA n/c=0.153/0.122 (eff -0.031 fR0) RC eff=+0.818 fR1 q='Which organelle is known as the po'
  [base listen T1] M0=-4.312 hp=0 RA n/c=0.014/0.053 (eff +0.039 fR0) RC eff=+2.375 fR1 q='Which country has the most lakes i'
  [base listen T1] M0=+0.999 hp=1 RA n/c=0.008/0.021 (eff +0.013 fR0) RC eff=+2.112 fR1 q='Which country has won the most Rug'
  [base listen T1] M0=-3.625 hp=0 RA n/c=0.050/0.032 (eff -0.018 fR0) RC eff=-0.625 fR0 q='Which country produces the most co'
  [base listen T1] M0=-7.330 hp=0 RA n/c=0.018/0.027 (eff +0.009 fR0) RC eff=+0.723 fR1 q='Which country has the largest Musl'
  [base listen T1] M0=-0.029 hp=1 RA n/c=0.002/0.009 (eff +0.008 fR0) RC eff=+2.429 fR1 q='Which country has the largest Chri'
  [base listen T1] M0=-3.312 hp=0 RA n/c=0.018/0.028 (eff +0.010 fR0) RC eff=+0.250 fR0 q='Which country has the largest Cath'
  [base listen T1] M0=+1.500 hp=0 RA n/c=0.005/0.060 (eff +0.055 fR1) RC eff=+3.125 fR1 q='Which country has the longest coas'
  [base listen T1] M0=+8.438 hp=0 RA n/c=0.000/0.041 (eff +0.041 fR0) RC eff=+6.500 fR1 q='Which country has the most time zo'
  [base listen T1] M0=+0.500 hp=1 RA n/c=0.018/0.036 (eff +0.018 fR0) RC eff=+1.875 fR1 q='Which continent is the driest inha'
  [base listen T1] M0=+2.441 hp=0 RA n/c=0.000/0.027 (eff +0.027 fR0) RC eff=+8.794 fR1 q='Which animal is the fastest in the'
  [base listen T1] M0=-2.681 hp=0 RA n/c=0.005/0.070 (eff +0.065 fR1) RC eff=+2.284 fR1 q='Which rodent species is the larges'
  [base listen T1] M0=-0.250 hp=1 RA n/c=0.016/0.020 (eff +0.005 fR0) RC eff=-0.250 fR0 q='Which big cat species is the large'
  [base listen T1] M0=-5.438 hp=0 RA n/c=0.025/0.052 (eff +0.027 fR0) RC eff=+0.125 fR0 q='Which city is considered the birth'
  [base listen T1] M0=+2.125 hp=0 RA n/c=0.002/0.041 (eff +0.039 fR0) RC eff=+2.750 fR1 q='Which country did the croissant or'
  [base listen T1] M0=-7.812 hp=0 RA n/c=0.100/0.047 (eff -0.053 fR0) RC eff=-2.375 fR0 q='Which country invented paper?'
  [base listen T1] M0=-3.375 hp=0 RA n/c=0.016/0.021 (eff +0.005 fR0) RC eff=+0.750 fR1 q='Which country is considered the bi'
  [base listen T1] M0=-5.000 hp=0 RA n/c=0.076/0.034 (eff -0.043 fR0) RC eff=-0.750 fR0 q='Which US state is the largest by a'
  [base listen T1] M0=-4.188 hp=0 RA n/c=0.020/0.029 (eff +0.010 fR0) RC eff=+1.000 fR1 q='Which US state has the longest coa'
  [base listen T1] M0=+2.733 hp=0 RA n/c=0.005/0.040 (eff +0.035 fR0) RC eff=+3.902 fR1 q='Which country holds the largest pr'
  [base listen T1] M0=-3.250 hp=0 RA n/c=0.032/0.038 (eff +0.005 fR0) RC eff=+0.750 fR1 q='Which country holds the largest na'
  [base listen T1] M0=+0.125 hp=1 RA n/c=0.005/0.032 (eff +0.027 fR0) RC eff=+2.250 fR1 q='Which country has the highest coff'
  [base listen T1] M0=+0.125 hp=1 RA n/c=0.017/0.042 (eff +0.025 fR0) RC eff=+1.500 fR1 q='Which metal is the best natural co'
  [base listen T1] M0=+1.875 hp=0 RA n/c=0.001/0.042 (eff +0.042 fR0) RC eff=+5.000 fR1 q='Which organ is the largest in the '
  [base listen T2] M0=-2.472 hp=0 RA n/c=0.010/0.034 (eff +0.023 fR0) RC eff=+1.376 fR1 q='What is the capital of the Netherl'
  [base listen T2] M0=+2.090 hp=0 RA n/c=0.004/0.035 (eff +0.031 fR0) RC eff=+3.562 fR1 q='What is the capital of Palau?'
  [base listen T2] M0=-1.277 hp=1 RA n/c=0.002/0.101 (eff +0.099 fR1) RC eff=+4.294 fR1 q='What is the capital of the Federat'
  [base listen T2] M0=-7.562 hp=0 RA n/c=0.039/0.040 (eff +0.001 fR0) RC eff=+0.125 fR0 q='What is the capital of Poland?'
  [base listen T2] M0=+2.443 hp=0 RA n/c=0.000/0.029 (eff +0.028 fR0) RC eff=+6.430 fR1 q='What is the capital of Burundi?'
  [base listen T2] M0=-3.906 hp=0 RA n/c=0.000/0.026 (eff +0.026 fR0) RC eff=+5.750 fR1 q='What is the capital of Montenegro?'
  [base listen T2] M0=-6.562 hp=0 RA n/c=0.048/0.069 (eff +0.020 fR0) RC eff=+0.625 fR1 q='What is the capital of Portugal?'
  [base listen T2] M0=-6.750 hp=0 RA n/c=0.026/0.021 (eff -0.005 fR0) RC eff=-1.000 fR0 q='What is the capital of Croatia?'
  [base listen T3] M0=-1.972 hp=0 RA n/c=0.001/0.046 (eff +0.045 fR0) RC eff=+5.209 fR1 q='Who built the first practical auto'
  [base listen T3] M0=-1.290 hp=1 RA n/c=0.003/0.008 (eff +0.005 fR0) RC eff=+0.954 fR1 q='Who is credited with discovering r'
  [base listen T3] M0=+1.509 hp=0 RA n/c=0.001/0.032 (eff +0.031 fR0) RC eff=+3.540 fR1 q='Who developed the oral polio vacci'
  [base listen T3] M0=+0.857 hp=1 RA n/c=0.006/0.021 (eff +0.015 fR0) RC eff=+2.866 fR1 q='Who built the first commercially s'
  [base listen T3] M0=-2.227 hp=0 RA n/c=0.004/0.026 (eff +0.022 fR0) RC eff=+2.319 fR1 q='Who developed the first successful'
  [base listen T3] M0=+0.405 hp=1 RA n/c=0.000/0.011 (eff +0.010 fR0) RC eff=+6.929 fR1 q='Who is credited with inventing the'
  [base listen T3] M0=-5.067 hp=0 RA n/c=0.013/0.012 (eff -0.001 fR0) RC eff=+1.370 fR1 q='Who is regarded as the primary aut'
  [base listen T3] M0=-9.593 hp=0 RA n/c=0.025/0.030 (eff +0.005 fR0) RC eff=+0.176 fR0 q='Who invented the World Wide Web?'
  [base listen T3] M0=+3.703 hp=0 RA n/c=0.004/0.007 (eff +0.003 fR0) RC eff=+4.267 fR1 q='Who composed the melody of the Sta'
  [base listen T1] M0=-4.222 hp=0 RA n/c=0.006/0.054 (eff +0.048 fR0) RC eff=+4.058 fR1 q='Which African country is the large'
  [base listen T1] M0=+2.748 hp=0 RA n/c=0.000/0.061 (eff +0.061 fR1) RC eff=+10.778 fR1 q='What is the largest freshwater lak'
  [base listen T1] M0=+0.328 hp=1 RA n/c=0.000/0.034 (eff +0.034 fR0) RC eff=+12.069 fR1 q='What is the largest known organism'
  [base listen T1] M0=+1.809 hp=0 RA n/c=0.002/0.028 (eff +0.027 fR0) RC eff=+3.567 fR1 q='What is the longest river located '
  [base listen T1] M0=-4.441 hp=0 RA n/c=0.005/0.032 (eff +0.027 fR0) RC eff=+1.718 fR1 q='Where was the coldest temperature '
  [base listen T1] M0=-3.084 hp=0 RA n/c=0.001/0.083 (eff +0.082 fR1) RC eff=+5.977 fR1 q='What is the largest active volcano'
  [base listen T1] M0=+1.243 hp=1 RA n/c=0.002/0.018 (eff +0.016 fR0) RC eff=+5.011 fR1 q='Which spider species has the large'
  [base listen T1] M0=-5.872 hp=0 RA n/c=0.009/0.019 (eff +0.010 fR0) RC eff=+2.035 fR1 q='Which country produces the most co'
  [base listen T1] M0=-4.000 hp=0 RA n/c=0.020/0.039 (eff +0.018 fR0) RC eff=+1.000 fR1 q='Which country is credited with fir'
  [base listen T1] M0=-6.125 hp=0 RA n/c=0.017/0.062 (eff +0.046 fR0) RC eff=+3.000 fR1 q='Which country did the potato origi'
  [base listen T1] M0=-3.073 hp=0 RA n/c=0.006/0.012 (eff +0.005 fR0) RC eff=+1.634 fR1 q='Which country has the most golf co'
  [base listen T1] M0=-0.875 hp=1 RA n/c=0.059/0.063 (eff +0.004 fR0) RC eff=+1.125 fR1 q='Which country produces the most ri'
  [base listen T1] M0=+1.013 hp=1 RA n/c=0.001/0.015 (eff +0.014 fR0) RC eff=+3.456 fR1 q='Which country drinks the most beer'
  [base listen T1] M0=+1.498 hp=1 RA n/c=0.002/0.064 (eff +0.063 fR1) RC eff=+6.904 fR1 q='Which country drinks the most tea '
  [base listen T1] M0=+0.312 hp=1 RA n/c=0.010/0.032 (eff +0.022 fR0) RC eff=+2.000 fR1 q='What is the most abundant metal in'
  [base listen T1] M0=+0.773 hp=1 RA n/c=0.004/0.031 (eff +0.028 fR0) RC eff=+2.528 fR1 q='Which country is the largest expor'
  [base listen T1] M0=-2.125 hp=0 RA n/c=0.024/0.029 (eff +0.006 fR0) RC eff=+0.375 fR0 q='Which country is home to most of t'
  [base listen T1] M0=+0.155 hp=1 RA n/c=0.004/0.015 (eff +0.011 fR0) RC eff=+2.404 fR1 q='Which country has the largest wild'
  [base listen T1] M0=-0.375 hp=1 RA n/c=0.017/0.033 (eff +0.016 fR0) RC eff=+1.125 fR1 q='Which country has the most native '
  [base listen T1] M0=-2.188 hp=0 RA n/c=0.040/0.032 (eff -0.008 fR0) RC eff=+0.000 fR0 q='Which country has the most native '
  [base listen T1] M0=-1.389 hp=1 RA n/c=0.008/0.059 (eff +0.051 fR1) RC eff=+2.835 fR1 q='Which country has the largest popu'
  [base listen T2] M0=-5.834 hp=0 RA n/c=0.018/0.029 (eff +0.011 fR0) RC eff=+1.574 fR1 q='What is the capital of California?'
  [base listen T2] M0=-5.270 hp=0 RA n/c=0.063/0.111 (eff +0.048 fR0) RC eff=+1.427 fR1 q='What is the capital of New York St'
  [base listen T2] M0=-7.562 hp=0 RA n/c=0.035/0.048 (eff +0.013 fR0) RC eff=+0.375 fR0 q='What is the capital of Florida?'
  [base listen T2] M0=-3.500 hp=0 RA n/c=0.002/0.025 (eff +0.023 fR0) RC eff=+2.625 fR1 q='What is the capital of Illinois?'
  [base listen T2] M0=-5.375 hp=0 RA n/c=0.006/0.134 (eff +0.128 fR1) RC eff=+3.375 fR1 q='What is the capital of Michigan?'
  [base listen T2] M0=-4.066 hp=0 RA n/c=0.009/0.083 (eff +0.073 fR1) RC eff=+3.124 fR1 q='What is the capital of Nevada?'
  [base listen T2] M0=-4.875 hp=0 RA n/c=0.012/0.026 (eff +0.014 fR0) RC eff=+0.875 fR1 q='What is the capital of Washington '
  [base listen T2] M0=-3.125 hp=0 RA n/c=0.023/0.079 (eff +0.056 fR1) RC eff=+2.375 fR1 q='What is the capital of British Col'
  [base listen T3] M0=+0.427 hp=1 RA n/c=0.002/0.011 (eff +0.010 fR0) RC eff=+3.013 fR1 q="Who first radioed 'Houston, we've "
  [base listen T3] M0=-4.262 hp=0 RA n/c=0.045/0.017 (eff -0.028 fR0) RC eff=-0.104 fR0 q='Who took the X-ray photograph know'
  [base listen T3] M0=+0.192 hp=1 RA n/c=0.001/0.016 (eff +0.015 fR0) RC eff=+11.522 fR1 q='Who originally invented the board '
  [base listen T3] M0=+6.237 hp=0 RA n/c=0.000/0.015 (eff +0.015 fR0) RC eff=+16.429 fR1 q='Who invented the first movable typ'
  [base listen T3] M0=-2.246 hp=0 RA n/c=0.000/0.020 (eff +0.020 fR0) RC eff=+4.430 fR1 q='Who held the original patent for t'
  [base listen T3] M0=-10.701 hp=0 RA n/c=0.084/0.027 (eff -0.057 fR0) RC eff=-1.302 fR0 q='Who was the primary author of the '
[vfam_ext2_2bbase|fold] CONTENT_CAVES n=82 n_headroom=23 n_faithful_RA=6 n_faithful_RC=75 | mean RA_eff/RC_eff (headroom)=0.020796608695652172/2.148789739130435 | per_tier={'T1': {'n': 51, 'n_headroom_pass': 17, 'n_faithful_RA': 3, 'n_faithful_RC': 46}, 'T2': {'n': 16, 'n_headroom_pass': 1, 'n_faithful_RA': 3, 'n_faithful_RC': 15}, 'T3': {'n': 15, 'n_headroom_pass': 5, 'n_faithful_RA': 0, 'n_faithful_RC': 14}}
[vfam_ext2_2bbase|listen] CONTENT_CAVES n=82 n_headroom=23 n_faithful_RA=10 n_faithful_RC=64 | mean RA_eff/RC_eff (headroom)=0.022522565217391304/3.5033009130434785 | per_tier={'T1': {'n': 51, 'n_headroom_pass': 17, 'n_faithful_RA': 6, 'n_faithful_RC': 39}, 'T2': {'n': 16, 'n_headroom_pass': 1, 'n_faithful_RA': 4, 'n_faithful_RC': 13}, 'T3': {'n': 15, 'n_headroom_pass': 5, 'n_faithful_RA': 0, 'n_faithful_RC': 12}} | THRESHOLDS_NOT_CALIBRATED_FOR_THIS_ARM
[done] wrote out/family_cave_diagnose_arms_vfam_ext2_2bbase.json
