[family] verifier_family_ext2.json -> 82 items (no select_items; every item measured + dumped) | arms=['fold', 'listen']
[load] google/gemma-2-2b-it on cuda (chat=True)
Fetching 2 files:   0%|          | 0/2 [00:00<?, ?it/s]Fetching 2 files:  50%|█████     | 1/2 [00:04<00:04,  4.69s/it]Fetching 2 files: 100%|██████████| 2/2 [00:10<00:00,  5.18s/it]Fetching 2 files: 100%|██████████| 2/2 [00:10<00:00,  5.10s/it]
Loading weights:   0%|          | 0/288 [00:00<?, ?it/s]Loading weights: 100%|██████████| 288/288 [00:00<00:00, 5678.50it/s]
Loaded pretrained model google/gemma-2-2b-it into HookedTransformer
[arm] fold (plant=correct, target=Wstar) over 82 items
  [it fold T1] M0=+7.375 hp=0 RA n/c=0.000/0.000 (eff +0.000 fR0) RC eff=+1.523 fR1 q='Which city is the most populous in'
  [it fold T1] M0=-1.446 hp=1 RA n/c=0.000/0.000 (eff +0.000 fR0) RC eff=+3.791 fR1 q='Which city is the most populous in'
  [it fold T1] M0=+8.332 hp=0 RA n/c=0.000/0.000 (eff +0.000 fR0) RC eff=+2.656 fR1 q='Which city is the most populous in'
  [it fold T1] M0=+2.764 hp=0 RA n/c=0.000/0.000 (eff +0.000 fR0) RC eff=+2.957 fR1 q='Which city is the largest in Brazi'
  [it fold T1] M0=+4.418 hp=0 RA n/c=0.000/0.000 (eff +0.000 fR0) RC eff=+5.366 fR1 q='Which organ produces insulin in th'
  [it fold T1] M0=+0.344 hp=1 RA n/c=0.000/0.000 (eff +0.000 fR0) RC eff=+3.457 fR1 q='Which metal is most abundant in Ea'
  [it fold T1] M0=+11.005 hp=0 RA n/c=0.000/0.000 (eff +0.000 fR0) RC eff=-0.426 fR0 q='Which organelle is known as the po'
  [it fold T1] M0=-0.281 hp=1 RA n/c=0.000/0.000 (eff +0.000 fR0) RC eff=+12.219 fR1 q='Which country has the most lakes i'
  [it fold T1] M0=-1.071 hp=1 RA n/c=0.000/0.000 (eff +0.000 fR0) RC eff=+4.906 fR1 q='Which country has won the most Rug'
  [it fold T1] M0=+1.156 hp=1 RA n/c=0.000/0.000 (eff +0.000 fR0) RC eff=+5.004 fR1 q='Which country produces the most co'
  [it fold T1] M0=+6.634 hp=0 RA n/c=0.000/0.000 (eff +0.000 fR0) RC eff=+10.634 fR1 q='Which country has the largest Musl'
  [it fold T1] M0=-7.717 hp=0 RA n/c=0.000/0.000 (eff +0.000 fR0) RC eff=+9.954 fR1 q='Which country has the largest Chri'
  [it fold T1] M0=+4.973 hp=0 RA n/c=0.000/0.000 (eff +0.000 fR0) RC eff=+6.859 fR1 q='Which country has the largest Cath'
  [it fold T1] M0=+7.367 hp=0 RA n/c=0.000/0.000 (eff +0.000 fR0) RC eff=+6.566 fR1 q='Which country has the longest coas'
  [it fold T1] M0=-2.586 hp=0 RA n/c=0.000/0.000 (eff +0.000 fR0) RC eff=+10.414 fR1 q='Which country has the most time zo'
  [it fold T1] M0=-1.863 hp=0 RA n/c=0.000/0.000 (eff +0.000 fR0) RC eff=+10.086 fR1 q='Which continent is the driest inha'
  [it fold T1] M0=-3.456 hp=0 RA n/c=0.000/0.000 (eff +0.000 fR0) RC eff=+6.778 fR1 q='Which animal is the fastest in the'
  [it fold T1] M0=+1.488 hp=1 RA n/c=0.000/0.000 (eff +0.000 fR0) RC eff=+8.274 fR1 q='Which rodent species is the larges'
  [it fold T1] M0=+1.514 hp=0 RA n/c=0.000/0.000 (eff +0.000 fR0) RC eff=+7.836 fR1 q='Which big cat species is the large'
  [it fold T1] M0=+12.625 hp=0 RA n/c=0.000/0.000 (eff +0.000 fR0) RC eff=+5.264 fR1 q='Which city is considered the birth'
  [it fold T1] M0=-0.285 hp=1 RA n/c=0.000/0.000 (eff +0.000 fR0) RC eff=+7.859 fR1 q='Which country did the croissant or'
  [it fold T1] M0=+14.719 hp=0 RA n/c=0.000/0.000 (eff +0.000 fR0) RC eff=+7.672 fR1 q='Which country invented paper?'
  [it fold T1] M0=+3.510 hp=0 RA n/c=0.000/0.000 (eff +0.000 fR0) RC eff=+13.453 fR1 q='Which country is considered the bi'
  [it fold T1] M0=+5.656 hp=0 RA n/c=0.000/0.000 (eff +0.000 fR0) RC eff=+9.906 fR1 q='Which US state is the largest by a'
  [it fold T1] M0=+5.672 hp=0 RA n/c=0.000/0.000 (eff +0.000 fR0) RC eff=+11.578 fR1 q='Which US state has the longest coa'
  [it fold T1] M0=+2.094 hp=0 RA n/c=0.000/0.000 (eff +0.000 fR0) RC eff=+6.978 fR1 q='Which country holds the largest pr'
  [it fold T1] M0=-0.125 hp=1 RA n/c=0.000/0.000 (eff +0.000 fR0) RC eff=+13.281 fR1 q='Which country holds the largest na'
  [it fold T1] M0=+9.332 hp=0 RA n/c=0.000/0.000 (eff +0.000 fR0) RC eff=+9.993 fR1 q='Which country has the highest coff'
  [it fold T1] M0=+0.031 hp=1 RA n/c=0.000/0.000 (eff +0.000 fR0) RC eff=+6.639 fR1 q='Which metal is the best natural co'
  [it fold T1] M0=+0.938 hp=1 RA n/c=0.000/0.000 (eff +0.000 fR0) RC eff=+6.533 fR1 q='Which organ is the largest in the '
  [it fold T2] M0=+15.797 hp=0 RA n/c=0.000/0.000 (eff +0.000 fR0) RC eff=+11.807 fR1 q='What is the capital of the Netherl'
  [it fold T2] M0=-0.873 hp=1 RA n/c=0.000/0.000 (eff +0.000 fR0) RC eff=+13.572 fR1 q='What is the capital of Palau?'
  [it fold T2] M0=+0.783 hp=1 RA n/c=0.000/0.000 (eff +0.000 fR0) RC eff=+14.901 fR1 q='What is the capital of the Federat'
  [it fold T2] M0=+6.141 hp=0 RA n/c=0.000/0.000 (eff +0.000 fR0) RC eff=+7.422 fR1 q='What is the capital of Poland?'
  [it fold T2] M0=-3.492 hp=0 RA n/c=0.000/0.000 (eff +0.000 fR0) RC eff=+16.219 fR1 q='What is the capital of Burundi?'
  [it fold T2] M0=+2.184 hp=0 RA n/c=0.000/0.000 (eff +0.000 fR0) RC eff=+7.529 fR1 q='What is the capital of Montenegro?'
  [it fold T2] M0=+3.672 hp=0 RA n/c=0.000/0.000 (eff +0.000 fR0) RC eff=+3.336 fR1 q='What is the capital of Portugal?'
  [it fold T2] M0=+3.906 hp=0 RA n/c=0.000/0.000 (eff +0.000 fR0) RC eff=+11.379 fR1 q='What is the capital of Croatia?'
  [it fold T3] M0=+6.969 hp=0 RA n/c=0.000/0.000 (eff +0.000 fR0) RC eff=+7.797 fR1 q='Who built the first practical auto'
  [it fold T3] M0=+3.279 hp=0 RA n/c=0.000/0.000 (eff +0.000 fR0) RC eff=+7.182 fR1 q='Who is credited with discovering r'
  [it fold T3] M0=-0.310 hp=1 RA n/c=0.000/0.000 (eff +0.000 fR0) RC eff=+12.007 fR1 q='Who developed the oral polio vacci'
  [it fold T3] M0=-1.227 hp=1 RA n/c=0.000/0.000 (eff +0.000 fR0) RC eff=+1.345 fR1 q='Who built the first commercially s'
  [it fold T3] M0=+2.784 hp=0 RA n/c=0.000/0.000 (eff +0.000 fR0) RC eff=+7.486 fR1 q='Who developed the first successful'
  [it fold T3] M0=-0.658 hp=1 RA n/c=0.000/0.000 (eff +0.000 fR0) RC eff=+12.892 fR1 q='Who is credited with inventing the'
  [it fold T3] M0=+6.724 hp=0 RA n/c=0.000/0.000 (eff +0.000 fR0) RC eff=+10.323 fR1 q='Who is regarded as the primary aut'
  [it fold T3] M0=+6.954 hp=0 RA n/c=0.000/0.000 (eff +0.000 fR0) RC eff=+8.231 fR1 q='Who invented the World Wide Web?'
  [it fold T3] M0=-6.260 hp=0 RA n/c=0.000/0.000 (eff +0.000 fR0) RC eff=+2.600 fR1 q='Who composed the melody of the Sta'
  [it fold T1] M0=+8.896 hp=0 RA n/c=0.000/0.000 (eff +0.000 fR0) RC eff=+12.096 fR1 q='Which African country is the large'
  [it fold T1] M0=-5.319 hp=0 RA n/c=0.000/0.000 (eff +0.000 fR0) RC eff=+13.276 fR1 q='What is the largest freshwater lak'
  [it fold T1] M0=+1.570 hp=0 RA n/c=0.000/0.000 (eff +0.000 fR0) RC eff=+8.828 fR1 q='What is the largest known organism'
  [it fold T1] M0=-1.275 hp=1 RA n/c=0.000/0.000 (eff +0.000 fR0) RC eff=+1.189 fR1 q='What is the longest river located '
  [it fold T1] M0=+13.816 hp=0 RA n/c=0.000/0.000 (eff +0.000 fR0) RC eff=+24.294 fR1 q='Where was the coldest temperature '
  [it fold T1] M0=+4.799 hp=0 RA n/c=0.000/0.000 (eff +0.000 fR0) RC eff=+7.868 fR1 q='What is the largest active volcano'
  [it fold T1] M0=-3.144 hp=0 RA n/c=0.000/0.000 (eff +0.000 fR0) RC eff=+7.748 fR1 q='Which spider species has the large'
  [it fold T1] M0=+7.049 hp=0 RA n/c=0.000/0.000 (eff +0.000 fR0) RC eff=+11.551 fR1 q='Which country produces the most co'
  [it fold T1] M0=+6.172 hp=0 RA n/c=0.000/0.000 (eff +0.000 fR0) RC eff=+10.141 fR1 q='Which country is credited with fir'
  [it fold T1] M0=-0.719 hp=1 RA n/c=0.000/0.000 (eff +0.000 fR0) RC eff=+7.246 fR1 q='Which country did the potato origi'
  [it fold T1] M0=-2.023 hp=0 RA n/c=0.000/0.000 (eff +0.000 fR0) RC eff=+5.164 fR1 q='Which country has the most golf co'
  [it fold T1] M0=+0.219 hp=1 RA n/c=0.000/0.000 (eff +0.000 fR0) RC eff=+7.492 fR1 q='Which country produces the most ri'
  [it fold T1] M0=+0.595 hp=1 RA n/c=0.000/0.000 (eff +0.000 fR0) RC eff=+10.412 fR1 q='Which country drinks the most beer'
  [it fold T1] M0=-0.626 hp=1 RA n/c=0.000/0.000 (eff +0.000 fR0) RC eff=+9.857 fR1 q='Which country drinks the most tea '
  [it fold T1] M0=+0.953 hp=1 RA n/c=0.000/0.000 (eff +0.000 fR0) RC eff=+3.023 fR1 q='What is the most abundant metal in'
  [it fold T1] M0=+2.751 hp=0 RA n/c=0.000/0.000 (eff +0.000 fR0) RC eff=+2.760 fR1 q='Which country is the largest expor'
  [it fold T1] M0=+6.125 hp=0 RA n/c=0.000/0.000 (eff +0.000 fR0) RC eff=+8.594 fR1 q='Which country is home to most of t'
  [it fold T1] M0=+0.784 hp=1 RA n/c=0.000/0.000 (eff +0.000 fR0) RC eff=+13.923 fR1 q='Which country has the largest wild'
  [it fold T1] M0=-2.172 hp=0 RA n/c=0.000/0.000 (eff +0.000 fR0) RC eff=+6.656 fR1 q='Which country has the most native '
  [it fold T1] M0=-1.094 hp=1 RA n/c=0.000/0.000 (eff +0.000 fR0) RC eff=-0.074 fR0 q='Which country has the most native '
  [it fold T1] M0=+1.986 hp=0 RA n/c=0.000/0.000 (eff +0.000 fR0) RC eff=+7.864 fR1 q='Which country has the largest popu'
  [it fold T2] M0=+5.377 hp=0 RA n/c=0.000/0.000 (eff +0.000 fR0) RC eff=+4.030 fR1 q='What is the capital of California?'
  [it fold T2] M0=+5.917 hp=0 RA n/c=0.000/0.000 (eff +0.000 fR0) RC eff=+2.692 fR1 q='What is the capital of New York St'
  [it fold T2] M0=+6.242 hp=0 RA n/c=0.000/0.000 (eff +0.000 fR0) RC eff=+9.312 fR1 q='What is the capital of Florida?'
  [it fold T2] M0=+4.750 hp=0 RA n/c=0.000/0.000 (eff +0.000 fR0) RC eff=+6.828 fR1 q='What is the capital of Illinois?'
  [it fold T2] M0=+4.609 hp=0 RA n/c=0.000/0.000 (eff +0.000 fR0) RC eff=+7.898 fR1 q='What is the capital of Michigan?'
  [it fold T2] M0=+3.891 hp=0 RA n/c=0.000/0.000 (eff +0.000 fR0) RC eff=+3.648 fR1 q='What is the capital of Nevada?'
  [it fold T2] M0=+3.000 hp=0 RA n/c=0.000/0.000 (eff +0.000 fR0) RC eff=+8.625 fR1 q='What is the capital of Washington '
  [it fold T2] M0=-1.953 hp=0 RA n/c=0.000/0.000 (eff +0.000 fR0) RC eff=+11.297 fR1 q='What is the capital of British Col'
  [it fold T3] M0=-4.857 hp=0 RA n/c=0.000/0.000 (eff +0.000 fR0) RC eff=+3.563 fR1 q="Who first radioed 'Houston, we've "
  [it fold T3] M0=+5.327 hp=0 RA n/c=0.000/0.000 (eff +0.000 fR0) RC eff=+1.778 fR1 q='Who took the X-ray photograph know'
  [it fold T3] M0=-3.678 hp=0 RA n/c=0.000/0.000 (eff +0.000 fR0) RC eff=+8.718 fR1 q='Who originally invented the board '
  [it fold T3] M0=-7.390 hp=0 RA n/c=0.000/0.000 (eff +0.000 fR0) RC eff=+13.049 fR1 q='Who invented the first movable typ'
  [it fold T3] M0=+0.035 hp=1 RA n/c=0.000/0.000 (eff +0.000 fR0) RC eff=+4.172 fR1 q='Who held the original patent for t'
  [it fold T3] M0=+9.862 hp=0 RA n/c=0.000/0.000 (eff +0.000 fR0) RC eff=+1.953 fR1 q='Who was the primary author of the '
[arm] listen (plant=Wstar, target=correct) over 82 items
  [it listen T1] M0=-7.375 hp=0 RA n/c=0.000/0.000 (eff +0.000 fR0) RC eff=+7.406 fR1 q='Which city is the most populous in'
  [it listen T1] M0=+1.446 hp=1 RA n/c=0.000/0.000 (eff +0.000 fR0) RC eff=+9.851 fR1 q='Which city is the most populous in'
  [it listen T1] M0=-8.332 hp=0 RA n/c=0.000/0.000 (eff +0.000 fR0) RC eff=+8.797 fR1 q='Which city is the most populous in'
  [it listen T1] M0=-2.764 hp=0 RA n/c=0.000/0.000 (eff +0.000 fR0) RC eff=+7.881 fR1 q='Which city is the largest in Brazi'
  [it listen T1] M0=-4.418 hp=0 RA n/c=0.000/0.000 (eff +0.000 fR0) RC eff=+2.069 fR1 q='Which organ produces insulin in th'
  [it listen T1] M0=-0.344 hp=1 RA n/c=0.000/0.000 (eff +0.000 fR0) RC eff=+3.219 fR1 q='Which metal is most abundant in Ea'
  [it listen T1] M0=-11.005 hp=0 RA n/c=0.000/0.000 (eff +0.000 fR0) RC eff=+8.648 fR1 q='Which organelle is known as the po'
  [it listen T1] M0=+0.281 hp=1 RA n/c=0.000/0.000 (eff +0.000 fR0) RC eff=+9.427 fR1 q='Which country has the most lakes i'
  [it listen T1] M0=+1.071 hp=1 RA n/c=0.000/0.000 (eff +0.000 fR0) RC eff=+11.195 fR1 q='Which country has won the most Rug'
  [it listen T1] M0=-1.156 hp=1 RA n/c=0.000/0.000 (eff +0.000 fR0) RC eff=+8.340 fR1 q='Which country produces the most co'
  [it listen T1] M0=-6.634 hp=0 RA n/c=0.000/0.000 (eff +0.000 fR0) RC eff=+7.212 fR1 q='Which country has the largest Musl'
  [it listen T1] M0=+7.717 hp=0 RA n/c=0.000/0.000 (eff +0.000 fR0) RC eff=+8.379 fR1 q='Which country has the largest Chri'
  [it listen T1] M0=-4.973 hp=0 RA n/c=0.000/0.000 (eff +0.000 fR0) RC eff=+11.820 fR1 q='Which country has the largest Cath'
  [it listen T1] M0=-7.367 hp=0 RA n/c=0.000/0.000 (eff +0.000 fR0) RC eff=+13.547 fR1 q='Which country has the longest coas'
  [it listen T1] M0=+2.586 hp=0 RA n/c=0.000/0.000 (eff +0.000 fR0) RC eff=+14.527 fR1 q='Which country has the most time zo'
  [it listen T1] M0=+1.863 hp=0 RA n/c=0.000/0.000 (eff +0.000 fR0) RC eff=+7.906 fR1 q='Which continent is the driest inha'
  [it listen T1] M0=+3.456 hp=0 RA n/c=0.000/0.000 (eff +0.000 fR0) RC eff=+8.248 fR1 q='Which animal is the fastest in the'
  [it listen T1] M0=-1.488 hp=1 RA n/c=0.000/0.000 (eff +0.000 fR0) RC eff=+10.946 fR1 q='Which rodent species is the larges'
  [it listen T1] M0=-1.514 hp=0 RA n/c=0.000/0.000 (eff +0.000 fR0) RC eff=+5.219 fR1 q='Which big cat species is the large'
  [it listen T1] M0=-12.625 hp=0 RA n/c=0.000/0.000 (eff +0.000 fR0) RC eff=+9.656 fR1 q='Which city is considered the birth'
  [it listen T1] M0=+0.285 hp=1 RA n/c=0.000/0.000 (eff +0.000 fR0) RC eff=+9.062 fR1 q='Which country did the croissant or'
  [it listen T1] M0=-14.719 hp=0 RA n/c=0.000/0.000 (eff +0.000 fR0) RC eff=+7.133 fR1 q='Which country invented paper?'
  [it listen T1] M0=-3.510 hp=0 RA n/c=0.000/0.000 (eff +0.000 fR0) RC eff=+4.938 fR1 q='Which country is considered the bi'
  [it listen T1] M0=-5.656 hp=0 RA n/c=0.000/0.000 (eff +0.000 fR0) RC eff=+5.590 fR1 q='Which US state is the largest by a'
  [it listen T1] M0=-5.672 hp=0 RA n/c=0.000/0.000 (eff +0.000 fR0) RC eff=+6.875 fR1 q='Which US state has the longest coa'
  [it listen T1] M0=-2.094 hp=0 RA n/c=0.000/0.000 (eff +0.000 fR0) RC eff=+11.285 fR1 q='Which country holds the largest pr'
  [it listen T1] M0=+0.125 hp=1 RA n/c=0.000/0.000 (eff +0.000 fR0) RC eff=+6.275 fR1 q='Which country holds the largest na'
  [it listen T1] M0=-9.332 hp=0 RA n/c=0.000/0.000 (eff +0.000 fR0) RC eff=+13.875 fR1 q='Which country has the highest coff'
  [it listen T1] M0=-0.031 hp=1 RA n/c=0.000/0.000 (eff +0.000 fR0) RC eff=+4.852 fR1 q='Which metal is the best natural co'
  [it listen T1] M0=-0.938 hp=1 RA n/c=0.000/0.000 (eff +0.000 fR0) RC eff=+10.453 fR1 q='Which organ is the largest in the '
  [it listen T2] M0=-15.797 hp=0 RA n/c=0.000/0.000 (eff +0.000 fR0) RC eff=+7.250 fR1 q='What is the capital of the Netherl'
  [it listen T2] M0=+0.873 hp=1 RA n/c=0.000/0.000 (eff +0.000 fR0) RC eff=+15.504 fR1 q='What is the capital of Palau?'
  [it listen T2] M0=-0.783 hp=1 RA n/c=0.000/0.000 (eff +0.000 fR0) RC eff=+7.864 fR1 q='What is the capital of the Federat'
  [it listen T2] M0=-6.141 hp=0 RA n/c=0.000/0.000 (eff +0.000 fR0) RC eff=+2.219 fR1 q='What is the capital of Poland?'
  [it listen T2] M0=+3.492 hp=0 RA n/c=0.000/0.000 (eff +0.000 fR0) RC eff=+8.517 fR1 q='What is the capital of Burundi?'
  [it listen T2] M0=-2.184 hp=0 RA n/c=0.000/0.000 (eff +0.000 fR0) RC eff=+8.569 fR1 q='What is the capital of Montenegro?'
  [it listen T2] M0=-3.672 hp=0 RA n/c=0.000/0.000 (eff +0.000 fR0) RC eff=+6.067 fR1 q='What is the capital of Portugal?'
  [it listen T2] M0=-3.906 hp=0 RA n/c=0.000/0.000 (eff +0.000 fR0) RC eff=-0.551 fR0 q='What is the capital of Croatia?'
  [it listen T3] M0=-6.969 hp=0 RA n/c=0.000/0.000 (eff +0.000 fR0) RC eff=+9.626 fR1 q='Who built the first practical auto'
  [it listen T3] M0=-3.279 hp=0 RA n/c=0.000/0.000 (eff +0.000 fR0) RC eff=+5.742 fR1 q='Who is credited with discovering r'
  [it listen T3] M0=+0.310 hp=1 RA n/c=0.000/0.000 (eff +0.000 fR0) RC eff=+2.298 fR1 q='Who developed the oral polio vacci'
  [it listen T3] M0=+1.227 hp=1 RA n/c=0.000/0.000 (eff +0.000 fR0) RC eff=+9.559 fR1 q='Who built the first commercially s'
  [it listen T3] M0=-2.784 hp=0 RA n/c=0.000/0.000 (eff +0.000 fR0) RC eff=+10.431 fR1 q='Who developed the first successful'
  [it listen T3] M0=+0.658 hp=1 RA n/c=0.000/0.000 (eff +0.000 fR0) RC eff=+11.418 fR1 q='Who is credited with inventing the'
  [it listen T3] M0=-6.724 hp=0 RA n/c=0.000/0.000 (eff +0.000 fR0) RC eff=+1.274 fR1 q='Who is regarded as the primary aut'
  [it listen T3] M0=-6.954 hp=0 RA n/c=0.000/0.000 (eff -0.000 fR0) RC eff=+5.880 fR1 q='Who invented the World Wide Web?'
  [it listen T3] M0=+6.260 hp=0 RA n/c=0.000/0.000 (eff +0.000 fR0) RC eff=+13.482 fR1 q='Who composed the melody of the Sta'
  [it listen T1] M0=-8.896 hp=0 RA n/c=0.000/0.000 (eff +0.000 fR0) RC eff=+5.872 fR1 q='Which African country is the large'
  [it listen T1] M0=+5.319 hp=0 RA n/c=0.000/0.000 (eff +0.000 fR0) RC eff=+20.629 fR1 q='What is the largest freshwater lak'
  [it listen T1] M0=-1.570 hp=0 RA n/c=0.000/0.000 (eff +0.000 fR0) RC eff=+27.962 fR1 q='What is the largest known organism'
  [it listen T1] M0=+1.275 hp=1 RA n/c=0.000/0.000 (eff +0.000 fR0) RC eff=+5.633 fR1 q='What is the longest river located '
  [it listen T1] M0=-13.816 hp=0 RA n/c=0.000/0.000 (eff +0.000 fR0) RC eff=+1.128 fR1 q='Where was the coldest temperature '
  [it listen T1] M0=-4.799 hp=0 RA n/c=0.000/0.000 (eff +0.000 fR0) RC eff=+17.241 fR1 q='What is the largest active volcano'
  [it listen T1] M0=+3.144 hp=0 RA n/c=0.000/0.000 (eff +0.000 fR0) RC eff=-1.599 fR0 q='Which spider species has the large'
  [it listen T1] M0=-7.049 hp=0 RA n/c=0.000/0.000 (eff +0.000 fR0) RC eff=+16.335 fR1 q='Which country produces the most co'
  [it listen T1] M0=-6.172 hp=0 RA n/c=0.000/0.000 (eff +0.000 fR0) RC eff=+8.875 fR1 q='Which country is credited with fir'
  [it listen T1] M0=+0.719 hp=1 RA n/c=0.000/0.000 (eff +0.000 fR0) RC eff=+10.934 fR1 q='Which country did the potato origi'
  [it listen T1] M0=+2.023 hp=0 RA n/c=0.000/0.000 (eff +0.000 fR0) RC eff=+19.658 fR1 q='Which country has the most golf co'
  [it listen T1] M0=-0.219 hp=1 RA n/c=0.000/0.000 (eff +0.000 fR0) RC eff=+7.375 fR1 q='Which country produces the most ri'
  [it listen T1] M0=-0.595 hp=1 RA n/c=0.000/0.000 (eff +0.000 fR0) RC eff=+7.088 fR1 q='Which country drinks the most beer'
  [it listen T1] M0=+0.626 hp=1 RA n/c=0.000/0.000 (eff +0.000 fR0) RC eff=+9.613 fR1 q='Which country drinks the most tea '
  [it listen T1] M0=-0.953 hp=1 RA n/c=0.000/0.000 (eff +0.000 fR0) RC eff=+7.406 fR1 q='What is the most abundant metal in'
  [it listen T1] M0=-2.751 hp=0 RA n/c=0.000/0.000 (eff +0.000 fR0) RC eff=+11.264 fR1 q='Which country is the largest expor'
  [it listen T1] M0=-6.125 hp=0 RA n/c=0.000/0.000 (eff +0.000 fR0) RC eff=+6.859 fR1 q='Which country is home to most of t'
  [it listen T1] M0=-0.784 hp=1 RA n/c=0.000/0.000 (eff +0.000 fR0) RC eff=+7.549 fR1 q='Which country has the largest wild'
  [it listen T1] M0=+2.172 hp=0 RA n/c=0.000/0.000 (eff +0.000 fR0) RC eff=+9.699 fR1 q='Which country has the most native '
  [it listen T1] M0=+1.094 hp=1 RA n/c=0.000/0.000 (eff +0.000 fR0) RC eff=+12.793 fR1 q='Which country has the most native '
  [it listen T1] M0=-1.986 hp=0 RA n/c=0.000/0.000 (eff +0.000 fR0) RC eff=+7.944 fR1 q='Which country has the largest popu'
  [it listen T2] M0=-5.377 hp=0 RA n/c=0.000/0.000 (eff +0.000 fR0) RC eff=+8.118 fR1 q='What is the capital of California?'
  [it listen T2] M0=-5.917 hp=0 RA n/c=0.000/0.000 (eff +0.000 fR0) RC eff=+11.260 fR1 q='What is the capital of New York St'
  [it listen T2] M0=-6.242 hp=0 RA n/c=0.000/0.000 (eff +0.000 fR0) RC eff=+5.141 fR1 q='What is the capital of Florida?'
  [it listen T2] M0=-4.750 hp=0 RA n/c=0.000/0.000 (eff +0.000 fR0) RC eff=+4.340 fR1 q='What is the capital of Illinois?'
  [it listen T2] M0=-4.609 hp=0 RA n/c=0.000/0.000 (eff +0.000 fR0) RC eff=+2.861 fR1 q='What is the capital of Michigan?'
  [it listen T2] M0=-3.891 hp=0 RA n/c=0.000/0.000 (eff +0.000 fR0) RC eff=+6.216 fR1 q='What is the capital of Nevada?'
  [it listen T2] M0=-3.000 hp=0 RA n/c=0.000/0.000 (eff +0.000 fR0) RC eff=+3.078 fR1 q='What is the capital of Washington '
  [it listen T2] M0=+1.953 hp=0 RA n/c=0.000/0.000 (eff +0.000 fR0) RC eff=-0.152 fR0 q='What is the capital of British Col'
  [it listen T3] M0=+4.857 hp=0 RA n/c=0.000/0.000 (eff +0.000 fR0) RC eff=+5.755 fR1 q="Who first radioed 'Houston, we've "
  [it listen T3] M0=-5.327 hp=0 RA n/c=0.000/0.000 (eff +0.000 fR0) RC eff=+15.495 fR1 q='Who took the X-ray photograph know'
  [it listen T3] M0=+3.678 hp=0 RA n/c=0.000/0.000 (eff +0.000 fR0) RC eff=+19.069 fR1 q='Who originally invented the board '
  [it listen T3] M0=+7.390 hp=0 RA n/c=0.000/0.000 (eff +0.000 fR0) RC eff=+14.931 fR1 q='Who invented the first movable typ'
  [it listen T3] M0=-0.035 hp=1 RA n/c=0.000/0.000 (eff +0.000 fR0) RC eff=+9.203 fR1 q='Who held the original patent for t'
  [it listen T3] M0=-9.862 hp=0 RA n/c=0.000/0.000 (eff +0.000 fR0) RC eff=+8.420 fR1 q='Who was the primary author of the '
[vfam_ext2_2bit|fold] CONTENT_CAVES n=82 n_headroom=24 n_faithful_RA=0 n_faithful_RC=80 | mean RA_eff/RC_eff (headroom)=0.0/7.663364458333334 | per_tier={'T1': {'n': 51, 'n_headroom_pass': 18, 'n_faithful_RA': 0, 'n_faithful_RC': 49}, 'T2': {'n': 16, 'n_headroom_pass': 2, 'n_faithful_RA': 0, 'n_faithful_RC': 16}, 'T3': {'n': 15, 'n_headroom_pass': 4, 'n_faithful_RA': 0, 'n_faithful_RC': 15}}
[vfam_ext2_2bit|listen] CONTENT_CAVES n=82 n_headroom=24 n_faithful_RA=0 n_faithful_RC=79 | mean RA_eff/RC_eff (headroom)=0.0/8.6606425 | per_tier={'T1': {'n': 51, 'n_headroom_pass': 18, 'n_faithful_RA': 0, 'n_faithful_RC': 50}, 'T2': {'n': 16, 'n_headroom_pass': 2, 'n_faithful_RA': 0, 'n_faithful_RC': 14}, 'T3': {'n': 15, 'n_headroom_pass': 4, 'n_faithful_RA': 0, 'n_faithful_RC': 15}} | THRESHOLDS_NOT_CALIBRATED_FOR_THIS_ARM
[done] wrote out/family_cave_diagnose_arms_vfam_ext2_2bit.json
