[family] verifier_family_ext2.json -> 82 items (no select_items; every item measured + dumped) | arms=['fold', 'listen']
[load] google/gemma-2-9b on cuda (chat=False)
Fetching 8 files:   0%|          | 0/8 [00:00<?, ?it/s]Fetching 8 files:  12%|█▎        | 1/8 [00:20<02:20, 20.03s/it]Fetching 8 files:  25%|██▌       | 2/8 [00:26<01:11, 11.90s/it]Fetching 8 files:  38%|███▊      | 3/8 [00:27<00:34,  6.96s/it]Fetching 8 files:  62%|██████▎   | 5/8 [00:27<00:09,  3.12s/it]Fetching 8 files:  75%|███████▌  | 6/8 [00:28<00:04,  2.32s/it]Fetching 8 files: 100%|██████████| 8/8 [00:28<00:00,  3.51s/it]
Loading weights:   0%|          | 0/464 [00:00<?, ?it/s]Loading weights:  16%|█▋        | 76/464 [00:00<00:00, 727.65it/s]Loading weights:  32%|███▏      | 149/464 [00:00<00:00, 528.59it/s]Loading weights:  44%|████▍     | 205/464 [00:00<00:00, 525.21it/s]Loading weights:  56%|█████▌    | 260/464 [00:00<00:00, 505.24it/s]Loading weights:  67%|██████▋   | 312/464 [00:00<00:00, 490.13it/s]Loading weights:  79%|███████▉  | 366/464 [00:00<00:00, 474.36it/s]Loading weights:  91%|█████████ | 421/464 [00:00<00:00, 496.19it/s]Loading weights: 100%|██████████| 464/464 [00:00<00:00, 509.74it/s]
Loaded pretrained model google/gemma-2-9b into HookedTransformer
[arm] fold (plant=correct, target=Wstar) over 82 items
  [base fold T1] M0=+3.875 hp=0 RA n/c=0.002/0.021 (eff +0.019 fR0) RC eff=+2.375 fR1 q='Which city is the most populous in'
  [base fold T1] M0=+2.486 hp=0 RA n/c=0.000/0.014 (eff +0.013 fR0) RC eff=+4.480 fR1 q='Which city is the most populous in'
  [base fold T1] M0=+5.375 hp=0 RA n/c=0.000/0.021 (eff +0.021 fR0) RC eff=+4.125 fR1 q='Which city is the most populous in'
  [base fold T1] M0=+2.139 hp=0 RA n/c=0.001/0.006 (eff +0.005 fR0) RC eff=-0.697 fR0 q='Which city is the largest in Brazi'
  [base fold T1] M0=+5.736 hp=0 RA n/c=0.000/0.023 (eff +0.022 fR0) RC eff=+4.024 fR1 q='Which organ produces insulin in th'
  [base fold T1] M0=+2.875 hp=0 RA n/c=0.005/0.021 (eff +0.015 fR0) RC eff=+1.375 fR1 q='Which metal is most abundant in Ea'
  [base fold T1] M0=+6.427 hp=0 RA n/c=0.001/0.007 (eff +0.007 fR0) RC eff=+1.834 fR1 q='Which organelle is known as the po'
  [base fold T1] M0=+2.500 hp=0 RA n/c=0.001/0.021 (eff +0.020 fR0) RC eff=+2.375 fR1 q='Which country has the most lakes i'
  [base fold T1] M0=-3.373 hp=0 RA n/c=0.013/0.019 (eff +0.007 fR0) RC eff=+0.262 fR0 q='Which country has won the most Rug'
  [base fold T1] M0=+6.000 hp=0 RA n/c=0.001/0.012 (eff +0.011 fR0) RC eff=+2.000 fR1 q='Which country produces the most co'
  [base fold T1] M0=+5.837 hp=0 RA n/c=0.000/0.012 (eff +0.012 fR0) RC eff=+3.746 fR1 q='Which country has the largest Musl'
  [base fold T1] M0=-1.325 hp=1 RA n/c=0.002/0.034 (eff +0.032 fR0) RC eff=+2.901 fR1 q='Which country has the largest Chri'
  [base fold T1] M0=+6.250 hp=0 RA n/c=0.000/0.019 (eff +0.019 fR0) RC eff=+4.125 fR1 q='Which country has the largest Cath'
  [base fold T1] M0=+5.500 hp=0 RA n/c=0.000/0.020 (eff +0.019 fR0) RC eff=+3.500 fR1 q='Which country has the longest coas'
  [base fold T1] M0=-2.000 hp=0 RA n/c=0.006/0.029 (eff +0.023 fR0) RC eff=+1.250 fR1 q='Which country has the most time zo'
  [base fold T1] M0=+1.625 hp=0 RA n/c=0.003/0.032 (eff +0.029 fR0) RC eff=+2.000 fR1 q='Which continent is the driest inha'
  [base fold T1] M0=-1.912 hp=0 RA n/c=0.001/0.029 (eff +0.028 fR0) RC eff=+1.968 fR1 q='Which animal is the fastest in the'
  [base fold T1] M0=+3.074 hp=0 RA n/c=0.000/0.030 (eff +0.030 fR0) RC eff=+5.164 fR1 q='Which rodent species is the larges'
  [base fold T1] M0=+2.750 hp=0 RA n/c=0.001/0.010 (eff +0.010 fR0) RC eff=+2.625 fR1 q='Which big cat species is the large'
  [base fold T1] M0=+6.250 hp=0 RA n/c=0.000/0.026 (eff +0.026 fR0) RC eff=+5.750 fR1 q='Which city is considered the birth'
  [base fold T1] M0=+0.875 hp=1 RA n/c=0.002/0.022 (eff +0.020 fR0) RC eff=+1.750 fR1 q='Which country did the croissant or'
  [base fold T1] M0=+6.875 hp=0 RA n/c=0.000/0.018 (eff +0.018 fR0) RC eff=+8.500 fR1 q='Which country invented paper?'
  [base fold T1] M0=+4.750 hp=0 RA n/c=0.000/0.028 (eff +0.027 fR0) RC eff=+5.125 fR1 q='Which country is considered the bi'
  [base fold T1] M0=+4.625 hp=0 RA n/c=0.001/0.036 (eff +0.035 fR0) RC eff=+3.250 fR1 q='Which US state is the largest by a'
  [base fold T1] M0=+3.625 hp=0 RA n/c=0.000/0.019 (eff +0.018 fR0) RC eff=+3.250 fR1 q='Which US state has the longest coa'
  [base fold T1] M0=-1.355 hp=1 RA n/c=0.012/0.018 (eff +0.006 fR0) RC eff=-0.291 fR0 q='Which country holds the largest pr'
  [base fold T1] M0=+3.500 hp=0 RA n/c=0.001/0.022 (eff +0.021 fR0) RC eff=+3.625 fR1 q='Which country holds the largest na'
  [base fold T1] M0=+5.250 hp=0 RA n/c=0.000/0.018 (eff +0.018 fR0) RC eff=+4.500 fR1 q='Which country has the highest coff'
  [base fold T1] M0=+1.750 hp=0 RA n/c=0.018/0.043 (eff +0.024 fR0) RC eff=+0.625 fR1 q='Which metal is the best natural co'
  [base fold T1] M0=+0.000 hp=1 RA n/c=0.001/0.035 (eff +0.034 fR0) RC eff=+2.375 fR1 q='Which organ is the largest in the '
  [base fold T2] M0=+2.708 hp=0 RA n/c=0.013/0.052 (eff +0.039 fR0) RC eff=+4.220 fR1 q='What is the capital of the Netherl'
  [base fold T2] M0=+0.589 hp=1 RA n/c=0.000/0.032 (eff +0.031 fR0) RC eff=+4.531 fR1 q='What is the capital of Palau?'
  [base fold T2] M0=+3.599 hp=0 RA n/c=0.000/0.017 (eff +0.017 fR0) RC eff=+5.259 fR1 q='What is the capital of the Federat'
  [base fold T2] M0=+5.625 hp=0 RA n/c=0.000/0.008 (eff +0.008 fR0) RC eff=+4.625 fR1 q='What is the capital of Poland?'
  [base fold T2] M0=-1.004 hp=1 RA n/c=0.009/0.034 (eff +0.025 fR0) RC eff=-0.276 fR0 q='What is the capital of Burundi?'
  [base fold T2] M0=+5.515 hp=0 RA n/c=0.000/0.004 (eff +0.004 fR0) RC eff=+6.449 fR1 q='What is the capital of Montenegro?'
  [base fold T2] M0=+6.625 hp=0 RA n/c=0.000/0.020 (eff +0.020 fR0) RC eff=+6.625 fR1 q='What is the capital of Portugal?'
  [base fold T2] M0=+7.125 hp=0 RA n/c=0.000/0.019 (eff +0.019 fR0) RC eff=+3.625 fR1 q='What is the capital of Croatia?'
  [base fold T3] M0=+2.914 hp=0 RA n/c=0.000/0.015 (eff +0.015 fR0) RC eff=+3.888 fR1 q='Who built the first practical auto'
  [base fold T3] M0=+1.848 hp=0 RA n/c=0.006/0.036 (eff +0.030 fR0) RC eff=+2.087 fR1 q='Who is credited with discovering r'
  [base fold T3] M0=+0.453 hp=1 RA n/c=0.000/0.010 (eff +0.009 fR0) RC eff=+4.190 fR1 q='Who developed the oral polio vacci'
  [base fold T3] M0=-1.386 hp=1 RA n/c=0.009/0.032 (eff +0.023 fR0) RC eff=+0.256 fR0 q='Who built the first commercially s'
  [base fold T3] M0=+2.807 hp=0 RA n/c=0.000/0.020 (eff +0.020 fR0) RC eff=+4.824 fR1 q='Who developed the first successful'
  [base fold T3] M0=-0.065 hp=1 RA n/c=0.020/0.038 (eff +0.018 fR0) RC eff=+0.180 fR0 q='Who is credited with inventing the'
  [base fold T3] M0=+6.510 hp=0 RA n/c=0.000/0.009 (eff +0.009 fR0) RC eff=+4.997 fR1 q='Who is regarded as the primary aut'
  [base fold T3] M0=+9.004 hp=0 RA n/c=0.000/0.010 (eff +0.010 fR0) RC eff=+5.582 fR1 q='Who invented the World Wide Web?'
  [base fold T3] M0=+0.867 hp=1 RA n/c=0.003/0.035 (eff +0.031 fR0) RC eff=+1.799 fR1 q='Who composed the melody of the Sta'
  [base fold T1] M0=+5.098 hp=0 RA n/c=0.000/0.008 (eff +0.008 fR0) RC eff=+6.665 fR1 q='Which African country is the large'
  [base fold T1] M0=-1.695 hp=0 RA n/c=0.009/0.037 (eff +0.028 fR0) RC eff=+2.126 fR1 q='What is the largest freshwater lak'
  [base fold T1] M0=+3.432 hp=0 RA n/c=0.000/0.025 (eff +0.025 fR0) RC eff=+6.683 fR1 q='What is the largest known organism'
  [base fold T1] M0=+0.668 hp=1 RA n/c=0.005/0.018 (eff +0.013 fR0) RC eff=+0.690 fR1 q='What is the longest river located '
  [base fold T1] M0=+2.875 hp=0 RA n/c=0.000/0.097 (eff +0.097 fR1) RC eff=+11.105 fR1 q='Where was the coldest temperature '
  [base fold T1] M0=+11.458 hp=0 RA n/c=0.000/0.039 (eff +0.039 fR0) RC eff=+6.094 fR1 q='What is the largest active volcano'
  [base fold T1] M0=-2.038 hp=0 RA n/c=0.000/0.022 (eff +0.022 fR0) RC eff=+5.137 fR1 q='Which spider species has the large'
  [base fold T1] M0=+7.690 hp=0 RA n/c=0.000/0.009 (eff +0.009 fR0) RC eff=+6.305 fR1 q='Which country produces the most co'
  [base fold T1] M0=+4.125 hp=0 RA n/c=0.001/0.015 (eff +0.014 fR0) RC eff=+2.375 fR1 q='Which country is credited with fir'
  [base fold T1] M0=+7.250 hp=0 RA n/c=0.000/0.006 (eff +0.006 fR0) RC eff=+3.375 fR1 q='Which country did the potato origi'
  [base fold T1] M0=+4.061 hp=0 RA n/c=0.000/0.014 (eff +0.014 fR0) RC eff=+5.191 fR1 q='Which country has the most golf co'
  [base fold T1] M0=+2.750 hp=0 RA n/c=0.002/0.023 (eff +0.020 fR0) RC eff=+1.625 fR1 q='Which country produces the most ri'
  [base fold T1] M0=+2.362 hp=0 RA n/c=0.005/0.016 (eff +0.011 fR0) RC eff=+0.501 fR1 q='Which country drinks the most beer'
  [base fold T1] M0=+2.244 hp=0 RA n/c=0.000/0.006 (eff +0.006 fR0) RC eff=+4.052 fR1 q='Which country drinks the most tea '
  [base fold T1] M0=+3.125 hp=0 RA n/c=0.003/0.032 (eff +0.030 fR0) RC eff=+2.500 fR1 q='What is the most abundant metal in'
  [base fold T1] M0=+1.576 hp=0 RA n/c=0.000/0.024 (eff +0.023 fR0) RC eff=+3.795 fR1 q='Which country is the largest expor'
  [base fold T1] M0=+3.750 hp=0 RA n/c=0.002/0.034 (eff +0.032 fR0) RC eff=+2.625 fR1 q='Which country is home to most of t'
  [base fold T1] M0=+3.391 hp=0 RA n/c=0.000/0.008 (eff +0.008 fR0) RC eff=+4.251 fR1 q='Which country has the largest wild'
  [base fold T1] M0=+1.000 hp=1 RA n/c=0.001/0.011 (eff +0.010 fR0) RC eff=-0.500 fR0 q='Which country has the most native '
  [base fold T1] M0=+2.500 hp=0 RA n/c=0.001/0.021 (eff +0.020 fR0) RC eff=+1.125 fR1 q='Which country has the most native '
  [base fold T1] M0=+3.518 hp=0 RA n/c=0.000/0.013 (eff +0.012 fR0) RC eff=+3.118 fR1 q='Which country has the largest popu'
  [base fold T2] M0=+5.820 hp=0 RA n/c=0.000/0.006 (eff +0.006 fR0) RC eff=+1.784 fR1 q='What is the capital of California?'
  [base fold T2] M0=+5.375 hp=0 RA n/c=0.010/0.024 (eff +0.013 fR0) RC eff=+0.452 fR0 q='What is the capital of New York St'
  [base fold T2] M0=+8.125 hp=0 RA n/c=0.000/0.011 (eff +0.011 fR0) RC eff=+3.500 fR1 q='What is the capital of Florida?'
  [base fold T2] M0=+4.875 hp=0 RA n/c=0.002/0.022 (eff +0.021 fR0) RC eff=+1.125 fR1 q='What is the capital of Illinois?'
  [base fold T2] M0=+5.750 hp=0 RA n/c=0.001/0.017 (eff +0.016 fR0) RC eff=+1.375 fR1 q='What is the capital of Michigan?'
  [base fold T2] M0=+4.358 hp=0 RA n/c=0.001/0.014 (eff +0.013 fR0) RC eff=+2.318 fR1 q='What is the capital of Nevada?'
  [base fold T2] M0=+5.125 hp=0 RA n/c=0.002/0.013 (eff +0.011 fR0) RC eff=+0.000 fR0 q='What is the capital of Washington '
  [base fold T2] M0=+3.875 hp=0 RA n/c=0.002/0.022 (eff +0.020 fR0) RC eff=+1.750 fR1 q='What is the capital of British Col'
  [base fold T3] M0=+2.069 hp=0 RA n/c=0.004/0.009 (eff +0.005 fR0) RC eff=+1.004 fR1 q="Who first radioed 'Houston, we've "
  [base fold T3] M0=+8.025 hp=0 RA n/c=0.006/0.023 (eff +0.017 fR0) RC eff=+1.102 fR1 q='Who took the X-ray photograph know'
  [base fold T3] M0=+0.757 hp=1 RA n/c=0.001/0.027 (eff +0.026 fR0) RC eff=+4.044 fR1 q='Who originally invented the board '
  [base fold T3] M0=-2.946 hp=0 RA n/c=0.000/0.005 (eff +0.005 fR0) RC eff=+1.777 fR1 q='Who invented the first movable typ'
  [base fold T3] M0=+1.929 hp=0 RA n/c=0.001/0.010 (eff +0.009 fR0) RC eff=+2.280 fR1 q='Who held the original patent for t'
  [base fold T3] M0=+8.889 hp=0 RA n/c=0.000/0.011 (eff +0.011 fR0) RC eff=+3.610 fR1 q='Who was the primary author of the '
[arm] listen (plant=Wstar, target=correct) over 82 items
  [base listen T1] M0=-3.875 hp=0 RA n/c=0.022/0.041 (eff +0.019 fR0) RC eff=+0.500 fR1 q='Which city is the most populous in'
  [base listen T1] M0=-2.486 hp=0 RA n/c=0.003/0.024 (eff +0.021 fR0) RC eff=+1.412 fR1 q='Which city is the most populous in'
  [base listen T1] M0=-5.375 hp=0 RA n/c=0.026/0.043 (eff +0.018 fR0) RC eff=+0.250 fR0 q='Which city is the most populous in'
  [base listen T1] M0=-2.139 hp=0 RA n/c=0.000/0.021 (eff +0.021 fR0) RC eff=+4.489 fR1 q='Which city is the largest in Brazi'
  [base listen T1] M0=-5.736 hp=0 RA n/c=0.018/0.017 (eff -0.002 fR0) RC eff=+0.350 fR0 q='Which organ produces insulin in th'
  [base listen T1] M0=-2.875 hp=0 RA n/c=0.028/0.037 (eff +0.009 fR0) RC eff=+1.625 fR1 q='Which metal is most abundant in Ea'
  [base listen T1] M0=-6.427 hp=0 RA n/c=0.452/0.061 (eff -0.390 fR0) RC eff=+0.480 fR0 q='Which organelle is known as the po'
  [base listen T1] M0=-2.500 hp=0 RA n/c=0.002/0.016 (eff +0.014 fR0) RC eff=+2.500 fR1 q='Which country has the most lakes i'
  [base listen T1] M0=+3.373 hp=0 RA n/c=0.001/0.013 (eff +0.013 fR0) RC eff=+2.788 fR1 q='Which country has won the most Rug'
  [base listen T1] M0=-6.000 hp=0 RA n/c=0.013/0.037 (eff +0.024 fR0) RC eff=+1.750 fR1 q='Which country produces the most co'
  [base listen T1] M0=-5.837 hp=0 RA n/c=0.007/0.033 (eff +0.026 fR0) RC eff=+1.461 fR1 q='Which country has the largest Musl'
  [base listen T1] M0=+1.325 hp=1 RA n/c=0.000/0.008 (eff +0.008 fR0) RC eff=+2.930 fR1 q='Which country has the largest Chri'
  [base listen T1] M0=-6.250 hp=0 RA n/c=0.008/0.031 (eff +0.023 fR0) RC eff=+1.250 fR1 q='Which country has the largest Cath'
  [base listen T1] M0=-5.500 hp=0 RA n/c=0.007/0.035 (eff +0.028 fR0) RC eff=+1.125 fR1 q='Which country has the longest coas'
  [base listen T1] M0=+2.000 hp=0 RA n/c=0.001/0.029 (eff +0.028 fR0) RC eff=+3.750 fR1 q='Which country has the most time zo'
  [base listen T1] M0=-1.625 hp=0 RA n/c=0.005/0.025 (eff +0.020 fR0) RC eff=+1.000 fR1 q='Which continent is the driest inha'
  [base listen T1] M0=+1.912 hp=0 RA n/c=0.000/0.019 (eff +0.019 fR0) RC eff=+8.909 fR1 q='Which animal is the fastest in the'
  [base listen T1] M0=-3.074 hp=0 RA n/c=0.003/0.043 (eff +0.039 fR0) RC eff=+1.671 fR1 q='Which rodent species is the larges'
  [base listen T1] M0=-2.750 hp=0 RA n/c=0.009/0.020 (eff +0.011 fR0) RC eff=+0.500 fR1 q='Which big cat species is the large'
  [base listen T1] M0=-6.250 hp=0 RA n/c=0.039/0.035 (eff -0.005 fR0) RC eff=-1.375 fR0 q='Which city is considered the birth'
  [base listen T1] M0=-0.875 hp=1 RA n/c=0.000/0.015 (eff +0.014 fR0) RC eff=+2.125 fR1 q='Which country did the croissant or'
  [base listen T1] M0=-6.875 hp=0 RA n/c=0.021/0.029 (eff +0.008 fR0) RC eff=+0.000 fR0 q='Which country invented paper?'
  [base listen T1] M0=-4.750 hp=0 RA n/c=0.014/0.029 (eff +0.015 fR0) RC eff=+0.750 fR1 q='Which country is considered the bi'
  [base listen T1] M0=-4.625 hp=0 RA n/c=0.004/0.047 (eff +0.043 fR0) RC eff=+1.000 fR1 q='Which US state is the largest by a'
  [base listen T1] M0=-3.625 hp=0 RA n/c=0.007/0.038 (eff +0.031 fR0) RC eff=+0.625 fR1 q='Which US state has the longest coa'
  [base listen T1] M0=+1.355 hp=1 RA n/c=0.001/0.033 (eff +0.031 fR0) RC eff=+3.359 fR1 q='Which country holds the largest pr'
  [base listen T1] M0=-3.500 hp=0 RA n/c=0.014/0.034 (eff +0.020 fR0) RC eff=+1.250 fR1 q='Which country holds the largest na'
  [base listen T1] M0=-5.250 hp=0 RA n/c=0.006/0.027 (eff +0.021 fR0) RC eff=+1.125 fR1 q='Which country has the highest coff'
  [base listen T1] M0=-1.750 hp=0 RA n/c=0.018/0.051 (eff +0.033 fR0) RC eff=+0.750 fR1 q='Which metal is the best natural co'
  [base listen T1] M0=+0.000 hp=1 RA n/c=0.000/0.032 (eff +0.032 fR0) RC eff=+4.750 fR1 q='Which organ is the largest in the '
  [base listen T2] M0=-2.708 hp=0 RA n/c=0.019/0.018 (eff -0.002 fR0) RC eff=-1.763 fR0 q='What is the capital of the Netherl'
  [base listen T2] M0=-0.589 hp=1 RA n/c=0.004/0.032 (eff +0.028 fR0) RC eff=+5.328 fR1 q='What is the capital of Palau?'
  [base listen T2] M0=-3.599 hp=0 RA n/c=0.002/0.037 (eff +0.035 fR0) RC eff=+3.656 fR1 q='What is the capital of the Federat'
  [base listen T2] M0=-5.625 hp=0 RA n/c=0.042/0.028 (eff -0.014 fR0) RC eff=-0.625 fR0 q='What is the capital of Poland?'
  [base listen T2] M0=+1.004 hp=1 RA n/c=0.000/0.029 (eff +0.029 fR0) RC eff=+7.456 fR1 q='What is the capital of Burundi?'
  [base listen T2] M0=-5.515 hp=0 RA n/c=0.010/0.020 (eff +0.010 fR0) RC eff=-0.365 fR0 q='What is the capital of Montenegro?'
  [base listen T2] M0=-6.625 hp=0 RA n/c=0.055/0.029 (eff -0.026 fR0) RC eff=-2.000 fR0 q='What is the capital of Portugal?'
  [base listen T2] M0=-7.125 hp=0 RA n/c=0.041/0.047 (eff +0.006 fR0) RC eff=-0.875 fR0 q='What is the capital of Croatia?'
  [base listen T3] M0=-2.914 hp=0 RA n/c=0.000/0.023 (eff +0.023 fR0) RC eff=+4.506 fR1 q='Who built the first practical auto'
  [base listen T3] M0=-1.848 hp=0 RA n/c=0.003/0.027 (eff +0.024 fR0) RC eff=+1.822 fR1 q='Who is credited with discovering r'
  [base listen T3] M0=-0.453 hp=1 RA n/c=0.007/0.020 (eff +0.013 fR0) RC eff=+0.447 fR0 q='Who developed the oral polio vacci'
  [base listen T3] M0=+1.386 hp=1 RA n/c=0.000/0.012 (eff +0.012 fR0) RC eff=+4.260 fR1 q='Who built the first commercially s'
  [base listen T3] M0=-2.807 hp=0 RA n/c=0.006/0.026 (eff +0.020 fR0) RC eff=+0.539 fR1 q='Who developed the first successful'
  [base listen T3] M0=+0.065 hp=1 RA n/c=0.000/0.024 (eff +0.024 fR0) RC eff=+6.415 fR1 q='Who is credited with inventing the'
  [base listen T3] M0=-6.510 hp=0 RA n/c=0.089/0.030 (eff -0.059 fR0) RC eff=-1.903 fR0 q='Who is regarded as the primary aut'
  [base listen T3] M0=-9.004 hp=0 RA n/c=0.063/0.021 (eff -0.042 fR0) RC eff=-2.370 fR0 q='Who invented the World Wide Web?'
  [base listen T3] M0=-0.867 hp=1 RA n/c=0.003/0.025 (eff +0.023 fR0) RC eff=+3.358 fR1 q='Who composed the melody of the Sta'
  [base listen T1] M0=-5.098 hp=0 RA n/c=0.001/0.018 (eff +0.016 fR0) RC eff=+1.859 fR1 q='Which African country is the large'
  [base listen T1] M0=+1.695 hp=0 RA n/c=0.000/0.036 (eff +0.036 fR0) RC eff=+8.208 fR1 q='What is the largest freshwater lak'
  [base listen T1] M0=-3.432 hp=0 RA n/c=0.001/0.048 (eff +0.047 fR0) RC eff=+5.921 fR1 q='What is the largest known organism'
  [base listen T1] M0=-0.668 hp=1 RA n/c=0.002/0.030 (eff +0.028 fR0) RC eff=+2.547 fR1 q='What is the longest river located '
  [base listen T1] M0=-2.875 hp=0 RA n/c=0.000/0.044 (eff +0.044 fR0) RC eff=+3.833 fR1 q='Where was the coldest temperature '
  [base listen T1] M0=-11.458 hp=0 RA n/c=0.002/0.046 (eff +0.044 fR0) RC eff=+2.423 fR1 q='What is the largest active volcano'
  [base listen T1] M0=+2.038 hp=0 RA n/c=0.000/0.010 (eff +0.010 fR0) RC eff=+4.457 fR1 q='Which spider species has the large'
  [base listen T1] M0=-7.690 hp=0 RA n/c=0.002/0.005 (eff +0.003 fR0) RC eff=+1.902 fR1 q='Which country produces the most co'
  [base listen T1] M0=-4.125 hp=0 RA n/c=0.006/0.031 (eff +0.025 fR0) RC eff=+2.000 fR1 q='Which country is credited with fir'
  [base listen T1] M0=-7.250 hp=0 RA n/c=0.003/0.019 (eff +0.017 fR0) RC eff=+2.375 fR1 q='Which country did the potato origi'
  [base listen T1] M0=-4.061 hp=0 RA n/c=0.001/0.005 (eff +0.005 fR0) RC eff=+2.309 fR1 q='Which country has the most golf co'
  [base listen T1] M0=-2.750 hp=0 RA n/c=0.009/0.034 (eff +0.025 fR0) RC eff=+1.125 fR1 q='Which country produces the most ri'
  [base listen T1] M0=-2.362 hp=0 RA n/c=0.007/0.016 (eff +0.009 fR0) RC eff=+0.567 fR1 q='Which country drinks the most beer'
  [base listen T1] M0=-2.244 hp=0 RA n/c=0.003/0.035 (eff +0.032 fR0) RC eff=+2.166 fR1 q='Which country drinks the most tea '
  [base listen T1] M0=-3.125 hp=0 RA n/c=0.010/0.026 (eff +0.017 fR0) RC eff=+0.750 fR1 q='What is the most abundant metal in'
  [base listen T1] M0=-1.576 hp=0 RA n/c=0.001/0.024 (eff +0.023 fR0) RC eff=+2.445 fR1 q='Which country is the largest expor'
  [base listen T1] M0=-3.750 hp=0 RA n/c=0.011/0.034 (eff +0.024 fR0) RC eff=+1.000 fR1 q='Which country is home to most of t'
  [base listen T1] M0=-3.391 hp=0 RA n/c=0.000/0.017 (eff +0.017 fR0) RC eff=+3.184 fR1 q='Which country has the largest wild'
  [base listen T1] M0=-1.000 hp=1 RA n/c=0.000/0.036 (eff +0.036 fR0) RC eff=+4.625 fR1 q='Which country has the most native '
  [base listen T1] M0=-2.500 hp=0 RA n/c=0.002/0.024 (eff +0.022 fR0) RC eff=+1.500 fR1 q='Which country has the most native '
  [base listen T1] M0=-3.518 hp=0 RA n/c=0.000/0.034 (eff +0.034 fR0) RC eff=+2.841 fR1 q='Which country has the largest popu'
  [base listen T2] M0=-5.820 hp=0 RA n/c=0.039/0.008 (eff -0.030 fR0) RC eff=-1.528 fR0 q='What is the capital of California?'
  [base listen T2] M0=-5.375 hp=0 RA n/c=0.034/0.049 (eff +0.016 fR0) RC eff=+0.148 fR0 q='What is the capital of New York St'
  [base listen T2] M0=-8.125 hp=0 RA n/c=0.060/0.029 (eff -0.031 fR0) RC eff=-2.750 fR0 q='What is the capital of Florida?'
  [base listen T2] M0=-4.875 hp=0 RA n/c=0.020/0.020 (eff +0.000 fR0) RC eff=-0.625 fR0 q='What is the capital of Illinois?'
  [base listen T2] M0=-5.750 hp=0 RA n/c=0.003/0.025 (eff +0.021 fR0) RC eff=+0.875 fR1 q='What is the capital of Michigan?'
  [base listen T2] M0=-4.358 hp=0 RA n/c=0.022/0.008 (eff -0.014 fR0) RC eff=-1.565 fR0 q='What is the capital of Nevada?'
  [base listen T2] M0=-5.125 hp=0 RA n/c=0.003/0.025 (eff +0.022 fR0) RC eff=+1.750 fR1 q='What is the capital of Washington '
  [base listen T2] M0=-3.875 hp=0 RA n/c=0.018/0.034 (eff +0.016 fR0) RC eff=+0.000 fR0 q='What is the capital of British Col'
  [base listen T3] M0=-2.069 hp=0 RA n/c=0.007/0.009 (eff +0.001 fR0) RC eff=+0.212 fR0 q="Who first radioed 'Houston, we've "
  [base listen T3] M0=-8.025 hp=0 RA n/c=0.155/0.022 (eff -0.133 fR0) RC eff=-1.826 fR0 q='Who took the X-ray photograph know'
  [base listen T3] M0=-0.757 hp=1 RA n/c=0.001/0.012 (eff +0.011 fR0) RC eff=+2.505 fR1 q='Who originally invented the board '
  [base listen T3] M0=+2.946 hp=0 RA n/c=0.000/0.035 (eff +0.035 fR0) RC eff=+8.604 fR1 q='Who invented the first movable typ'
  [base listen T3] M0=-1.929 hp=0 RA n/c=0.001/0.022 (eff +0.021 fR0) RC eff=+2.769 fR1 q='Who held the original patent for t'
  [base listen T3] M0=-8.889 hp=0 RA n/c=0.128/0.035 (eff -0.093 fR0) RC eff=-2.207 fR0 q='Who was the primary author of the '
[vfam_ext2_9bbase|fold] CONTENT_CAVES n=82 n_headroom=13 n_faithful_RA=1 n_faithful_RC=73 | mean RA_eff/RC_eff (headroom)=0.02146469230769231/1.6652628461538461 | per_tier={'T1': {'n': 51, 'n_headroom_pass': 6, 'n_faithful_RA': 1, 'n_faithful_RC': 47}, 'T2': {'n': 16, 'n_headroom_pass': 2, 'n_faithful_RA': 0, 'n_faithful_RC': 13}, 'T3': {'n': 15, 'n_headroom_pass': 5, 'n_faithful_RA': 0, 'n_faithful_RC': 13}}
[vfam_ext2_9bbase|listen] CONTENT_CAVES n=82 n_headroom=13 n_faithful_RA=0 n_faithful_RC=60 | mean RA_eff/RC_eff (headroom)=0.022286923076923076/3.8542815384615383 | per_tier={'T1': {'n': 51, 'n_headroom_pass': 6, 'n_faithful_RA': 0, 'n_faithful_RC': 46}, 'T2': {'n': 16, 'n_headroom_pass': 2, 'n_faithful_RA': 0, 'n_faithful_RC': 5}, 'T3': {'n': 15, 'n_headroom_pass': 5, 'n_faithful_RA': 0, 'n_faithful_RC': 9}} | THRESHOLDS_NOT_CALIBRATED_FOR_THIS_ARM
[done] wrote out/family_cave_diagnose_arms_vfam_ext2_9bbase.json
