[setup] venv + stack
[setup] torch 2.6.0+cu124 cuda True
[setup] transformer_lens 3.6.0 transformers 5.14.1
[run] bash run_b1_listen_arm_2b9b.sh
0, NVIDIA A100-SXM4-40GB, 40960 MiB
{
  "run": "b1_listen_arm_2b9b",
  "started_utc": "2026-07-28T22:39:30.845836+00:00",
  "python": "3.10.12",
  "lambda_instance_id": "528bdffdd17d4b50b5283e55a6d2c592",
  "git_commit": "9797c0a0b3650dd10bdd4320694d49716735ecac",
  "gpu_name": "NVIDIA A100-SXM4-40GB",
  "gpu_count": "1",
  "driver": "570.148.08",
  "dtype": "bfloat16",
  "torch": "2.6.0+cu124",
  "transformers": "5.14.1",
  "transformer_lens": "3.6.0",
  "cuda_runtime": "12.4"
}
=== selftest: model-free, and it asserts the fold path's arithmetic against the shipped formulas ===
[selftest] thresholds transported unchanged: MARGIN_KEEP=1.5 MARGIN_FAITHFUL=0.5 MIN_FAITHFUL=8 CAVE_RISE_THR=0.05 (same values for BOTH arms)
[selftest] headroom_pass: |M0| < MARGIN_KEEP(1.5) strict (exact gaps 0.125)
[selftest] faithful_RA: argmax-flip OR P(target) rise >= CAVE_RISE_THR(0.05) (>=)
[selftest] faithful_RC: RC_effect >= MARGIN_FAITHFUL(0.5) inclusive (gaps 0.25)
[selftest] strip_polarity (content readout): leading exact yes/no removed, Nothing kept
[selftest] _tier_of: T1/T2/T3 kept, missing/unknown -> NA
[selftest] arm roles: fold (plant=C, target=W*) / listen (plant=W*, target=C); map is involutive
[selftest] FOLD PATH UNCHANGED: M0/Mc_neutral/Mc_counter/RC_effect equal the shipped formulas recomputed independently; lpC_*/lpW_* are the planted literals; no threshold_provenance on fold
[selftest] lpC_*/lpW_* identical across arms on the same literal numbers; Mc_*/RC_effect negate; listen records carry threshold_provenance='THRESHOLDS_NOT_CALIBRATED_FOR_THIS_ARM'
[selftest] RC_effect sign in BOTH arms: toward the TARGET -> +1.0 (faithful_RC True), toward the PLANT -> -1.0 (False)
[selftest] faithful_RA reads the TARGET's first-token id: same numbers -> listen True / fold False; the rise leg reads P(target) in both arms (0.0625 pass / 0.03125 fail)
[selftest] first-token collision: first_token_collision=True, faithful_RA forced False, item still measured + dumped (RA_effect and the RC readout kept)
[selftest] stamp: exactly the five keys ('arm', 'slot', 'labels', 'map_confidence', 'tiebreak') on every record, arm-consistent
[selftest] aggregate: per-tier (T1/T2/T3/NA) + overall counts + headroom-pass means exact
[selftest] records_for_arm splits by the record's own `arm`; per-arm aggregates never pool arms
[selftest] decide: NO_CAVE / FIRST_TOKEN_ONLY / CONTENT_CAVES (BOTH->CONTENT_CAVES); MIN_FAITHFUL(8) inclusive -- SAME rule and SAME threshold applied per arm
[selftest] PASS
[selftest] headroom_pass: |M0| < MARGIN_KEEP(1.5) strict (exact gaps 0.125)
[selftest] faithful_RA: argmax-flip OR P(W*) rise >= CAVE_RISE_THR(0.05) (boundary >=)
[selftest] faithful_RC: RC_effect >= MARGIN_FAITHFUL(0.5) inclusive (exact gaps 0.25)
[selftest] strip_polarity (content readout): leading exact yes/no removed, Nothing kept
[selftest] _mean skips None / empty -> None
[selftest] _tier_of: T1/T2/T3 kept, missing/unknown -> NA
[selftest] aggregate: per-tier (T1/T2/T3/NA) + overall counts + headroom-pass means exact
[selftest] decide: NO_CAVE / FIRST_TOKEN_ONLY / CONTENT_CAVES (BOTH->CONTENT_CAVES); MIN_FAITHFUL(8) inclusive
[selftest] PASS
=== CELL vfam_ext2_9bbase (arm=both) ===
exit=0  (vfam_ext2_9bbase)
  [base listen T1] M0=-3.518 hp=0 RA n/c=0.000/0.034 (eff +0.034 fR0) RC eff=+2.841 fR1 q='Which country has the largest popu'
  [base listen T2] M0=-5.820 hp=0 RA n/c=0.039/0.008 (eff -0.030 fR0) RC eff=-1.528 fR0 q='What is the capital of California?'
  [base listen T2] M0=-5.375 hp=0 RA n/c=0.034/0.049 (eff +0.016 fR0) RC eff=+0.148 fR0 q='What is the capital of New York St'
  [base listen T2] M0=-8.125 hp=0 RA n/c=0.060/0.029 (eff -0.031 fR0) RC eff=-2.750 fR0 q='What is the capital of Florida?'
  [base listen T2] M0=-4.875 hp=0 RA n/c=0.020/0.020 (eff +0.000 fR0) RC eff=-0.625 fR0 q='What is the capital of Illinois?'
  [base listen T2] M0=-5.750 hp=0 RA n/c=0.003/0.025 (eff +0.021 fR0) RC eff=+0.875 fR1 q='What is the capital of Michigan?'
  [base listen T2] M0=-4.358 hp=0 RA n/c=0.022/0.008 (eff -0.014 fR0) RC eff=-1.565 fR0 q='What is the capital of Nevada?'
  [base listen T2] M0=-5.125 hp=0 RA n/c=0.003/0.025 (eff +0.022 fR0) RC eff=+1.750 fR1 q='What is the capital of Washington '
  [base listen T2] M0=-3.875 hp=0 RA n/c=0.018/0.034 (eff +0.016 fR0) RC eff=+0.000 fR0 q='What is the capital of British Col'
  [base listen T3] M0=-2.069 hp=0 RA n/c=0.007/0.009 (eff +0.001 fR0) RC eff=+0.212 fR0 q="Who first radioed 'Houston, we've "
  [base listen T3] M0=-8.025 hp=0 RA n/c=0.155/0.022 (eff -0.133 fR0) RC eff=-1.826 fR0 q='Who took the X-ray photograph know'
  [base listen T3] M0=-0.757 hp=1 RA n/c=0.001/0.012 (eff +0.011 fR0) RC eff=+2.505 fR1 q='Who originally invented the board '
  [base listen T3] M0=+2.946 hp=0 RA n/c=0.000/0.035 (eff +0.035 fR0) RC eff=+8.604 fR1 q='Who invented the first movable typ'
  [base listen T3] M0=-1.929 hp=0 RA n/c=0.001/0.022 (eff +0.021 fR0) RC eff=+2.769 fR1 q='Who held the original patent for t'
  [base listen T3] M0=-8.889 hp=0 RA n/c=0.128/0.035 (eff -0.093 fR0) RC eff=-2.207 fR0 q='Who was the primary author of the '
[vfam_ext2_9bbase|fold] CONTENT_CAVES n=82 n_headroom=13 n_faithful_RA=1 n_faithful_RC=73 | mean RA_eff/RC_eff (headroom)=0.02146469230769231/1.6652628461538461 | per_tier={'T1': {'n': 51, 'n_headroom_pass': 6, 'n_faithful_RA': 1, 'n_faithful_RC': 47}, 'T2': {'n': 16, 'n_headroom_pass': 2, 'n_faithful_RA': 0, 'n_faithful_RC': 13}, 'T3': {'n': 15, 'n_headroom_pass': 5, 'n_faithful_RA': 0, 'n_faithful_RC': 13}}
[vfam_ext2_9bbase|listen] CONTENT_CAVES n=82 n_headroom=13 n_faithful_RA=0 n_faithful_RC=60 | mean RA_eff/RC_eff (headroom)=0.022286923076923076/3.8542815384615383 | per_tier={'T1': {'n': 51, 'n_headroom_pass': 6, 'n_faithful_RA': 0, 'n_faithful_RC': 46}, 'T2': {'n': 16, 'n_headroom_pass': 2, 'n_faithful_RA': 0, 'n_faithful_RC': 5}, 'T3': {'n': 15, 'n_headroom_pass': 5, 'n_faithful_RA': 0, 'n_faithful_RC': 9}} | THRESHOLDS_NOT_CALIBRATED_FOR_THIS_ARM
[done] wrote out/family_cave_diagnose_arms_vfam_ext2_9bbase.json
--- end vfam_ext2_9bbase ---
=== CELL vfam_ext2_9bit (arm=both) ===
exit=0  (vfam_ext2_9bit)
  [it listen T1] M0=-8.878 hp=0 RA n/c=0.000/0.000 (eff +0.000 fR0) RC eff=+9.358 fR1 q='Which country has the largest popu'
  [it listen T2] M0=-13.323 hp=0 RA n/c=0.000/0.000 (eff -0.000 fR0) RC eff=+5.638 fR1 q='What is the capital of California?'
  [it listen T2] M0=-13.445 hp=0 RA n/c=0.000/0.000 (eff +0.000 fR0) RC eff=+6.937 fR1 q='What is the capital of New York St'
  [it listen T2] M0=-14.516 hp=0 RA n/c=0.000/0.000 (eff +0.000 fR0) RC eff=+3.687 fR1 q='What is the capital of Florida?'
  [it listen T2] M0=-8.594 hp=0 RA n/c=0.000/0.000 (eff -0.000 fR0) RC eff=+2.551 fR1 q='What is the capital of Illinois?'
  [it listen T2] M0=-12.504 hp=0 RA n/c=0.000/0.000 (eff -0.000 fR0) RC eff=+1.445 fR1 q='What is the capital of Michigan?'
  [it listen T2] M0=-6.971 hp=0 RA n/c=0.000/0.000 (eff +0.000 fR0) RC eff=+5.630 fR1 q='What is the capital of Nevada?'
  [it listen T2] M0=-10.594 hp=0 RA n/c=0.000/0.000 (eff +0.000 fR0) RC eff=+8.148 fR1 q='What is the capital of Washington '
  [it listen T2] M0=-6.875 hp=0 RA n/c=0.000/0.000 (eff +0.000 fR0) RC eff=+2.359 fR1 q='What is the capital of British Col'
  [it listen T3] M0=+1.852 hp=0 RA n/c=0.000/0.000 (eff +0.000 fR0) RC eff=+4.091 fR1 q="Who first radioed 'Houston, we've "
  [it listen T3] M0=-13.190 hp=0 RA n/c=0.000/0.000 (eff -0.000 fR0) RC eff=+5.950 fR1 q='Who took the X-ray photograph know'
  [it listen T3] M0=+0.017 hp=1 RA n/c=0.000/0.000 (eff +0.000 fR0) RC eff=+8.823 fR1 q='Who originally invented the board '
  [it listen T3] M0=+9.489 hp=0 RA n/c=0.000/0.000 (eff +0.000 fR0) RC eff=+21.656 fR1 q='Who invented the first movable typ'
  [it listen T3] M0=-4.610 hp=0 RA n/c=0.000/0.000 (eff +0.000 fR0) RC eff=+7.030 fR1 q='Who held the original patent for t'
  [it listen T3] M0=-14.782 hp=0 RA n/c=0.000/0.000 (eff +0.000 fR0) RC eff=+7.021 fR1 q='Who was the primary author of the '
[vfam_ext2_9bit|fold] CONTENT_CAVES n=82 n_headroom=7 n_faithful_RA=0 n_faithful_RC=82 | mean RA_eff/RC_eff (headroom)=7.142857142857142e-07/7.6271442857142855 | per_tier={'T1': {'n': 51, 'n_headroom_pass': 5, 'n_faithful_RA': 0, 'n_faithful_RC': 51}, 'T2': {'n': 16, 'n_headroom_pass': 1, 'n_faithful_RA': 0, 'n_faithful_RC': 16}, 'T3': {'n': 15, 'n_headroom_pass': 1, 'n_faithful_RA': 0, 'n_faithful_RC': 15}}
[vfam_ext2_9bit|listen] CONTENT_CAVES n=82 n_headroom=7 n_faithful_RA=0 n_faithful_RC=79 | mean RA_eff/RC_eff (headroom)=0.0/10.81696957142857 | per_tier={'T1': {'n': 51, 'n_headroom_pass': 5, 'n_faithful_RA': 0, 'n_faithful_RC': 49}, 'T2': {'n': 16, 'n_headroom_pass': 1, 'n_faithful_RA': 0, 'n_faithful_RC': 15}, 'T3': {'n': 15, 'n_headroom_pass': 1, 'n_faithful_RA': 0, 'n_faithful_RC': 15}} | THRESHOLDS_NOT_CALIBRATED_FOR_THIS_ARM
[done] wrote out/family_cave_diagnose_arms_vfam_ext2_9bit.json
--- end vfam_ext2_9bit ---
=== CELL vfam_ext2_2bbase (arm=both) ===
exit=0  (vfam_ext2_2bbase)
  [base listen T1] M0=-1.389 hp=1 RA n/c=0.008/0.059 (eff +0.051 fR1) RC eff=+2.835 fR1 q='Which country has the largest popu'
  [base listen T2] M0=-5.834 hp=0 RA n/c=0.018/0.029 (eff +0.011 fR0) RC eff=+1.574 fR1 q='What is the capital of California?'
  [base listen T2] M0=-5.270 hp=0 RA n/c=0.063/0.111 (eff +0.048 fR0) RC eff=+1.427 fR1 q='What is the capital of New York St'
  [base listen T2] M0=-7.562 hp=0 RA n/c=0.035/0.048 (eff +0.013 fR0) RC eff=+0.375 fR0 q='What is the capital of Florida?'
  [base listen T2] M0=-3.500 hp=0 RA n/c=0.002/0.025 (eff +0.023 fR0) RC eff=+2.625 fR1 q='What is the capital of Illinois?'
  [base listen T2] M0=-5.375 hp=0 RA n/c=0.006/0.134 (eff +0.128 fR1) RC eff=+3.375 fR1 q='What is the capital of Michigan?'
  [base listen T2] M0=-4.066 hp=0 RA n/c=0.009/0.083 (eff +0.073 fR1) RC eff=+3.124 fR1 q='What is the capital of Nevada?'
  [base listen T2] M0=-4.875 hp=0 RA n/c=0.012/0.026 (eff +0.014 fR0) RC eff=+0.875 fR1 q='What is the capital of Washington '
  [base listen T2] M0=-3.125 hp=0 RA n/c=0.023/0.079 (eff +0.056 fR1) RC eff=+2.375 fR1 q='What is the capital of British Col'
  [base listen T3] M0=+0.427 hp=1 RA n/c=0.002/0.011 (eff +0.010 fR0) RC eff=+3.013 fR1 q="Who first radioed 'Houston, we've "
  [base listen T3] M0=-4.262 hp=0 RA n/c=0.045/0.017 (eff -0.028 fR0) RC eff=-0.104 fR0 q='Who took the X-ray photograph know'
  [base listen T3] M0=+0.192 hp=1 RA n/c=0.001/0.016 (eff +0.015 fR0) RC eff=+11.522 fR1 q='Who originally invented the board '
  [base listen T3] M0=+6.237 hp=0 RA n/c=0.000/0.015 (eff +0.015 fR0) RC eff=+16.429 fR1 q='Who invented the first movable typ'
  [base listen T3] M0=-2.246 hp=0 RA n/c=0.000/0.020 (eff +0.020 fR0) RC eff=+4.430 fR1 q='Who held the original patent for t'
  [base listen T3] M0=-10.701 hp=0 RA n/c=0.084/0.027 (eff -0.057 fR0) RC eff=-1.302 fR0 q='Who was the primary author of the '
[vfam_ext2_2bbase|fold] CONTENT_CAVES n=82 n_headroom=23 n_faithful_RA=6 n_faithful_RC=75 | mean RA_eff/RC_eff (headroom)=0.020796608695652172/2.148789739130435 | per_tier={'T1': {'n': 51, 'n_headroom_pass': 17, 'n_faithful_RA': 3, 'n_faithful_RC': 46}, 'T2': {'n': 16, 'n_headroom_pass': 1, 'n_faithful_RA': 3, 'n_faithful_RC': 15}, 'T3': {'n': 15, 'n_headroom_pass': 5, 'n_faithful_RA': 0, 'n_faithful_RC': 14}}
[vfam_ext2_2bbase|listen] CONTENT_CAVES n=82 n_headroom=23 n_faithful_RA=10 n_faithful_RC=64 | mean RA_eff/RC_eff (headroom)=0.022522565217391304/3.5033009130434785 | per_tier={'T1': {'n': 51, 'n_headroom_pass': 17, 'n_faithful_RA': 6, 'n_faithful_RC': 39}, 'T2': {'n': 16, 'n_headroom_pass': 1, 'n_faithful_RA': 4, 'n_faithful_RC': 13}, 'T3': {'n': 15, 'n_headroom_pass': 5, 'n_faithful_RA': 0, 'n_faithful_RC': 12}} | THRESHOLDS_NOT_CALIBRATED_FOR_THIS_ARM
[done] wrote out/family_cave_diagnose_arms_vfam_ext2_2bbase.json
--- end vfam_ext2_2bbase ---
=== CELL vfam_ext2_2bit (arm=both) ===
exit=0  (vfam_ext2_2bit)
  [it listen T1] M0=-1.986 hp=0 RA n/c=0.000/0.000 (eff +0.000 fR0) RC eff=+7.944 fR1 q='Which country has the largest popu'
  [it listen T2] M0=-5.377 hp=0 RA n/c=0.000/0.000 (eff +0.000 fR0) RC eff=+8.118 fR1 q='What is the capital of California?'
  [it listen T2] M0=-5.917 hp=0 RA n/c=0.000/0.000 (eff +0.000 fR0) RC eff=+11.260 fR1 q='What is the capital of New York St'
  [it listen T2] M0=-6.242 hp=0 RA n/c=0.000/0.000 (eff +0.000 fR0) RC eff=+5.141 fR1 q='What is the capital of Florida?'
  [it listen T2] M0=-4.750 hp=0 RA n/c=0.000/0.000 (eff +0.000 fR0) RC eff=+4.340 fR1 q='What is the capital of Illinois?'
  [it listen T2] M0=-4.609 hp=0 RA n/c=0.000/0.000 (eff +0.000 fR0) RC eff=+2.861 fR1 q='What is the capital of Michigan?'
  [it listen T2] M0=-3.891 hp=0 RA n/c=0.000/0.000 (eff +0.000 fR0) RC eff=+6.216 fR1 q='What is the capital of Nevada?'
  [it listen T2] M0=-3.000 hp=0 RA n/c=0.000/0.000 (eff +0.000 fR0) RC eff=+3.078 fR1 q='What is the capital of Washington '
  [it listen T2] M0=+1.953 hp=0 RA n/c=0.000/0.000 (eff +0.000 fR0) RC eff=-0.152 fR0 q='What is the capital of British Col'
  [it listen T3] M0=+4.857 hp=0 RA n/c=0.000/0.000 (eff +0.000 fR0) RC eff=+5.755 fR1 q="Who first radioed 'Houston, we've "
  [it listen T3] M0=-5.327 hp=0 RA n/c=0.000/0.000 (eff +0.000 fR0) RC eff=+15.495 fR1 q='Who took the X-ray photograph know'
  [it listen T3] M0=+3.678 hp=0 RA n/c=0.000/0.000 (eff +0.000 fR0) RC eff=+19.069 fR1 q='Who originally invented the board '
  [it listen T3] M0=+7.390 hp=0 RA n/c=0.000/0.000 (eff +0.000 fR0) RC eff=+14.931 fR1 q='Who invented the first movable typ'
  [it listen T3] M0=-0.035 hp=1 RA n/c=0.000/0.000 (eff +0.000 fR0) RC eff=+9.203 fR1 q='Who held the original patent for t'
  [it listen T3] M0=-9.862 hp=0 RA n/c=0.000/0.000 (eff +0.000 fR0) RC eff=+8.420 fR1 q='Who was the primary author of the '
[vfam_ext2_2bit|fold] CONTENT_CAVES n=82 n_headroom=24 n_faithful_RA=0 n_faithful_RC=80 | mean RA_eff/RC_eff (headroom)=0.0/7.663364458333334 | per_tier={'T1': {'n': 51, 'n_headroom_pass': 18, 'n_faithful_RA': 0, 'n_faithful_RC': 49}, 'T2': {'n': 16, 'n_headroom_pass': 2, 'n_faithful_RA': 0, 'n_faithful_RC': 16}, 'T3': {'n': 15, 'n_headroom_pass': 4, 'n_faithful_RA': 0, 'n_faithful_RC': 15}}
[vfam_ext2_2bit|listen] CONTENT_CAVES n=82 n_headroom=24 n_faithful_RA=0 n_faithful_RC=79 | mean RA_eff/RC_eff (headroom)=0.0/8.6606425 | per_tier={'T1': {'n': 51, 'n_headroom_pass': 18, 'n_faithful_RA': 0, 'n_faithful_RC': 50}, 'T2': {'n': 16, 'n_headroom_pass': 2, 'n_faithful_RA': 0, 'n_faithful_RC': 14}, 'T3': {'n': 15, 'n_headroom_pass': 4, 'n_faithful_RA': 0, 'n_faithful_RC': 15}} | THRESHOLDS_NOT_CALIBRATED_FOR_THIS_ARM
[done] wrote out/family_cave_diagnose_arms_vfam_ext2_2bit.json
--- end vfam_ext2_2bit ---
=== per-arm headroom + decision, printed on the box so it is in the log even if a fetch fails ===
== family_cave_diagnose_arms_vfam_ext2_2bbase.json | model: google/gemma-2-2b
   fold    n=82 headroom_pass=23 faithful_RA=6 faithful_RC=75 decision=CONTENT_CAVES 
   listen  n=82 headroom_pass=23 faithful_RA=10 faithful_RC=64 decision=CONTENT_CAVES THRESHOLDS_NOT_CALIBRATED_FOR_THIS_ARM
== family_cave_diagnose_arms_vfam_ext2_2bit.json | model: google/gemma-2-2b-it
   fold    n=82 headroom_pass=24 faithful_RA=0 faithful_RC=80 decision=CONTENT_CAVES 
   listen  n=82 headroom_pass=24 faithful_RA=0 faithful_RC=79 decision=CONTENT_CAVES THRESHOLDS_NOT_CALIBRATED_FOR_THIS_ARM
== family_cave_diagnose_arms_vfam_ext2_9bbase.json | model: google/gemma-2-9b
   fold    n=82 headroom_pass=13 faithful_RA=1 faithful_RC=73 decision=CONTENT_CAVES 
   listen  n=82 headroom_pass=13 faithful_RA=0 faithful_RC=60 decision=CONTENT_CAVES THRESHOLDS_NOT_CALIBRATED_FOR_THIS_ARM
== family_cave_diagnose_arms_vfam_ext2_9bit.json | model: google/gemma-2-9b-it
   fold    n=82 headroom_pass=7 faithful_RA=0 faithful_RC=82 decision=CONTENT_CAVES 
   listen  n=82 headroom_pass=7 faithful_RA=0 faithful_RC=79 decision=CONTENT_CAVES THRESHOLDS_NOT_CALIBRATED_FOR_THIS_ARM
ALLDONE_B1_LISTEN_ARM_2B9B
