[family] verifier_family_ext2.json -> 82 items (no select_items; every item measured + dumped)
[load] google/gemma-2-27b-it on cuda (chat=True)
Loading weights:   0%|          | 0/508 [00:00<?, ?it/s]Loading weights: 100%|██████████| 508/508 [00:00<00:00, 7211.24it/s]
Loaded pretrained model google/gemma-2-27b-it into HookedTransformer
  [it T1] M0=+6.156 hp=0 RA n/c=0.000/0.000 (eff +0.000 fR0) RC eff=+4.938 fR1 q='Which city is the most populous in'
  [it T1] M0=+4.828 hp=0 RA n/c=0.000/0.000 (eff +0.000 fR0) RC eff=+9.173 fR1 q='Which city is the most populous in'
  [it T1] M0=+7.219 hp=0 RA n/c=0.000/0.000 (eff +0.000 fR0) RC eff=+2.287 fR1 q='Which city is the most populous in'
  [it T1] M0=+8.496 hp=0 RA n/c=0.000/0.000 (eff +0.000 fR0) RC eff=+1.066 fR1 q='Which city is the largest in Brazi'
  [it T1] M0=+3.013 hp=0 RA n/c=0.000/0.000 (eff +0.000 fR0) RC eff=+1.823 fR1 q='Which organ produces insulin in th'
  [it T1] M0=+5.695 hp=0 RA n/c=0.000/0.000 (eff +0.000 fR0) RC eff=+3.801 fR1 q='Which metal is most abundant in Ea'
  [it T1] M0=+7.474 hp=0 RA n/c=0.000/0.000 (eff +0.000 fR0) RC eff=+3.843 fR1 q='Which organelle is known as the po'
  [it T1] M0=+1.875 hp=0 RA n/c=0.000/0.000 (eff +0.000 fR0) RC eff=+8.297 fR1 q='Which country has the most lakes i'
  [it T1] M0=-5.641 hp=0 RA n/c=0.000/0.000 (eff +0.000 fR0) RC eff=+5.291 fR1 q='Which country has won the most Rug'
  [it T1] M0=+9.547 hp=0 RA n/c=0.000/0.000 (eff +0.000 fR0) RC eff=+5.055 fR1 q='Which country produces the most co'
  [it T1] M0=+12.159 hp=0 RA n/c=0.000/0.000 (eff +0.000 fR0) RC eff=+3.542 fR1 q='Which country has the largest Musl'
  [it T1] M0=-0.576 hp=1 RA n/c=0.000/0.000 (eff +0.000 fR0) RC eff=+8.256 fR1 q='Which country has the largest Chri'
  [it T1] M0=+9.016 hp=0 RA n/c=0.000/0.000 (eff +0.000 fR0) RC eff=+3.219 fR1 q='Which country has the largest Cath'
  [it T1] M0=+16.094 hp=0 RA n/c=0.000/0.000 (eff +0.000 fR0) RC eff=+5.281 fR1 q='Which country has the longest coas'
  [it T1] M0=+8.958 hp=0 RA n/c=0.000/0.000 (eff +0.000 fR0) RC eff=+8.947 fR1 q='Which country has the most time zo'
  [it T1] M0=-1.250 hp=1 RA n/c=0.000/0.000 (eff +0.000 fR0) RC eff=+5.070 fR1 q='Which continent is the driest inha'
  [it T1] M0=+1.155 hp=1 RA n/c=0.000/0.000 (eff +0.000 fR0) RC eff=+3.716 fR1 q='Which animal is the fastest in the'
  [it T1] M0=-1.214 hp=1 RA n/c=0.000/0.000 (eff +0.000 fR0) RC eff=+4.247 fR1 q='Which rodent species is the larges'
  [it T1] M0=+2.008 hp=0 RA n/c=0.000/0.000 (eff +0.000 fR0) RC eff=+4.346 fR1 q='Which big cat species is the large'
  [it T1] M0=+17.281 hp=0 RA n/c=0.000/0.000 (eff +0.000 fR0) RC eff=+2.078 fR1 q='Which city is considered the birth'
  [it T1] M0=+5.371 hp=0 RA n/c=0.000/0.000 (eff +0.000 fR0) RC eff=+3.945 fR1 q='Which country did the croissant or'
  [it T1] M0=+6.492 hp=0 RA n/c=0.000/0.000 (eff +0.000 fR0) RC eff=+6.938 fR1 q='Which country invented paper?'
  [it T1] M0=+10.125 hp=0 RA n/c=0.000/0.000 (eff +0.000 fR0) RC eff=+4.766 fR1 q='Which country is considered the bi'
  [it T1] M0=+11.984 hp=0 RA n/c=0.000/0.000 (eff +0.000 fR0) RC eff=+3.484 fR1 q='Which US state is the largest by a'
  [it T1] M0=+7.125 hp=0 RA n/c=0.000/0.000 (eff +0.000 fR0) RC eff=+5.750 fR1 q='Which US state has the longest coa'
  [it T1] M0=+6.110 hp=0 RA n/c=0.000/0.000 (eff +0.000 fR0) RC eff=+4.691 fR1 q='Which country holds the largest pr'
  [it T1] M0=+5.902 hp=0 RA n/c=0.000/0.000 (eff +0.000 fR0) RC eff=+9.586 fR1 q='Which country holds the largest na'
  [it T1] M0=+16.094 hp=0 RA n/c=0.000/0.000 (eff +0.000 fR0) RC eff=+4.691 fR1 q='Which country has the highest coff'
  [it T1] M0=+5.469 hp=0 RA n/c=0.000/0.000 (eff +0.000 fR0) RC eff=+3.443 fR1 q='Which metal is the best natural co'
  [it T1] M0=+0.983 hp=1 RA n/c=0.000/0.000 (eff +0.000 fR0) RC eff=+1.406 fR1 q='Which organ is the largest in the '
  [it T2] M0=+18.328 hp=0 RA n/c=0.000/0.000 (eff +0.000 fR0) RC eff=+5.074 fR1 q='What is the capital of the Netherl'
  [it T2] M0=+4.292 hp=0 RA n/c=0.000/0.000 (eff +0.000 fR0) RC eff=+3.768 fR1 q='What is the capital of Palau?'
  [it T2] M0=+4.138 hp=0 RA n/c=0.000/0.000 (eff +0.000 fR0) RC eff=+7.888 fR1 q='What is the capital of the Federat'
  [it T2] M0=+6.453 hp=0 RA n/c=0.000/0.000 (eff +0.000 fR0) RC eff=+5.148 fR1 q='What is the capital of Poland?'
  [it T2] M0=+2.672 hp=0 RA n/c=0.000/0.000 (eff +0.000 fR0) RC eff=+3.781 fR1 q='What is the capital of Burundi?'
  [it T2] M0=+3.016 hp=0 RA n/c=0.000/0.000 (eff +0.000 fR0) RC eff=+6.732 fR1 q='What is the capital of Montenegro?'
  [it T2] M0=+10.422 hp=0 RA n/c=0.000/0.000 (eff +0.000 fR0) RC eff=+6.945 fR1 q='What is the capital of Portugal?'
  [it T2] M0=+8.859 hp=0 RA n/c=0.000/0.000 (eff +0.000 fR0) RC eff=+4.188 fR1 q='What is the capital of Croatia?'
  [it T3] M0=+14.092 hp=0 RA n/c=0.000/0.000 (eff +0.000 fR0) RC eff=+1.898 fR1 q='Who built the first practical auto'
  [it T3] M0=+7.125 hp=0 RA n/c=0.000/0.000 (eff +0.000 fR0) RC eff=+1.223 fR1 q='Who is credited with discovering r'
  [it T3] M0=+4.662 hp=0 RA n/c=0.000/0.000 (eff +0.000 fR0) RC eff=+6.332 fR1 q='Who developed the oral polio vacci'
  [it T3] M0=-4.523 hp=0 RA n/c=0.000/0.000 (eff +0.000 fR0) RC eff=+0.505 fR1 q='Who built the first commercially s'
  [it T3] M0=+9.112 hp=0 RA n/c=0.000/0.000 (eff +0.000 fR0) RC eff=+1.943 fR1 q='Who developed the first successful'
  [it T3] M0=+8.719 hp=0 RA n/c=0.000/0.000 (eff +0.000 fR0) RC eff=+0.613 fR1 q='Who is credited with inventing the'
  [it T3] M0=+12.909 hp=0 RA n/c=0.000/0.000 (eff +0.000 fR0) RC eff=+2.745 fR1 q='Who is regarded as the primary aut'
  [it T3] M0=+11.601 hp=0 RA n/c=0.000/0.000 (eff +0.000 fR0) RC eff=+6.360 fR1 q='Who invented the World Wide Web?'
  [it T3] M0=-2.105 hp=0 RA n/c=0.000/0.000 (eff +0.000 fR0) RC eff=+2.149 fR1 q='Who composed the melody of the Sta'
  [it T1] M0=+12.383 hp=0 RA n/c=0.000/0.000 (eff +0.000 fR0) RC eff=+8.543 fR1 q='Which African country is the large'
  [it T1] M0=-0.829 hp=1 RA n/c=0.000/0.000 (eff +0.000 fR0) RC eff=+6.620 fR1 q='What is the largest freshwater lak'
  [it T1] M0=+9.112 hp=0 RA n/c=0.000/0.000 (eff +0.000 fR0) RC eff=+6.013 fR1 q='What is the largest known organism'
  [it T1] M0=-0.767 hp=1 RA n/c=0.000/0.000 (eff +0.000 fR0) RC eff=+4.724 fR1 q='What is the longest river located '
  [it T1] M0=+5.629 hp=0 RA n/c=0.000/0.000 (eff +0.000 fR0) RC eff=+18.512 fR1 q='Where was the coldest temperature '
  [it T1] M0=+17.540 hp=0 RA n/c=0.000/0.000 (eff +0.000 fR0) RC eff=+4.153 fR1 q='What is the largest active volcano'
  [it T1] M0=-2.623 hp=0 RA n/c=0.000/0.000 (eff -0.000 fR0) RC eff=+2.691 fR1 q='Which spider species has the large'
  [it T1] M0=+17.218 hp=0 RA n/c=0.000/0.000 (eff +0.000 fR0) RC eff=+8.964 fR1 q='Which country produces the most co'
  [it T1] M0=+7.711 hp=0 RA n/c=0.000/0.000 (eff +0.000 fR0) RC eff=+1.375 fR1 q='Which country is credited with fir'
  [it T1] M0=+1.479 hp=1 RA n/c=0.000/0.000 (eff +0.000 fR0) RC eff=+4.711 fR1 q='Which country did the potato origi'
  [it T1] M0=-0.957 hp=1 RA n/c=0.000/0.000 (eff +0.000 fR0) RC eff=+6.659 fR1 q='Which country has the most golf co'
  [it T1] M0=+6.742 hp=0 RA n/c=0.000/0.000 (eff +0.000 fR0) RC eff=+6.324 fR1 q='Which country produces the most ri'
  [it T1] M0=+8.793 hp=0 RA n/c=0.000/0.000 (eff +0.000 fR0) RC eff=+3.319 fR1 q='Which country drinks the most beer'
  [it T1] M0=+15.272 hp=0 RA n/c=0.000/0.000 (eff +0.000 fR0) RC eff=+1.900 fR1 q='Which country drinks the most tea '
  [it T1] M0=+7.289 hp=0 RA n/c=0.000/0.000 (eff +0.000 fR0) RC eff=+5.719 fR1 q='What is the most abundant metal in'
  [it T1] M0=+8.640 hp=0 RA n/c=0.000/0.000 (eff +0.000 fR0) RC eff=+5.152 fR1 q='Which country is the largest expor'
  [it T1] M0=+14.094 hp=0 RA n/c=0.000/0.000 (eff +0.000 fR0) RC eff=+2.492 fR1 q='Which country is home to most of t'
  [it T1] M0=+8.626 hp=0 RA n/c=0.000/0.000 (eff +0.000 fR0) RC eff=+7.221 fR1 q='Which country has the largest wild'
  [it T1] M0=+7.188 hp=0 RA n/c=0.000/0.000 (eff +0.000 fR0) RC eff=+0.650 fR1 q='Which country has the most native '
  [it T1] M0=+0.438 hp=1 RA n/c=0.000/0.000 (eff +0.000 fR0) RC eff=-0.500 fR0 q='Which country has the most native '
  [it T1] M0=+6.628 hp=0 RA n/c=0.000/0.000 (eff +0.000 fR0) RC eff=+5.046 fR1 q='Which country has the largest popu'
  [it T2] M0=+11.214 hp=0 RA n/c=0.000/0.000 (eff +0.000 fR0) RC eff=+3.830 fR1 q='What is the capital of California?'
  [it T2] M0=+14.419 hp=0 RA n/c=0.000/0.000 (eff +0.000 fR0) RC eff=+5.949 fR1 q='What is the capital of New York St'
  [it T2] M0=+9.484 hp=0 RA n/c=0.000/0.000 (eff +0.000 fR0) RC eff=+7.562 fR1 q='What is the capital of Florida?'
  [it T2] M0=+9.910 hp=0 RA n/c=0.000/0.000 (eff +0.000 fR0) RC eff=+3.773 fR1 q='What is the capital of Illinois?'
  [it T2] M0=+13.264 hp=0 RA n/c=0.000/0.000 (eff +0.000 fR0) RC eff=+6.359 fR1 q='What is the capital of Michigan?'
  [it T2] M0=+10.931 hp=0 RA n/c=0.000/0.000 (eff +0.000 fR0) RC eff=+5.085 fR1 q='What is the capital of Nevada?'
  [it T2] M0=+10.203 hp=0 RA n/c=0.000/0.000 (eff +0.000 fR0) RC eff=+4.787 fR1 q='What is the capital of Washington '
  [it T2] M0=+9.555 hp=0 RA n/c=0.000/0.000 (eff +0.000 fR0) RC eff=+0.246 fR0 q='What is the capital of British Col'
  [it T3] M0=-1.304 hp=1 RA n/c=0.000/0.000 (eff +0.000 fR0) RC eff=+1.185 fR1 q="Who first radioed 'Houston, we've "
  [it T3] M0=+9.792 hp=0 RA n/c=0.000/0.000 (eff +0.000 fR0) RC eff=+3.346 fR1 q='Who took the X-ray photograph know'
  [it T3] M0=+1.929 hp=0 RA n/c=0.000/0.000 (eff +0.000 fR0) RC eff=+2.666 fR1 q='Who originally invented the board '
  [it T3] M0=-2.153 hp=0 RA n/c=0.000/0.000 (eff +0.000 fR0) RC eff=+4.014 fR1 q='Who invented the first movable typ'
  [it T3] M0=+3.088 hp=0 RA n/c=0.000/0.000 (eff +0.000 fR0) RC eff=-0.660 fR0 q='Who held the original patent for t'
  [it T3] M0=+15.742 hp=0 RA n/c=0.000/0.000 (eff +0.000 fR0) RC eff=+4.594 fR1 q='Who was the primary author of the '
[sbref_ext2_27bit] CONTENT_CAVES n=82 n_headroom=11 n_faithful_RA=0 n_faithful_RC=79 | mean RA_eff/RC_eff (headroom)=0.0/4.190325272727272 | per_tier={'T1': {'n': 51, 'n_headroom_pass': 10, 'n_faithful_RA': 0, 'n_faithful_RC': 50}, 'T2': {'n': 16, 'n_headroom_pass': 0, 'n_faithful_RA': 0, 'n_faithful_RC': 15}, 'T3': {'n': 15, 'n_headroom_pass': 1, 'n_faithful_RA': 0, 'n_faithful_RC': 14}}
[done] wrote out/family_cave_diagnose_sbref_ext2_27bit.json
