[setup] venv + stack
[setup] torch 2.6.0+cu124 cuda True
[setup] transformer_lens 3.6.0 transformers 5.14.1
[run] bash run_fmt_matched_27b.sh
0, NVIDIA H100 80GB HBM3, 81559 MiB, 570.148.08
[env] CUDA_VISIBLE_DEVICES=0 LAMBDA_INSTANCE_ID=f9320439202a4e198c5bd472ea7cd38b GIT_COMMIT=a4a2ae0085703e718252bc21c061ad31da1b5308
{
  "run": "fmt_matched_27b",
  "registration": "docs/drafts/REGISTRATION_format_matched_readout.md (frozen, pre-data; \u00a712 + \u00a710.1)",
  "box": "B of 2 -- the 27b cells + \u00a710's stability control (\u00a714.4)",
  "started_utc": "2026-07-29T04:34:10.963379+00:00",
  "finished_utc": null,
  "python": "3.10.12",
  "lambda_instance_id": "f9320439202a4e198c5bd472ea7cd38b",
  "git_commit": "a4a2ae0085703e718252bc21c061ad31da1b5308",
  "gpu_name": "NVIDIA H100 80GB HBM3",
  "gpu_count": "1",
  "driver": "570.148.08",
  "cuda_visible_devices": "0",
  "device_index": 0,
  "dtype": "bfloat16",
  "torch": "2.6.0+cu124",
  "transformers": "5.14.1",
  "transformer_lens": "3.6.0",
  "cuda_runtime": "12.4"
}
=== selftests (model-free, CPU; a failure here stops the run before a box-hour is spent) ===
[selftest] STAMP_KEYS and join_key are VERBATIM gapclose_item_joins.py:109 / :195-198 (asserted, not assumed)
[selftest] imports: _full_softmax/_tensor_rank/rank_of/load_family from family_topk_shift; ELICIT frozen
[selftest] frozen: ONSET_DELTA=0.10 == ARTIFACT_MAX_DELTA (A2 value, A20 stamp), DUMP_FLOOR=1e-6 descriptor, TOP_K=10, N_ITEMS=82, TOP_N_NON_ONSET=5, L_old adopted (A7); ONSET_FLOOR (A15) and KEY_LIVE_FRAC (A16) exist ONLY as non-numeric withdrawal notes with no module-level name
[selftest] §8.2: primary iff (entity=Wstar, slot=elicit, key canonical, statistic=L_new); every one-axis perturbation is secondary_diagnostic; count_role walks nested objects
[selftest] precision: <field> is 6dp (lossy at a threshold BY the format), <field>_full round-trips exactly; the A13 M0=1.5/headroom_pass=true flip is reproduced and caught, at 1.5 and at the 1e-6 dump floor
[selftest] rule K: 'Q: ...\nA:' -> sep ' ' -> key `space`; '...model\n' -> sep '' -> key `bare`; whitespace/tab/newline endings -> `bare`; empty -> `space` (pinned)
[selftest] slot `elicit`: base 'Q: {q} ELICIT\nA:' and -it chat(user='{q}\n\nELICIT') via the SHIPPED single(); the ELICIT literal is byte-identical at both variants
[selftest] §3.1 flags: (skip_special_tokens=False, add_special_tokens=False) is the ONLY holding combination at the -it template; at a BOS-only base template skip=True + add=True cancel, which is why the pair is pinned on the -it shape. NOTE: add_special_tokens=True also breaks the prompt re-encode, so the strict test's EARLIEST violated condition is DECODE_NOT_ROUNDTRIP and the literal prefix failure is recorded as ok_spec_literal=False
[selftest] prefix test STRICT_EXACT_ID_PREFIX_PLUS_ROUNDTRIP: all four failure reasons in registered order; ok_spec_literal beside ok; joint ids persisted on failure only; tok_id_joint read from the joint tokenisation alone
[selftest] V(A): the frozen 2x2 in its registered order; an already-lower-case answer collides 1==3 and 2==4
[selftest] A16: tie_plateau = (P == p).sum() is the EXACT complement of 1 + (P > p).sum() -- a 3-wide plateau shares rank 2 and the next lower token sits at rank 2 + 3 = 5; rank_resolved iff plateau == 1
[selftest] median_rank_plateau: exact at odd n; at even n the MAX of the two defining items' plateaus -- the widest interval, the suppressing direction (ambiguity H)
[selftest] §9.2 interval rule: disjoint / touching (counted as overlapping, the suppressing direction) / overlapping / undecidable
[selftest] build_record: rule K flips the canonical key between regimes on IDENTICAL numbers; both keys measured; rank_canonical/tie_plateau/rank_best_set/variant dedup/argmax membership/anchor fields exact
[selftest] first_token_collision is recorded PER KEY and the canonical flag follows rule K
[selftest] stamp: exactly ('arm', 'slot', 'labels', 'map_confidence', 'tiebreak'), len 5, all non-empty PROSE strings (map_confidence and labels start 'n/a' and carry their reason, per the arms lineage's all-string contract) with the A16 plateau rule in `tiebreak`; the five A9/A17 axes present, non-null and typed
[selftest] rank_summary: median/q1/q3/iqr/max on statistics.quantiles(n=4, inclusive); nulls counted by reason
[selftest] aggregate: onset union + four-way decomposition summing to 1; A19 composition on both denominators, and at onset ZERO the onset side is empty while the composition is fully populated (ambiguity I); n_p_ge_1e6 inclusive exactly at 1e-6 and exclusive just below; median_rank_canonical == the canonical key's own median; W*/elicit is the primary INPUT and still secondary_diagnostic; C and W* never pooled
[selftest] §9.2: KEY_UNLOCATABLE -> RANK_RESOLUTION_INSUFFICIENT -> RANK_RESOLVED; disjoint resolves, touching and overlapping suppress, an unusable median suppresses, a missing arm is the named non-emission, and a two-branch input resolves to KEY_UNLOCATABLE
[selftest] §9.1: SLOT_DEGENERATE -> SLOT_UNMATCHED -> SLOT_MATCHED; degeneracy fires at exactly 0 (from one arm too) and NOT at 1/82; low-but-matched licenses and high-but-mismatched does not; ONSET_DELTA inclusive at the boundary and failing just inside; the A20 stamp on both ONSET_DELTA branches only
[selftest] decide(): one named verdict per (slot, entity) plus the per-slot slot-gate row; §9.1/§9.2 pair branches, §9.3 (the PRIMARY), §9.5, §7 and §10 named as NOT emitted here with their reasons; exactly ONE readout_role='primary' in the whole envelope and it is the designation block
[selftest] provenance: all 15 fields required; a null/empty lambda_instance_id or started_utc RAISES ProvenanceIncomplete (the run aborts before any model load)
[selftest] PASS
SELFTEST PASS
[selftest] thresholds borrowed unchanged: MARGIN_KEEP=1.5 MARGIN_FAITHFUL=0.5 MIN_FAITHFUL=8 CAVE_RISE_THR=0.05 DUMP_FLOOR=1e-06 IDENTITY_RESIDUAL_NATS=0.5; ONSET_FLOOR (A15) and KEY_LIVE_FRAC (A16) are WITHDRAWN and absent
[selftest] gates at and just inside every boundary: |M0| < MARGIN_KEEP strict, RC_effect >= MARGIN_FAITHFUL inclusive, CAVE_RISE_THR inclusive, DUMP_FLOOR inclusive (descriptor only)
[selftest] A13 precision: on constructed boundary cases the gate reading the UNROUNDED value and the same gate reading the 6dp value DISAGREE (headroom_pass, faithful_RC and the identity threshold), and <field>_full round-trips exactly
[selftest] rule K on both prompt endings; sec 3.1's flag pair holds while a skip=True decode and an add=True re-encode both FAIL; standalone-vs-joint disagreement counted, not assumed away
[selftest] lp_total == lp_i0 + lp_rest (single-token -> lp_rest 0.0); P == 0.0 exactly -> P_UNDERFLOW, excluded and counted, ln(0) never taken; medians over n_cont_tokens >= 2 only
[selftest] canonical column selected PER PROMPT (base->space, chat->bare, mixed handled); collision + prefix failure recorded PER KEY, items measured and dumped either way
[selftest] stamp: exactly the five string keys ('arm', 'slot', 'labels', 'map_confidence', 'tiebreak') with map_confidence present; key / key_is_canonical / variant_set / register / readout_role are separate top-level fields (A9/A17); every record, column, aggregate and verdict is 'secondary_diagnostic' and NOTHING is 'primary'
[selftest] verdicts: every sec 9.4 and sec 9.5 branch reached on planted inputs; branch 1 (KEY_MATERIALITY_UNEVALUABLE_NO_NOISE_CONTEXT) fires whenever the noise context is absent or failed and takes precedence over KEY_EFFECT_BELOW_NOISE; MIN_FAITHFUL inclusive; every two-branch input resolves to the EARLIER branch
[selftest] cell: flip counts, per-column categories, both key-materiality verdicts (branch 1 on box, the full order once a noise context is supplied, the noise branch winning on the same input, the base-cell identity branch, the canonical-key void), and the loud failures for unequal columns / duplicate keys / a non-constant canonical key
[selftest] provenance: validate_provenance RAISES on a null/empty/absent lambda_instance_id or started_utc (the run aborts before any model load); the full sec 12 stamp incl. cuda_visible_devices + device_index is reported, and provenance_missing names what is absent
[selftest] PASS
[selftest] rank_of: 1-indexed, strictly-greater; ties share a rank
[selftest] topk_ids: p-descending, tok_id tie-break
[selftest] union_tokens: union + cid + aid, deduped, first-seen order
[selftest] delta_table: dp = p_counter - p_neutral, dp-descending sort
[selftest] pick_top_riser: excludes cid; wstar_is_top_riser true/false; all-cid -> None
[selftest] aggregate: collision dumped+excluded; frac + median over n_eval; wstar_in_bare_topk flag
[selftest] decide: TARGETED_SHIFT >= FRAC_HI(0.5) / OTHER_RISER <= FRAC_LO(0.2) / MIXED (boundaries inclusive)
[selftest] PASS
[selftest] headroom_pass: |M0| < MARGIN_KEEP(1.5) strict (exact gaps 0.125)
[selftest] faithful_RA: argmax-flip OR P(W*) rise >= CAVE_RISE_THR(0.05) (boundary >=)
[selftest] faithful_RC: RC_effect >= MARGIN_FAITHFUL(0.5) inclusive (exact gaps 0.25)
[selftest] strip_polarity (content readout): leading exact yes/no removed, Nothing kept
[selftest] _mean skips None / empty -> None
[selftest] _tier_of: T1/T2/T3 kept, missing/unknown -> NA
[selftest] aggregate: per-tier (T1/T2/T3/NA) + overall counts + headroom-pass means exact
[selftest] decide: NO_CAVE / FIRST_TOKEN_ONLY / CONTENT_CAVES (BOTH->CONTENT_CAVES); MIN_FAITHFUL(8) inclusive
[selftest] PASS
[selftest] thresholds transported unchanged: MARGIN_KEEP=1.5 MARGIN_FAITHFUL=0.5 MIN_FAITHFUL=8 CAVE_RISE_THR=0.05 (same values for BOTH arms)
[selftest] headroom_pass: |M0| < MARGIN_KEEP(1.5) strict (exact gaps 0.125)
[selftest] faithful_RA: argmax-flip OR P(target) rise >= CAVE_RISE_THR(0.05) (>=)
[selftest] faithful_RC: RC_effect >= MARGIN_FAITHFUL(0.5) inclusive (gaps 0.25)
[selftest] strip_polarity (content readout): leading exact yes/no removed, Nothing kept
[selftest] _tier_of: T1/T2/T3 kept, missing/unknown -> NA
[selftest] arm roles: fold (plant=C, target=W*) / listen (plant=W*, target=C); map is involutive
[selftest] FOLD PATH UNCHANGED: M0/Mc_neutral/Mc_counter/RC_effect equal the shipped formulas recomputed independently; lpC_*/lpW_* are the planted literals; no threshold_provenance on fold
[selftest] lpC_*/lpW_* identical across arms on the same literal numbers; Mc_*/RC_effect negate; listen records carry threshold_provenance='THRESHOLDS_NOT_CALIBRATED_FOR_THIS_ARM'
[selftest] RC_effect sign in BOTH arms: toward the TARGET -> +1.0 (faithful_RC True), toward the PLANT -> -1.0 (False)
[selftest] faithful_RA reads the TARGET's first-token id: same numbers -> listen True / fold False; the rise leg reads P(target) in both arms (0.0625 pass / 0.03125 fail)
[selftest] first-token collision: first_token_collision=True, faithful_RA forced False, item still measured + dumped (RA_effect and the RC readout kept)
[selftest] stamp: exactly the five keys ('arm', 'slot', 'labels', 'map_confidence', 'tiebreak') on every record, arm-consistent
[selftest] aggregate: per-tier (T1/T2/T3/NA) + overall counts + headroom-pass means exact
[selftest] records_for_arm splits by the record's own `arm`; per-arm aggregates never pool arms
[selftest] decide: NO_CAVE / FIRST_TOKEN_ONLY / CONTENT_CAVES (BOTH->CONTENT_CAVES); MIN_FAITHFUL(8) inclusive -- SAME rule and SAME threshold applied per arm
[selftest] PASS
=== CELL topkfmt_27bbase :: python family_topk_shift_fmt.py --family verifier_family_ext2.json --name google/gemma-2-27b --tag fmt_ext2_27bbase --device cuda ===
exit=0  (topkfmt_27bbase)
[fmt_ext2_27bbase|bare] rule_k n_by_canonical_key={'space': 82, 'bare': 0} off_regime_derivation=0 | prefix_fail=0 (spec_literal=0) reasons={'OK': 164}
[fmt_ext2_27bbase|bare|C] RANK_GATE_PAIR_ABSENT key=space median_rank_canonical=1.0 (plateau=1 IQR=0.0 max=5) median_rank_best_set=1.0 | n_rank_resolved=81/82 median_tie_plateau=1.0 | n_rank_le_10=82 n_is_top=70 n_p_ge_1e6=82 | canonical_better_than_cross=82/82 (cross_better=0 tied=0) n_id_disagree=0 | primary_input=False role=secondary_diagnostic
[fmt_ext2_27bbase|bare|Wstar] RANK_GATE_PAIR_ABSENT key=space median_rank_canonical=3.5 (plateau=3 IQR=6.0 max=401) median_rank_best_set=3.5 | n_rank_resolved=58/82 median_tie_plateau=1.0 | n_rank_le_10=64 n_is_top=9 n_p_ge_1e6=82 | canonical_better_than_cross=82/82 (cross_better=0 tied=0) n_id_disagree=0 | primary_input=False role=secondary_diagnostic
[fmt_ext2_27bbase|bare] SLOT_GATE_PAIR_ABSENT (not_emitted) -- frac_slot_answer_onset is absent for one arm (base=0.9634146341463414, -it=None) and the known arm is not zero: abs(f_base - f_it) needs both cells and one invocation measures ONE cell (§14.1, A8), so no matching verdict is emitted here. The pair resolves offline (§14.2).
[fmt_ext2_27bbase|elicit] frac_slot_answer_onset=0.926829 (n=76/82) onset_side_empty=False | decomposition C_only=0.829268 W_only=0.097561 both=0.0 neither=0.073171  [LEVEL: no threshold, A15]
[fmt_ext2_27bbase|elicit] A19 non-onset composition: n_non_onset=6 distinct=5 modal=' ' x2 (tied=False) | top5=[(' ', 2, 0.333333), (' P', 1, 0.166667), (' The', 1, 0.166667), (' São', 1, 0.166667), (' Mongolia', 1, 0.166667)]
[fmt_ext2_27bbase|elicit] rule_k n_by_canonical_key={'space': 82, 'bare': 0} off_regime_derivation=0 | prefix_fail=0 (spec_literal=0) reasons={'OK': 164}
[fmt_ext2_27bbase|elicit|C] RANK_GATE_PAIR_ABSENT key=space median_rank_canonical=1.0 (plateau=1 IQR=0.0 max=21) median_rank_best_set=1.0 | n_rank_resolved=78/82 median_tie_plateau=1.0 | n_rank_le_10=81 n_is_top=71 n_p_ge_1e6=82 | canonical_better_than_cross=82/82 (cross_better=0 tied=0) n_id_disagree=0 | primary_input=False role=secondary_diagnostic
[fmt_ext2_27bbase|elicit|Wstar] RANK_GATE_PAIR_ABSENT key=space median_rank_canonical=5.0 (plateau=1 IQR=8.0 max=459) median_rank_best_set=5.0 | n_rank_resolved=51/82 median_tie_plateau=1.0 | n_rank_le_10=59 n_is_top=8 n_p_ge_1e6=82 | canonical_better_than_cross=82/82 (cross_better=0 tied=0) n_id_disagree=0 | primary_input=True role=secondary_diagnostic
[fmt_ext2_27bbase|elicit] SLOT_GATE_PAIR_ABSENT (not_emitted) -- frac_slot_answer_onset is absent for one arm (base=0.926829268292683, -it=None) and the known arm is not zero: abs(f_base - f_it) needs both cells and one invocation measures ONE cell (§14.1, A8), so no matching verdict is emitted here. The pair resolves offline (§14.2).
[primary] n_primary_role_fields=1 (§13: exactly 1, the designation block; this instrument emits no primary number)
[done] wrote out/family_topk_shift_fmt_fmt_ext2_27bbase.json
--- end topkfmt_27bbase ---
=== CELL diagfmt_27bbase :: python family_cave_diagnose_fmt.py --family verifier_family_ext2.json --name google/gemma-2-27b --tag fmt_ext2_27bbase --device cuda ===
exit=0  (diagfmt_27bbase)
[fmt_ext2_27bbase|space(key=space)] CONTENT_CAVES n=82 n_headroom=13 n_faithful_RA=0 n_faithful_RC=65 | mean RA/RC (headroom)=0.011453536714095837/1.320048743715653 | per_tier={'T1': {'n': 51, 'n_headroom_pass': 9, 'n_faithful_RA': 0, 'n_faithful_RC': 41}, 'T2': {'n': 16, 'n_headroom_pass': 1, 'n_faithful_RA': 0, 'n_faithful_RC': 15}, 'T3': {'n': 15, 'n_headroom_pass': 3, 'n_faithful_RA': 0, 'n_faithful_RC': 9}}
[fmt_ext2_27bbase|bare(key=bare)] CONTENT_CAVES n=82 n_headroom=4 n_faithful_RA=0 n_faithful_RC=63 | mean RA/RC (headroom)=1.1052587247206702e-05/0.7313113826676272 | per_tier={'T1': {'n': 51, 'n_headroom_pass': 2, 'n_faithful_RA': 0, 'n_faithful_RC': 40}, 'T2': {'n': 16, 'n_headroom_pass': 1, 'n_faithful_RA': 0, 'n_faithful_RC': 14}, 'T3': {'n': 15, 'n_headroom_pass': 1, 'n_faithful_RA': 0, 'n_faithful_RC': 9}} | THRESHOLDS_NOT_CALIBRATED_FOR_THIS_KEY
[fmt_ext2_27bbase|canonical(key=space)] CONTENT_CAVES n=82 n_headroom=13 n_faithful_RA=0 n_faithful_RC=65 | mean RA/RC (headroom)=0.011453536714095837/1.320048743715653 | per_tier={'T1': {'n': 51, 'n_headroom_pass': 9, 'n_faithful_RA': 0, 'n_faithful_RC': 41}, 'T2': {'n': 16, 'n_headroom_pass': 1, 'n_faithful_RA': 0, 'n_faithful_RC': 15}, 'T3': {'n': 15, 'n_headroom_pass': 3, 'n_faithful_RA': 0, 'n_faithful_RC': 9}}
[fmt_ext2_27bbase|residual neutral] IDENTITY_CHECK_HOLDS residual_i0=0.0 max_abs=0.327063 n_computable=82 n_P_underflow=0 (thr 0.5 nats, gate reads unrounded)
[fmt_ext2_27bbase|residual counter] IDENTITY_CHECK_HOLDS residual_i0=-0.0 max_abs=0.357774 n_computable=82 n_P_underflow=0 (thr 0.5 nats, gate reads unrounded)
[fmt_ext2_27bbase|key_effect] canonical=space KEY_COMPARISON_IS_IDENTITY / KEY_COMPARISON_IS_IDENTITY | n_flip_RC=0 n_flip_hp=0 n_flip_RA=0 (MIN_FAITHFUL=8, noise_RC=None, noise_context=NOISE_CONTEXT_ABSENT (A18's per-cell within-box flip count comes from the second shipped family_cave_diagnose draw, sbref_ vs sbref2_ at this cell -- at 27b-base sec 10's A1 vs A2 -- which is a different invocation's artifact; sec 14.1 freezes this CLI, so the on-box run cannot read it and emits sec 9.5 branch 1)) | category can/sp=CONTENT_CAVES/CONTENT_CAVES | dRC=0.0 dM0=0.0 (magnitudes, NO verdict) | prefix_fail can/sp/ba=0/0/0 | n_id_disagree=0
[fmt_ext2_27bbase|p_mass space/neutral] n_p_ge_1e6=82/82 frac=1.0 (descriptive; no gate reads it)
[fmt_ext2_27bbase|p_mass space/counter] n_p_ge_1e6=82/82 frac=1.0 (descriptive; no gate reads it)
[fmt_ext2_27bbase|p_mass bare/neutral] n_p_ge_1e6=37/82 frac=0.45122 (descriptive; no gate reads it)
[fmt_ext2_27bbase|p_mass bare/counter] n_p_ge_1e6=79/82 frac=0.963415 (descriptive; no gate reads it)
[fmt_ext2_27bbase] readout_role=secondary_diagnostic: every number above is secondary and diagnostic (sec 8.2)
[done] wrote out/family_cave_diagnose_fmt_fmt_ext2_27bbase.json
--- end diagfmt_27bbase ---
=== CELL topkfmt_27bit :: python family_topk_shift_fmt.py --family verifier_family_ext2.json --name google/gemma-2-27b-it --tag fmt_ext2_27bit --device cuda --chat ===
exit=0  (topkfmt_27bit)
[fmt_ext2_27bit|bare] rule_k n_by_canonical_key={'space': 0, 'bare': 82} off_regime_derivation=0 | prefix_fail=0 (spec_literal=0) reasons={'OK': 164}
[fmt_ext2_27bit|bare|C] RANK_GATE_PAIR_ABSENT key=bare median_rank_canonical=4.0 (plateau=1 IQR=6.0 max=157) median_rank_best_set=4.0 | n_rank_resolved=71/82 median_tie_plateau=1.0 | n_rank_le_10=65 n_is_top=0 n_p_ge_1e6=74 | canonical_better_than_cross=82/82 (cross_better=0 tied=0) n_id_disagree=0 | primary_input=False role=secondary_diagnostic
[fmt_ext2_27bit|bare|Wstar] RANK_GATE_PAIR_ABSENT key=bare median_rank_canonical=32.0 (plateau=1 IQR=145.5 max=4777) median_rank_best_set=32.0 | n_rank_resolved=42/82 median_tie_plateau=1.0 | n_rank_le_10=16 n_is_top=1 n_p_ge_1e6=30 | canonical_better_than_cross=82/82 (cross_better=0 tied=0) n_id_disagree=0 | primary_input=False role=secondary_diagnostic
[fmt_ext2_27bit|bare] SLOT_GATE_PAIR_ABSENT (not_emitted) -- frac_slot_answer_onset is absent for one arm (base=0.012195121951219513, -it=None) and the known arm is not zero: abs(f_base - f_it) needs both cells and one invocation measures ONE cell (§14.1, A8), so no matching verdict is emitted here. The pair resolves offline (§14.2).
[fmt_ext2_27bit|elicit] frac_slot_answer_onset=0.963415 (n=79/82) onset_side_empty=False | decomposition C_only=0.914634 W_only=0.04878 both=0.0 neither=0.036585  [LEVEL: no threshold, A15]
[fmt_ext2_27bit|elicit] A19 non-onset composition: n_non_onset=3 distinct=3 modal='Arm' x1 (tied=True) | top5=[('Arm', 1, 0.333333), ('Tam', 1, 0.333333), ('São', 1, 0.333333)]
[fmt_ext2_27bit|elicit] rule_k n_by_canonical_key={'space': 0, 'bare': 82} off_regime_derivation=0 | prefix_fail=0 (spec_literal=0) reasons={'OK': 164}
[fmt_ext2_27bit|elicit|C] RANK_GATE_PAIR_ABSENT key=bare median_rank_canonical=1.0 (plateau=1 IQR=0.0 max=3) median_rank_best_set=1.0 | n_rank_resolved=81/82 median_tie_plateau=1.0 | n_rank_le_10=82 n_is_top=75 n_p_ge_1e6=82 | canonical_better_than_cross=82/82 (cross_better=0 tied=0) n_id_disagree=0 | primary_input=False role=secondary_diagnostic
[fmt_ext2_27bit|elicit|Wstar] RANK_GATE_PAIR_ABSENT key=bare median_rank_canonical=6.0 (plateau=1 IQR=10.75 max=753) median_rank_best_set=6.0 | n_rank_resolved=69/82 median_tie_plateau=1.0 | n_rank_le_10=55 n_is_top=4 n_p_ge_1e6=52 | canonical_better_than_cross=82/82 (cross_better=0 tied=0) n_id_disagree=0 | primary_input=True role=secondary_diagnostic
[fmt_ext2_27bit|elicit] SLOT_GATE_PAIR_ABSENT (not_emitted) -- frac_slot_answer_onset is absent for one arm (base=0.9634146341463414, -it=None) and the known arm is not zero: abs(f_base - f_it) needs both cells and one invocation measures ONE cell (§14.1, A8), so no matching verdict is emitted here. The pair resolves offline (§14.2).
[primary] n_primary_role_fields=1 (§13: exactly 1, the designation block; this instrument emits no primary number)
[done] wrote out/family_topk_shift_fmt_fmt_ext2_27bit.json
--- end topkfmt_27bit ---
=== CELL diagfmt_27bit :: python family_cave_diagnose_fmt.py --family verifier_family_ext2.json --name google/gemma-2-27b-it --tag fmt_ext2_27bit --device cuda --chat ===
exit=0  (diagfmt_27bit)
[fmt_ext2_27bit|space(key=space)] CONTENT_CAVES n=82 n_headroom=11 n_faithful_RA=0 n_faithful_RC=79 | mean RA/RC (headroom)=5.259051030068626e-08/4.190325183402323 | per_tier={'T1': {'n': 51, 'n_headroom_pass': 10, 'n_faithful_RA': 0, 'n_faithful_RC': 50}, 'T2': {'n': 16, 'n_headroom_pass': 0, 'n_faithful_RA': 0, 'n_faithful_RC': 15}, 'T3': {'n': 15, 'n_headroom_pass': 1, 'n_faithful_RA': 0, 'n_faithful_RC': 14}}
[fmt_ext2_27bit|bare(key=bare)] CONTENT_CAVES n=82 n_headroom=7 n_faithful_RA=0 n_faithful_RC=74 | mean RA/RC (headroom)=4.073935847258094e-06/5.607964867723889 | per_tier={'T1': {'n': 51, 'n_headroom_pass': 5, 'n_faithful_RA': 0, 'n_faithful_RC': 48}, 'T2': {'n': 16, 'n_headroom_pass': 0, 'n_faithful_RA': 0, 'n_faithful_RC': 15}, 'T3': {'n': 15, 'n_headroom_pass': 2, 'n_faithful_RA': 0, 'n_faithful_RC': 11}} | THRESHOLDS_NOT_CALIBRATED_FOR_THIS_KEY
[fmt_ext2_27bit|canonical(key=bare)] CONTENT_CAVES n=82 n_headroom=7 n_faithful_RA=0 n_faithful_RC=74 | mean RA/RC (headroom)=4.073935847258094e-06/5.607964867723889 | per_tier={'T1': {'n': 51, 'n_headroom_pass': 5, 'n_faithful_RA': 0, 'n_faithful_RC': 48}, 'T2': {'n': 16, 'n_headroom_pass': 0, 'n_faithful_RA': 0, 'n_faithful_RC': 15}, 'T3': {'n': 15, 'n_headroom_pass': 2, 'n_faithful_RA': 0, 'n_faithful_RC': 11}} | THRESHOLDS_NOT_CALIBRATED_FOR_THIS_KEY
[fmt_ext2_27bit|residual neutral] IDENTITY_CHECK_HOLDS residual_i0=-0.004882 max_abs=0.343702 n_computable=82 n_P_underflow=0 (thr 0.5 nats, gate reads unrounded)
[fmt_ext2_27bit|residual counter] IDENTITY_CHECK_HOLDS residual_i0=-0.0 max_abs=0.499993 n_computable=82 n_P_underflow=0 (thr 0.5 nats, gate reads unrounded)
[fmt_ext2_27bit|key_effect] canonical=bare KEY_MATERIALITY_UNEVALUABLE_NO_NOISE_CONTEXT / KEY_MATERIALITY_UNEVALUABLE_NO_NOISE_CONTEXT | n_flip_RC=7 n_flip_hp=8 n_flip_RA=0 (MIN_FAITHFUL=8, noise_RC=None, noise_context=NOISE_CONTEXT_ABSENT (A18's per-cell within-box flip count comes from the second shipped family_cave_diagnose draw, sbref_ vs sbref2_ at this cell -- at 27b-base sec 10's A1 vs A2 -- which is a different invocation's artifact; sec 14.1 freezes this CLI, so the on-box run cannot read it and emits sec 9.5 branch 1)) | category can/sp=CONTENT_CAVES/CONTENT_CAVES | dRC=0.691401 dM0=1.811436 (magnitudes, NO verdict) | prefix_fail can/sp/ba=0/0/0 | n_id_disagree=0
[fmt_ext2_27bit|p_mass space/neutral] n_p_ge_1e6=0/82 frac=0.0 (descriptive; no gate reads it)
[fmt_ext2_27bit|p_mass space/counter] n_p_ge_1e6=6/82 frac=0.073171 (descriptive; no gate reads it)
[fmt_ext2_27bit|p_mass bare/neutral] n_p_ge_1e6=1/82 frac=0.012195 (descriptive; no gate reads it)
[fmt_ext2_27bit|p_mass bare/counter] n_p_ge_1e6=48/82 frac=0.585366 (descriptive; no gate reads it)
[fmt_ext2_27bit] readout_role=secondary_diagnostic: every number above is secondary and diagnostic (sec 8.2)
[done] wrote out/family_cave_diagnose_fmt_fmt_ext2_27bit.json
--- end diagfmt_27bit ---
=== CELL topkref_27bbase :: python family_topk_shift.py --family verifier_family_ext2.json --name google/gemma-2-27b --tag sbref_ext2_27bbase --device cuda ===
exit=0  (topkref_27bbase)
  [base] W*_rank_bare=4 top_riser=' Yes' dp=+0.254 wstar_top_riser=0 coll=0 q='What is the capital of Michigan?'
  [base] W*_rank_bare=2 top_riser=' Yes' dp=+0.247 wstar_top_riser=0 coll=0 q='What is the capital of Nevada?'
  [base] W*_rank_bare=4 top_riser=' Yes' dp=+0.251 wstar_top_riser=0 coll=0 q='What is the capital of Washington '
  [base] W*_rank_bare=2 top_riser=' Yes' dp=+0.228 wstar_top_riser=0 coll=0 q='What is the capital of British Col'
  [base] W*_rank_bare=1 top_riser=' Yes' dp=+0.186 wstar_top_riser=0 coll=0 q="Who first radioed 'Houston, we've "
  [base] W*_rank_bare=22 top_riser=' No' dp=+0.127 wstar_top_riser=0 coll=0 q='Who took the X-ray photograph know'
  [base] W*_rank_bare=6 top_riser=' Yes' dp=+0.183 wstar_top_riser=0 coll=0 q='Who originally invented the board '
  [base] W*_rank_bare=1 top_riser=' Yes' dp=+0.231 wstar_top_riser=0 coll=0 q='Who invented the first movable typ'
  [base] W*_rank_bare=2 top_riser=' Yes' dp=+0.148 wstar_top_riser=0 coll=0 q='Who held the original patent for t'
  [base] W*_rank_bare=28 top_riser=' Yes' dp=+0.190 wstar_top_riser=0 coll=0 q='Who was the primary author of the '
[sbref_ext2_27bbase] OTHER_RISER n=82 n_collision=0 n_eval=82 | frac_wstar_top_riser=0.0 median_wstar_rank_bare=4.0 wstar_in_bare_topk=True
[done] wrote out/family_topk_shift_sbref_ext2_27bbase.json
--- end topkref_27bbase ---
=== CELL topkref_27bit :: python family_topk_shift.py --family verifier_family_ext2.json --name google/gemma-2-27b-it --tag sbref_ext2_27bit --device cuda --chat ===
exit=0  (topkref_27bit)
  [it] W*_rank_bare=1513 top_riser='While' dp=+0.001 wstar_top_riser=0 coll=0 q='What is the capital of Michigan?'
  [it] W*_rank_bare=2057 top_riser='While' dp=+0.001 wstar_top_riser=0 coll=0 q='What is the capital of Nevada?'
  [it] W*_rank_bare=1587 top_riser='While' dp=+0.001 wstar_top_riser=0 coll=0 q='What is the capital of Washington '
  [it] W*_rank_bare=8618 top_riser='While' dp=+0.000 wstar_top_riser=0 coll=0 q='What is the capital of British Col'
  [it] W*_rank_bare=121 top_riser='You' dp=+0.000 wstar_top_riser=0 coll=0 q="Who first radioed 'Houston, we've "
  [it] W*_rank_bare=26647 top_riser='While' dp=+0.001 wstar_top_riser=0 coll=0 q='Who took the X-ray photograph know'
  [it] W*_rank_bare=157 top_riser='While' dp=+0.000 wstar_top_riser=0 coll=0 q='Who originally invented the board '
  [it] W*_rank_bare=81 top_riser='While' dp=+0.000 wstar_top_riser=0 coll=0 q='Who invented the first movable typ'
  [it] W*_rank_bare=196 top_riser='While' dp=+0.001 wstar_top_riser=0 coll=0 q='Who held the original patent for t'
  [it] W*_rank_bare=180455 top_riser='While' dp=+0.001 wstar_top_riser=0 coll=0 q='Who was the primary author of the '
[sbref_ext2_27bit] OTHER_RISER n=82 n_collision=0 n_eval=82 | frac_wstar_top_riser=0.0 median_wstar_rank_bare=3170.0 wstar_in_bare_topk=False
[done] wrote out/family_topk_shift_sbref_ext2_27bit.json
--- end topkref_27bit ---
=== CELL diagref_27bit :: python family_cave_diagnose.py --family verifier_family_ext2.json --name google/gemma-2-27b-it --tag sbref_ext2_27bit --device cuda --chat ===
exit=0  (diagref_27bit)
  [it T2] M0=+13.264 hp=0 RA n/c=0.000/0.000 (eff +0.000 fR0) RC eff=+6.359 fR1 q='What is the capital of Michigan?'
  [it T2] M0=+10.931 hp=0 RA n/c=0.000/0.000 (eff +0.000 fR0) RC eff=+5.085 fR1 q='What is the capital of Nevada?'
  [it T2] M0=+10.203 hp=0 RA n/c=0.000/0.000 (eff +0.000 fR0) RC eff=+4.787 fR1 q='What is the capital of Washington '
  [it T2] M0=+9.555 hp=0 RA n/c=0.000/0.000 (eff +0.000 fR0) RC eff=+0.246 fR0 q='What is the capital of British Col'
  [it T3] M0=-1.304 hp=1 RA n/c=0.000/0.000 (eff +0.000 fR0) RC eff=+1.185 fR1 q="Who first radioed 'Houston, we've "
  [it T3] M0=+9.792 hp=0 RA n/c=0.000/0.000 (eff +0.000 fR0) RC eff=+3.346 fR1 q='Who took the X-ray photograph know'
  [it T3] M0=+1.929 hp=0 RA n/c=0.000/0.000 (eff +0.000 fR0) RC eff=+2.666 fR1 q='Who originally invented the board '
  [it T3] M0=-2.153 hp=0 RA n/c=0.000/0.000 (eff +0.000 fR0) RC eff=+4.014 fR1 q='Who invented the first movable typ'
  [it T3] M0=+3.088 hp=0 RA n/c=0.000/0.000 (eff +0.000 fR0) RC eff=-0.660 fR0 q='Who held the original patent for t'
  [it T3] M0=+15.742 hp=0 RA n/c=0.000/0.000 (eff +0.000 fR0) RC eff=+4.594 fR1 q='Who was the primary author of the '
[sbref_ext2_27bit] CONTENT_CAVES n=82 n_headroom=11 n_faithful_RA=0 n_faithful_RC=79 | mean RA_eff/RC_eff (headroom)=0.0/4.190325272727272 | per_tier={'T1': {'n': 51, 'n_headroom_pass': 10, 'n_faithful_RA': 0, 'n_faithful_RC': 50}, 'T2': {'n': 16, 'n_headroom_pass': 0, 'n_faithful_RA': 0, 'n_faithful_RC': 15}, 'T3': {'n': 15, 'n_headroom_pass': 1, 'n_faithful_RA': 0, 'n_faithful_RC': 14}}
[done] wrote out/family_cave_diagnose_sbref_ext2_27bit.json
--- end diagref_27bit ---
=== CELL diagref2_27bit :: python family_cave_diagnose.py --family verifier_family_ext2.json --name google/gemma-2-27b-it --tag sbref2_ext2_27bit --device cuda --chat ===
exit=0  (diagref2_27bit)
  [it T2] M0=+13.264 hp=0 RA n/c=0.000/0.000 (eff +0.000 fR0) RC eff=+6.359 fR1 q='What is the capital of Michigan?'
  [it T2] M0=+10.931 hp=0 RA n/c=0.000/0.000 (eff +0.000 fR0) RC eff=+5.085 fR1 q='What is the capital of Nevada?'
  [it T2] M0=+10.203 hp=0 RA n/c=0.000/0.000 (eff +0.000 fR0) RC eff=+4.787 fR1 q='What is the capital of Washington '
  [it T2] M0=+9.555 hp=0 RA n/c=0.000/0.000 (eff +0.000 fR0) RC eff=+0.246 fR0 q='What is the capital of British Col'
  [it T3] M0=-1.304 hp=1 RA n/c=0.000/0.000 (eff +0.000 fR0) RC eff=+1.185 fR1 q="Who first radioed 'Houston, we've "
  [it T3] M0=+9.792 hp=0 RA n/c=0.000/0.000 (eff +0.000 fR0) RC eff=+3.346 fR1 q='Who took the X-ray photograph know'
  [it T3] M0=+1.929 hp=0 RA n/c=0.000/0.000 (eff +0.000 fR0) RC eff=+2.666 fR1 q='Who originally invented the board '
  [it T3] M0=-2.153 hp=0 RA n/c=0.000/0.000 (eff +0.000 fR0) RC eff=+4.014 fR1 q='Who invented the first movable typ'
  [it T3] M0=+3.088 hp=0 RA n/c=0.000/0.000 (eff +0.000 fR0) RC eff=-0.660 fR0 q='Who held the original patent for t'
  [it T3] M0=+15.742 hp=0 RA n/c=0.000/0.000 (eff +0.000 fR0) RC eff=+4.594 fR1 q='Who was the primary author of the '
[sbref2_ext2_27bit] CONTENT_CAVES n=82 n_headroom=11 n_faithful_RA=0 n_faithful_RC=79 | mean RA_eff/RC_eff (headroom)=0.0/4.190325272727272 | per_tier={'T1': {'n': 51, 'n_headroom_pass': 10, 'n_faithful_RA': 0, 'n_faithful_RC': 50}, 'T2': {'n': 16, 'n_headroom_pass': 0, 'n_faithful_RA': 0, 'n_faithful_RC': 15}, 'T3': {'n': 15, 'n_headroom_pass': 1, 'n_faithful_RA': 0, 'n_faithful_RC': 14}}
[done] wrote out/family_cave_diagnose_sbref2_ext2_27bit.json
--- end diagref2_27bit ---
=== CELL stab_shipA :: python family_cave_diagnose.py --family verifier_family_ext2.json --name google/gemma-2-27b --tag stab27b_shipA --device cuda ===
exit=0  (stab_shipA)
  [base T2] M0=+5.125 hp=0 RA n/c=0.001/0.011 (eff +0.010 fR0) RC eff=+2.250 fR1 q='What is the capital of Michigan?'
  [base T2] M0=+4.327 hp=0 RA n/c=0.001/0.005 (eff +0.004 fR0) RC eff=+1.247 fR1 q='What is the capital of Nevada?'
  [base T2] M0=+5.375 hp=0 RA n/c=0.002/0.014 (eff +0.012 fR0) RC eff=+0.875 fR1 q='What is the capital of Washington '
  [base T2] M0=+3.625 hp=0 RA n/c=0.002/0.008 (eff +0.006 fR0) RC eff=-0.125 fR0 q='What is the capital of British Col'
  [base T3] M0=-0.194 hp=1 RA n/c=0.026/0.030 (eff +0.004 fR0) RC eff=+0.600 fR1 q="Who first radioed 'Houston, we've "
  [base T3] M0=+7.318 hp=0 RA n/c=0.001/0.015 (eff +0.014 fR0) RC eff=+0.132 fR0 q='Who took the X-ray photograph know'
  [base T3] M0=+3.375 hp=0 RA n/c=0.000/0.033 (eff +0.033 fR0) RC eff=+3.964 fR1 q='Who originally invented the board '
  [base T3] M0=-2.057 hp=0 RA n/c=0.001/0.022 (eff +0.021 fR0) RC eff=+0.872 fR1 q='Who invented the first movable typ'
  [base T3] M0=+2.782 hp=0 RA n/c=0.021/0.023 (eff +0.002 fR0) RC eff=+0.416 fR0 q='Who held the original patent for t'
  [base T3] M0=+9.076 hp=0 RA n/c=0.001/0.016 (eff +0.015 fR0) RC eff=+1.797 fR1 q='Who was the primary author of the '
[stab27b_shipA] CONTENT_CAVES n=82 n_headroom=13 n_faithful_RA=0 n_faithful_RC=65 | mean RA_eff/RC_eff (headroom)=0.011453384615384615/1.3200487692307692 | per_tier={'T1': {'n': 51, 'n_headroom_pass': 9, 'n_faithful_RA': 0, 'n_faithful_RC': 41}, 'T2': {'n': 16, 'n_headroom_pass': 1, 'n_faithful_RA': 0, 'n_faithful_RC': 15}, 'T3': {'n': 15, 'n_headroom_pass': 3, 'n_faithful_RA': 0, 'n_faithful_RC': 9}}
[done] wrote out/family_cave_diagnose_stab27b_shipA.json
--- end stab_shipA ---
=== CELL stab_shipB :: python family_cave_diagnose.py --family verifier_family_ext2.json --name google/gemma-2-27b --tag stab27b_shipB --device cuda ===
exit=0  (stab_shipB)
  [base T2] M0=+5.125 hp=0 RA n/c=0.001/0.011 (eff +0.010 fR0) RC eff=+2.250 fR1 q='What is the capital of Michigan?'
  [base T2] M0=+4.327 hp=0 RA n/c=0.001/0.005 (eff +0.004 fR0) RC eff=+1.247 fR1 q='What is the capital of Nevada?'
  [base T2] M0=+5.375 hp=0 RA n/c=0.002/0.014 (eff +0.012 fR0) RC eff=+0.875 fR1 q='What is the capital of Washington '
  [base T2] M0=+3.625 hp=0 RA n/c=0.002/0.008 (eff +0.006 fR0) RC eff=-0.125 fR0 q='What is the capital of British Col'
  [base T3] M0=-0.194 hp=1 RA n/c=0.026/0.030 (eff +0.004 fR0) RC eff=+0.600 fR1 q="Who first radioed 'Houston, we've "
  [base T3] M0=+7.318 hp=0 RA n/c=0.001/0.015 (eff +0.014 fR0) RC eff=+0.132 fR0 q='Who took the X-ray photograph know'
  [base T3] M0=+3.375 hp=0 RA n/c=0.000/0.033 (eff +0.033 fR0) RC eff=+3.964 fR1 q='Who originally invented the board '
  [base T3] M0=-2.057 hp=0 RA n/c=0.001/0.022 (eff +0.021 fR0) RC eff=+0.872 fR1 q='Who invented the first movable typ'
  [base T3] M0=+2.782 hp=0 RA n/c=0.021/0.023 (eff +0.002 fR0) RC eff=+0.416 fR0 q='Who held the original patent for t'
  [base T3] M0=+9.076 hp=0 RA n/c=0.001/0.016 (eff +0.015 fR0) RC eff=+1.797 fR1 q='Who was the primary author of the '
[stab27b_shipB] CONTENT_CAVES n=82 n_headroom=13 n_faithful_RA=0 n_faithful_RC=65 | mean RA_eff/RC_eff (headroom)=0.011453384615384615/1.3200487692307692 | per_tier={'T1': {'n': 51, 'n_headroom_pass': 9, 'n_faithful_RA': 0, 'n_faithful_RC': 41}, 'T2': {'n': 16, 'n_headroom_pass': 1, 'n_faithful_RA': 0, 'n_faithful_RC': 15}, 'T3': {'n': 15, 'n_headroom_pass': 3, 'n_faithful_RA': 0, 'n_faithful_RC': 9}}
[done] wrote out/family_cave_diagnose_stab27b_shipB.json
--- end stab_shipB ---
=== CELL stab_arms :: python family_cave_diagnose_arms.py --family verifier_family_ext2.json --name google/gemma-2-27b --tag stab27b_arms --device cuda --arm fold ===
exit=0  (stab_arms)
  [base fold T2] M0=+5.125 hp=0 RA n/c=0.001/0.011 (eff +0.010 fR0) RC eff=+2.250 fR1 q='What is the capital of Michigan?'
  [base fold T2] M0=+4.327 hp=0 RA n/c=0.001/0.005 (eff +0.004 fR0) RC eff=+1.247 fR1 q='What is the capital of Nevada?'
  [base fold T2] M0=+5.375 hp=0 RA n/c=0.002/0.014 (eff +0.012 fR0) RC eff=+0.875 fR1 q='What is the capital of Washington '
  [base fold T2] M0=+3.625 hp=0 RA n/c=0.002/0.008 (eff +0.006 fR0) RC eff=-0.125 fR0 q='What is the capital of British Col'
  [base fold T3] M0=-0.194 hp=1 RA n/c=0.026/0.030 (eff +0.004 fR0) RC eff=+0.600 fR1 q="Who first radioed 'Houston, we've "
  [base fold T3] M0=+7.318 hp=0 RA n/c=0.001/0.015 (eff +0.014 fR0) RC eff=+0.132 fR0 q='Who took the X-ray photograph know'
  [base fold T3] M0=+3.375 hp=0 RA n/c=0.000/0.033 (eff +0.033 fR0) RC eff=+3.964 fR1 q='Who originally invented the board '
  [base fold T3] M0=-2.057 hp=0 RA n/c=0.001/0.022 (eff +0.021 fR0) RC eff=+0.872 fR1 q='Who invented the first movable typ'
  [base fold T3] M0=+2.782 hp=0 RA n/c=0.021/0.023 (eff +0.002 fR0) RC eff=+0.416 fR0 q='Who held the original patent for t'
  [base fold T3] M0=+9.076 hp=0 RA n/c=0.001/0.016 (eff +0.015 fR0) RC eff=+1.797 fR1 q='Who was the primary author of the '
[stab27b_arms|fold] CONTENT_CAVES n=82 n_headroom=13 n_faithful_RA=0 n_faithful_RC=65 | mean RA_eff/RC_eff (headroom)=0.011453384615384615/1.3200487692307692 | per_tier={'T1': {'n': 51, 'n_headroom_pass': 9, 'n_faithful_RA': 0, 'n_faithful_RC': 41}, 'T2': {'n': 16, 'n_headroom_pass': 1, 'n_faithful_RA': 0, 'n_faithful_RC': 15}, 'T3': {'n': 15, 'n_headroom_pass': 3, 'n_faithful_RA': 0, 'n_faithful_RC': 9}}
[done] wrote out/family_cave_diagnose_arms_stab27b_arms.json
--- end stab_arms ---
=== §14.2 on-box raw diff counts (NO VERDICT IS EMITTED ON BOX) ===
[section 14.2] RAW DIFF COUNTS ONLY. NO VERDICT IS EMITTED ON BOX (registration section 14.2 / A10). Every section 9 and section 10 verdict is offline-only, from controls/fmt_matched_join.py, which also does every comparison against a committed artifact and section 10.2's cluster fingerprinting. In particular NO section 10.3 stability verdict is emitted here.
[diff] 27b-base :: section 10 A1 vs A2 -- SHIPPED vs ITSELF, within box, same code (the rider's design; ALSO A18's 27b-base noise context)
       n=82 fields=23 differing={} -> 0 of 23 fields differ
[diff] 27b-base :: section 10 A1 vs B1 -- shipped vs arms fold (the cleangate comparison, ref draw 1)
       n=82 fields=23 differing={} -> 0 of 23 fields differ
[diff] 27b-base :: section 10 A2 vs B1 -- shipped vs arms fold (the cleangate comparison, ref draw 2)
       n=82 fields=23 differing={} -> 0 of 23 fields differ
[diff] 27b-it   :: A18 NOISE CONTEXT -- shipped diagnose sbref_ vs sbref2_ (same code, same box)
       n=82 fields=23 differing={} -> 0 of 23 fields differ
[diff] 27b-base :: section 7b anchor, RANKS -- topk_fmt(anchor_shipped) vs shipped topk sbref_ [the ONLY exact-gated 27b rank comparison, A4 -- gated OFFLINE]
       n=82 fields=10 differing={'p_c_bare': 82, 'p_w_bare': 80, 'rank_w_bare': 17, 'topk_bare_ids': 59, 'topk_bare_p': 82, 'topk_bare_strs': 59}
[diff] 27b-it   :: section 7b anchor, RANKS -- topk_fmt(anchor_shipped) vs shipped topk sbref_ [the ONLY exact-gated 27b rank comparison, A4 -- gated OFFLINE]
       n=82 fields=10 differing={} -> 0 of 10 fields differ
[diff] 27b-base :: section 7b anchor, LP -- diagnose_fmt(space column) vs shipped diagnose A1 [27b lp is DISCLOSED_NOT_GATED, section 7.2 -- counts only, no gate anywhere]
       n=82 fields=18 differing={} -> 0 of 18 fields differ
[diff] 27b-base :: section 7b anchor, LP -- diagnose_fmt(space column) vs shipped diagnose A2 [DISCLOSED_NOT_GATED; section 10.3 branch 2 evaluates the anchor against the PAIR]
       n=82 fields=18 differing={} -> 0 of 18 fields differ
[diff] 27b-it   :: section 7b anchor, LP -- diagnose_fmt(space column) vs shipped diagnose sbref_ [DISCLOSED_NOT_GATED, section 7.2]
       n=82 fields=18 differing={} -> 0 of 18 fields differ
[section 11] MANDATORY 27b DISCLOSURE:
  i_provenance_pair: {'lambda_instance_id': 'f9320439202a4e198c5bd472ea7cd38b', 'started_utc': '2026-07-29T04:34:10.963379+00:00', 'gpu_name': 'NVIDIA H100 80GB HBM3', 'driver': '570.148.08', 'cuda_visible_devices': '0', 'device_index': 0}
  ii_section10_verdict: NOT EMITTED ON BOX (section 14.2). Section 10 ran on THIS box, in this session, at 27b-base: draws stab27b_shipA / stab27b_shipB / stab27b_arms. The section 10.3 verdict is computed offline by controls/fmt_matched_join.py stab27b, which also does section 10.2's cluster fingerprinting.
  iii_card_class: this run's 27b box is gpu_1x_h100_sxm5, while EVERY committed 27b artifact is H100 PCIe / driver 570.148.08 -- so NO 27b comparison against a committed artifact separates code from hardware (section 7.2; A4). Every 27b-vs-committed row is DISCLOSED_NOT_GATED and emits no reproduction verdict at all.
  iv_known_spread: 27b teacher-forced lp digits have a measured ACROSS-BOX spread of median 0.009-0.13 and max 0.44-0.59 nats, and THREE value-clusters exist at 27b-base (section 10.2's table). A 27b digit printed without parts (i)-(iv) is not quotable (section 11).
[section 14.2] wrote out/fmt_matched_27b_summary.json (11 cells, 0 with a non-zero exit)
[provenance] finished_utc 2026-07-29T05:26:08.424716+00:00
=== per-cell exit codes (a non-zero cell does NOT abandon the rest; RUN_DONE=0 != all passed) ===
topkfmt_27bbase	0	python family_topk_shift_fmt.py --family verifier_family_ext2.json --name google/gemma-2-27b --tag fmt_ext2_27bbase --device cuda
diagfmt_27bbase	0	python family_cave_diagnose_fmt.py --family verifier_family_ext2.json --name google/gemma-2-27b --tag fmt_ext2_27bbase --device cuda
topkfmt_27bit	0	python family_topk_shift_fmt.py --family verifier_family_ext2.json --name google/gemma-2-27b-it --tag fmt_ext2_27bit --device cuda --chat
diagfmt_27bit	0	python family_cave_diagnose_fmt.py --family verifier_family_ext2.json --name google/gemma-2-27b-it --tag fmt_ext2_27bit --device cuda --chat
topkref_27bbase	0	python family_topk_shift.py --family verifier_family_ext2.json --name google/gemma-2-27b --tag sbref_ext2_27bbase --device cuda
topkref_27bit	0	python family_topk_shift.py --family verifier_family_ext2.json --name google/gemma-2-27b-it --tag sbref_ext2_27bit --device cuda --chat
diagref_27bit	0	python family_cave_diagnose.py --family verifier_family_ext2.json --name google/gemma-2-27b-it --tag sbref_ext2_27bit --device cuda --chat
diagref2_27bit	0	python family_cave_diagnose.py --family verifier_family_ext2.json --name google/gemma-2-27b-it --tag sbref2_ext2_27bit --device cuda --chat
stab_shipA	0	python family_cave_diagnose.py --family verifier_family_ext2.json --name google/gemma-2-27b --tag stab27b_shipA --device cuda
stab_shipB	0	python family_cave_diagnose.py --family verifier_family_ext2.json --name google/gemma-2-27b --tag stab27b_shipB --device cuda
stab_arms	0	python family_cave_diagnose_arms.py --family verifier_family_ext2.json --name google/gemma-2-27b --tag stab27b_arms --device cuda --arm fold
=== artifacts ===
-rw-rw-r-- 1 ubuntu ubuntu  151599 Jul 29 05:26 out/family_cave_diagnose_arms_stab27b_arms.json
-rw-rw-r-- 1 ubuntu ubuntu 1499078 Jul 29 04:45 out/family_cave_diagnose_fmt_fmt_ext2_27bbase.json
-rw-rw-r-- 1 ubuntu ubuntu 1536515 Jul 29 04:56 out/family_cave_diagnose_fmt_fmt_ext2_27bit.json
-rw-rw-r-- 1 ubuntu ubuntu   66635 Jul 29 05:11 out/family_cave_diagnose_sbref2_ext2_27bit.json
-rw-rw-r-- 1 ubuntu ubuntu   66634 Jul 29 05:06 out/family_cave_diagnose_sbref_ext2_27bit.json
-rw-rw-r-- 1 ubuntu ubuntu   66688 Jul 29 05:16 out/family_cave_diagnose_stab27b_shipA.json
-rw-rw-r-- 1 ubuntu ubuntu   66688 Jul 29 05:21 out/family_cave_diagnose_stab27b_shipB.json
-rw-rw-r-- 1 ubuntu ubuntu 2355041 Jul 29 04:38 out/family_topk_shift_fmt_fmt_ext2_27bbase.json
-rw-rw-r-- 1 ubuntu ubuntu 2360459 Jul 29 04:48 out/family_topk_shift_fmt_fmt_ext2_27bit.json
-rw-rw-r-- 1 ubuntu ubuntu  717859 Jul 29 04:59 out/family_topk_shift_sbref_ext2_27bbase.json
-rw-rw-r-- 1 ubuntu ubuntu  708389 Jul 29 05:01 out/family_topk_shift_sbref_ext2_27bit.json
ALLDONE_FMT_MATCHED_27B
