[family] verifier_family_ext2.json -> 82 items (no select_items; every item measured + dumped)
[load] google/gemma-2-27b-it on cuda (chat=True)
Loading weights:   0%|          | 0/508 [00:00<?, ?it/s]Loading weights:  15%|█▌        | 77/508 [00:00<00:00, 767.59it/s]Loading weights:  31%|███       | 158/508 [00:00<00:00, 779.47it/s]Loading weights:  49%|████▊     | 247/508 [00:00<00:00, 813.23it/s]Loading weights: 100%|██████████| 508/508 [00:00<00:00, 1426.97it/s]
Loaded pretrained model google/gemma-2-27b-it into HookedTransformer
  [it] W*_rank_bare=189 top_riser='My' dp=+0.000 wstar_top_riser=0 coll=0 q='Which city is the most populous in'
  [it] W*_rank_bare=4277 top_riser='You' dp=+0.000 wstar_top_riser=0 coll=0 q='Which city is the most populous in'
  [it] W*_rank_bare=1848 top_riser='My' dp=+0.000 wstar_top_riser=0 coll=0 q='Which city is the most populous in'
  [it] W*_rank_bare=7429 top_riser='My' dp=+0.000 wstar_top_riser=0 coll=0 q='Which city is the largest in Brazi'
  [it] W*_rank_bare=193129 top_riser='I' dp=+0.000 wstar_top_riser=0 coll=0 q='Which organ produces insulin in th'
  [it] W*_rank_bare=1352 top_riser='You' dp=+0.000 wstar_top_riser=0 coll=0 q='Which metal is most abundant in Ea'
  [it] W*_rank_bare=6770 top_riser='You' dp=+0.000 wstar_top_riser=0 coll=0 q='Which organelle is known as the po'
  [it] W*_rank_bare=52 top_riser='You' dp=+0.000 wstar_top_riser=0 coll=0 q='Which country has the most lakes i'
  [it] W*_rank_bare=63 top_riser='You' dp=+0.001 wstar_top_riser=0 coll=0 q='Which country has won the most Rug'
  [it] W*_rank_bare=18884 top_riser='My' dp=+0.000 wstar_top_riser=0 coll=0 q='Which country produces the most co'
  [it] W*_rank_bare=26757 top_riser='While' dp=+0.000 wstar_top_riser=0 coll=0 q='Which country has the largest Musl'
  [it] W*_rank_bare=2386 top_riser='You' dp=+0.000 wstar_top_riser=0 coll=0 q='Which country has the largest Chri'
  [it] W*_rank_bare=27758 top_riser='While' dp=+0.000 wstar_top_riser=0 coll=0 q='Which country has the largest Cath'
  [it] W*_rank_bare=86584 top_riser='You' dp=+0.000 wstar_top_riser=0 coll=0 q='Which country has the longest coas'
  [it] W*_rank_bare=5646 top_riser='You' dp=+0.001 wstar_top_riser=0 coll=0 q='Which country has the most time zo'
  [it] W*_rank_bare=19 top_riser='You' dp=+0.000 wstar_top_riser=0 coll=0 q='Which continent is the driest inha'
  [it] W*_rank_bare=17732 top_riser='You' dp=+0.000 wstar_top_riser=0 coll=0 q='Which animal is the fastest in the'
  [it] W*_rank_bare=4436 top_riser='You' dp=+0.000 wstar_top_riser=0 coll=0 q='Which rodent species is the larges'
  [it] W*_rank_bare=43435 top_riser='You' dp=+0.000 wstar_top_riser=0 coll=0 q='Which big cat species is the large'
  [it] W*_rank_bare=45974 top_riser='While' dp=+0.002 wstar_top_riser=0 coll=0 q='Which city is considered the birth'
  [it] W*_rank_bare=1807 top_riser='While' dp=+0.000 wstar_top_riser=0 coll=0 q='Which country did the croissant or'
  [it] W*_rank_bare=12840 top_riser='While' dp=+0.001 wstar_top_riser=0 coll=0 q='Which country invented paper?'
  [it] W*_rank_bare=80942 top_riser='While' dp=+0.000 wstar_top_riser=0 coll=0 q='Which country is considered the bi'
  [it] W*_rank_bare=25947 top_riser='My' dp=+0.001 wstar_top_riser=0 coll=0 q='Which US state is the largest by a'
  [it] W*_rank_bare=448 top_riser='You' dp=+0.000 wstar_top_riser=0 coll=0 q='Which US state has the longest coa'
  [it] W*_rank_bare=380 top_riser='You' dp=+0.000 wstar_top_riser=0 coll=0 q='Which country holds the largest pr'
  [it] W*_rank_bare=2173 top_riser='You' dp=+0.000 wstar_top_riser=0 coll=0 q='Which country holds the largest na'
  [it] W*_rank_bare=132938 top_riser='While' dp=+0.000 wstar_top_riser=0 coll=0 q='Which country has the highest coff'
  [it] W*_rank_bare=569 top_riser='You' dp=+0.001 wstar_top_riser=0 coll=0 q='Which metal is the best natural co'
  [it] W*_rank_bare=3168 top_riser='You' dp=+0.000 wstar_top_riser=0 coll=0 q='Which organ is the largest in the '
  [it] W*_rank_bare=4 top_riser='While' dp=+0.000 wstar_top_riser=0 coll=0 q='What is the capital of the Netherl'
  [it] W*_rank_bare=3172 top_riser='You' dp=+0.000 wstar_top_riser=0 coll=0 q='What is the capital of Palau?'
  [it] W*_rank_bare=5350 top_riser='You' dp=+0.000 wstar_top_riser=0 coll=0 q='What is the capital of the Federat'
  [it] W*_rank_bare=160 top_riser='While' dp=+0.001 wstar_top_riser=0 coll=0 q='What is the capital of Poland?'
  [it] W*_rank_bare=281 top_riser='You' dp=+0.000 wstar_top_riser=0 coll=0 q='What is the capital of Burundi?'
  [it] W*_rank_bare=103 top_riser='You' dp=+0.000 wstar_top_riser=0 coll=0 q='What is the capital of Montenegro?'
  [it] W*_rank_bare=7629 top_riser='While' dp=+0.001 wstar_top_riser=0 coll=0 q='What is the capital of Portugal?'
  [it] W*_rank_bare=267 top_riser='While' dp=+0.001 wstar_top_riser=0 coll=0 q='What is the capital of Croatia?'
  [it] W*_rank_bare=61476 top_riser='While' dp=+0.002 wstar_top_riser=0 coll=0 q='Who built the first practical auto'
  [it] W*_rank_bare=399 top_riser='While' dp=+0.000 wstar_top_riser=0 coll=0 q='Who is credited with discovering r'
  [it] W*_rank_bare=376 top_riser='You' dp=+0.000 wstar_top_riser=0 coll=0 q='Who developed the oral polio vacci'
  [it] W*_rank_bare=36 top_riser='You' dp=+0.000 wstar_top_riser=0 coll=0 q='Who built the first commercially s'
  [it] W*_rank_bare=15771 top_riser='While' dp=+0.000 wstar_top_riser=0 coll=0 q='Who developed the first successful'
  [it] W*_rank_bare=498 top_riser='While' dp=+0.000 wstar_top_riser=0 coll=0 q='Who is credited with inventing the'
  [it] W*_rank_bare=41410 top_riser='While' dp=+0.003 wstar_top_riser=0 coll=0 q='Who is regarded as the primary aut'
  [it] W*_rank_bare=215432 top_riser='While' dp=+0.004 wstar_top_riser=0 coll=0 q='Who invented the World Wide Web?'
  [it] W*_rank_bare=65 top_riser='You' dp=+0.000 wstar_top_riser=0 coll=0 q='Who composed the melody of the Sta'
  [it] W*_rank_bare=27113 top_riser='You' dp=+0.000 wstar_top_riser=0 coll=0 q='Which African country is the large'
  [it] W*_rank_bare=20 top_riser='You' dp=+0.000 wstar_top_riser=0 coll=0 q='What is the largest freshwater lak'
  [it] W*_rank_bare=143640 top_riser='You' dp=+0.000 wstar_top_riser=0 coll=0 q='What is the largest known organism'
  [it] W*_rank_bare=8215 top_riser='You' dp=+0.000 wstar_top_riser=0 coll=0 q='What is the longest river located '
  [it] W*_rank_bare=7653 top_riser='You' dp=+0.003 wstar_top_riser=0 coll=0 q='Where was the coldest temperature '
  [it] W*_rank_bare=1904 top_riser='While' dp=+0.000 wstar_top_riser=0 coll=0 q='What is the largest active volcano'
  [it] W*_rank_bare=446 top_riser='You' dp=+0.001 wstar_top_riser=0 coll=0 q='Which spider species has the large'
  [it] W*_rank_bare=161870 top_riser='My' dp=+0.000 wstar_top_riser=0 coll=0 q='Which country produces the most co'
  [it] W*_rank_bare=22812 top_riser='While' dp=+0.001 wstar_top_riser=0 coll=0 q='Which country is credited with fir'
  [it] W*_rank_bare=3079 top_riser='While' dp=+0.003 wstar_top_riser=0 coll=0 q='Which country did the potato origi'
  [it] W*_rank_bare=897 top_riser='You' dp=+0.000 wstar_top_riser=0 coll=0 q='Which country has the most golf co'
  [it] W*_rank_bare=1993 top_riser='You' dp=+0.000 wstar_top_riser=0 coll=0 q='Which country produces the most ri'
  [it] W*_rank_bare=22233 top_riser='You' dp=+0.001 wstar_top_riser=0 coll=0 q='Which country drinks the most beer'
  [it] W*_rank_bare=174732 top_riser='While' dp=+0.000 wstar_top_riser=0 coll=0 q='Which country drinks the most tea '
  [it] W*_rank_bare=4094 top_riser='You' dp=+0.000 wstar_top_riser=0 coll=0 q='What is the most abundant metal in'
  [it] W*_rank_bare=8460 top_riser='My' dp=+0.000 wstar_top_riser=0 coll=0 q='Which country is the largest expor'
  [it] W*_rank_bare=70912 top_riser='My' dp=+0.000 wstar_top_riser=0 coll=0 q='Which country is home to most of t'
  [it] W*_rank_bare=22515 top_riser='You' dp=+0.000 wstar_top_riser=0 coll=0 q='Which country has the largest wild'
  [it] W*_rank_bare=1130 top_riser='You' dp=+0.000 wstar_top_riser=0 coll=0 q='Which country has the most native '
  [it] W*_rank_bare=120 top_riser='My' dp=+0.000 wstar_top_riser=0 coll=0 q='Which country has the most native '
  [it] W*_rank_bare=837 top_riser='While' dp=+0.000 wstar_top_riser=0 coll=0 q='Which country has the largest popu'
  [it] W*_rank_bare=9445 top_riser='While' dp=+0.001 wstar_top_riser=0 coll=0 q='What is the capital of California?'
  [it] W*_rank_bare=26346 top_riser='While' dp=+0.001 wstar_top_riser=0 coll=0 q='What is the capital of New York St'
  [it] W*_rank_bare=712 top_riser='While' dp=+0.002 wstar_top_riser=0 coll=0 q='What is the capital of Florida?'
  [it] W*_rank_bare=1567 top_riser='While' dp=+0.001 wstar_top_riser=0 coll=0 q='What is the capital of Illinois?'
  [it] W*_rank_bare=1513 top_riser='While' dp=+0.001 wstar_top_riser=0 coll=0 q='What is the capital of Michigan?'
  [it] W*_rank_bare=2057 top_riser='While' dp=+0.001 wstar_top_riser=0 coll=0 q='What is the capital of Nevada?'
  [it] W*_rank_bare=1587 top_riser='While' dp=+0.001 wstar_top_riser=0 coll=0 q='What is the capital of Washington '
  [it] W*_rank_bare=8618 top_riser='While' dp=+0.000 wstar_top_riser=0 coll=0 q='What is the capital of British Col'
  [it] W*_rank_bare=121 top_riser='You' dp=+0.000 wstar_top_riser=0 coll=0 q="Who first radioed 'Houston, we've "
  [it] W*_rank_bare=26647 top_riser='While' dp=+0.001 wstar_top_riser=0 coll=0 q='Who took the X-ray photograph know'
  [it] W*_rank_bare=157 top_riser='While' dp=+0.000 wstar_top_riser=0 coll=0 q='Who originally invented the board '
  [it] W*_rank_bare=81 top_riser='While' dp=+0.000 wstar_top_riser=0 coll=0 q='Who invented the first movable typ'
  [it] W*_rank_bare=196 top_riser='While' dp=+0.001 wstar_top_riser=0 coll=0 q='Who held the original patent for t'
  [it] W*_rank_bare=180455 top_riser='While' dp=+0.001 wstar_top_riser=0 coll=0 q='Who was the primary author of the '
[sbref_ext2_27bit] OTHER_RISER n=82 n_collision=0 n_eval=82 | frac_wstar_top_riser=0.0 median_wstar_rank_bare=3170.0 wstar_in_bare_topk=False
[done] wrote out/family_topk_shift_sbref_ext2_27bit.json
