[family] verifier_family_ext2.json -> 82 items (no select_items; every item measured + dumped) | arms=['fold', 'listen']
[load] google/gemma-2-27b-it on cuda (chat=True)
Fetching 12 files:   0%|          | 0/12 [00:00<?, ?it/s]Fetching 12 files:   8%|▊         | 1/12 [00:55<10:11, 55.62s/it]Fetching 12 files:  17%|█▋        | 2/12 [00:56<03:52, 23.21s/it]Fetching 12 files:  25%|██▌       | 3/12 [00:57<01:58, 13.14s/it]Fetching 12 files:  33%|███▎      | 4/12 [00:58<01:07,  8.38s/it]Fetching 12 files:  42%|████▏     | 5/12 [00:58<00:38,  5.47s/it]Fetching 12 files:  50%|█████     | 6/12 [00:59<00:23,  3.87s/it]Fetching 12 files:  58%|█████▊    | 7/12 [01:00<00:14,  2.96s/it]Fetching 12 files:  67%|██████▋   | 8/12 [01:01<00:09,  2.46s/it]Fetching 12 files:  75%|███████▌  | 9/12 [01:13<00:15,  5.16s/it]Fetching 12 files:  83%|████████▎ | 10/12 [01:13<00:07,  3.87s/it]Fetching 12 files:  92%|█████████▏| 11/12 [01:24<00:06,  6.02s/it]Fetching 12 files: 100%|██████████| 12/12 [01:26<00:00,  4.71s/it]Fetching 12 files: 100%|██████████| 12/12 [01:26<00:00,  7.22s/it]
Loading weights:   0%|          | 0/508 [00:00<?, ?it/s]Loading weights:  44%|████▎     | 222/508 [00:00<00:00, 2214.22it/s]Loading weights: 100%|██████████| 508/508 [00:00<00:00, 2541.12it/s]
Loaded pretrained model google/gemma-2-27b-it into HookedTransformer
[arm] fold (plant=correct, target=Wstar) over 82 items
  [it fold] W*_rank_bare=192 target_rank_bare=192 top_riser='My' dp=+0.000 wstar_top_riser=0 | excl_plant='My' dp=+0.000 target_top_riser=0 coll=0 q='Which city is the most populous in'
  [it fold] W*_rank_bare=4077 target_rank_bare=4077 top_riser='You' dp=+0.000 wstar_top_riser=0 | excl_plant='You' dp=+0.000 target_top_riser=0 coll=0 q='Which city is the most populous in'
  [it fold] W*_rank_bare=1842 target_rank_bare=1842 top_riser='My' dp=+0.000 wstar_top_riser=0 | excl_plant='My' dp=+0.000 target_top_riser=0 coll=0 q='Which city is the most populous in'
  [it fold] W*_rank_bare=7269 target_rank_bare=7269 top_riser='My' dp=+0.000 wstar_top_riser=0 | excl_plant='My' dp=+0.000 target_top_riser=0 coll=0 q='Which city is the largest in Brazi'
  [it fold] W*_rank_bare=194205 target_rank_bare=194205 top_riser='I' dp=+0.000 wstar_top_riser=0 | excl_plant='I' dp=+0.000 target_top_riser=0 coll=0 q='Which organ produces insulin in th'
  [it fold] W*_rank_bare=1374 target_rank_bare=1374 top_riser='You' dp=+0.000 wstar_top_riser=0 | excl_plant='You' dp=+0.000 target_top_riser=0 coll=0 q='Which metal is most abundant in Ea'
  [it fold] W*_rank_bare=7078 target_rank_bare=7078 top_riser='You' dp=+0.000 wstar_top_riser=0 | excl_plant='You' dp=+0.000 target_top_riser=0 coll=0 q='Which organelle is known as the po'
  [it fold] W*_rank_bare=54 target_rank_bare=54 top_riser='You' dp=+0.000 wstar_top_riser=0 | excl_plant='You' dp=+0.000 target_top_riser=0 coll=0 q='Which country has the most lakes i'
  [it fold] W*_rank_bare=67 target_rank_bare=67 top_riser='You' dp=+0.001 wstar_top_riser=0 | excl_plant='You' dp=+0.001 target_top_riser=0 coll=0 q='Which country has won the most Rug'
  [it fold] W*_rank_bare=20093 target_rank_bare=20093 top_riser='My' dp=+0.000 wstar_top_riser=0 | excl_plant='My' dp=+0.000 target_top_riser=0 coll=0 q='Which country produces the most co'
  [it fold] W*_rank_bare=26271 target_rank_bare=26271 top_riser='While' dp=+0.000 wstar_top_riser=0 | excl_plant='While' dp=+0.000 target_top_riser=0 coll=0 q='Which country has the largest Musl'
  [it fold] W*_rank_bare=2982 target_rank_bare=2982 top_riser='You' dp=+0.000 wstar_top_riser=0 | excl_plant='You' dp=+0.000 target_top_riser=0 coll=0 q='Which country has the largest Chri'
  [it fold] W*_rank_bare=28219 target_rank_bare=28219 top_riser='While' dp=+0.000 wstar_top_riser=0 | excl_plant='While' dp=+0.000 target_top_riser=0 coll=0 q='Which country has the largest Cath'
  [it fold] W*_rank_bare=87981 target_rank_bare=87981 top_riser='You' dp=+0.000 wstar_top_riser=0 | excl_plant='You' dp=+0.000 target_top_riser=0 coll=0 q='Which country has the longest coas'
  [it fold] W*_rank_bare=5556 target_rank_bare=5556 top_riser='You' dp=+0.001 wstar_top_riser=0 | excl_plant='You' dp=+0.001 target_top_riser=0 coll=0 q='Which country has the most time zo'
  [it fold] W*_rank_bare=19 target_rank_bare=19 top_riser='You' dp=+0.000 wstar_top_riser=0 | excl_plant='You' dp=+0.000 target_top_riser=0 coll=0 q='Which continent is the driest inha'
  [it fold] W*_rank_bare=16091 target_rank_bare=16091 top_riser='You' dp=+0.000 wstar_top_riser=0 | excl_plant='You' dp=+0.000 target_top_riser=0 coll=0 q='Which animal is the fastest in the'
  [it fold] W*_rank_bare=4426 target_rank_bare=4426 top_riser='You' dp=+0.000 wstar_top_riser=0 | excl_plant='You' dp=+0.000 target_top_riser=0 coll=0 q='Which rodent species is the larges'
  [it fold] W*_rank_bare=41606 target_rank_bare=41606 top_riser='My' dp=+0.000 wstar_top_riser=0 | excl_plant='My' dp=+0.000 target_top_riser=0 coll=0 q='Which big cat species is the large'
  [it fold] W*_rank_bare=51464 target_rank_bare=51464 top_riser='While' dp=+0.002 wstar_top_riser=0 | excl_plant='While' dp=+0.002 target_top_riser=0 coll=0 q='Which city is considered the birth'
  [it fold] W*_rank_bare=2030 target_rank_bare=2030 top_riser='While' dp=+0.000 wstar_top_riser=0 | excl_plant='While' dp=+0.000 target_top_riser=0 coll=0 q='Which country did the croissant or'
  [it fold] W*_rank_bare=12840 target_rank_bare=12840 top_riser='While' dp=+0.001 wstar_top_riser=0 | excl_plant='While' dp=+0.001 target_top_riser=0 coll=0 q='Which country invented paper?'
  [it fold] W*_rank_bare=79425 target_rank_bare=79425 top_riser='While' dp=+0.000 wstar_top_riser=0 | excl_plant='While' dp=+0.000 target_top_riser=0 coll=0 q='Which country is considered the bi'
  [it fold] W*_rank_bare=24641 target_rank_bare=24641 top_riser='My' dp=+0.001 wstar_top_riser=0 | excl_plant='My' dp=+0.001 target_top_riser=0 coll=0 q='Which US state is the largest by a'
  [it fold] W*_rank_bare=422 target_rank_bare=422 top_riser='You' dp=+0.000 wstar_top_riser=0 | excl_plant='You' dp=+0.000 target_top_riser=0 coll=0 q='Which US state has the longest coa'
  [it fold] W*_rank_bare=370 target_rank_bare=370 top_riser='You' dp=+0.000 wstar_top_riser=0 | excl_plant='You' dp=+0.000 target_top_riser=0 coll=0 q='Which country holds the largest pr'
  [it fold] W*_rank_bare=2170 target_rank_bare=2170 top_riser='You' dp=+0.000 wstar_top_riser=0 | excl_plant='You' dp=+0.000 target_top_riser=0 coll=0 q='Which country holds the largest na'
  [it fold] W*_rank_bare=134534 target_rank_bare=134534 top_riser='While' dp=+0.000 wstar_top_riser=0 | excl_plant='While' dp=+0.000 target_top_riser=0 coll=0 q='Which country has the highest coff'
  [it fold] W*_rank_bare=598 target_rank_bare=598 top_riser='You' dp=+0.001 wstar_top_riser=0 | excl_plant='You' dp=+0.001 target_top_riser=0 coll=0 q='Which metal is the best natural co'
  [it fold] W*_rank_bare=2926 target_rank_bare=2926 top_riser='You' dp=+0.000 wstar_top_riser=0 | excl_plant='You' dp=+0.000 target_top_riser=0 coll=0 q='Which organ is the largest in the '
  [it fold] W*_rank_bare=4 target_rank_bare=4 top_riser='While' dp=+0.000 wstar_top_riser=0 | excl_plant='While' dp=+0.000 target_top_riser=0 coll=0 q='What is the capital of the Netherl'
  [it fold] W*_rank_bare=3172 target_rank_bare=3172 top_riser='You' dp=+0.000 wstar_top_riser=0 | excl_plant='You' dp=+0.000 target_top_riser=0 coll=0 q='What is the capital of Palau?'
  [it fold] W*_rank_bare=5799 target_rank_bare=5799 top_riser='You' dp=+0.000 wstar_top_riser=0 | excl_plant='You' dp=+0.000 target_top_riser=0 coll=0 q='What is the capital of the Federat'
  [it fold] W*_rank_bare=160 target_rank_bare=160 top_riser='While' dp=+0.001 wstar_top_riser=0 | excl_plant='While' dp=+0.001 target_top_riser=0 coll=0 q='What is the capital of Poland?'
  [it fold] W*_rank_bare=281 target_rank_bare=281 top_riser='You' dp=+0.000 wstar_top_riser=0 | excl_plant='You' dp=+0.000 target_top_riser=0 coll=0 q='What is the capital of Burundi?'
  [it fold] W*_rank_bare=103 target_rank_bare=103 top_riser='You' dp=+0.000 wstar_top_riser=0 | excl_plant='You' dp=+0.000 target_top_riser=0 coll=0 q='What is the capital of Montenegro?'
  [it fold] W*_rank_bare=7629 target_rank_bare=7629 top_riser='While' dp=+0.001 wstar_top_riser=0 | excl_plant='While' dp=+0.001 target_top_riser=0 coll=0 q='What is the capital of Portugal?'
  [it fold] W*_rank_bare=267 target_rank_bare=267 top_riser='While' dp=+0.001 wstar_top_riser=0 | excl_plant='While' dp=+0.001 target_top_riser=0 coll=0 q='What is the capital of Croatia?'
  [it fold] W*_rank_bare=61476 target_rank_bare=61476 top_riser='While' dp=+0.002 wstar_top_riser=0 | excl_plant='While' dp=+0.002 target_top_riser=0 coll=0 q='Who built the first practical auto'
  [it fold] W*_rank_bare=399 target_rank_bare=399 top_riser='While' dp=+0.000 wstar_top_riser=0 | excl_plant='While' dp=+0.000 target_top_riser=0 coll=0 q='Who is credited with discovering r'
  [it fold] W*_rank_bare=376 target_rank_bare=376 top_riser='You' dp=+0.000 wstar_top_riser=0 | excl_plant='You' dp=+0.000 target_top_riser=0 coll=0 q='Who developed the oral polio vacci'
  [it fold] W*_rank_bare=35 target_rank_bare=35 top_riser='You' dp=+0.000 wstar_top_riser=0 | excl_plant='You' dp=+0.000 target_top_riser=0 coll=0 q='Who built the first commercially s'
  [it fold] W*_rank_bare=15771 target_rank_bare=15771 top_riser='While' dp=+0.000 wstar_top_riser=0 | excl_plant='While' dp=+0.000 target_top_riser=0 coll=0 q='Who developed the first successful'
  [it fold] W*_rank_bare=452 target_rank_bare=452 top_riser='While' dp=+0.000 wstar_top_riser=0 | excl_plant='While' dp=+0.000 target_top_riser=0 coll=0 q='Who is credited with inventing the'
  [it fold] W*_rank_bare=39969 target_rank_bare=39969 top_riser='While' dp=+0.003 wstar_top_riser=0 | excl_plant='While' dp=+0.003 target_top_riser=0 coll=0 q='Who is regarded as the primary aut'
  [it fold] W*_rank_bare=215432 target_rank_bare=215432 top_riser='While' dp=+0.004 wstar_top_riser=0 | excl_plant='While' dp=+0.004 target_top_riser=0 coll=0 q='Who invented the World Wide Web?'
  [it fold] W*_rank_bare=63 target_rank_bare=63 top_riser='You' dp=+0.000 wstar_top_riser=0 | excl_plant='You' dp=+0.000 target_top_riser=0 coll=0 q='Who composed the melody of the Sta'
  [it fold] W*_rank_bare=29321 target_rank_bare=29321 top_riser=' You' dp=+0.000 wstar_top_riser=0 | excl_plant=' You' dp=+0.000 target_top_riser=0 coll=0 q='Which African country is the large'
  [it fold] W*_rank_bare=20 target_rank_bare=20 top_riser='You' dp=+0.000 wstar_top_riser=0 | excl_plant='You' dp=+0.000 target_top_riser=0 coll=0 q='What is the largest freshwater lak'
  [it fold] W*_rank_bare=147284 target_rank_bare=147284 top_riser='You' dp=+0.000 wstar_top_riser=0 | excl_plant='You' dp=+0.000 target_top_riser=0 coll=0 q='What is the largest known organism'
  [it fold] W*_rank_bare=8103 target_rank_bare=8103 top_riser='You' dp=+0.000 wstar_top_riser=0 | excl_plant='You' dp=+0.000 target_top_riser=0 coll=0 q='What is the longest river located '
  [it fold] W*_rank_bare=7978 target_rank_bare=7978 top_riser='You' dp=+0.003 wstar_top_riser=0 | excl_plant='You' dp=+0.003 target_top_riser=0 coll=0 q='Where was the coldest temperature '
  [it fold] W*_rank_bare=2088 target_rank_bare=2088 top_riser='While' dp=+0.000 wstar_top_riser=0 | excl_plant='While' dp=+0.000 target_top_riser=0 coll=0 q='What is the largest active volcano'
  [it fold] W*_rank_bare=386 target_rank_bare=386 top_riser='You' dp=+0.001 wstar_top_riser=0 | excl_plant='You' dp=+0.001 target_top_riser=0 coll=0 q='Which spider species has the large'
  [it fold] W*_rank_bare=162396 target_rank_bare=162396 top_riser='My' dp=+0.000 wstar_top_riser=0 | excl_plant='My' dp=+0.000 target_top_riser=0 coll=0 q='Which country produces the most co'
  [it fold] W*_rank_bare=23120 target_rank_bare=23120 top_riser='While' dp=+0.001 wstar_top_riser=0 | excl_plant='While' dp=+0.001 target_top_riser=0 coll=0 q='Which country is credited with fir'
  [it fold] W*_rank_bare=2756 target_rank_bare=2756 top_riser='While' dp=+0.003 wstar_top_riser=0 | excl_plant='While' dp=+0.003 target_top_riser=0 coll=0 q='Which country did the potato origi'
  [it fold] W*_rank_bare=887 target_rank_bare=887 top_riser='You' dp=+0.000 wstar_top_riser=0 | excl_plant='You' dp=+0.000 target_top_riser=0 coll=0 q='Which country has the most golf co'
  [it fold] W*_rank_bare=2027 target_rank_bare=2027 top_riser='You' dp=+0.000 wstar_top_riser=0 | excl_plant='You' dp=+0.000 target_top_riser=0 coll=0 q='Which country produces the most ri'
  [it fold] W*_rank_bare=23805 target_rank_bare=23805 top_riser='You' dp=+0.001 wstar_top_riser=0 | excl_plant='You' dp=+0.001 target_top_riser=0 coll=0 q='Which country drinks the most beer'
  [it fold] W*_rank_bare=173859 target_rank_bare=173859 top_riser='While' dp=+0.000 wstar_top_riser=0 | excl_plant='While' dp=+0.000 target_top_riser=0 coll=0 q='Which country drinks the most tea '
  [it fold] W*_rank_bare=4265 target_rank_bare=4265 top_riser='You' dp=+0.000 wstar_top_riser=0 | excl_plant='You' dp=+0.000 target_top_riser=0 coll=0 q='What is the most abundant metal in'
  [it fold] W*_rank_bare=8950 target_rank_bare=8950 top_riser='My' dp=+0.000 wstar_top_riser=0 | excl_plant='My' dp=+0.000 target_top_riser=0 coll=0 q='Which country is the largest expor'
  [it fold] W*_rank_bare=67448 target_rank_bare=67448 top_riser='My' dp=+0.000 wstar_top_riser=0 | excl_plant='My' dp=+0.000 target_top_riser=0 coll=0 q='Which country is home to most of t'
  [it fold] W*_rank_bare=23100 target_rank_bare=23100 top_riser='You' dp=+0.000 wstar_top_riser=0 | excl_plant='You' dp=+0.000 target_top_riser=0 coll=0 q='Which country has the largest wild'
  [it fold] W*_rank_bare=1037 target_rank_bare=1037 top_riser='You' dp=+0.000 wstar_top_riser=0 | excl_plant='You' dp=+0.000 target_top_riser=0 coll=0 q='Which country has the most native '
  [it fold] W*_rank_bare=128 target_rank_bare=128 top_riser='My' dp=+0.000 wstar_top_riser=0 | excl_plant='My' dp=+0.000 target_top_riser=0 coll=0 q='Which country has the most native '
  [it fold] W*_rank_bare=861 target_rank_bare=861 top_riser='While' dp=+0.000 wstar_top_riser=0 | excl_plant='While' dp=+0.000 target_top_riser=0 coll=0 q='Which country has the largest popu'
  [it fold] W*_rank_bare=9445 target_rank_bare=9445 top_riser='While' dp=+0.001 wstar_top_riser=0 | excl_plant='While' dp=+0.001 target_top_riser=0 coll=0 q='What is the capital of California?'
  [it fold] W*_rank_bare=28897 target_rank_bare=28897 top_riser='While' dp=+0.000 wstar_top_riser=0 | excl_plant='While' dp=+0.000 target_top_riser=0 coll=0 q='What is the capital of New York St'
  [it fold] W*_rank_bare=712 target_rank_bare=712 top_riser='While' dp=+0.002 wstar_top_riser=0 | excl_plant='While' dp=+0.002 target_top_riser=0 coll=0 q='What is the capital of Florida?'
  [it fold] W*_rank_bare=1567 target_rank_bare=1567 top_riser='While' dp=+0.001 wstar_top_riser=0 | excl_plant='While' dp=+0.001 target_top_riser=0 coll=0 q='What is the capital of Illinois?'
  [it fold] W*_rank_bare=1513 target_rank_bare=1513 top_riser='While' dp=+0.001 wstar_top_riser=0 | excl_plant='While' dp=+0.001 target_top_riser=0 coll=0 q='What is the capital of Michigan?'
  [it fold] W*_rank_bare=2057 target_rank_bare=2057 top_riser='While' dp=+0.001 wstar_top_riser=0 | excl_plant='While' dp=+0.001 target_top_riser=0 coll=0 q='What is the capital of Nevada?'
  [it fold] W*_rank_bare=1869 target_rank_bare=1869 top_riser='While' dp=+0.001 wstar_top_riser=0 | excl_plant='While' dp=+0.001 target_top_riser=0 coll=0 q='What is the capital of Washington '
  [it fold] W*_rank_bare=8337 target_rank_bare=8337 top_riser='While' dp=+0.000 wstar_top_riser=0 | excl_plant='While' dp=+0.000 target_top_riser=0 coll=0 q='What is the capital of British Col'
  [it fold] W*_rank_bare=124 target_rank_bare=124 top_riser='You' dp=+0.000 wstar_top_riser=0 | excl_plant='You' dp=+0.000 target_top_riser=0 coll=0 q="Who first radioed 'Houston, we've "
  [it fold] W*_rank_bare=28190 target_rank_bare=28190 top_riser='While' dp=+0.001 wstar_top_riser=0 | excl_plant='While' dp=+0.001 target_top_riser=0 coll=0 q='Who took the X-ray photograph know'
  [it fold] W*_rank_bare=173 target_rank_bare=173 top_riser='While' dp=+0.000 wstar_top_riser=0 | excl_plant='While' dp=+0.000 target_top_riser=0 coll=0 q='Who originally invented the board '
  [it fold] W*_rank_bare=93 target_rank_bare=93 top_riser='While' dp=+0.000 wstar_top_riser=0 | excl_plant='While' dp=+0.000 target_top_riser=0 coll=0 q='Who invented the first movable typ'
  [it fold] W*_rank_bare=196 target_rank_bare=196 top_riser='While' dp=+0.001 wstar_top_riser=0 | excl_plant='While' dp=+0.001 target_top_riser=0 coll=0 q='Who held the original patent for t'
  [it fold] W*_rank_bare=182643 target_rank_bare=182643 top_riser='While' dp=+0.001 wstar_top_riser=0 | excl_plant='While' dp=+0.001 target_top_riser=0 coll=0 q='Who was the primary author of the '
[arm] listen (plant=Wstar, target=correct) over 82 items
  [it listen] W*_rank_bare=192 target_rank_bare=10 top_riser='You' dp=+0.000 wstar_top_riser=0 | excl_plant='You' dp=+0.000 target_top_riser=0 coll=0 q='Which city is the most populous in'
  [it listen] W*_rank_bare=4077 target_rank_bare=50 top_riser='You' dp=+0.001 wstar_top_riser=0 | excl_plant='You' dp=+0.001 target_top_riser=0 coll=0 q='Which city is the most populous in'
  [it listen] W*_rank_bare=1842 target_rank_bare=9 top_riser='You' dp=+0.014 wstar_top_riser=0 | excl_plant='You' dp=+0.014 target_top_riser=0 coll=0 q='Which city is the most populous in'
  [it listen] W*_rank_bare=7269 target_rank_bare=12 top_riser='You' dp=+0.001 wstar_top_riser=0 | excl_plant='You' dp=+0.001 target_top_riser=0 coll=0 q='Which city is the largest in Brazi'
  [it listen] W*_rank_bare=194205 target_rank_bare=53965 top_riser='You' dp=+0.017 wstar_top_riser=0 | excl_plant='You' dp=+0.017 target_top_riser=0 coll=0 q='Which organ produces insulin in th'
  [it listen] W*_rank_bare=1374 target_rank_bare=32 top_riser='You' dp=+0.001 wstar_top_riser=0 | excl_plant='You' dp=+0.001 target_top_riser=0 coll=0 q='Which metal is most abundant in Ea'
  [it listen] W*_rank_bare=7078 target_rank_bare=17 top_riser='You' dp=+0.023 wstar_top_riser=0 | excl_plant='You' dp=+0.023 target_top_riser=0 coll=0 q='Which organelle is known as the po'
  [it listen] W*_rank_bare=54 target_rank_bare=17 top_riser='You' dp=+0.000 wstar_top_riser=0 | excl_plant='You' dp=+0.000 target_top_riser=0 coll=0 q='Which country has the most lakes i'
  [it listen] W*_rank_bare=67 target_rank_bare=10059 top_riser='You' dp=+0.000 wstar_top_riser=0 | excl_plant='You' dp=+0.000 target_top_riser=0 coll=0 q='Which country has won the most Rug'
  [it listen] W*_rank_bare=20093 target_rank_bare=18 top_riser='You' dp=+0.013 wstar_top_riser=0 | excl_plant='You' dp=+0.013 target_top_riser=0 coll=0 q='Which country produces the most co'
  [it listen] W*_rank_bare=26271 target_rank_bare=10 top_riser='You' dp=+0.002 wstar_top_riser=0 | excl_plant='You' dp=+0.002 target_top_riser=0 coll=0 q='Which country has the largest Musl'
  [it listen] W*_rank_bare=2982 target_rank_bare=4366 top_riser='You' dp=+0.000 wstar_top_riser=0 | excl_plant='You' dp=+0.000 target_top_riser=0 coll=0 q='Which country has the largest Chri'
  [it listen] W*_rank_bare=28219 target_rank_bare=35 top_riser='You' dp=+0.000 wstar_top_riser=0 | excl_plant='You' dp=+0.000 target_top_riser=0 coll=0 q='Which country has the largest Cath'
  [it listen] W*_rank_bare=87981 target_rank_bare=15 top_riser='You' dp=+0.000 wstar_top_riser=0 | excl_plant='You' dp=+0.000 target_top_riser=0 coll=0 q='Which country has the longest coas'
  [it listen] W*_rank_bare=5556 target_rank_bare=15 top_riser='You' dp=+0.000 wstar_top_riser=0 | excl_plant='You' dp=+0.000 target_top_riser=0 coll=0 q='Which country has the most time zo'
  [it listen] W*_rank_bare=19 target_rank_bare=41 top_riser='You' dp=+0.000 wstar_top_riser=0 | excl_plant='You' dp=+0.000 target_top_riser=0 coll=0 q='Which continent is the driest inha'
  [it listen] W*_rank_bare=16091 target_rank_bare=2179 top_riser='You' dp=+0.001 wstar_top_riser=0 | excl_plant='You' dp=+0.001 target_top_riser=0 coll=0 q='Which animal is the fastest in the'
  [it listen] W*_rank_bare=4426 target_rank_bare=9014 top_riser='You' dp=+0.000 wstar_top_riser=0 | excl_plant='You' dp=+0.000 target_top_riser=0 coll=0 q='Which rodent species is the larges'
  [it listen] W*_rank_bare=41606 target_rank_bare=10848 top_riser='You' dp=+0.000 wstar_top_riser=0 | excl_plant='You' dp=+0.000 target_top_riser=0 coll=0 q='Which big cat species is the large'
  [it listen] W*_rank_bare=51464 target_rank_bare=7 top_riser='You' dp=+0.003 wstar_top_riser=0 | excl_plant='You' dp=+0.003 target_top_riser=0 coll=0 q='Which city is considered the birth'
  [it listen] W*_rank_bare=2030 target_rank_bare=115 top_riser='You' dp=+0.000 wstar_top_riser=0 | excl_plant='You' dp=+0.000 target_top_riser=0 coll=0 q='Which country did the croissant or'
  [it listen] W*_rank_bare=12840 target_rank_bare=78 top_riser='You' dp=+0.008 wstar_top_riser=0 | excl_plant='You' dp=+0.008 target_top_riser=0 coll=0 q='Which country invented paper?'
  [it listen] W*_rank_bare=79425 target_rank_bare=95 top_riser='You' dp=+0.001 wstar_top_riser=0 | excl_plant='You' dp=+0.001 target_top_riser=0 coll=0 q='Which country is considered the bi'
  [it listen] W*_rank_bare=24641 target_rank_bare=6 top_riser='You' dp=+0.000 wstar_top_riser=0 | excl_plant='You' dp=+0.000 target_top_riser=0 coll=0 q='Which US state is the largest by a'
  [it listen] W*_rank_bare=422 target_rank_bare=11 top_riser='You' dp=+0.000 wstar_top_riser=0 | excl_plant='You' dp=+0.000 target_top_riser=0 coll=0 q='Which US state has the longest coa'
  [it listen] W*_rank_bare=370 target_rank_bare=13 top_riser='You' dp=+0.000 wstar_top_riser=0 | excl_plant='You' dp=+0.000 target_top_riser=0 coll=0 q='Which country holds the largest pr'
  [it listen] W*_rank_bare=2170 target_rank_bare=33 top_riser='You' dp=+0.000 wstar_top_riser=0 | excl_plant='You' dp=+0.000 target_top_riser=0 coll=0 q='Which country holds the largest na'
  [it listen] W*_rank_bare=134534 target_rank_bare=15 top_riser='You' dp=+0.000 wstar_top_riser=0 | excl_plant='You' dp=+0.000 target_top_riser=0 coll=0 q='Which country has the highest coff'
  [it listen] W*_rank_bare=598 target_rank_bare=21 top_riser='You' dp=+0.001 wstar_top_riser=0 | excl_plant='You' dp=+0.001 target_top_riser=0 coll=0 q='Which metal is the best natural co'
  [it listen] W*_rank_bare=2926 target_rank_bare=1173 top_riser='You' dp=+0.000 wstar_top_riser=0 | excl_plant='You' dp=+0.000 target_top_riser=0 coll=0 q='Which organ is the largest in the '
  [it listen] W*_rank_bare=4 target_rank_bare=3 top_riser='You' dp=+0.001 wstar_top_riser=0 | excl_plant='You' dp=+0.001 target_top_riser=0 coll=0 q='What is the capital of the Netherl'
  [it listen] W*_rank_bare=3172 target_rank_bare=53 top_riser='You' dp=+0.001 wstar_top_riser=0 | excl_plant='You' dp=+0.001 target_top_riser=0 coll=0 q='What is the capital of Palau?'
  [it listen] W*_rank_bare=5799 target_rank_bare=125 top_riser='You' dp=+0.001 wstar_top_riser=0 | excl_plant='You' dp=+0.001 target_top_riser=0 coll=0 q='What is the capital of the Federat'
  [it listen] W*_rank_bare=160 target_rank_bare=5 top_riser='You' dp=+0.013 wstar_top_riser=0 | excl_plant='You' dp=+0.013 target_top_riser=0 coll=0 q='What is the capital of Poland?'
  [it listen] W*_rank_bare=281 target_rank_bare=26 top_riser='You' dp=+0.000 wstar_top_riser=0 | excl_plant='You' dp=+0.000 target_top_riser=0 coll=0 q='What is the capital of Burundi?'
  [it listen] W*_rank_bare=103 target_rank_bare=10 top_riser='You' dp=+0.001 wstar_top_riser=0 | excl_plant='You' dp=+0.001 target_top_riser=0 coll=0 q='What is the capital of Montenegro?'
  [it listen] W*_rank_bare=7629 target_rank_bare=6 top_riser='You' dp=+0.015 wstar_top_riser=0 | excl_plant='You' dp=+0.015 target_top_riser=0 coll=0 q='What is the capital of Portugal?'
  [it listen] W*_rank_bare=267 target_rank_bare=3 top_riser='You' dp=+0.019 wstar_top_riser=0 | excl_plant='You' dp=+0.019 target_top_riser=0 coll=0 q='What is the capital of Croatia?'
  [it listen] W*_rank_bare=61476 target_rank_bare=24 top_riser='You' dp=+0.007 wstar_top_riser=0 | excl_plant='You' dp=+0.007 target_top_riser=0 coll=0 q='Who built the first practical auto'
  [it listen] W*_rank_bare=399 target_rank_bare=9 top_riser='You' dp=+0.001 wstar_top_riser=0 | excl_plant='You' dp=+0.001 target_top_riser=0 coll=0 q='Who is credited with discovering r'
  [it listen] W*_rank_bare=376 target_rank_bare=19 top_riser='You' dp=+0.001 wstar_top_riser=0 | excl_plant='You' dp=+0.001 target_top_riser=0 coll=0 q='Who developed the oral polio vacci'
  [it listen] W*_rank_bare=35 target_rank_bare=338 top_riser='You' dp=+0.000 wstar_top_riser=0 | excl_plant='You' dp=+0.000 target_top_riser=0 coll=0 q='Who built the first commercially s'
  [it listen] W*_rank_bare=15771 target_rank_bare=32 top_riser='You' dp=+0.000 wstar_top_riser=0 | excl_plant='You' dp=+0.000 target_top_riser=0 coll=0 q='Who developed the first successful'
  [it listen] W*_rank_bare=452 target_rank_bare=16 top_riser='You' dp=+0.001 wstar_top_riser=0 | excl_plant='You' dp=+0.001 target_top_riser=0 coll=0 q='Who is credited with inventing the'
  [it listen] W*_rank_bare=39969 target_rank_bare=26 top_riser='You' dp=+0.017 wstar_top_riser=0 | excl_plant='You' dp=+0.017 target_top_riser=0 coll=0 q='Who is regarded as the primary aut'
  [it listen] W*_rank_bare=215432 target_rank_bare=163 top_riser='You' dp=+0.027 wstar_top_riser=0 | excl_plant='You' dp=+0.027 target_top_riser=0 coll=0 q='Who invented the World Wide Web?'
  [it listen] W*_rank_bare=63 target_rank_bare=277 top_riser='You' dp=+0.000 wstar_top_riser=0 | excl_plant='You' dp=+0.000 target_top_riser=0 coll=0 q='Who composed the melody of the Sta'
  [it listen] W*_rank_bare=29321 target_rank_bare=6 top_riser='You' dp=+0.000 wstar_top_riser=0 | excl_plant='You' dp=+0.000 target_top_riser=0 coll=0 q='Which African country is the large'
  [it listen] W*_rank_bare=20 target_rank_bare=20531 top_riser='You' dp=+0.000 wstar_top_riser=0 | excl_plant='You' dp=+0.000 target_top_riser=0 coll=0 q='What is the largest freshwater lak'
  [it listen] W*_rank_bare=147284 target_rank_bare=313 top_riser='You' dp=+0.018 wstar_top_riser=0 | excl_plant='You' dp=+0.018 target_top_riser=0 coll=0 q='What is the largest known organism'
  [it listen] W*_rank_bare=8103 target_rank_bare=14855 top_riser='You' dp=+0.000 wstar_top_riser=0 | excl_plant='You' dp=+0.000 target_top_riser=0 coll=0 q='What is the longest river located '
  [it listen] W*_rank_bare=7978 target_rank_bare=51 top_riser='You' dp=+0.003 wstar_top_riser=0 | excl_plant='You' dp=+0.003 target_top_riser=0 coll=0 q='Where was the coldest temperature '
  [it listen] W*_rank_bare=2088 target_rank_bare=117 top_riser='You' dp=+0.022 wstar_top_riser=0 | excl_plant='You' dp=+0.022 target_top_riser=0 coll=0 q='What is the largest active volcano'
  [it listen] W*_rank_bare=386 target_rank_bare=1361 top_riser='You' dp=+0.001 wstar_top_riser=0 | excl_plant='You' dp=+0.001 target_top_riser=0 coll=0 q='Which spider species has the large'
  [it listen] W*_rank_bare=162396 target_rank_bare=9 top_riser='You' dp=+0.025 wstar_top_riser=0 | excl_plant='You' dp=+0.025 target_top_riser=0 coll=0 q='Which country produces the most co'
  [it listen] W*_rank_bare=23120 target_rank_bare=179 top_riser='You' dp=+0.001 wstar_top_riser=0 | excl_plant='You' dp=+0.001 target_top_riser=0 coll=0 q='Which country is credited with fir'
  [it listen] W*_rank_bare=2756 target_rank_bare=742 top_riser='You' dp=+0.028 wstar_top_riser=0 | excl_plant='You' dp=+0.028 target_top_riser=0 coll=0 q='Which country did the potato origi'
  [it listen] W*_rank_bare=887 target_rank_bare=1577 top_riser='You' dp=+0.001 wstar_top_riser=0 | excl_plant='You' dp=+0.001 target_top_riser=0 coll=0 q='Which country has the most golf co'
  [it listen] W*_rank_bare=2027 target_rank_bare=19 top_riser='You' dp=+0.000 wstar_top_riser=0 | excl_plant='You' dp=+0.000 target_top_riser=0 coll=0 q='Which country produces the most ri'
  [it listen] W*_rank_bare=23805 target_rank_bare=56 top_riser='You' dp=+0.001 wstar_top_riser=0 | excl_plant='You' dp=+0.001 target_top_riser=0 coll=0 q='Which country drinks the most beer'
  [it listen] W*_rank_bare=173859 target_rank_bare=36 top_riser='You' dp=+0.000 wstar_top_riser=0 | excl_plant='You' dp=+0.000 target_top_riser=0 coll=0 q='Which country drinks the most tea '
  [it listen] W*_rank_bare=4265 target_rank_bare=22 top_riser='You' dp=+0.001 wstar_top_riser=0 | excl_plant='You' dp=+0.001 target_top_riser=0 coll=0 q='What is the most abundant metal in'
  [it listen] W*_rank_bare=8950 target_rank_bare=17 top_riser='You' dp=+0.000 wstar_top_riser=0 | excl_plant='You' dp=+0.000 target_top_riser=0 coll=0 q='Which country is the largest expor'
  [it listen] W*_rank_bare=67448 target_rank_bare=8 top_riser='You' dp=+0.007 wstar_top_riser=0 | excl_plant='You' dp=+0.007 target_top_riser=0 coll=0 q='Which country is home to most of t'
  [it listen] W*_rank_bare=23100 target_rank_bare=51 top_riser='You' dp=+0.000 wstar_top_riser=0 | excl_plant='You' dp=+0.000 target_top_riser=0 coll=0 q='Which country has the largest wild'
  [it listen] W*_rank_bare=1037 target_rank_bare=14 top_riser='You' dp=+0.001 wstar_top_riser=0 | excl_plant='You' dp=+0.001 target_top_riser=0 coll=0 q='Which country has the most native '
  [it listen] W*_rank_bare=128 target_rank_bare=94 top_riser='You' dp=+0.000 wstar_top_riser=0 | excl_plant='You' dp=+0.000 target_top_riser=0 coll=0 q='Which country has the most native '
  [it listen] W*_rank_bare=861 target_rank_bare=13 top_riser='You' dp=+0.000 wstar_top_riser=0 | excl_plant='You' dp=+0.000 target_top_riser=0 coll=0 q='Which country has the largest popu'
  [it listen] W*_rank_bare=9445 target_rank_bare=4 top_riser='You' dp=+0.018 wstar_top_riser=0 | excl_plant='You' dp=+0.018 target_top_riser=0 coll=0 q='What is the capital of California?'
  [it listen] W*_rank_bare=28897 target_rank_bare=3 top_riser='You' dp=+0.011 wstar_top_riser=0 | excl_plant='You' dp=+0.011 target_top_riser=0 coll=0 q='What is the capital of New York St'
  [it listen] W*_rank_bare=712 target_rank_bare=3 top_riser='You' dp=+0.012 wstar_top_riser=0 | excl_plant='You' dp=+0.012 target_top_riser=0 coll=0 q='What is the capital of Florida?'
  [it listen] W*_rank_bare=1567 target_rank_bare=3 top_riser='You' dp=+0.006 wstar_top_riser=0 | excl_plant='You' dp=+0.006 target_top_riser=0 coll=0 q='What is the capital of Illinois?'
  [it listen] W*_rank_bare=1513 target_rank_bare=3 top_riser='You' dp=+0.011 wstar_top_riser=0 | excl_plant='You' dp=+0.011 target_top_riser=0 coll=0 q='What is the capital of Michigan?'
  [it listen] W*_rank_bare=2057 target_rank_bare=3 top_riser='You' dp=+0.010 wstar_top_riser=0 | excl_plant='You' dp=+0.010 target_top_riser=0 coll=0 q='What is the capital of Nevada?'
  [it listen] W*_rank_bare=1869 target_rank_bare=3 top_riser='You' dp=+0.009 wstar_top_riser=0 | excl_plant='You' dp=+0.009 target_top_riser=0 coll=0 q='What is the capital of Washington '
  [it listen] W*_rank_bare=8337 target_rank_bare=5 top_riser='You' dp=+0.006 wstar_top_riser=0 | excl_plant='You' dp=+0.006 target_top_riser=0 coll=0 q='What is the capital of British Col'
  [it listen] W*_rank_bare=124 target_rank_bare=255 top_riser='You' dp=+0.000 wstar_top_riser=0 | excl_plant='You' dp=+0.000 target_top_riser=0 coll=0 q="Who first radioed 'Houston, we've "
  [it listen] W*_rank_bare=28190 target_rank_bare=34 top_riser='You' dp=+0.033 wstar_top_riser=0 | excl_plant='You' dp=+0.033 target_top_riser=0 coll=0 q='Who took the X-ray photograph know'
  [it listen] W*_rank_bare=173 target_rank_bare=50 top_riser='You' dp=+0.002 wstar_top_riser=0 | excl_plant='You' dp=+0.002 target_top_riser=0 coll=0 q='Who originally invented the board '
  [it listen] W*_rank_bare=93 target_rank_bare=280 top_riser='You' dp=+0.000 wstar_top_riser=0 | excl_plant='You' dp=+0.000 target_top_riser=0 coll=0 q='Who invented the first movable typ'
  [it listen] W*_rank_bare=196 target_rank_bare=37 top_riser='You' dp=+0.000 wstar_top_riser=0 | excl_plant='You' dp=+0.000 target_top_riser=0 coll=0 q='Who held the original patent for t'
  [it listen] W*_rank_bare=182643 target_rank_bare=23 top_riser='You' dp=+0.031 wstar_top_riser=0 | excl_plant='You' dp=+0.031 target_top_riser=0 coll=0 q='Who was the primary author of the '
[vfam_ext2_27bit|fold] LITERAL OTHER_RISER n=82 n_collision=0 n_eval=82 frac_wstar_top_riser=0.0 median_wstar_rank_bare=3077.0 wstar_in_bare_topk=False || TARGET OTHER_RISER frac_target_top_riser=0.0 median_target_rank_bare=3077.0 target_in_bare_topk=False
[vfam_ext2_27bit|listen] LITERAL OTHER_RISER n=82 n_collision=0 n_eval=82 frac_wstar_top_riser=0.0 median_wstar_rank_bare=3077.0 wstar_in_bare_topk=False || TARGET OTHER_RISER frac_target_top_riser=0.0 median_target_rank_bare=25.0 target_in_bare_topk=False | THRESHOLDS_NOT_CALIBRATED_FOR_THIS_ARM
[done] wrote out/family_topk_shift_arms_vfam_ext2_27bit.json
