[provenance] lambda_instance_id=eed0b6f9b9184bdaaeb32eee417370f2 started_utc=2026-07-29T04:47:30.862642+00:00 gpu=NVIDIA A100-SXM4-40GB driver=570.148.08 cvd=0 missing=['finished_utc']
[family] verifier_family_ext2.json -> 82 items (no select_items; every item measured + dumped) | keys=['space', 'bare'] slots=['single', 'neutral', 'counter'] | readout_role=secondary_diagnostic (sec 8.2: the primary readout is the RANK instrument's; nothing here may be promoted)
[load] google/gemma-2-9b-it on cuda (chat=True)
Loading weights:   0%|          | 0/464 [00:00<?, ?it/s]Loading weights: 100%|██████████| 464/464 [00:00<00:00, 5111.40it/s]
Loaded pretrained model google/gemma-2-9b-it into HookedTransformer
  [it T1] M0 sp/ca=+8.719/+7.500 hp=00 RC sp/ca=+7.852/+5.312 fRC=11 i0(W,ctr) sp/ba=-13.625/-11.375 resid(ctr)=2.7e-05 n_tok sp/ba=1/1 q='Which city is the most populou'
  [it T1] M0 sp/ca=-3.313/-1.375 hp=01 RC sp/ca=+7.926/+7.258 fRC=11 i0(W,ctr) sp/ba=-17.501/-10.501 resid(ctr)=0.031262 n_tok sp/ba=2/2 q='Which city is the most populou'
  [it T1] M0 sp/ca=+10.477/+10.219 hp=00 RC sp/ca=+10.477/+10.586 fRC=11 i0(W,ctr) sp/ba=-12.072/-6.885 resid(ctr)=0.186356 n_tok sp/ba=1/1 q='Which city is the most populou'
  [it T1] M0 sp/ca=+2.625/+1.064 hp=01 RC sp/ca=+3.373/+1.801 fRC=11 i0(W,ctr) sp/ba=-14.876/-9.001 resid(ctr)=-0.031191 n_tok sp/ba=3/3 q='Which city is the largest in B'
  [it T1] M0 sp/ca=+4.637/+4.562 hp=00 RC sp/ca=+6.106/+6.542 fRC=11 i0(W,ctr) sp/ba=-16.803/-9.459 resid(ctr)=0.157899 n_tok sp/ba=1/1 q='Which organ produces insulin i'
  [it T1] M0 sp/ca=+2.156/+3.875 hp=00 RC sp/ca=+5.000/+4.031 fRC=11 i0(W,ctr) sp/ba=-17.097/-12.565 resid(ctr)=-0.218709 n_tok sp/ba=1/1 q='Which metal is most abundant i'
  [it T1] M0 sp/ca=+11.208/+7.642 hp=00 RC sp/ca=+4.195/+0.827 fRC=11 i0(W,ctr) sp/ba=-14.691/-12.503 resid(ctr)=4.8e-05 n_tok sp/ba=1/2 q='Which organelle is known as th'
  [it T1] M0 sp/ca=+1.062/+2.625 hp=10 RC sp/ca=+10.586/+9.125 fRC=11 i0(W,ctr) sp/ba=-12.313/-8.501 resid(ctr)=-0.062506 n_tok sp/ba=1/1 q='Which country has the most lak'
  [it T1] M0 sp/ca=-8.433/-7.938 hp=00 RC sp/ca=+8.946/+7.662 fRC=11 i0(W,ctr) sp/ba=-21.952/-12.063 resid(ctr)=0.048805 n_tok sp/ba=2/2 q='Which country has won the most'
  [it T1] M0 sp/ca=+10.406/+8.688 hp=00 RC sp/ca=+5.219/+3.531 fRC=11 i0(W,ctr) sp/ba=-13.440/-9.753 resid(ctr)=-0.062478 n_tok sp/ba=1/1 q='Which country produces the mos'
  [it T1] M0 sp/ca=+15.838/+11.375 hp=00 RC sp/ca=+3.931/+2.960 fRC=11 i0(W,ctr) sp/ba=-17.376/-11.876 resid(ctr)=0.093803 n_tok sp/ba=2/2 q='Which country has the largest '
  [it T1] M0 sp/ca=-6.319/-3.943 hp=00 RC sp/ca=+7.304/+7.089 fRC=11 i0(W,ctr) sp/ba=-15.313/-10.000 resid(ctr)=-0.187444 n_tok sp/ba=1/1 q='Which country has the largest '
  [it T1] M0 sp/ca=+13.531/+10.906 hp=00 RC sp/ca=+7.875/+6.828 fRC=11 i0(W,ctr) sp/ba=-16.876/-10.501 resid(ctr)=-1.6e-05 n_tok sp/ba=1/1 q='Which country has the largest '
  [it T1] M0 sp/ca=+9.266/+7.625 hp=00 RC sp/ca=+7.801/+5.938 fRC=11 i0(W,ctr) sp/ba=-17.938/-11.563 resid(ctr)=-7e-06 n_tok sp/ba=1/1 q='Which country has the longest '
  [it T1] M0 sp/ca=+4.625/+3.000 hp=00 RC sp/ca=+10.672/+9.625 fRC=11 i0(W,ctr) sp/ba=-17.625/-11.000 resid(ctr)=3e-06 n_tok sp/ba=1/1 q='Which country has the most tim'
  [it T1] M0 sp/ca=+1.219/+1.250 hp=11 RC sp/ca=+6.641/+5.969 fRC=11 i0(W,ctr) sp/ba=-14.969/-9.313 resid(ctr)=-0.093738 n_tok sp/ba=1/1 q='Which continent is the driest '
  [it T1] M0 sp/ca=+0.773/-1.368 hp=11 RC sp/ca=+3.183/+1.427 fRC=11 i0(W,ctr) sp/ba=-24.266/-13.313 resid(ctr)=-0.046843 n_tok sp/ba=2/2 q='Which animal is the fastest in'
  [it T1] M0 sp/ca=+2.289/+4.872 hp=00 RC sp/ca=+7.489/+6.794 fRC=11 i0(W,ctr) sp/ba=-17.001/-12.126 resid(ctr)=-0.03126 n_tok sp/ba=1/1 q='Which rodent species is the la'
  [it T1] M0 sp/ca=+2.754/+2.812 hp=00 RC sp/ca=+7.617/+7.031 fRC=11 i0(W,ctr) sp/ba=-17.002/-10.565 resid(ctr)=0.093487 n_tok sp/ba=1/1 q='Which big cat species is the l'
  [it T1] M0 sp/ca=+18.594/+11.875 hp=00 RC sp/ca=+10.219/+8.766 fRC=11 i0(W,ctr) sp/ba=-16.006/-9.069 resid(ctr)=-0.03104 n_tok sp/ba=1/1 q='Which city is considered the b'
  [it T1] M0 sp/ca=+3.281/+0.750 hp=01 RC sp/ca=+6.000/+4.250 fRC=11 i0(W,ctr) sp/ba=-16.876/-11.063 resid(ctr)=-0.093694 n_tok sp/ba=1/1 q='Which country did the croissan'
  [it T1] M0 sp/ca=+10.281/+11.375 hp=00 RC sp/ca=+13.383/+12.406 fRC=11 i0(W,ctr) sp/ba=-12.692/-8.379 resid(ctr)=0.124761 n_tok sp/ba=1/1 q='Which country invented paper?'
  [it T1] M0 sp/ca=+6.438/+5.812 hp=00 RC sp/ca=+7.688/+8.227 fRC=11 i0(W,ctr) sp/ba=-15.567/-10.567 resid(ctr)=-0.000401 n_tok sp/ba=1/1 q='Which country is considered th'
  [it T1] M0 sp/ca=+8.375/+6.000 hp=00 RC sp/ca=+6.633/+6.094 fRC=11 i0(W,ctr) sp/ba=-14.438/-8.938 resid(ctr)=0.062441 n_tok sp/ba=1/1 q='Which US state is the largest '
  [it T1] M0 sp/ca=+7.547/+6.375 hp=00 RC sp/ca=+7.734/+7.109 fRC=11 i0(W,ctr) sp/ba=-15.219/-8.938 resid(ctr)=-9e-06 n_tok sp/ba=1/1 q='Which US state has the longest'
  [it T1] M0 sp/ca=+11.128/+6.563 hp=00 RC sp/ca=+5.670/+4.205 fRC=11 i0(W,ctr) sp/ba=-18.219/-12.563 resid(ctr)=-2.8e-05 n_tok sp/ba=2/2 q='Which country holds the larges'
  [it T1] M0 sp/ca=+5.781/+6.062 hp=00 RC sp/ca=+9.709/+10.117 fRC=11 i0(W,ctr) sp/ba=-16.688/-12.063 resid(ctr)=0.093738 n_tok sp/ba=1/1 q='Which country holds the larges'
  [it T1] M0 sp/ca=+19.812/+14.656 hp=00 RC sp/ca=+12.844/+11.531 fRC=11 i0(W,ctr) sp/ba=-17.314/-10.626 resid(ctr)=-4.9e-05 n_tok sp/ba=1/1 q='Which country has the highest '
  [it T1] M0 sp/ca=+8.750/+6.875 hp=00 RC sp/ca=+7.082/+5.312 fRC=11 i0(W,ctr) sp/ba=-15.969/-9.063 resid(ctr)=-0.031257 n_tok sp/ba=1/1 q='Which metal is the best natura'
  [it T1] M0 sp/ca=+1.688/+1.750 hp=00 RC sp/ca=+3.070/+3.891 fRC=11 i0(W,ctr) sp/ba=-19.033/-11.876 resid(ctr)=-0.062461 n_tok sp/ba=1/1 q='Which organ is the largest in '
  [it T2] M0 sp/ca=+16.031/+16.916 hp=00 RC sp/ca=+3.422/+3.369 fRC=11 i0(W,ctr) sp/ba=-26.125/-12.375 resid(ctr)=0.062481 n_tok sp/ba=2/2 q='What is the capital of the Net'
  [it T2] M0 sp/ca=+1.257/+4.625 hp=10 RC sp/ca=+13.081/+15.373 fRC=11 i0(W,ctr) sp/ba=-19.594/-11.938 resid(ctr)=-0.031262 n_tok sp/ba=2/2 q='What is the capital of Palau?'
  [it T2] M0 sp/ca=+4.156/+5.625 hp=00 RC sp/ca=+8.336/+8.319 fRC=11 i0(W,ctr) sp/ba=-17.938/-11.313 resid(ctr)=-9e-06 n_tok sp/ba=2/2 q='What is the capital of the Fed'
  [it T2] M0 sp/ca=+6.281/+7.896 hp=00 RC sp/ca=+6.531/+5.407 fRC=11 i0(W,ctr) sp/ba=-8.816/-9.379 resid(ctr)=-0.000119 n_tok sp/ba=1/2 q='What is the capital of Poland?'
  [it T2] M0 sp/ca=-1.500/+1.500 hp=01 RC sp/ca=+5.380/+1.497 fRC=11 i0(W,ctr) sp/ba=-19.313/-10.000 resid(ctr)=0.093739 n_tok sp/ba=3/3 q='What is the capital of Burundi'
  [it T2] M0 sp/ca=+4.979/+7.063 hp=00 RC sp/ca=+5.570/+4.974 fRC=11 i0(W,ctr) sp/ba=-19.376/-15.251 resid(ctr)=0.156195 n_tok sp/ba=3/3 q='What is the capital of Montene'
  [it T2] M0 sp/ca=+12.359/+10.000 hp=00 RC sp/ca=+5.562/+5.796 fRC=11 i0(W,ctr) sp/ba=-15.473/-9.380 resid(ctr)=-0.155957 n_tok sp/ba=1/1 q='What is the capital of Portuga'
  [it T2] M0 sp/ca=+7.234/+7.438 hp=00 RC sp/ca=+5.391/+4.172 fRC=11 i0(W,ctr) sp/ba=-9.255/-7.630 resid(ctr)=-0.062498 n_tok sp/ba=1/2 q='What is the capital of Croatia'
  [it T3] M0 sp/ca=+14.088/+9.063 hp=00 RC sp/ca=+1.914/+2.064 fRC=11 i0(W,ctr) sp/ba=-18.010/-10.323 resid(ctr)=0.092525 n_tok sp/ba=2/2 q='Who built the first practical '
  [it T3] M0 sp/ca=+5.893/+2.350 hp=00 RC sp/ca=+10.980/+9.544 fRC=11 i0(W,ctr) sp/ba=-15.757/-9.382 resid(ctr)=-0.061858 n_tok sp/ba=2/2 q='Who is credited with discoveri'
  [it T3] M0 sp/ca=+2.528/+2.563 hp=00 RC sp/ca=+9.360/+10.647 fRC=11 i0(W,ctr) sp/ba=-21.633/-15.438 resid(ctr)=0.042951 n_tok sp/ba=3/3 q='Who developed the oral polio v'
  [it T3] M0 sp/ca=-6.370/-3.628 hp=00 RC sp/ca=+1.363/+0.562 fRC=11 i0(W,ctr) sp/ba=-20.516/-13.750 resid(ctr)=0.054681 n_tok sp/ba=2/2 q='Who built the first commercial'
  [it T3] M0 sp/ca=+11.228/+9.438 hp=00 RC sp/ca=+6.277/+6.095 fRC=11 i0(W,ctr) sp/ba=-19.517/-13.627 resid(ctr)=0.202819 n_tok sp/ba=2/2 q='Who developed the first succes'
  [it T3] M0 sp/ca=+3.147/+5.252 hp=00 RC sp/ca=+6.767/+6.747 fRC=11 i0(W,ctr) sp/ba=-15.908/-13.315 resid(ctr)=-0.031238 n_tok sp/ba=3/4 q='Who is credited with inventing'
  [it T3] M0 sp/ca=+14.526/+10.139 hp=00 RC sp/ca=+7.470/+7.369 fRC=11 i0(W,ctr) sp/ba=-17.569/-10.069 resid(ctr)=-7.9e-05 n_tok sp/ba=2/2 q='Who is regarded as the primary'
  [it T3] M0 sp/ca=+14.124/+11.500 hp=00 RC sp/ca=+5.313/+5.861 fRC=11 i0(W,ctr) sp/ba=-16.471/-8.658 resid(ctr)=-0.031228 n_tok sp/ba=2/2 q='Who invented the World Wide We'
  [it T3] M0 sp/ca=-4.817/-1.439 hp=01 RC sp/ca=+5.676/+5.506 fRC=11 i0(W,ctr) sp/ba=-16.344/-11.188 resid(ctr)=1.6e-05 n_tok sp/ba=3/3 q='Who composed the melody of the'
  [it T1] M0 sp/ca=+13.691/+9.294 hp=00 RC sp/ca=+10.122/+8.621 fRC=11 i0(W,ctr) sp/ba=-19.579/-12.813 resid(ctr)=0.078082 n_tok sp/ba=2/2 q='Which African country is the l'
  [it T1] M0 sp/ca=+2.855/+5.663 hp=00 RC sp/ca=+6.003/+4.505 fRC=11 i0(W,ctr) sp/ba=-17.688/-9.438 resid(ctr)=0.187421 n_tok sp/ba=2/2 q='What is the largest freshwater'
  [it T1] M0 sp/ca=+2.206/+2.085 hp=00 RC sp/ca=+7.737/+6.527 fRC=11 i0(W,ctr) sp/ba=-19.611/-11.126 resid(ctr)=-0.031244 n_tok sp/ba=2/2 q='What is the largest known orga'
  [it T1] M0 sp/ca=+1.609/+0.981 hp=01 RC sp/ca=+1.397/+1.298 fRC=11 i0(W,ctr) sp/ba=-18.610/-14.188 resid(ctr)=0.015628 n_tok sp/ba=2/2 q='What is the longest river loca'
  [it T1] M0 sp/ca=+8.952/+8.324 hp=00 RC sp/ca=+21.448/+18.167 fRC=11 i0(W,ctr) sp/ba=-11.501/-7.501 resid(ctr)=-0.062497 n_tok sp/ba=3/3 q='Where was the coldest temperat'
  [it T1] M0 sp/ca=+13.807/+15.019 hp=00 RC sp/ca=+13.422/+10.077 fRC=11 i0(W,ctr) sp/ba=-12.133/-5.508 resid(ctr)=-9e-05 n_tok sp/ba=2/2 q='What is the largest active vol'
  [it T1] M0 sp/ca=-2.497/-1.322 hp=01 RC sp/ca=+6.147/+5.281 fRC=11 i0(W,ctr) sp/ba=-17.954/-14.251 resid(ctr)=-6e-06 n_tok sp/ba=4/5 q='Which spider species has the l'
  [it T1] M0 sp/ca=+16.656/+13.219 hp=00 RC sp/ca=+8.282/+7.608 fRC=11 i0(W,ctr) sp/ba=-14.599/-9.755 resid(ctr)=0.062544 n_tok sp/ba=1/1 q='Which country produces the mos'
  [it T1] M0 sp/ca=+9.254/+7.062 hp=00 RC sp/ca=+5.633/+5.875 fRC=11 i0(W,ctr) sp/ba=-16.096/-9.690 resid(ctr)=0.187161 n_tok sp/ba=1/1 q='Which country is credited with'
  [it T1] M0 sp/ca=+1.070/+0.062 hp=11 RC sp/ca=+5.418/+3.953 fRC=11 i0(W,ctr) sp/ba=-13.568/-9.443 resid(ctr)=-0.187456 n_tok sp/ba=1/1 q='Which country did the potato o'
  [it T1] M0 sp/ca=+1.309/+2.186 hp=10 RC sp/ca=+6.919/+6.748 fRC=11 i0(W,ctr) sp/ba=-16.376/-11.251 resid(ctr)=-0.06251 n_tok sp/ba=1/1 q='Which country has the most gol'
  [it T1] M0 sp/ca=+6.625/+6.375 hp=00 RC sp/ca=+6.592/+5.750 fRC=11 i0(W,ctr) sp/ba=-18.828/-12.438 resid(ctr)=2.1e-05 n_tok sp/ba=1/1 q='Which country produces the mos'
  [it T1] M0 sp/ca=+10.202/+6.237 hp=00 RC sp/ca=+10.036/+9.059 fRC=11 i0(W,ctr) sp/ba=-16.376/-9.626 resid(ctr)=-0.093736 n_tok sp/ba=1/1 q='Which country drinks the most '
  [it T1] M0 sp/ca=+10.438/+8.046 hp=00 RC sp/ca=+5.303/+4.722 fRC=11 i0(W,ctr) sp/ba=-20.845/-13.376 resid(ctr)=-0.132782 n_tok sp/ba=2/2 q='Which country drinks the most '
  [it T1] M0 sp/ca=+9.852/+6.688 hp=00 RC sp/ca=+5.078/+3.906 fRC=11 i0(W,ctr) sp/ba=-20.110/-11.626 resid(ctr)=0.046883 n_tok sp/ba=1/1 q='What is the most abundant meta'
  [it T1] M0 sp/ca=+7.628/+5.688 hp=00 RC sp/ca=+5.464/+6.411 fRC=11 i0(W,ctr) sp/ba=-15.315/-9.753 resid(ctr)=0.031119 n_tok sp/ba=2/2 q='Which country is the largest e'
  [it T1] M0 sp/ca=+10.320/+7.750 hp=00 RC sp/ca=+4.797/+4.813 fRC=11 i0(W,ctr) sp/ba=-18.579/-11.438 resid(ctr)=0.015644 n_tok sp/ba=1/1 q='Which country is home to most '
  [it T1] M0 sp/ca=+8.579/+8.063 hp=00 RC sp/ca=+8.889/+7.968 fRC=11 i0(W,ctr) sp/ba=-17.188/-12.251 resid(ctr)=-4e-06 n_tok sp/ba=2/2 q='Which country has the largest '
  [it T1] M0 sp/ca=+4.000/+3.125 hp=00 RC sp/ca=+1.469/+1.750 fRC=11 i0(W,ctr) sp/ba=-16.657/-10.376 resid(ctr)=0.0 n_tok sp/ba=1/1 q='Which country has the most nat'
  [it T1] M0 sp/ca=+2.188/+2.938 hp=00 RC sp/ca=+5.203/+2.750 fRC=11 i0(W,ctr) sp/ba=-15.251/-11.126 resid(ctr)=-0.093739 n_tok sp/ba=1/1 q='Which country has the most nat'
  [it T1] M0 sp/ca=+8.878/+6.625 hp=00 RC sp/ca=+4.831/+4.299 fRC=11 i0(W,ctr) sp/ba=-16.595/-11.376 resid(ctr)=0.031271 n_tok sp/ba=2/2 q='Which country has the largest '
  [it T2] M0 sp/ca=+13.323/+7.253 hp=00 RC sp/ca=+12.467/+9.762 fRC=11 i0(W,ctr) sp/ba=-13.515/-5.515 resid(ctr)=-0.062473 n_tok sp/ba=2/2 q='What is the capital of Califor'
  [it T2] M0 sp/ca=+13.445/+6.715 hp=00 RC sp/ca=+6.984/+5.349 fRC=11 i0(W,ctr) sp/ba=-18.678/-8.818 resid(ctr)=0.016224 n_tok sp/ba=3/3 q='What is the capital of New Yor'
  [it T2] M0 sp/ca=+14.516/+9.062 hp=00 RC sp/ca=+8.281/+5.917 fRC=11 i0(W,ctr) sp/ba=-11.205/-4.893 resid(ctr)=0.184789 n_tok sp/ba=1/1 q='What is the capital of Florida'
  [it T2] M0 sp/ca=+8.594/+3.812 hp=00 RC sp/ca=+8.781/+6.734 fRC=11 i0(W,ctr) sp/ba=-12.756/-6.506 resid(ctr)=-0.062619 n_tok sp/ba=1/1 q='What is the capital of Illinoi'
  [it T2] M0 sp/ca=+12.504/+5.312 hp=00 RC sp/ca=+9.852/+4.167 fRC=11 i0(W,ctr) sp/ba=-12.191/-7.379 resid(ctr)=0.124516 n_tok sp/ba=1/1 q='What is the capital of Michiga'
  [it T2] M0 sp/ca=+6.971/+2.317 hp=00 RC sp/ca=+4.515/+3.243 fRC=11 i0(W,ctr) sp/ba=-16.850/-8.693 resid(ctr)=-0.06236 n_tok sp/ba=2/2 q='What is the capital of Nevada?'
  [it T2] M0 sp/ca=+10.594/+5.875 hp=00 RC sp/ca=+6.191/+4.969 fRC=11 i0(W,ctr) sp/ba=-13.502/-7.815 resid(ctr)=0.000103 n_tok sp/ba=1/1 q='What is the capital of Washing'
  [it T2] M0 sp/ca=+6.875/+5.938 hp=00 RC sp/ca=+4.359/+4.469 fRC=11 i0(W,ctr) sp/ba=-11.505/-6.567 resid(ctr)=-2.2e-05 n_tok sp/ba=1/1 q='What is the capital of British'
  [it T3] M0 sp/ca=-1.852/-1.382 hp=01 RC sp/ca=+3.987/+3.033 fRC=11 i0(W,ctr) sp/ba=-20.430/-12.501 resid(ctr)=0.070296 n_tok sp/ba=2/2 q="Who first radioed 'Houston, we"
  [it T3] M0 sp/ca=+13.190/+7.826 hp=00 RC sp/ca=+6.856/+3.698 fRC=11 i0(W,ctr) sp/ba=-17.515/-10.578 resid(ctr)=0.184277 n_tok sp/ba=2/2 q='Who took the X-ray photograph '
  [it T3] M0 sp/ca=-0.017/-1.311 hp=11 RC sp/ca=+7.562/+6.843 fRC=11 i0(W,ctr) sp/ba=-18.094/-10.626 resid(ctr)=-0.031222 n_tok sp/ba=3/3 q='Who originally invented the bo'
  [it T3] M0 sp/ca=-9.489/-4.311 hp=00 RC sp/ca=+3.970/+6.958 fRC=11 i0(W,ctr) sp/ba=-18.985/-13.938 resid(ctr)=-0.015626 n_tok sp/ba=2/2 q='Who invented the first movable'
  [it T3] M0 sp/ca=+4.610/+1.944 hp=00 RC sp/ca=+3.251/+4.096 fRC=11 i0(W,ctr) sp/ba=-19.486/-12.939 resid(ctr)=0.046921 n_tok sp/ba=2/2 q='Who held the original patent f'
  [it T3] M0 sp/ca=+14.782/+11.113 hp=00 RC sp/ca=+2.485/+1.463 fRC=11 i0(W,ctr) sp/ba=-15.984/-9.015 resid(ctr)=-0.185946 n_tok sp/ba=2/2 q='Who was the primary author of '
[fmt_ext2_9bit|space(key=space)] CONTENT_CAVES n=82 n_headroom=7 n_faithful_RA=0 n_faithful_RC=82 | mean RA/RC (headroom)=8.083347044198599e-07/7.627144124167379 | per_tier={'T1': {'n': 51, 'n_headroom_pass': 5, 'n_faithful_RA': 0, 'n_faithful_RC': 51}, 'T2': {'n': 16, 'n_headroom_pass': 1, 'n_faithful_RA': 0, 'n_faithful_RC': 16}, 'T3': {'n': 15, 'n_headroom_pass': 1, 'n_faithful_RA': 0, 'n_faithful_RC': 15}}
[fmt_ext2_9bit|bare(key=bare)] CONTENT_CAVES n=82 n_headroom=12 n_faithful_RA=0 n_faithful_RC=82 | mean RA/RC (headroom)=3.39574626141787e-05/4.009691065598001 | per_tier={'T1': {'n': 51, 'n_headroom_pass': 8, 'n_faithful_RA': 0, 'n_faithful_RC': 51}, 'T2': {'n': 16, 'n_headroom_pass': 1, 'n_faithful_RA': 0, 'n_faithful_RC': 16}, 'T3': {'n': 15, 'n_headroom_pass': 3, 'n_faithful_RA': 0, 'n_faithful_RC': 15}} | THRESHOLDS_NOT_CALIBRATED_FOR_THIS_KEY
[fmt_ext2_9bit|canonical(key=bare)] CONTENT_CAVES n=82 n_headroom=12 n_faithful_RA=0 n_faithful_RC=82 | mean RA/RC (headroom)=3.39574626141787e-05/4.009691065598001 | per_tier={'T1': {'n': 51, 'n_headroom_pass': 8, 'n_faithful_RA': 0, 'n_faithful_RC': 51}, 'T2': {'n': 16, 'n_headroom_pass': 1, 'n_faithful_RA': 0, 'n_faithful_RC': 16}, 'T3': {'n': 15, 'n_headroom_pass': 3, 'n_faithful_RA': 0, 'n_faithful_RC': 15}} | THRESHOLDS_NOT_CALIBRATED_FOR_THIS_KEY
[fmt_ext2_9bit|residual neutral] IDENTITY_CHECK_HOLDS residual_i0=-3e-06 max_abs=0.219001 n_computable=82 n_P_underflow=0 (thr 0.5 nats, gate reads unrounded)
[fmt_ext2_9bit|residual counter] IDENTITY_CHECK_HOLDS residual_i0=-8e-06 max_abs=0.218709 n_computable=82 n_P_underflow=0 (thr 0.5 nats, gate reads unrounded)
[fmt_ext2_9bit|key_effect] canonical=bare KEY_MATERIALITY_UNEVALUABLE_NO_NOISE_CONTEXT / KEY_MATERIALITY_UNEVALUABLE_NO_NOISE_CONTEXT | n_flip_RC=0 n_flip_hp=11 n_flip_RA=0 (MIN_FAITHFUL=8, noise_RC=None, noise_context=NOISE_CONTEXT_ABSENT (A18's per-cell within-box flip count comes from the second shipped family_cave_diagnose draw, sbref_ vs sbref2_ at this cell -- at 27b-base sec 10's A1 vs A2 -- which is a different invocation's artifact; sec 14.1 freezes this CLI, so the on-box run cannot read it and emits sec 9.5 branch 1)) | category can/sp=CONTENT_CAVES/CONTENT_CAVES | dRC=0.973658 dM0=2.094596 (magnitudes, NO verdict) | prefix_fail can/sp/ba=0/0/0 | n_id_disagree=0
[fmt_ext2_9bit|p_mass space/neutral] n_p_ge_1e6=0/82 frac=0.0 (descriptive; no gate reads it)
[fmt_ext2_9bit|p_mass space/counter] n_p_ge_1e6=16/82 frac=0.195122 (descriptive; no gate reads it)
[fmt_ext2_9bit|p_mass bare/neutral] n_p_ge_1e6=0/82 frac=0.0 (descriptive; no gate reads it)
[fmt_ext2_9bit|p_mass bare/counter] n_p_ge_1e6=77/82 frac=0.939024 (descriptive; no gate reads it)
[fmt_ext2_9bit] readout_role=secondary_diagnostic: every number above is secondary and diagnostic (sec 8.2)
[done] wrote out/family_cave_diagnose_fmt_fmt_ext2_9bit.json
