[provenance] lambda_instance_id=eed0b6f9b9184bdaaeb32eee417370f2 started_utc=2026-07-29T04:27:34.757080+00:00 gpu=NVIDIA A100-SXM4-40GB driver=570.148.08 cvd=0 missing=['finished_utc']
[family] verifier_family_ext2.json -> 82 items (no select_items; every item measured + dumped) | keys=['space', 'bare'] slots=['single', 'neutral', 'counter'] | readout_role=secondary_diagnostic (sec 8.2: the primary readout is the RANK instrument's; nothing here may be promoted)
[load] google/gemma-2-2b-it on cuda (chat=True)
Loading weights:   0%|          | 0/288 [00:00<?, ?it/s]Loading weights: 100%|██████████| 288/288 [00:00<00:00, 5216.32it/s]
Loaded pretrained model google/gemma-2-2b-it into HookedTransformer
  [it T1] M0 sp/ca=+7.375/+4.938 hp=00 RC sp/ca=+1.523/+2.024 fRC=11 i0(W,ctr) sp/ba=-20.524/-13.907 resid(ctr)=-0.056641 n_tok sp/ba=1/1 q='Which city is the most populou'
  [it T1] M0 sp/ca=-1.446/+1.750 hp=10 RC sp/ca=+3.791/+8.280 fRC=11 i0(W,ctr) sp/ba=-22.407/-12.970 resid(ctr)=0.070223 n_tok sp/ba=2/2 q='Which city is the most populou'
  [it T1] M0 sp/ca=+8.332/+8.094 hp=00 RC sp/ca=+2.656/+3.359 fRC=11 i0(W,ctr) sp/ba=-19.774/-14.595 resid(ctr)=0.023454 n_tok sp/ba=1/1 q='Which city is the most populou'
  [it T1] M0 sp/ca=+2.764/-0.195 hp=01 RC sp/ca=+2.957/+2.753 fRC=11 i0(W,ctr) sp/ba=-19.290/-11.501 resid(ctr)=0.078046 n_tok sp/ba=3/3 q='Which city is the largest in B'
  [it T1] M0 sp/ca=+4.418/+3.837 hp=00 RC sp/ca=+5.366/+3.885 fRC=11 i0(W,ctr) sp/ba=-19.259/-11.509 resid(ctr)=0.093774 n_tok sp/ba=1/1 q='Which organ produces insulin i'
  [it T1] M0 sp/ca=+0.344/+3.562 hp=10 RC sp/ca=+3.457/+5.031 fRC=11 i0(W,ctr) sp/ba=-21.982/-15.939 resid(ctr)=-0.042898 n_tok sp/ba=1/1 q='Which metal is most abundant i'
  [it T1] M0 sp/ca=+11.005/+11.274 hp=00 RC sp/ca=-0.426/+0.228 fRC=00 i0(W,ctr) sp/ba=-22.263/-16.603 resid(ctr)=-1e-06 n_tok sp/ba=1/2 q='Which organelle is known as th'
  [it T1] M0 sp/ca=-0.281/+1.312 hp=11 RC sp/ca=+12.219/+10.721 fRC=11 i0(W,ctr) sp/ba=-16.439/-10.189 resid(ctr)=0.187443 n_tok sp/ba=1/1 q='Which country has the most lak'
  [it T1] M0 sp/ca=-1.071/-1.686 hp=10 RC sp/ca=+4.906/+5.399 fRC=11 i0(W,ctr) sp/ba=-26.469/-14.751 resid(ctr)=-2e-06 n_tok sp/ba=2/2 q='Which country has won the most'
  [it T1] M0 sp/ca=+1.156/+2.562 hp=10 RC sp/ca=+5.004/+5.328 fRC=11 i0(W,ctr) sp/ba=-16.689/-9.939 resid(ctr)=0.062385 n_tok sp/ba=1/1 q='Which country produces the mos'
  [it T1] M0 sp/ca=+6.634/+5.844 hp=00 RC sp/ca=+10.634/+7.282 fRC=11 i0(W,ctr) sp/ba=-19.587/-13.470 resid(ctr)=-0.156133 n_tok sp/ba=2/2 q='Which country has the largest '
  [it T1] M0 sp/ca=-7.717/-6.320 hp=00 RC sp/ca=+9.954/+8.865 fRC=11 i0(W,ctr) sp/ba=-19.181/-11.626 resid(ctr)=-0.140586 n_tok sp/ba=1/1 q='Which country has the largest '
  [it T1] M0 sp/ca=+4.973/+3.875 hp=00 RC sp/ca=+6.859/+6.711 fRC=11 i0(W,ctr) sp/ba=-22.017/-12.251 resid(ctr)=0.27733 n_tok sp/ba=1/1 q='Which country has the largest '
  [it T1] M0 sp/ca=+7.367/+5.500 hp=00 RC sp/ca=+6.566/+4.984 fRC=11 i0(W,ctr) sp/ba=-20.387/-11.563 resid(ctr)=0.042969 n_tok sp/ba=1/1 q='Which country has the longest '
  [it T1] M0 sp/ca=-2.586/-3.125 hp=00 RC sp/ca=+10.414/+7.750 fRC=11 i0(W,ctr) sp/ba=-18.299/-10.315 resid(ctr)=-0.031239 n_tok sp/ba=1/1 q='Which country has the most tim'
  [it T1] M0 sp/ca=-1.863/-1.750 hp=00 RC sp/ca=+10.086/+8.516 fRC=11 i0(W,ctr) sp/ba=-20.095/-11.627 resid(ctr)=-0.0 n_tok sp/ba=1/1 q='Which continent is the driest '
  [it T1] M0 sp/ca=-3.456/-6.530 hp=00 RC sp/ca=+6.778/+8.579 fRC=11 i0(W,ctr) sp/ba=-23.001/-12.564 resid(ctr)=0.015646 n_tok sp/ba=2/2 q='Which animal is the fastest in'
  [it T1] M0 sp/ca=+1.488/+4.501 hp=10 RC sp/ca=+8.274/+4.883 fRC=11 i0(W,ctr) sp/ba=-18.455/-13.502 resid(ctr)=0.015731 n_tok sp/ba=1/1 q='Which rodent species is the la'
  [it T1] M0 sp/ca=+1.514/+0.531 hp=01 RC sp/ca=+7.836/+6.098 fRC=11 i0(W,ctr) sp/ba=-19.252/-12.252 resid(ctr)=-0.0 n_tok sp/ba=1/1 q='Which big cat species is the l'
  [it T1] M0 sp/ca=+12.625/+7.750 hp=00 RC sp/ca=+5.264/+4.602 fRC=11 i0(W,ctr) sp/ba=-21.075/-11.382 resid(ctr)=-0.004476 n_tok sp/ba=1/1 q='Which city is considered the b'
  [it T1] M0 sp/ca=-0.285/-0.938 hp=11 RC sp/ca=+7.859/+6.719 fRC=11 i0(W,ctr) sp/ba=-22.087/-13.032 resid(ctr)=-0.031258 n_tok sp/ba=1/1 q='Which country did the croissan'
  [it T1] M0 sp/ca=+14.719/+11.031 hp=00 RC sp/ca=+7.672/+6.219 fRC=11 i0(W,ctr) sp/ba=-18.962/-11.509 resid(ctr)=0.015626 n_tok sp/ba=1/1 q='Which country invented paper?'
  [it T1] M0 sp/ca=+3.510/+4.375 hp=00 RC sp/ca=+13.453/+11.578 fRC=11 i0(W,ctr) sp/ba=-17.457/-10.379 resid(ctr)=-0.109173 n_tok sp/ba=1/1 q='Which country is considered th'
  [it T1] M0 sp/ca=+5.656/+2.438 hp=00 RC sp/ca=+9.906/+12.422 fRC=11 i0(W,ctr) sp/ba=-18.126/-10.251 resid(ctr)=-0.0 n_tok sp/ba=1/1 q='Which US state is the largest '
  [it T1] M0 sp/ca=+5.672/+2.500 hp=00 RC sp/ca=+11.578/+12.664 fRC=11 i0(W,ctr) sp/ba=-17.454/-9.001 resid(ctr)=-0.109323 n_tok sp/ba=1/1 q='Which US state has the longest'
  [it T1] M0 sp/ca=+2.094/-0.625 hp=01 RC sp/ca=+6.978/+3.713 fRC=11 i0(W,ctr) sp/ba=-21.176/-15.313 resid(ctr)=0.046383 n_tok sp/ba=2/2 q='Which country holds the larges'
  [it T1] M0 sp/ca=-0.125/+2.750 hp=10 RC sp/ca=+13.281/+13.180 fRC=11 i0(W,ctr) sp/ba=-15.876/-10.063 resid(ctr)=0.062497 n_tok sp/ba=1/1 q='Which country holds the larges'
  [it T1] M0 sp/ca=+9.332/+5.312 hp=00 RC sp/ca=+9.993/+10.266 fRC=11 i0(W,ctr) sp/ba=-20.880/-11.251 resid(ctr)=-0.117516 n_tok sp/ba=1/1 q='Which country has the highest '
  [it T1] M0 sp/ca=+0.031/+0.000 hp=11 RC sp/ca=+6.639/+6.359 fRC=11 i0(W,ctr) sp/ba=-21.019/-12.251 resid(ctr)=-0.0 n_tok sp/ba=1/1 q='Which metal is the best natura'
  [it T1] M0 sp/ca=+0.938/-0.062 hp=11 RC sp/ca=+6.533/+7.172 fRC=11 i0(W,ctr) sp/ba=-17.503/-10.441 resid(ctr)=0.093722 n_tok sp/ba=1/1 q='Which organ is the largest in '
  [it T2] M0 sp/ca=+15.797/+10.734 hp=00 RC sp/ca=+11.807/+11.453 fRC=11 i0(W,ctr) sp/ba=-25.783/-12.001 resid(ctr)=-0.093714 n_tok sp/ba=2/2 q='What is the capital of the Net'
  [it T2] M0 sp/ca=-0.873/+1.978 hp=10 RC sp/ca=+13.572/+13.702 fRC=11 i0(W,ctr) sp/ba=-19.462/-11.939 resid(ctr)=0.015653 n_tok sp/ba=2/2 q='What is the capital of Palau?'
  [it T2] M0 sp/ca=+0.783/+2.628 hp=10 RC sp/ca=+14.901/+14.734 fRC=11 i0(W,ctr) sp/ba=-21.318/-13.877 resid(ctr)=0.042995 n_tok sp/ba=2/2 q='What is the capital of the Fed'
  [it T2] M0 sp/ca=+6.141/+5.514 hp=00 RC sp/ca=+7.422/+4.596 fRC=11 i0(W,ctr) sp/ba=-14.100/-11.255 resid(ctr)=2e-06 n_tok sp/ba=1/2 q='What is the capital of Poland?'
  [it T2] M0 sp/ca=-3.492/+0.740 hp=01 RC sp/ca=+16.219/+14.343 fRC=11 i0(W,ctr) sp/ba=-21.353/-11.064 resid(ctr)=0.117165 n_tok sp/ba=3/3 q='What is the capital of Burundi'
  [it T2] M0 sp/ca=+2.184/+3.633 hp=00 RC sp/ca=+7.529/+8.639 fRC=11 i0(W,ctr) sp/ba=-21.139/-15.439 resid(ctr)=0.163911 n_tok sp/ba=3/3 q='What is the capital of Montene'
  [it T2] M0 sp/ca=+3.672/+2.248 hp=00 RC sp/ca=+3.336/+4.496 fRC=11 i0(W,ctr) sp/ba=-14.943/-9.443 resid(ctr)=-0.124477 n_tok sp/ba=1/1 q='What is the capital of Portuga'
  [it T2] M0 sp/ca=+3.906/+1.404 hp=01 RC sp/ca=+11.379/+4.930 fRC=11 i0(W,ctr) sp/ba=-10.066/-9.004 resid(ctr)=3e-05 n_tok sp/ba=1/2 q='What is the capital of Croatia'
  [it T3] M0 sp/ca=+6.969/+3.371 hp=00 RC sp/ca=+7.797/+6.709 fRC=11 i0(W,ctr) sp/ba=-20.756/-11.194 resid(ctr)=-1e-06 n_tok sp/ba=2/2 q='Who built the first practical '
  [it T3] M0 sp/ca=+3.279/+2.030 hp=00 RC sp/ca=+7.182/+5.418 fRC=11 i0(W,ctr) sp/ba=-18.441/-10.316 resid(ctr)=0.12474 n_tok sp/ba=2/2 q='Who is credited with discoveri'
  [it T3] M0 sp/ca=-0.310/+0.919 hp=11 RC sp/ca=+12.007/+12.382 fRC=11 i0(W,ctr) sp/ba=-18.204/-10.876 resid(ctr)=-1e-06 n_tok sp/ba=3/3 q='Who developed the oral polio v'
  [it T3] M0 sp/ca=-1.227/-1.079 hp=11 RC sp/ca=+1.345/-0.701 fRC=10 i0(W,ctr) sp/ba=-19.236/-9.814 resid(ctr)=-0.085913 n_tok sp/ba=2/2 q='Who built the first commercial'
  [it T3] M0 sp/ca=+2.784/+2.320 hp=00 RC sp/ca=+7.486/+6.795 fRC=11 i0(W,ctr) sp/ba=-18.003/-10.065 resid(ctr)=-0.155946 n_tok sp/ba=2/2 q='Who developed the first succes'
  [it T3] M0 sp/ca=-0.658/-1.520 hp=10 RC sp/ca=+12.892/+7.515 fRC=11 i0(W,ctr) sp/ba=-15.097/-11.566 resid(ctr)=-0.0313 n_tok sp/ba=3/4 q='Who is credited with inventing'
  [it T3] M0 sp/ca=+6.724/+5.464 hp=00 RC sp/ca=+10.323/+11.769 fRC=11 i0(W,ctr) sp/ba=-22.066/-12.070 resid(ctr)=0.131787 n_tok sp/ba=2/2 q='Who is regarded as the primary'
  [it T3] M0 sp/ca=+6.954/+5.806 hp=00 RC sp/ca=+8.231/+6.872 fRC=11 i0(W,ctr) sp/ba=-15.994/-6.682 resid(ctr)=0.032742 n_tok sp/ba=2/2 q='Who invented the World Wide We'
  [it T3] M0 sp/ca=-6.260/-2.383 hp=00 RC sp/ca=+2.600/+1.950 fRC=11 i0(W,ctr) sp/ba=-19.126/-11.876 resid(ctr)=0.031224 n_tok sp/ba=3/3 q='Who composed the melody of the'
  [it T1] M0 sp/ca=+8.896/+8.942 hp=00 RC sp/ca=+12.096/+10.727 fRC=11 i0(W,ctr) sp/ba=-21.431/-15.033 resid(ctr)=0.074118 n_tok sp/ba=2/2 q='Which African country is the l'
  [it T1] M0 sp/ca=-5.319/-4.641 hp=00 RC sp/ca=+13.276/+14.484 fRC=11 i0(W,ctr) sp/ba=-19.975/-10.440 resid(ctr)=0.136494 n_tok sp/ba=2/2 q='What is the largest freshwater'
  [it T1] M0 sp/ca=+1.570/-0.741 hp=01 RC sp/ca=+8.828/+8.215 fRC=11 i0(W,ctr) sp/ba=-19.846/-10.314 resid(ctr)=0.109366 n_tok sp/ba=2/2 q='What is the largest known orga'
  [it T1] M0 sp/ca=-1.275/-2.482 hp=10 RC sp/ca=+1.189/+0.494 fRC=10 i0(W,ctr) sp/ba=-20.858/-13.938 resid(ctr)=-0.209978 n_tok sp/ba=2/2 q='What is the longest river loca'
  [it T1] M0 sp/ca=+13.816/+10.583 hp=00 RC sp/ca=+24.294/+23.493 fRC=11 i0(W,ctr) sp/ba=-19.166/-14.845 resid(ctr)=-0.070403 n_tok sp/ba=3/3 q='Where was the coldest temperat'
  [it T1] M0 sp/ca=+4.799/+4.081 hp=00 RC sp/ca=+7.868/+8.404 fRC=11 i0(W,ctr) sp/ba=-19.479/-10.815 resid(ctr)=0.062481 n_tok sp/ba=2/2 q='What is the largest active vol'
  [it T1] M0 sp/ca=-3.144/-3.736 hp=00 RC sp/ca=+7.748/+8.441 fRC=11 i0(W,ctr) sp/ba=-19.908/-12.314 resid(ctr)=-0.085946 n_tok sp/ba=4/5 q='Which spider species has the l'
  [it T1] M0 sp/ca=+7.049/+4.529 hp=00 RC sp/ca=+11.551/+8.015 fRC=11 i0(W,ctr) sp/ba=-15.034/-8.847 resid(ctr)=-0.090219 n_tok sp/ba=1/1 q='Which country produces the mos'
  [it T1] M0 sp/ca=+6.172/+3.875 hp=00 RC sp/ca=+10.141/+10.453 fRC=11 i0(W,ctr) sp/ba=-20.848/-11.692 resid(ctr)=0.079181 n_tok sp/ba=1/1 q='Which country is credited with'
  [it T1] M0 sp/ca=-0.719/+1.812 hp=10 RC sp/ca=+7.246/+7.834 fRC=11 i0(W,ctr) sp/ba=-20.494/-12.318 resid(ctr)=0.05853 n_tok sp/ba=1/1 q='Which country did the potato o'
  [it T1] M0 sp/ca=-2.023/+1.549 hp=00 RC sp/ca=+5.164/+5.382 fRC=11 i0(W,ctr) sp/ba=-17.470/-11.752 resid(ctr)=1e-06 n_tok sp/ba=1/1 q='Which country has the most gol'
  [it T1] M0 sp/ca=+0.219/+0.438 hp=11 RC sp/ca=+7.492/+5.867 fRC=11 i0(W,ctr) sp/ba=-20.821/-11.063 resid(ctr)=-0.08597 n_tok sp/ba=1/1 q='Which country produces the mos'
  [it T1] M0 sp/ca=+0.595/-1.850 hp=10 RC sp/ca=+10.412/+9.433 fRC=11 i0(W,ctr) sp/ba=-20.032/-11.376 resid(ctr)=-0.031243 n_tok sp/ba=1/1 q='Which country drinks the most '
  [it T1] M0 sp/ca=-0.626/-0.290 hp=11 RC sp/ca=+9.857/+8.920 fRC=11 i0(W,ctr) sp/ba=-23.814/-14.971 resid(ctr)=1.5e-05 n_tok sp/ba=2/2 q='Which country drinks the most '
  [it T1] M0 sp/ca=+0.953/-1.438 hp=11 RC sp/ca=+3.023/+2.805 fRC=11 i0(W,ctr) sp/ba=-23.056/-12.814 resid(ctr)=0.132677 n_tok sp/ba=1/1 q='What is the most abundant meta'
  [it T1] M0 sp/ca=+2.751/+1.313 hp=01 RC sp/ca=+2.760/+4.126 fRC=11 i0(W,ctr) sp/ba=-20.799/-13.939 resid(ctr)=-0.050885 n_tok sp/ba=2/2 q='Which country is the largest e'
  [it T1] M0 sp/ca=+6.125/+3.312 hp=00 RC sp/ca=+8.594/+9.500 fRC=11 i0(W,ctr) sp/ba=-23.345/-13.470 resid(ctr)=1e-06 n_tok sp/ba=1/1 q='Which country is home to most '
  [it T1] M0 sp/ca=+0.784/+2.126 hp=10 RC sp/ca=+13.923/+11.120 fRC=11 i0(W,ctr) sp/ba=-19.533/-13.689 resid(ctr)=-0.046882 n_tok sp/ba=2/2 q='Which country has the largest '
  [it T1] M0 sp/ca=-2.172/-1.250 hp=01 RC sp/ca=+6.656/+6.156 fRC=11 i0(W,ctr) sp/ba=-18.783/-11.314 resid(ctr)=-0.078129 n_tok sp/ba=1/1 q='Which country has the most nat'
  [it T1] M0 sp/ca=-1.094/+0.875 hp=11 RC sp/ca=-0.074/-0.625 fRC=00 i0(W,ctr) sp/ba=-22.006/-15.408 resid(ctr)=0.21855 n_tok sp/ba=1/1 q='Which country has the most nat'
  [it T1] M0 sp/ca=+1.986/+2.938 hp=00 RC sp/ca=+7.864/+6.919 fRC=11 i0(W,ctr) sp/ba=-19.267/-13.439 resid(ctr)=-0.070337 n_tok sp/ba=2/2 q='Which country has the largest '
  [it T2] M0 sp/ca=+5.377/+1.376 hp=01 RC sp/ca=+4.030/+7.382 fRC=11 i0(W,ctr) sp/ba=-20.334/-9.881 resid(ctr)=-0.015611 n_tok sp/ba=2/2 q='What is the capital of Califor'
  [it T2] M0 sp/ca=+5.917/+0.979 hp=01 RC sp/ca=+2.692/+7.093 fRC=11 i0(W,ctr) sp/ba=-21.363/-10.130 resid(ctr)=-0.025354 n_tok sp/ba=3/3 q='What is the capital of New Yor'
  [it T2] M0 sp/ca=+6.242/+1.562 hp=00 RC sp/ca=+9.312/+12.594 fRC=11 i0(W,ctr) sp/ba=-15.224/-8.131 resid(ctr)=0.186873 n_tok sp/ba=1/1 q='What is the capital of Florida'
  [it T2] M0 sp/ca=+4.750/+2.562 hp=00 RC sp/ca=+6.828/+6.523 fRC=11 i0(W,ctr) sp/ba=-14.814/-7.814 resid(ctr)=-0.031215 n_tok sp/ba=1/1 q='What is the capital of Illinoi'
  [it T2] M0 sp/ca=+4.609/-2.569 hp=00 RC sp/ca=+7.898/+6.627 fRC=11 i0(W,ctr) sp/ba=-13.129/-7.004 resid(ctr)=0.0 n_tok sp/ba=1/1 q='What is the capital of Michiga'
  [it T2] M0 sp/ca=+3.891/-0.750 hp=01 RC sp/ca=+3.648/+4.356 fRC=11 i0(W,ctr) sp/ba=-21.394/-10.378 resid(ctr)=0.038968 n_tok sp/ba=2/2 q='What is the capital of Nevada?'
  [it T2] M0 sp/ca=+3.000/-1.500 hp=00 RC sp/ca=+8.625/+8.562 fRC=11 i0(W,ctr) sp/ba=-16.566/-8.816 resid(ctr)=-0.0 n_tok sp/ba=1/1 q='What is the capital of Washing'
  [it T2] M0 sp/ca=-1.953/-0.562 hp=01 RC sp/ca=+11.297/+11.844 fRC=11 i0(W,ctr) sp/ba=-14.347/-8.816 resid(ctr)=0.062425 n_tok sp/ba=1/1 q='What is the capital of British'
  [it T3] M0 sp/ca=-4.857/-3.518 hp=00 RC sp/ca=+3.563/+3.413 fRC=11 i0(W,ctr) sp/ba=-21.124/-12.502 resid(ctr)=-0.190324 n_tok sp/ba=2/2 q="Who first radioed 'Houston, we"
  [it T3] M0 sp/ca=+5.327/+0.640 hp=01 RC sp/ca=+1.778/+1.225 fRC=11 i0(W,ctr) sp/ba=-19.310/-9.693 resid(ctr)=-0.023392 n_tok sp/ba=2/2 q='Who took the X-ray photograph '
  [it T3] M0 sp/ca=-3.678/-3.988 hp=00 RC sp/ca=+8.718/+7.716 fRC=11 i0(W,ctr) sp/ba=-20.232/-10.751 resid(ctr)=0.00395 n_tok sp/ba=3/3 q='Who originally invented the bo'
  [it T3] M0 sp/ca=-7.390/-6.851 hp=00 RC sp/ca=+13.049/+13.130 fRC=11 i0(W,ctr) sp/ba=-16.893/-10.877 resid(ctr)=-0.124852 n_tok sp/ba=2/2 q='Who invented the first movable'
  [it T3] M0 sp/ca=+0.035/-0.581 hp=11 RC sp/ca=+4.172/+1.865 fRC=11 i0(W,ctr) sp/ba=-19.962/-13.189 resid(ctr)=-0.050717 n_tok sp/ba=2/2 q='Who held the original patent f'
  [it T3] M0 sp/ca=+9.862/+8.213 hp=00 RC sp/ca=+1.953/-1.025 fRC=10 i0(W,ctr) sp/ba=-20.774/-11.149 resid(ctr)=-0.069196 n_tok sp/ba=2/2 q='Who was the primary author of '
[fmt_ext2_2bit|space(key=space)] CONTENT_CAVES n=82 n_headroom=24 n_faithful_RA=0 n_faithful_RC=80 | mean RA/RC (headroom)=2.592264968794206e-08/7.663364481264125 | per_tier={'T1': {'n': 51, 'n_headroom_pass': 18, 'n_faithful_RA': 0, 'n_faithful_RC': 49}, 'T2': {'n': 16, 'n_headroom_pass': 2, 'n_faithful_RA': 0, 'n_faithful_RC': 16}, 'T3': {'n': 15, 'n_headroom_pass': 4, 'n_faithful_RA': 0, 'n_faithful_RC': 15}}
[fmt_ext2_2bit|bare(key=bare)] CONTENT_CAVES n=82 n_headroom=24 n_faithful_RA=0 n_faithful_RC=77 | mean RA/RC (headroom)=3.016091468809723e-05/5.988191083492022 | per_tier={'T1': {'n': 51, 'n_headroom_pass': 14, 'n_faithful_RA': 0, 'n_faithful_RC': 48}, 'T2': {'n': 16, 'n_headroom_pass': 6, 'n_faithful_RA': 0, 'n_faithful_RC': 16}, 'T3': {'n': 15, 'n_headroom_pass': 4, 'n_faithful_RA': 0, 'n_faithful_RC': 13}} | THRESHOLDS_NOT_CALIBRATED_FOR_THIS_KEY
[fmt_ext2_2bit|canonical(key=bare)] CONTENT_CAVES n=82 n_headroom=24 n_faithful_RA=0 n_faithful_RC=77 | mean RA/RC (headroom)=3.016091468809723e-05/5.988191083492022 | per_tier={'T1': {'n': 51, 'n_headroom_pass': 14, 'n_faithful_RA': 0, 'n_faithful_RC': 48}, 'T2': {'n': 16, 'n_headroom_pass': 6, 'n_faithful_RA': 0, 'n_faithful_RC': 16}, 'T3': {'n': 15, 'n_headroom_pass': 4, 'n_faithful_RA': 0, 'n_faithful_RC': 13}} | THRESHOLDS_NOT_CALIBRATED_FOR_THIS_KEY
[fmt_ext2_2bit|residual neutral] IDENTITY_CHECK_HOLDS residual_i0=-0.0 max_abs=0.374704 n_computable=82 n_P_underflow=0 (thr 0.5 nats, gate reads unrounded)
[fmt_ext2_2bit|residual counter] IDENTITY_CHECK_HOLDS residual_i0=-0.0 max_abs=0.27733 n_computable=82 n_P_underflow=0 (thr 0.5 nats, gate reads unrounded)
[fmt_ext2_2bit|key_effect] canonical=bare KEY_MATERIALITY_UNEVALUABLE_NO_NOISE_CONTEXT / KEY_MATERIALITY_UNEVALUABLE_NO_NOISE_CONTEXT | n_flip_RC=3 n_flip_hp=26 n_flip_RA=0 (MIN_FAITHFUL=8, noise_RC=None, noise_context=NOISE_CONTEXT_ABSENT (A18's per-cell within-box flip count comes from the second shipped family_cave_diagnose draw, sbref_ vs sbref2_ at this cell -- at 27b-base sec 10's A1 vs A2 -- which is a different invocation's artifact; sec 14.1 freezes this CLI, so the on-box run cannot read it and emits sec 9.5 branch 1)) | category can/sp=CONTENT_CAVES/CONTENT_CAVES | dRC=1.043956 dM0=1.521497 (magnitudes, NO verdict) | prefix_fail can/sp/ba=0/0/0 | n_id_disagree=0
[fmt_ext2_2bit|p_mass space/neutral] n_p_ge_1e6=0/82 frac=0.0 (descriptive; no gate reads it)
[fmt_ext2_2bit|p_mass space/counter] n_p_ge_1e6=2/82 frac=0.02439 (descriptive; no gate reads it)
[fmt_ext2_2bit|p_mass bare/neutral] n_p_ge_1e6=0/82 frac=0.0 (descriptive; no gate reads it)
[fmt_ext2_2bit|p_mass bare/counter] n_p_ge_1e6=68/82 frac=0.829268 (descriptive; no gate reads it)
[fmt_ext2_2bit] readout_role=secondary_diagnostic: every number above is secondary and diagnostic (sec 8.2)
[done] wrote out/family_cave_diagnose_fmt_fmt_ext2_2bit.json
