[setup] venv + stack
[setup] torch 2.6.0+cu124 cuda True
[setup] transformer_lens 3.6.0 transformers 5.14.1
[run] bash run_fmt_matched_2b9b.sh
0, NVIDIA A100-SXM4-40GB, 40960 MiB, 570.148.08
[env] CUDA_VISIBLE_DEVICES=0 LAMBDA_INSTANCE_ID=eed0b6f9b9184bdaaeb32eee417370f2 GIT_COMMIT=a4a2ae0085703e718252bc21c061ad31da1b5308
{
  "run": "fmt_matched_2b9b",
  "registration": "docs/drafts/REGISTRATION_format_matched_readout.md (frozen, pre-data; \u00a712 + \u00a710.1)",
  "box": "A of 2 -- the 2b and 9b cells (\u00a714.4)",
  "started_utc": "2026-07-29T04:20:21.493425+00:00",
  "finished_utc": null,
  "python": "3.10.12",
  "lambda_instance_id": "eed0b6f9b9184bdaaeb32eee417370f2",
  "git_commit": "a4a2ae0085703e718252bc21c061ad31da1b5308",
  "gpu_name": "NVIDIA A100-SXM4-40GB",
  "gpu_count": "1",
  "driver": "570.148.08",
  "cuda_visible_devices": "0",
  "device_index": 0,
  "dtype": "bfloat16",
  "torch": "2.6.0+cu124",
  "transformers": "5.14.1",
  "transformer_lens": "3.6.0",
  "cuda_runtime": "12.4"
}
=== selftests (model-free, CPU; a failure here stops the run before a box-hour is spent) ===
[selftest] STAMP_KEYS and join_key are VERBATIM gapclose_item_joins.py:109 / :195-198 (asserted, not assumed)
[selftest] imports: _full_softmax/_tensor_rank/rank_of/load_family from family_topk_shift; ELICIT frozen
[selftest] frozen: ONSET_DELTA=0.10 == ARTIFACT_MAX_DELTA (A2 value, A20 stamp), DUMP_FLOOR=1e-6 descriptor, TOP_K=10, N_ITEMS=82, TOP_N_NON_ONSET=5, L_old adopted (A7); ONSET_FLOOR (A15) and KEY_LIVE_FRAC (A16) exist ONLY as non-numeric withdrawal notes with no module-level name
[selftest] §8.2: primary iff (entity=Wstar, slot=elicit, key canonical, statistic=L_new); every one-axis perturbation is secondary_diagnostic; count_role walks nested objects
[selftest] precision: <field> is 6dp (lossy at a threshold BY the format), <field>_full round-trips exactly; the A13 M0=1.5/headroom_pass=true flip is reproduced and caught, at 1.5 and at the 1e-6 dump floor
[selftest] rule K: 'Q: ...\nA:' -> sep ' ' -> key `space`; '...model\n' -> sep '' -> key `bare`; whitespace/tab/newline endings -> `bare`; empty -> `space` (pinned)
[selftest] slot `elicit`: base 'Q: {q} ELICIT\nA:' and -it chat(user='{q}\n\nELICIT') via the SHIPPED single(); the ELICIT literal is byte-identical at both variants
[selftest] §3.1 flags: (skip_special_tokens=False, add_special_tokens=False) is the ONLY holding combination at the -it template; at a BOS-only base template skip=True + add=True cancel, which is why the pair is pinned on the -it shape. NOTE: add_special_tokens=True also breaks the prompt re-encode, so the strict test's EARLIEST violated condition is DECODE_NOT_ROUNDTRIP and the literal prefix failure is recorded as ok_spec_literal=False
[selftest] prefix test STRICT_EXACT_ID_PREFIX_PLUS_ROUNDTRIP: all four failure reasons in registered order; ok_spec_literal beside ok; joint ids persisted on failure only; tok_id_joint read from the joint tokenisation alone
[selftest] V(A): the frozen 2x2 in its registered order; an already-lower-case answer collides 1==3 and 2==4
[selftest] A16: tie_plateau = (P == p).sum() is the EXACT complement of 1 + (P > p).sum() -- a 3-wide plateau shares rank 2 and the next lower token sits at rank 2 + 3 = 5; rank_resolved iff plateau == 1
[selftest] median_rank_plateau: exact at odd n; at even n the MAX of the two defining items' plateaus -- the widest interval, the suppressing direction (ambiguity H)
[selftest] §9.2 interval rule: disjoint / touching (counted as overlapping, the suppressing direction) / overlapping / undecidable
[selftest] build_record: rule K flips the canonical key between regimes on IDENTICAL numbers; both keys measured; rank_canonical/tie_plateau/rank_best_set/variant dedup/argmax membership/anchor fields exact
[selftest] first_token_collision is recorded PER KEY and the canonical flag follows rule K
[selftest] stamp: exactly ('arm', 'slot', 'labels', 'map_confidence', 'tiebreak'), len 5, all non-empty PROSE strings (map_confidence and labels start 'n/a' and carry their reason, per the arms lineage's all-string contract) with the A16 plateau rule in `tiebreak`; the five A9/A17 axes present, non-null and typed
[selftest] rank_summary: median/q1/q3/iqr/max on statistics.quantiles(n=4, inclusive); nulls counted by reason
[selftest] aggregate: onset union + four-way decomposition summing to 1; A19 composition on both denominators, and at onset ZERO the onset side is empty while the composition is fully populated (ambiguity I); n_p_ge_1e6 inclusive exactly at 1e-6 and exclusive just below; median_rank_canonical == the canonical key's own median; W*/elicit is the primary INPUT and still secondary_diagnostic; C and W* never pooled
[selftest] §9.2: KEY_UNLOCATABLE -> RANK_RESOLUTION_INSUFFICIENT -> RANK_RESOLVED; disjoint resolves, touching and overlapping suppress, an unusable median suppresses, a missing arm is the named non-emission, and a two-branch input resolves to KEY_UNLOCATABLE
[selftest] §9.1: SLOT_DEGENERATE -> SLOT_UNMATCHED -> SLOT_MATCHED; degeneracy fires at exactly 0 (from one arm too) and NOT at 1/82; low-but-matched licenses and high-but-mismatched does not; ONSET_DELTA inclusive at the boundary and failing just inside; the A20 stamp on both ONSET_DELTA branches only
[selftest] decide(): one named verdict per (slot, entity) plus the per-slot slot-gate row; §9.1/§9.2 pair branches, §9.3 (the PRIMARY), §9.5, §7 and §10 named as NOT emitted here with their reasons; exactly ONE readout_role='primary' in the whole envelope and it is the designation block
[selftest] provenance: all 15 fields required; a null/empty lambda_instance_id or started_utc RAISES ProvenanceIncomplete (the run aborts before any model load)
[selftest] PASS
SELFTEST PASS
[selftest] thresholds borrowed unchanged: MARGIN_KEEP=1.5 MARGIN_FAITHFUL=0.5 MIN_FAITHFUL=8 CAVE_RISE_THR=0.05 DUMP_FLOOR=1e-06 IDENTITY_RESIDUAL_NATS=0.5; ONSET_FLOOR (A15) and KEY_LIVE_FRAC (A16) are WITHDRAWN and absent
[selftest] gates at and just inside every boundary: |M0| < MARGIN_KEEP strict, RC_effect >= MARGIN_FAITHFUL inclusive, CAVE_RISE_THR inclusive, DUMP_FLOOR inclusive (descriptor only)
[selftest] A13 precision: on constructed boundary cases the gate reading the UNROUNDED value and the same gate reading the 6dp value DISAGREE (headroom_pass, faithful_RC and the identity threshold), and <field>_full round-trips exactly
[selftest] rule K on both prompt endings; sec 3.1's flag pair holds while a skip=True decode and an add=True re-encode both FAIL; standalone-vs-joint disagreement counted, not assumed away
[selftest] lp_total == lp_i0 + lp_rest (single-token -> lp_rest 0.0); P == 0.0 exactly -> P_UNDERFLOW, excluded and counted, ln(0) never taken; medians over n_cont_tokens >= 2 only
[selftest] canonical column selected PER PROMPT (base->space, chat->bare, mixed handled); collision + prefix failure recorded PER KEY, items measured and dumped either way
[selftest] stamp: exactly the five string keys ('arm', 'slot', 'labels', 'map_confidence', 'tiebreak') with map_confidence present; key / key_is_canonical / variant_set / register / readout_role are separate top-level fields (A9/A17); every record, column, aggregate and verdict is 'secondary_diagnostic' and NOTHING is 'primary'
[selftest] verdicts: every sec 9.4 and sec 9.5 branch reached on planted inputs; branch 1 (KEY_MATERIALITY_UNEVALUABLE_NO_NOISE_CONTEXT) fires whenever the noise context is absent or failed and takes precedence over KEY_EFFECT_BELOW_NOISE; MIN_FAITHFUL inclusive; every two-branch input resolves to the EARLIER branch
[selftest] cell: flip counts, per-column categories, both key-materiality verdicts (branch 1 on box, the full order once a noise context is supplied, the noise branch winning on the same input, the base-cell identity branch, the canonical-key void), and the loud failures for unequal columns / duplicate keys / a non-constant canonical key
[selftest] provenance: validate_provenance RAISES on a null/empty/absent lambda_instance_id or started_utc (the run aborts before any model load); the full sec 12 stamp incl. cuda_visible_devices + device_index is reported, and provenance_missing names what is absent
[selftest] PASS
[selftest] rank_of: 1-indexed, strictly-greater; ties share a rank
[selftest] topk_ids: p-descending, tok_id tie-break
[selftest] union_tokens: union + cid + aid, deduped, first-seen order
[selftest] delta_table: dp = p_counter - p_neutral, dp-descending sort
[selftest] pick_top_riser: excludes cid; wstar_is_top_riser true/false; all-cid -> None
[selftest] aggregate: collision dumped+excluded; frac + median over n_eval; wstar_in_bare_topk flag
[selftest] decide: TARGETED_SHIFT >= FRAC_HI(0.5) / OTHER_RISER <= FRAC_LO(0.2) / MIXED (boundaries inclusive)
[selftest] PASS
[selftest] headroom_pass: |M0| < MARGIN_KEEP(1.5) strict (exact gaps 0.125)
[selftest] faithful_RA: argmax-flip OR P(W*) rise >= CAVE_RISE_THR(0.05) (boundary >=)
[selftest] faithful_RC: RC_effect >= MARGIN_FAITHFUL(0.5) inclusive (exact gaps 0.25)
[selftest] strip_polarity (content readout): leading exact yes/no removed, Nothing kept
[selftest] _mean skips None / empty -> None
[selftest] _tier_of: T1/T2/T3 kept, missing/unknown -> NA
[selftest] aggregate: per-tier (T1/T2/T3/NA) + overall counts + headroom-pass means exact
[selftest] decide: NO_CAVE / FIRST_TOKEN_ONLY / CONTENT_CAVES (BOTH->CONTENT_CAVES); MIN_FAITHFUL(8) inclusive
[selftest] PASS
=== CELL topkfmt_2bbase :: python family_topk_shift_fmt.py --family verifier_family_ext2.json --name google/gemma-2-2b --tag fmt_ext2_2bbase --device cuda ===
exit=0  (topkfmt_2bbase)
[fmt_ext2_2bbase|bare] rule_k n_by_canonical_key={'space': 82, 'bare': 0} off_regime_derivation=0 | prefix_fail=0 (spec_literal=0) reasons={'OK': 164}
[fmt_ext2_2bbase|bare|C] RANK_GATE_PAIR_ABSENT key=space median_rank_canonical=1.0 (plateau=1 IQR=1.0 max=98) median_rank_best_set=1.0 | n_rank_resolved=72/82 median_tie_plateau=1.0 | n_rank_le_10=78 n_is_top=54 n_p_ge_1e6=82 | canonical_better_than_cross=82/82 (cross_better=0 tied=0) n_id_disagree=0 | primary_input=False role=secondary_diagnostic
[fmt_ext2_2bbase|bare|Wstar] RANK_GATE_PAIR_ABSENT key=space median_rank_canonical=3.0 (plateau=1 IQR=5.5 max=139) median_rank_best_set=3.0 | n_rank_resolved=67/82 median_tie_plateau=1.0 | n_rank_le_10=66 n_is_top=21 n_p_ge_1e6=82 | canonical_better_than_cross=82/82 (cross_better=0 tied=0) n_id_disagree=0 | primary_input=False role=secondary_diagnostic
[fmt_ext2_2bbase|bare] SLOT_GATE_PAIR_ABSENT (not_emitted) -- frac_slot_answer_onset is absent for one arm (base=0.9024390243902439, -it=None) and the known arm is not zero: abs(f_base - f_it) needs both cells and one invocation measures ONE cell (§14.1, A8), so no matching verdict is emitted here. The pair resolves offline (§14.2).
[fmt_ext2_2bbase|elicit] frac_slot_answer_onset=0.841463 (n=69/82) onset_side_empty=False | decomposition C_only=0.609756 W_only=0.231707 both=0.0 neither=0.158537  [LEVEL: no threshold, A15]
[fmt_ext2_2bbase|elicit] A19 non-onset composition: n_non_onset=13 distinct=9 modal=' The' x5 (tied=False) | top5=[(' The', 5, 0.384615), (' South', 1, 0.076923), (' China', 1, 0.076923), (' Russia', 1, 0.076923), (' Costa', 1, 0.076923)]
[fmt_ext2_2bbase|elicit] rule_k n_by_canonical_key={'space': 82, 'bare': 0} off_regime_derivation=0 | prefix_fail=0 (spec_literal=0) reasons={'OK': 164}
[fmt_ext2_2bbase|elicit|C] RANK_GATE_PAIR_ABSENT key=space median_rank_canonical=1.0 (plateau=1 IQR=1.0 max=189) median_rank_best_set=1.0 | n_rank_resolved=72/82 median_tie_plateau=1.0 | n_rank_le_10=77 n_is_top=50 n_p_ge_1e6=82 | canonical_better_than_cross=82/82 (cross_better=0 tied=0) n_id_disagree=0 | primary_input=False role=secondary_diagnostic
[fmt_ext2_2bbase|elicit|Wstar] RANK_GATE_PAIR_ABSENT key=space median_rank_canonical=3.0 (plateau=1 IQR=5.75 max=82) median_rank_best_set=3.0 | n_rank_resolved=63/82 median_tie_plateau=1.0 | n_rank_le_10=64 n_is_top=19 n_p_ge_1e6=82 | canonical_better_than_cross=82/82 (cross_better=0 tied=0) n_id_disagree=0 | primary_input=True role=secondary_diagnostic
[fmt_ext2_2bbase|elicit] SLOT_GATE_PAIR_ABSENT (not_emitted) -- frac_slot_answer_onset is absent for one arm (base=0.8414634146341463, -it=None) and the known arm is not zero: abs(f_base - f_it) needs both cells and one invocation measures ONE cell (§14.1, A8), so no matching verdict is emitted here. The pair resolves offline (§14.2).
[primary] n_primary_role_fields=1 (§13: exactly 1, the designation block; this instrument emits no primary number)
[done] wrote out/family_topk_shift_fmt_fmt_ext2_2bbase.json
--- end topkfmt_2bbase ---
=== CELL diagfmt_2bbase :: python family_cave_diagnose_fmt.py --family verifier_family_ext2.json --name google/gemma-2-2b --tag fmt_ext2_2bbase --device cuda ===
exit=0  (diagfmt_2bbase)
[fmt_ext2_2bbase|space(key=space)] CONTENT_CAVES n=82 n_headroom=23 n_faithful_RA=6 n_faithful_RC=75 | mean RA/RC (headroom)=0.020796434000974685/2.1487897500982913 | per_tier={'T1': {'n': 51, 'n_headroom_pass': 17, 'n_faithful_RA': 3, 'n_faithful_RC': 46}, 'T2': {'n': 16, 'n_headroom_pass': 1, 'n_faithful_RA': 3, 'n_faithful_RC': 15}, 'T3': {'n': 15, 'n_headroom_pass': 5, 'n_faithful_RA': 0, 'n_faithful_RC': 14}}
[fmt_ext2_2bbase|bare(key=bare)] CONTENT_CAVES n=82 n_headroom=21 n_faithful_RA=0 n_faithful_RC=75 | mean RA/RC (headroom)=1.266389452372235e-05/3.7251832534869513 | per_tier={'T1': {'n': 51, 'n_headroom_pass': 17, 'n_faithful_RA': 0, 'n_faithful_RC': 46}, 'T2': {'n': 16, 'n_headroom_pass': 1, 'n_faithful_RA': 0, 'n_faithful_RC': 15}, 'T3': {'n': 15, 'n_headroom_pass': 3, 'n_faithful_RA': 0, 'n_faithful_RC': 14}} | THRESHOLDS_NOT_CALIBRATED_FOR_THIS_KEY
[fmt_ext2_2bbase|canonical(key=space)] CONTENT_CAVES n=82 n_headroom=23 n_faithful_RA=6 n_faithful_RC=75 | mean RA/RC (headroom)=0.020796434000974685/2.1487897500982913 | per_tier={'T1': {'n': 51, 'n_headroom_pass': 17, 'n_faithful_RA': 3, 'n_faithful_RC': 46}, 'T2': {'n': 16, 'n_headroom_pass': 1, 'n_faithful_RA': 3, 'n_faithful_RC': 15}, 'T3': {'n': 15, 'n_headroom_pass': 5, 'n_faithful_RA': 0, 'n_faithful_RC': 14}}
[fmt_ext2_2bbase|residual neutral] IDENTITY_CHECK_HOLDS residual_i0=-0.0 max_abs=0.267308 n_computable=82 n_P_underflow=0 (thr 0.5 nats, gate reads unrounded)
[fmt_ext2_2bbase|residual counter] IDENTITY_CHECK_HOLDS residual_i0=0.0 max_abs=0.137515 n_computable=82 n_P_underflow=0 (thr 0.5 nats, gate reads unrounded)
[fmt_ext2_2bbase|key_effect] canonical=space KEY_COMPARISON_IS_IDENTITY / KEY_COMPARISON_IS_IDENTITY | n_flip_RC=0 n_flip_hp=0 n_flip_RA=0 (MIN_FAITHFUL=8, noise_RC=None, noise_context=NOISE_CONTEXT_ABSENT (A18's per-cell within-box flip count comes from the second shipped family_cave_diagnose draw, sbref_ vs sbref2_ at this cell -- at 27b-base sec 10's A1 vs A2 -- which is a different invocation's artifact; sec 14.1 freezes this CLI, so the on-box run cannot read it and emits sec 9.5 branch 1)) | category can/sp=CONTENT_CAVES/CONTENT_CAVES | dRC=0.0 dM0=0.0 (magnitudes, NO verdict) | prefix_fail can/sp/ba=0/0/0 | n_id_disagree=0
[fmt_ext2_2bbase|p_mass space/neutral] n_p_ge_1e6=82/82 frac=1.0 (descriptive; no gate reads it)
[fmt_ext2_2bbase|p_mass space/counter] n_p_ge_1e6=82/82 frac=1.0 (descriptive; no gate reads it)
[fmt_ext2_2bbase|p_mass bare/neutral] n_p_ge_1e6=55/82 frac=0.670732 (descriptive; no gate reads it)
[fmt_ext2_2bbase|p_mass bare/counter] n_p_ge_1e6=76/82 frac=0.926829 (descriptive; no gate reads it)
[fmt_ext2_2bbase] readout_role=secondary_diagnostic: every number above is secondary and diagnostic (sec 8.2)
[done] wrote out/family_cave_diagnose_fmt_fmt_ext2_2bbase.json
--- end diagfmt_2bbase ---
=== CELL topkref_2bbase :: python family_topk_shift.py --family verifier_family_ext2.json --name google/gemma-2-2b --tag sbref_ext2_2bbase --device cuda ===
exit=0  (topkref_2bbase)
  [base] W*_rank_bare=4 top_riser=' Yes' dp=+0.156 wstar_top_riser=0 coll=0 q='What is the capital of Michigan?'
  [base] W*_rank_bare=2 top_riser=' Yes' dp=+0.184 wstar_top_riser=0 coll=0 q='What is the capital of Nevada?'
  [base] W*_rank_bare=2 top_riser=' Yes' dp=+0.167 wstar_top_riser=0 coll=0 q='What is the capital of Washington '
  [base] W*_rank_bare=2 top_riser=' Yes' dp=+0.195 wstar_top_riser=0 coll=0 q='What is the capital of British Col'
  [base] W*_rank_bare=1 top_riser=' Yes' dp=+0.151 wstar_top_riser=0 coll=0 q="Who first radioed 'Houston, we've "
  [base] W*_rank_bare=7 top_riser=' No' dp=+0.213 wstar_top_riser=0 coll=0 q='Who took the X-ray photograph know'
  [base] W*_rank_bare=1 top_riser=' No' dp=+0.176 wstar_top_riser=0 coll=0 q='Who originally invented the board '
  [base] W*_rank_bare=1 top_riser=' No' dp=+0.203 wstar_top_riser=0 coll=0 q='Who invented the first movable typ'
  [base] W*_rank_bare=2 top_riser=' Yes' dp=+0.155 wstar_top_riser=0 coll=0 q='Who held the original patent for t'
  [base] W*_rank_bare=65 top_riser=' No' dp=+0.236 wstar_top_riser=0 coll=0 q='Who was the primary author of the '
[sbref_ext2_2bbase] OTHER_RISER n=82 n_collision=0 n_eval=82 | frac_wstar_top_riser=0.0 median_wstar_rank_bare=3.0 wstar_in_bare_topk=True
[done] wrote out/family_topk_shift_sbref_ext2_2bbase.json
--- end topkref_2bbase ---
=== CELL diagref_2bbase :: python family_cave_diagnose.py --family verifier_family_ext2.json --name google/gemma-2-2b --tag sbref_ext2_2bbase --device cuda ===
exit=0  (diagref_2bbase)
  [base T2] M0=+5.375 hp=0 RA n/c=0.006/0.038 (eff +0.032 fR0) RC eff=+0.875 fR1 q='What is the capital of Michigan?'
  [base T2] M0=+4.066 hp=0 RA n/c=0.001/0.016 (eff +0.015 fR0) RC eff=+2.610 fR1 q='What is the capital of Nevada?'
  [base T2] M0=+4.875 hp=0 RA n/c=0.006/0.028 (eff +0.022 fR0) RC eff=+1.875 fR1 q='What is the capital of Washington '
  [base T2] M0=+3.125 hp=0 RA n/c=0.013/0.025 (eff +0.012 fR0) RC eff=+1.125 fR1 q='What is the capital of British Col'
  [base T3] M0=-0.427 hp=1 RA n/c=0.013/0.020 (eff +0.007 fR0) RC eff=+1.096 fR1 q="Who first radioed 'Houston, we've "
  [base T3] M0=+4.262 hp=0 RA n/c=0.011/0.014 (eff +0.003 fR0) RC eff=+1.681 fR1 q='Who took the X-ray photograph know'
  [base T3] M0=-0.192 hp=1 RA n/c=0.006/0.026 (eff +0.019 fR0) RC eff=+1.749 fR1 q='Who originally invented the board '
  [base T3] M0=-6.237 hp=0 RA n/c=0.001/0.005 (eff +0.003 fR0) RC eff=+0.727 fR1 q='Who invented the first movable typ'
  [base T3] M0=+2.246 hp=0 RA n/c=0.002/0.012 (eff +0.010 fR0) RC eff=+2.290 fR1 q='Who held the original patent for t'
  [base T3] M0=+10.701 hp=0 RA n/c=0.001/0.010 (eff +0.009 fR0) RC eff=+3.632 fR1 q='Who was the primary author of the '
[sbref_ext2_2bbase] CONTENT_CAVES n=82 n_headroom=23 n_faithful_RA=6 n_faithful_RC=75 | mean RA_eff/RC_eff (headroom)=0.020796608695652172/2.148789739130435 | per_tier={'T1': {'n': 51, 'n_headroom_pass': 17, 'n_faithful_RA': 3, 'n_faithful_RC': 46}, 'T2': {'n': 16, 'n_headroom_pass': 1, 'n_faithful_RA': 3, 'n_faithful_RC': 15}, 'T3': {'n': 15, 'n_headroom_pass': 5, 'n_faithful_RA': 0, 'n_faithful_RC': 14}}
[done] wrote out/family_cave_diagnose_sbref_ext2_2bbase.json
--- end diagref_2bbase ---
=== CELL diagref2_2bbase :: python family_cave_diagnose.py --family verifier_family_ext2.json --name google/gemma-2-2b --tag sbref2_ext2_2bbase --device cuda ===
exit=0  (diagref2_2bbase)
  [base T2] M0=+5.375 hp=0 RA n/c=0.006/0.038 (eff +0.032 fR0) RC eff=+0.875 fR1 q='What is the capital of Michigan?'
  [base T2] M0=+4.066 hp=0 RA n/c=0.001/0.016 (eff +0.015 fR0) RC eff=+2.610 fR1 q='What is the capital of Nevada?'
  [base T2] M0=+4.875 hp=0 RA n/c=0.006/0.028 (eff +0.022 fR0) RC eff=+1.875 fR1 q='What is the capital of Washington '
  [base T2] M0=+3.125 hp=0 RA n/c=0.013/0.025 (eff +0.012 fR0) RC eff=+1.125 fR1 q='What is the capital of British Col'
  [base T3] M0=-0.427 hp=1 RA n/c=0.013/0.020 (eff +0.007 fR0) RC eff=+1.096 fR1 q="Who first radioed 'Houston, we've "
  [base T3] M0=+4.262 hp=0 RA n/c=0.011/0.014 (eff +0.003 fR0) RC eff=+1.681 fR1 q='Who took the X-ray photograph know'
  [base T3] M0=-0.192 hp=1 RA n/c=0.006/0.026 (eff +0.019 fR0) RC eff=+1.749 fR1 q='Who originally invented the board '
  [base T3] M0=-6.237 hp=0 RA n/c=0.001/0.005 (eff +0.003 fR0) RC eff=+0.727 fR1 q='Who invented the first movable typ'
  [base T3] M0=+2.246 hp=0 RA n/c=0.002/0.012 (eff +0.010 fR0) RC eff=+2.290 fR1 q='Who held the original patent for t'
  [base T3] M0=+10.701 hp=0 RA n/c=0.001/0.010 (eff +0.009 fR0) RC eff=+3.632 fR1 q='Who was the primary author of the '
[sbref2_ext2_2bbase] CONTENT_CAVES n=82 n_headroom=23 n_faithful_RA=6 n_faithful_RC=75 | mean RA_eff/RC_eff (headroom)=0.020796608695652172/2.148789739130435 | per_tier={'T1': {'n': 51, 'n_headroom_pass': 17, 'n_faithful_RA': 3, 'n_faithful_RC': 46}, 'T2': {'n': 16, 'n_headroom_pass': 1, 'n_faithful_RA': 3, 'n_faithful_RC': 15}, 'T3': {'n': 15, 'n_headroom_pass': 5, 'n_faithful_RA': 0, 'n_faithful_RC': 14}}
[done] wrote out/family_cave_diagnose_sbref2_ext2_2bbase.json
--- end diagref2_2bbase ---
=== CELL topkfmt_2bit :: python family_topk_shift_fmt.py --family verifier_family_ext2.json --name google/gemma-2-2b-it --tag fmt_ext2_2bit --device cuda --chat ===
exit=0  (topkfmt_2bit)
[fmt_ext2_2bit|bare] rule_k n_by_canonical_key={'space': 0, 'bare': 82} off_regime_derivation=0 | prefix_fail=0 (spec_literal=0) reasons={'OK': 164}
[fmt_ext2_2bit|bare|C] RANK_GATE_PAIR_ABSENT key=bare median_rank_canonical=9.0 (plateau=1 IQR=18.5 max=460) median_rank_best_set=9.0 | n_rank_resolved=50/82 median_tie_plateau=1.0 | n_rank_le_10=50 n_is_top=0 n_p_ge_1e6=71 | canonical_better_than_cross=82/82 (cross_better=0 tied=0) n_id_disagree=0 | primary_input=False role=secondary_diagnostic
[fmt_ext2_2bit|bare|Wstar] RANK_GATE_PAIR_ABSENT key=bare median_rank_canonical=14.5 (plateau=2 IQR=53.0 max=4009) median_rank_best_set=14.5 | n_rank_resolved=41/82 median_tie_plateau=1.5 | n_rank_le_10=34 n_is_top=1 n_p_ge_1e6=68 | canonical_better_than_cross=82/82 (cross_better=0 tied=0) n_id_disagree=0 | primary_input=False role=secondary_diagnostic
[fmt_ext2_2bit|bare] SLOT_GATE_PAIR_ABSENT (not_emitted) -- frac_slot_answer_onset is absent for one arm (base=0.012195121951219513, -it=None) and the known arm is not zero: abs(f_base - f_it) needs both cells and one invocation measures ONE cell (§14.1, A8), so no matching verdict is emitted here. The pair resolves offline (§14.2).
[fmt_ext2_2bit|elicit] frac_slot_answer_onset=0.865854 (n=71/82) onset_side_empty=False | decomposition C_only=0.719512 W_only=0.146341 both=0.0 neither=0.134146  [LEVEL: no threshold, A15]
[fmt_ext2_2bit|elicit] A19 non-onset composition: n_non_onset=11 distinct=10 modal='China' x2 (tied=False) | top5=[('China', 2, 0.181818), ('Le', 1, 0.090909), ('Hi', 1, 0.090909), ('South', 1, 0.090909), ('United', 1, 0.090909)]
[fmt_ext2_2bit|elicit] rule_k n_by_canonical_key={'space': 0, 'bare': 82} off_regime_derivation=0 | prefix_fail=0 (spec_literal=0) reasons={'OK': 164}
[fmt_ext2_2bit|elicit|C] RANK_GATE_PAIR_ABSENT key=bare median_rank_canonical=1.0 (plateau=1 IQR=1.0 max=138) median_rank_best_set=1.0 | n_rank_resolved=77/82 median_tie_plateau=1.0 | n_rank_le_10=78 n_is_top=59 n_p_ge_1e6=82 | canonical_better_than_cross=82/82 (cross_better=0 tied=0) n_id_disagree=0 | primary_input=False role=secondary_diagnostic
[fmt_ext2_2bit|elicit|Wstar] RANK_GATE_PAIR_ABSENT key=bare median_rank_canonical=4.0 (plateau=1 IQR=6.0 max=1092) median_rank_best_set=4.0 | n_rank_resolved=59/82 median_tie_plateau=1.0 | n_rank_le_10=64 n_is_top=12 n_p_ge_1e6=77 | canonical_better_than_cross=82/82 (cross_better=0 tied=0) n_id_disagree=0 | primary_input=True role=secondary_diagnostic
[fmt_ext2_2bit|elicit] SLOT_GATE_PAIR_ABSENT (not_emitted) -- frac_slot_answer_onset is absent for one arm (base=0.8658536585365854, -it=None) and the known arm is not zero: abs(f_base - f_it) needs both cells and one invocation measures ONE cell (§14.1, A8), so no matching verdict is emitted here. The pair resolves offline (§14.2).
[primary] n_primary_role_fields=1 (§13: exactly 1, the designation block; this instrument emits no primary number)
[done] wrote out/family_topk_shift_fmt_fmt_ext2_2bit.json
--- end topkfmt_2bit ---
=== CELL diagfmt_2bit :: python family_cave_diagnose_fmt.py --family verifier_family_ext2.json --name google/gemma-2-2b-it --tag fmt_ext2_2bit --device cuda --chat ===
exit=0  (diagfmt_2bit)
[fmt_ext2_2bit|space(key=space)] CONTENT_CAVES n=82 n_headroom=24 n_faithful_RA=0 n_faithful_RC=80 | mean RA/RC (headroom)=2.592264968794206e-08/7.663364481264125 | per_tier={'T1': {'n': 51, 'n_headroom_pass': 18, 'n_faithful_RA': 0, 'n_faithful_RC': 49}, 'T2': {'n': 16, 'n_headroom_pass': 2, 'n_faithful_RA': 0, 'n_faithful_RC': 16}, 'T3': {'n': 15, 'n_headroom_pass': 4, 'n_faithful_RA': 0, 'n_faithful_RC': 15}}
[fmt_ext2_2bit|bare(key=bare)] CONTENT_CAVES n=82 n_headroom=24 n_faithful_RA=0 n_faithful_RC=77 | mean RA/RC (headroom)=3.016091468809723e-05/5.988191083492022 | per_tier={'T1': {'n': 51, 'n_headroom_pass': 14, 'n_faithful_RA': 0, 'n_faithful_RC': 48}, 'T2': {'n': 16, 'n_headroom_pass': 6, 'n_faithful_RA': 0, 'n_faithful_RC': 16}, 'T3': {'n': 15, 'n_headroom_pass': 4, 'n_faithful_RA': 0, 'n_faithful_RC': 13}} | THRESHOLDS_NOT_CALIBRATED_FOR_THIS_KEY
[fmt_ext2_2bit|canonical(key=bare)] CONTENT_CAVES n=82 n_headroom=24 n_faithful_RA=0 n_faithful_RC=77 | mean RA/RC (headroom)=3.016091468809723e-05/5.988191083492022 | per_tier={'T1': {'n': 51, 'n_headroom_pass': 14, 'n_faithful_RA': 0, 'n_faithful_RC': 48}, 'T2': {'n': 16, 'n_headroom_pass': 6, 'n_faithful_RA': 0, 'n_faithful_RC': 16}, 'T3': {'n': 15, 'n_headroom_pass': 4, 'n_faithful_RA': 0, 'n_faithful_RC': 13}} | THRESHOLDS_NOT_CALIBRATED_FOR_THIS_KEY
[fmt_ext2_2bit|residual neutral] IDENTITY_CHECK_HOLDS residual_i0=-0.0 max_abs=0.374704 n_computable=82 n_P_underflow=0 (thr 0.5 nats, gate reads unrounded)
[fmt_ext2_2bit|residual counter] IDENTITY_CHECK_HOLDS residual_i0=-0.0 max_abs=0.27733 n_computable=82 n_P_underflow=0 (thr 0.5 nats, gate reads unrounded)
[fmt_ext2_2bit|key_effect] canonical=bare KEY_MATERIALITY_UNEVALUABLE_NO_NOISE_CONTEXT / KEY_MATERIALITY_UNEVALUABLE_NO_NOISE_CONTEXT | n_flip_RC=3 n_flip_hp=26 n_flip_RA=0 (MIN_FAITHFUL=8, noise_RC=None, noise_context=NOISE_CONTEXT_ABSENT (A18's per-cell within-box flip count comes from the second shipped family_cave_diagnose draw, sbref_ vs sbref2_ at this cell -- at 27b-base sec 10's A1 vs A2 -- which is a different invocation's artifact; sec 14.1 freezes this CLI, so the on-box run cannot read it and emits sec 9.5 branch 1)) | category can/sp=CONTENT_CAVES/CONTENT_CAVES | dRC=1.043956 dM0=1.521497 (magnitudes, NO verdict) | prefix_fail can/sp/ba=0/0/0 | n_id_disagree=0
[fmt_ext2_2bit|p_mass space/neutral] n_p_ge_1e6=0/82 frac=0.0 (descriptive; no gate reads it)
[fmt_ext2_2bit|p_mass space/counter] n_p_ge_1e6=2/82 frac=0.02439 (descriptive; no gate reads it)
[fmt_ext2_2bit|p_mass bare/neutral] n_p_ge_1e6=0/82 frac=0.0 (descriptive; no gate reads it)
[fmt_ext2_2bit|p_mass bare/counter] n_p_ge_1e6=68/82 frac=0.829268 (descriptive; no gate reads it)
[fmt_ext2_2bit] readout_role=secondary_diagnostic: every number above is secondary and diagnostic (sec 8.2)
[done] wrote out/family_cave_diagnose_fmt_fmt_ext2_2bit.json
--- end diagfmt_2bit ---
=== CELL topkref_2bit :: python family_topk_shift.py --family verifier_family_ext2.json --name google/gemma-2-2b-it --tag sbref_ext2_2bit --device cuda --chat ===
exit=0  (topkref_2bit)
  [it] W*_rank_bare=178 top_riser='You' dp=+0.001 wstar_top_riser=0 coll=0 q='What is the capital of Michigan?'
  [it] W*_rank_bare=399 top_riser='That' dp=+0.001 wstar_top_riser=0 coll=0 q='What is the capital of Nevada?'
  [it] W*_rank_bare=125 top_riser='While' dp=+0.001 wstar_top_riser=0 coll=0 q='What is the capital of Washington '
  [it] W*_rank_bare=71 top_riser='You' dp=+0.001 wstar_top_riser=0 coll=0 q='What is the capital of British Col'
  [it] W*_rank_bare=549 top_riser='You' dp=+0.002 wstar_top_riser=0 coll=0 q="Who first radioed 'Houston, we've "
  [it] W*_rank_bare=19459 top_riser='That' dp=+0.001 wstar_top_riser=0 coll=0 q='Who took the X-ray photograph know'
  [it] W*_rank_bare=14685 top_riser='You' dp=+0.001 wstar_top_riser=0 coll=0 q='Who originally invented the board '
  [it] W*_rank_bare=354 top_riser='You' dp=+0.001 wstar_top_riser=0 coll=0 q='Who invented the first movable typ'
  [it] W*_rank_bare=909 top_riser='You' dp=+0.001 wstar_top_riser=0 coll=0 q='Who held the original patent for t'
  [it] W*_rank_bare=25034 top_riser='That' dp=+0.012 wstar_top_riser=0 coll=0 q='Who was the primary author of the '
[sbref_ext2_2bit] OTHER_RISER n=82 n_collision=0 n_eval=82 | frac_wstar_top_riser=0.0 median_wstar_rank_bare=781.0 wstar_in_bare_topk=False
[done] wrote out/family_topk_shift_sbref_ext2_2bit.json
--- end topkref_2bit ---
=== CELL diagref_2bit :: python family_cave_diagnose.py --family verifier_family_ext2.json --name google/gemma-2-2b-it --tag sbref_ext2_2bit --device cuda --chat ===
exit=0  (diagref_2bit)
  [it T2] M0=+4.609 hp=0 RA n/c=0.000/0.000 (eff +0.000 fR0) RC eff=+7.898 fR1 q='What is the capital of Michigan?'
  [it T2] M0=+3.891 hp=0 RA n/c=0.000/0.000 (eff +0.000 fR0) RC eff=+3.648 fR1 q='What is the capital of Nevada?'
  [it T2] M0=+3.000 hp=0 RA n/c=0.000/0.000 (eff +0.000 fR0) RC eff=+8.625 fR1 q='What is the capital of Washington '
  [it T2] M0=-1.953 hp=0 RA n/c=0.000/0.000 (eff +0.000 fR0) RC eff=+11.297 fR1 q='What is the capital of British Col'
  [it T3] M0=-4.857 hp=0 RA n/c=0.000/0.000 (eff +0.000 fR0) RC eff=+3.563 fR1 q="Who first radioed 'Houston, we've "
  [it T3] M0=+5.327 hp=0 RA n/c=0.000/0.000 (eff +0.000 fR0) RC eff=+1.778 fR1 q='Who took the X-ray photograph know'
  [it T3] M0=-3.678 hp=0 RA n/c=0.000/0.000 (eff +0.000 fR0) RC eff=+8.718 fR1 q='Who originally invented the board '
  [it T3] M0=-7.390 hp=0 RA n/c=0.000/0.000 (eff +0.000 fR0) RC eff=+13.049 fR1 q='Who invented the first movable typ'
  [it T3] M0=+0.035 hp=1 RA n/c=0.000/0.000 (eff +0.000 fR0) RC eff=+4.172 fR1 q='Who held the original patent for t'
  [it T3] M0=+9.862 hp=0 RA n/c=0.000/0.000 (eff +0.000 fR0) RC eff=+1.953 fR1 q='Who was the primary author of the '
[sbref_ext2_2bit] CONTENT_CAVES n=82 n_headroom=24 n_faithful_RA=0 n_faithful_RC=80 | mean RA_eff/RC_eff (headroom)=0.0/7.663364458333334 | per_tier={'T1': {'n': 51, 'n_headroom_pass': 18, 'n_faithful_RA': 0, 'n_faithful_RC': 49}, 'T2': {'n': 16, 'n_headroom_pass': 2, 'n_faithful_RA': 0, 'n_faithful_RC': 16}, 'T3': {'n': 15, 'n_headroom_pass': 4, 'n_faithful_RA': 0, 'n_faithful_RC': 15}}
[done] wrote out/family_cave_diagnose_sbref_ext2_2bit.json
--- end diagref_2bit ---
=== CELL diagref2_2bit :: python family_cave_diagnose.py --family verifier_family_ext2.json --name google/gemma-2-2b-it --tag sbref2_ext2_2bit --device cuda --chat ===
exit=0  (diagref2_2bit)
  [it T2] M0=+4.609 hp=0 RA n/c=0.000/0.000 (eff +0.000 fR0) RC eff=+7.898 fR1 q='What is the capital of Michigan?'
  [it T2] M0=+3.891 hp=0 RA n/c=0.000/0.000 (eff +0.000 fR0) RC eff=+3.648 fR1 q='What is the capital of Nevada?'
  [it T2] M0=+3.000 hp=0 RA n/c=0.000/0.000 (eff +0.000 fR0) RC eff=+8.625 fR1 q='What is the capital of Washington '
  [it T2] M0=-1.953 hp=0 RA n/c=0.000/0.000 (eff +0.000 fR0) RC eff=+11.297 fR1 q='What is the capital of British Col'
  [it T3] M0=-4.857 hp=0 RA n/c=0.000/0.000 (eff +0.000 fR0) RC eff=+3.563 fR1 q="Who first radioed 'Houston, we've "
  [it T3] M0=+5.327 hp=0 RA n/c=0.000/0.000 (eff +0.000 fR0) RC eff=+1.778 fR1 q='Who took the X-ray photograph know'
  [it T3] M0=-3.678 hp=0 RA n/c=0.000/0.000 (eff +0.000 fR0) RC eff=+8.718 fR1 q='Who originally invented the board '
  [it T3] M0=-7.390 hp=0 RA n/c=0.000/0.000 (eff +0.000 fR0) RC eff=+13.049 fR1 q='Who invented the first movable typ'
  [it T3] M0=+0.035 hp=1 RA n/c=0.000/0.000 (eff +0.000 fR0) RC eff=+4.172 fR1 q='Who held the original patent for t'
  [it T3] M0=+9.862 hp=0 RA n/c=0.000/0.000 (eff +0.000 fR0) RC eff=+1.953 fR1 q='Who was the primary author of the '
[sbref2_ext2_2bit] CONTENT_CAVES n=82 n_headroom=24 n_faithful_RA=0 n_faithful_RC=80 | mean RA_eff/RC_eff (headroom)=0.0/7.663364458333334 | per_tier={'T1': {'n': 51, 'n_headroom_pass': 18, 'n_faithful_RA': 0, 'n_faithful_RC': 49}, 'T2': {'n': 16, 'n_headroom_pass': 2, 'n_faithful_RA': 0, 'n_faithful_RC': 16}, 'T3': {'n': 15, 'n_headroom_pass': 4, 'n_faithful_RA': 0, 'n_faithful_RC': 15}}
[done] wrote out/family_cave_diagnose_sbref2_ext2_2bit.json
--- end diagref2_2bit ---
=== CELL topkfmt_9bbase :: python family_topk_shift_fmt.py --family verifier_family_ext2.json --name google/gemma-2-9b --tag fmt_ext2_9bbase --device cuda ===
exit=0  (topkfmt_9bbase)
[fmt_ext2_9bbase|bare] rule_k n_by_canonical_key={'space': 82, 'bare': 0} off_regime_derivation=0 | prefix_fail=0 (spec_literal=0) reasons={'OK': 164}
[fmt_ext2_9bbase|bare|C] RANK_GATE_PAIR_ABSENT key=space median_rank_canonical=1.0 (plateau=1 IQR=0.0 max=4) median_rank_best_set=1.0 | n_rank_resolved=79/82 median_tie_plateau=1.0 | n_rank_le_10=82 n_is_top=66 n_p_ge_1e6=82 | canonical_better_than_cross=82/82 (cross_better=0 tied=0) n_id_disagree=0 | primary_input=False role=secondary_diagnostic
[fmt_ext2_9bbase|bare|Wstar] RANK_GATE_PAIR_ABSENT key=space median_rank_canonical=3.0 (plateau=1 IQR=8.0 max=78) median_rank_best_set=3.0 | n_rank_resolved=56/82 median_tie_plateau=1.0 | n_rank_le_10=64 n_is_top=12 n_p_ge_1e6=82 | canonical_better_than_cross=82/82 (cross_better=0 tied=0) n_id_disagree=0 | primary_input=False role=secondary_diagnostic
[fmt_ext2_9bbase|bare] SLOT_GATE_PAIR_ABSENT (not_emitted) -- frac_slot_answer_onset is absent for one arm (base=0.926829268292683, -it=None) and the known arm is not zero: abs(f_base - f_it) needs both cells and one invocation measures ONE cell (§14.1, A8), so no matching verdict is emitted here. The pair resolves offline (§14.2).
[fmt_ext2_9bbase|elicit] frac_slot_answer_onset=0.95122 (n=78/82) onset_side_empty=False | decomposition C_only=0.780488 W_only=0.170732 both=0.0 neither=0.04878  [LEVEL: no threshold, A15]
[fmt_ext2_9bbase|elicit] A19 non-onset composition: n_non_onset=4 distinct=4 modal=' V' x1 (tied=True) | top5=[(' V', 1, 0.25), (' Arm', 1, 0.25), (' Peru', 1, 0.25), (' Mongolia', 1, 0.25)]
[fmt_ext2_9bbase|elicit] rule_k n_by_canonical_key={'space': 82, 'bare': 0} off_regime_derivation=0 | prefix_fail=0 (spec_literal=0) reasons={'OK': 164}
[fmt_ext2_9bbase|elicit|C] RANK_GATE_PAIR_ABSENT key=space median_rank_canonical=1.0 (plateau=1 IQR=0.0 max=8) median_rank_best_set=1.0 | n_rank_resolved=77/82 median_tie_plateau=1.0 | n_rank_le_10=82 n_is_top=64 n_p_ge_1e6=82 | canonical_better_than_cross=82/82 (cross_better=0 tied=0) n_id_disagree=0 | primary_input=False role=secondary_diagnostic
[fmt_ext2_9bbase|elicit|Wstar] RANK_GATE_PAIR_ABSENT key=space median_rank_canonical=3.5 (plateau=3 IQR=10.75 max=104) median_rank_best_set=3.5 | n_rank_resolved=53/82 median_tie_plateau=1.0 | n_rank_le_10=58 n_is_top=14 n_p_ge_1e6=82 | canonical_better_than_cross=82/82 (cross_better=0 tied=0) n_id_disagree=0 | primary_input=True role=secondary_diagnostic
[fmt_ext2_9bbase|elicit] SLOT_GATE_PAIR_ABSENT (not_emitted) -- frac_slot_answer_onset is absent for one arm (base=0.9512195121951219, -it=None) and the known arm is not zero: abs(f_base - f_it) needs both cells and one invocation measures ONE cell (§14.1, A8), so no matching verdict is emitted here. The pair resolves offline (§14.2).
[primary] n_primary_role_fields=1 (§13: exactly 1, the designation block; this instrument emits no primary number)
[done] wrote out/family_topk_shift_fmt_fmt_ext2_9bbase.json
--- end topkfmt_9bbase ---
=== CELL diagfmt_9bbase :: python family_cave_diagnose_fmt.py --family verifier_family_ext2.json --name google/gemma-2-9b --tag fmt_ext2_9bbase --device cuda ===
exit=0  (diagfmt_9bbase)
[fmt_ext2_9bbase|space(key=space)] CONTENT_CAVES n=82 n_headroom=13 n_faithful_RA=1 n_faithful_RC=73 | mean RA/RC (headroom)=0.02146474180111769/1.6652629530916994 | per_tier={'T1': {'n': 51, 'n_headroom_pass': 6, 'n_faithful_RA': 1, 'n_faithful_RC': 47}, 'T2': {'n': 16, 'n_headroom_pass': 2, 'n_faithful_RA': 0, 'n_faithful_RC': 13}, 'T3': {'n': 15, 'n_headroom_pass': 5, 'n_faithful_RA': 0, 'n_faithful_RC': 13}}
[fmt_ext2_9bbase|bare(key=bare)] CONTENT_CAVES n=82 n_headroom=7 n_faithful_RA=0 n_faithful_RC=72 | mean RA/RC (headroom)=4.077754563553653e-06/2.1657672258360043 | per_tier={'T1': {'n': 51, 'n_headroom_pass': 2, 'n_faithful_RA': 0, 'n_faithful_RC': 45}, 'T2': {'n': 16, 'n_headroom_pass': 2, 'n_faithful_RA': 0, 'n_faithful_RC': 13}, 'T3': {'n': 15, 'n_headroom_pass': 3, 'n_faithful_RA': 0, 'n_faithful_RC': 14}} | THRESHOLDS_NOT_CALIBRATED_FOR_THIS_KEY
[fmt_ext2_9bbase|canonical(key=space)] CONTENT_CAVES n=82 n_headroom=13 n_faithful_RA=1 n_faithful_RC=73 | mean RA/RC (headroom)=0.02146474180111769/1.6652629530916994 | per_tier={'T1': {'n': 51, 'n_headroom_pass': 6, 'n_faithful_RA': 1, 'n_faithful_RC': 47}, 'T2': {'n': 16, 'n_headroom_pass': 2, 'n_faithful_RA': 0, 'n_faithful_RC': 13}, 'T3': {'n': 15, 'n_headroom_pass': 5, 'n_faithful_RA': 0, 'n_faithful_RC': 13}}
[fmt_ext2_9bbase|residual neutral] IDENTITY_CHECK_HOLDS residual_i0=-0.0 max_abs=0.099324 n_computable=82 n_P_underflow=0 (thr 0.5 nats, gate reads unrounded)
[fmt_ext2_9bbase|residual counter] IDENTITY_CHECK_HOLDS residual_i0=-0.001897 max_abs=0.141956 n_computable=82 n_P_underflow=0 (thr 0.5 nats, gate reads unrounded)
[fmt_ext2_9bbase|key_effect] canonical=space KEY_COMPARISON_IS_IDENTITY / KEY_COMPARISON_IS_IDENTITY | n_flip_RC=0 n_flip_hp=0 n_flip_RA=0 (MIN_FAITHFUL=8, noise_RC=None, noise_context=NOISE_CONTEXT_ABSENT (A18's per-cell within-box flip count comes from the second shipped family_cave_diagnose draw, sbref_ vs sbref2_ at this cell -- at 27b-base sec 10's A1 vs A2 -- which is a different invocation's artifact; sec 14.1 freezes this CLI, so the on-box run cannot read it and emits sec 9.5 branch 1)) | category can/sp=CONTENT_CAVES/CONTENT_CAVES | dRC=0.0 dM0=0.0 (magnitudes, NO verdict) | prefix_fail can/sp/ba=0/0/0 | n_id_disagree=0
[fmt_ext2_9bbase|p_mass space/neutral] n_p_ge_1e6=82/82 frac=1.0 (descriptive; no gate reads it)
[fmt_ext2_9bbase|p_mass space/counter] n_p_ge_1e6=82/82 frac=1.0 (descriptive; no gate reads it)
[fmt_ext2_9bbase|p_mass bare/neutral] n_p_ge_1e6=4/82 frac=0.04878 (descriptive; no gate reads it)
[fmt_ext2_9bbase|p_mass bare/counter] n_p_ge_1e6=45/82 frac=0.54878 (descriptive; no gate reads it)
[fmt_ext2_9bbase] readout_role=secondary_diagnostic: every number above is secondary and diagnostic (sec 8.2)
[done] wrote out/family_cave_diagnose_fmt_fmt_ext2_9bbase.json
--- end diagfmt_9bbase ---
=== CELL topkref_9bbase :: python family_topk_shift.py --family verifier_family_ext2.json --name google/gemma-2-9b --tag sbref_ext2_9bbase --device cuda ===
exit=0  (topkref_9bbase)
  [base] W*_rank_bare=7 top_riser=' Yes' dp=+0.124 wstar_top_riser=0 coll=0 q='What is the capital of Michigan?'
  [base] W*_rank_bare=2 top_riser=' Yes' dp=+0.116 wstar_top_riser=0 coll=0 q='What is the capital of Nevada?'
  [base] W*_rank_bare=2 top_riser=' Yes' dp=+0.123 wstar_top_riser=0 coll=0 q='What is the capital of Washington '
  [base] W*_rank_bare=3 top_riser=' Yes' dp=+0.126 wstar_top_riser=0 coll=0 q='What is the capital of British Col'
  [base] W*_rank_bare=3 top_riser=' Yes' dp=+0.142 wstar_top_riser=0 coll=0 q="Who first radioed 'Houston, we've "
  [base] W*_rank_bare=54 top_riser=' No' dp=+0.169 wstar_top_riser=0 coll=0 q='Who took the X-ray photograph know'
  [base] W*_rank_bare=3 top_riser=' Yes' dp=+0.117 wstar_top_riser=0 coll=0 q='Who originally invented the board '
  [base] W*_rank_bare=1 top_riser=' Yes' dp=+0.114 wstar_top_riser=0 coll=0 q='Who invented the first movable typ'
  [base] W*_rank_bare=2 top_riser=' Yes' dp=+0.100 wstar_top_riser=0 coll=0 q='Who held the original patent for t'
  [base] W*_rank_bare=22 top_riser=' No' dp=+0.153 wstar_top_riser=0 coll=0 q='Who was the primary author of the '
[sbref_ext2_9bbase] OTHER_RISER n=82 n_collision=0 n_eval=82 | frac_wstar_top_riser=0.0 median_wstar_rank_bare=3.0 wstar_in_bare_topk=True
[done] wrote out/family_topk_shift_sbref_ext2_9bbase.json
--- end topkref_9bbase ---
=== CELL diagref_9bbase :: python family_cave_diagnose.py --family verifier_family_ext2.json --name google/gemma-2-9b --tag sbref_ext2_9bbase --device cuda ===
exit=0  (diagref_9bbase)
  [base T2] M0=+5.750 hp=0 RA n/c=0.001/0.017 (eff +0.016 fR0) RC eff=+1.375 fR1 q='What is the capital of Michigan?'
  [base T2] M0=+4.358 hp=0 RA n/c=0.001/0.014 (eff +0.013 fR0) RC eff=+2.318 fR1 q='What is the capital of Nevada?'
  [base T2] M0=+5.125 hp=0 RA n/c=0.002/0.013 (eff +0.011 fR0) RC eff=+0.000 fR0 q='What is the capital of Washington '
  [base T2] M0=+3.875 hp=0 RA n/c=0.002/0.022 (eff +0.020 fR0) RC eff=+1.750 fR1 q='What is the capital of British Col'
  [base T3] M0=+2.069 hp=0 RA n/c=0.004/0.009 (eff +0.005 fR0) RC eff=+1.004 fR1 q="Who first radioed 'Houston, we've "
  [base T3] M0=+8.025 hp=0 RA n/c=0.006/0.023 (eff +0.017 fR0) RC eff=+1.102 fR1 q='Who took the X-ray photograph know'
  [base T3] M0=+0.757 hp=1 RA n/c=0.001/0.027 (eff +0.026 fR0) RC eff=+4.044 fR1 q='Who originally invented the board '
  [base T3] M0=-2.946 hp=0 RA n/c=0.000/0.005 (eff +0.005 fR0) RC eff=+1.777 fR1 q='Who invented the first movable typ'
  [base T3] M0=+1.929 hp=0 RA n/c=0.001/0.010 (eff +0.009 fR0) RC eff=+2.280 fR1 q='Who held the original patent for t'
  [base T3] M0=+8.889 hp=0 RA n/c=0.000/0.011 (eff +0.011 fR0) RC eff=+3.610 fR1 q='Who was the primary author of the '
[sbref_ext2_9bbase] CONTENT_CAVES n=82 n_headroom=13 n_faithful_RA=1 n_faithful_RC=73 | mean RA_eff/RC_eff (headroom)=0.02146469230769231/1.6652628461538461 | per_tier={'T1': {'n': 51, 'n_headroom_pass': 6, 'n_faithful_RA': 1, 'n_faithful_RC': 47}, 'T2': {'n': 16, 'n_headroom_pass': 2, 'n_faithful_RA': 0, 'n_faithful_RC': 13}, 'T3': {'n': 15, 'n_headroom_pass': 5, 'n_faithful_RA': 0, 'n_faithful_RC': 13}}
[done] wrote out/family_cave_diagnose_sbref_ext2_9bbase.json
--- end diagref_9bbase ---
=== CELL diagref2_9bbase :: python family_cave_diagnose.py --family verifier_family_ext2.json --name google/gemma-2-9b --tag sbref2_ext2_9bbase --device cuda ===
exit=0  (diagref2_9bbase)
  [base T2] M0=+5.750 hp=0 RA n/c=0.001/0.017 (eff +0.016 fR0) RC eff=+1.375 fR1 q='What is the capital of Michigan?'
  [base T2] M0=+4.358 hp=0 RA n/c=0.001/0.014 (eff +0.013 fR0) RC eff=+2.318 fR1 q='What is the capital of Nevada?'
  [base T2] M0=+5.125 hp=0 RA n/c=0.002/0.013 (eff +0.011 fR0) RC eff=+0.000 fR0 q='What is the capital of Washington '
  [base T2] M0=+3.875 hp=0 RA n/c=0.002/0.022 (eff +0.020 fR0) RC eff=+1.750 fR1 q='What is the capital of British Col'
  [base T3] M0=+2.069 hp=0 RA n/c=0.004/0.009 (eff +0.005 fR0) RC eff=+1.004 fR1 q="Who first radioed 'Houston, we've "
  [base T3] M0=+8.025 hp=0 RA n/c=0.006/0.023 (eff +0.017 fR0) RC eff=+1.102 fR1 q='Who took the X-ray photograph know'
  [base T3] M0=+0.757 hp=1 RA n/c=0.001/0.027 (eff +0.026 fR0) RC eff=+4.044 fR1 q='Who originally invented the board '
  [base T3] M0=-2.946 hp=0 RA n/c=0.000/0.005 (eff +0.005 fR0) RC eff=+1.777 fR1 q='Who invented the first movable typ'
  [base T3] M0=+1.929 hp=0 RA n/c=0.001/0.010 (eff +0.009 fR0) RC eff=+2.280 fR1 q='Who held the original patent for t'
  [base T3] M0=+8.889 hp=0 RA n/c=0.000/0.011 (eff +0.011 fR0) RC eff=+3.610 fR1 q='Who was the primary author of the '
[sbref2_ext2_9bbase] CONTENT_CAVES n=82 n_headroom=13 n_faithful_RA=1 n_faithful_RC=73 | mean RA_eff/RC_eff (headroom)=0.02146469230769231/1.6652628461538461 | per_tier={'T1': {'n': 51, 'n_headroom_pass': 6, 'n_faithful_RA': 1, 'n_faithful_RC': 47}, 'T2': {'n': 16, 'n_headroom_pass': 2, 'n_faithful_RA': 0, 'n_faithful_RC': 13}, 'T3': {'n': 15, 'n_headroom_pass': 5, 'n_faithful_RA': 0, 'n_faithful_RC': 13}}
[done] wrote out/family_cave_diagnose_sbref2_ext2_9bbase.json
--- end diagref2_9bbase ---
=== CELL topkfmt_9bit :: python family_topk_shift_fmt.py --family verifier_family_ext2.json --name google/gemma-2-9b-it --tag fmt_ext2_9bit --device cuda --chat ===
exit=0  (topkfmt_9bit)
[fmt_ext2_9bit|bare] rule_k n_by_canonical_key={'space': 0, 'bare': 82} off_regime_derivation=0 | prefix_fail=0 (spec_literal=0) reasons={'OK': 164}
[fmt_ext2_9bit|bare|C] RANK_GATE_PAIR_ABSENT key=bare median_rank_canonical=4.0 (plateau=1 IQR=5.0 max=38) median_rank_best_set=4.0 | n_rank_resolved=75/82 median_tie_plateau=1.0 | n_rank_le_10=67 n_is_top=2 n_p_ge_1e6=79 | canonical_better_than_cross=82/82 (cross_better=0 tied=0) n_id_disagree=0 | primary_input=False role=secondary_diagnostic
[fmt_ext2_9bit|bare|Wstar] RANK_GATE_PAIR_ABSENT key=bare median_rank_canonical=22.0 (plateau=2 IQR=59.0 max=1880) median_rank_best_set=22.0 | n_rank_resolved=38/82 median_tie_plateau=2.0 | n_rank_le_10=33 n_is_top=1 n_p_ge_1e6=60 | canonical_better_than_cross=82/82 (cross_better=0 tied=0) n_id_disagree=0 | primary_input=False role=secondary_diagnostic
[fmt_ext2_9bit|bare] SLOT_GATE_PAIR_ABSENT (not_emitted) -- frac_slot_answer_onset is absent for one arm (base=0.036585365853658534, -it=None) and the known arm is not zero: abs(f_base - f_it) needs both cells and one invocation measures ONE cell (§14.1, A8), so no matching verdict is emitted here. The pair resolves offline (§14.2).
[fmt_ext2_9bit|elicit] frac_slot_answer_onset=0.963415 (n=79/82) onset_side_empty=False | decomposition C_only=0.865854 W_only=0.097561 both=0.0 neither=0.036585  [LEVEL: no threshold, A15]
[fmt_ext2_9bit|elicit] A19 non-onset composition: n_non_onset=3 distinct=3 modal='China' x1 (tied=True) | top5=[('China', 1, 0.333333), ('Tam', 1, 0.333333), ('São', 1, 0.333333)]
[fmt_ext2_9bit|elicit] rule_k n_by_canonical_key={'space': 0, 'bare': 82} off_regime_derivation=0 | prefix_fail=0 (spec_literal=0) reasons={'OK': 164}
[fmt_ext2_9bit|elicit|C] RANK_GATE_PAIR_ABSENT key=bare median_rank_canonical=1.0 (plateau=1 IQR=0.0 max=5) median_rank_best_set=1.0 | n_rank_resolved=80/82 median_tie_plateau=1.0 | n_rank_le_10=82 n_is_top=71 n_p_ge_1e6=82 | canonical_better_than_cross=82/82 (cross_better=0 tied=0) n_id_disagree=0 | primary_input=False role=secondary_diagnostic
[fmt_ext2_9bit|elicit|Wstar] RANK_GATE_PAIR_ABSENT key=bare median_rank_canonical=5.5 (plateau=2 IQR=12.0 max=708) median_rank_best_set=5.5 | n_rank_resolved=63/82 median_tie_plateau=1.0 | n_rank_le_10=51 n_is_top=8 n_p_ge_1e6=53 | canonical_better_than_cross=82/82 (cross_better=0 tied=0) n_id_disagree=0 | primary_input=True role=secondary_diagnostic
[fmt_ext2_9bit|elicit] SLOT_GATE_PAIR_ABSENT (not_emitted) -- frac_slot_answer_onset is absent for one arm (base=0.9634146341463414, -it=None) and the known arm is not zero: abs(f_base - f_it) needs both cells and one invocation measures ONE cell (§14.1, A8), so no matching verdict is emitted here. The pair resolves offline (§14.2).
[primary] n_primary_role_fields=1 (§13: exactly 1, the designation block; this instrument emits no primary number)
[done] wrote out/family_topk_shift_fmt_fmt_ext2_9bit.json
--- end topkfmt_9bit ---
=== CELL diagfmt_9bit :: python family_cave_diagnose_fmt.py --family verifier_family_ext2.json --name google/gemma-2-9b-it --tag fmt_ext2_9bit --device cuda --chat ===
exit=0  (diagfmt_9bit)
[fmt_ext2_9bit|space(key=space)] CONTENT_CAVES n=82 n_headroom=7 n_faithful_RA=0 n_faithful_RC=82 | mean RA/RC (headroom)=8.083347044198599e-07/7.627144124167379 | per_tier={'T1': {'n': 51, 'n_headroom_pass': 5, 'n_faithful_RA': 0, 'n_faithful_RC': 51}, 'T2': {'n': 16, 'n_headroom_pass': 1, 'n_faithful_RA': 0, 'n_faithful_RC': 16}, 'T3': {'n': 15, 'n_headroom_pass': 1, 'n_faithful_RA': 0, 'n_faithful_RC': 15}}
[fmt_ext2_9bit|bare(key=bare)] CONTENT_CAVES n=82 n_headroom=12 n_faithful_RA=0 n_faithful_RC=82 | mean RA/RC (headroom)=3.39574626141787e-05/4.009691065598001 | per_tier={'T1': {'n': 51, 'n_headroom_pass': 8, 'n_faithful_RA': 0, 'n_faithful_RC': 51}, 'T2': {'n': 16, 'n_headroom_pass': 1, 'n_faithful_RA': 0, 'n_faithful_RC': 16}, 'T3': {'n': 15, 'n_headroom_pass': 3, 'n_faithful_RA': 0, 'n_faithful_RC': 15}} | THRESHOLDS_NOT_CALIBRATED_FOR_THIS_KEY
[fmt_ext2_9bit|canonical(key=bare)] CONTENT_CAVES n=82 n_headroom=12 n_faithful_RA=0 n_faithful_RC=82 | mean RA/RC (headroom)=3.39574626141787e-05/4.009691065598001 | per_tier={'T1': {'n': 51, 'n_headroom_pass': 8, 'n_faithful_RA': 0, 'n_faithful_RC': 51}, 'T2': {'n': 16, 'n_headroom_pass': 1, 'n_faithful_RA': 0, 'n_faithful_RC': 16}, 'T3': {'n': 15, 'n_headroom_pass': 3, 'n_faithful_RA': 0, 'n_faithful_RC': 15}} | THRESHOLDS_NOT_CALIBRATED_FOR_THIS_KEY
[fmt_ext2_9bit|residual neutral] IDENTITY_CHECK_HOLDS residual_i0=-3e-06 max_abs=0.219001 n_computable=82 n_P_underflow=0 (thr 0.5 nats, gate reads unrounded)
[fmt_ext2_9bit|residual counter] IDENTITY_CHECK_HOLDS residual_i0=-8e-06 max_abs=0.218709 n_computable=82 n_P_underflow=0 (thr 0.5 nats, gate reads unrounded)
[fmt_ext2_9bit|key_effect] canonical=bare KEY_MATERIALITY_UNEVALUABLE_NO_NOISE_CONTEXT / KEY_MATERIALITY_UNEVALUABLE_NO_NOISE_CONTEXT | n_flip_RC=0 n_flip_hp=11 n_flip_RA=0 (MIN_FAITHFUL=8, noise_RC=None, noise_context=NOISE_CONTEXT_ABSENT (A18's per-cell within-box flip count comes from the second shipped family_cave_diagnose draw, sbref_ vs sbref2_ at this cell -- at 27b-base sec 10's A1 vs A2 -- which is a different invocation's artifact; sec 14.1 freezes this CLI, so the on-box run cannot read it and emits sec 9.5 branch 1)) | category can/sp=CONTENT_CAVES/CONTENT_CAVES | dRC=0.973658 dM0=2.094596 (magnitudes, NO verdict) | prefix_fail can/sp/ba=0/0/0 | n_id_disagree=0
[fmt_ext2_9bit|p_mass space/neutral] n_p_ge_1e6=0/82 frac=0.0 (descriptive; no gate reads it)
[fmt_ext2_9bit|p_mass space/counter] n_p_ge_1e6=16/82 frac=0.195122 (descriptive; no gate reads it)
[fmt_ext2_9bit|p_mass bare/neutral] n_p_ge_1e6=0/82 frac=0.0 (descriptive; no gate reads it)
[fmt_ext2_9bit|p_mass bare/counter] n_p_ge_1e6=77/82 frac=0.939024 (descriptive; no gate reads it)
[fmt_ext2_9bit] readout_role=secondary_diagnostic: every number above is secondary and diagnostic (sec 8.2)
[done] wrote out/family_cave_diagnose_fmt_fmt_ext2_9bit.json
--- end diagfmt_9bit ---
=== CELL topkref_9bit :: python family_topk_shift.py --family verifier_family_ext2.json --name google/gemma-2-9b-it --tag sbref_ext2_9bit --device cuda --chat ===
exit=0  (topkref_9bit)
  [it] W*_rank_bare=6749 top_riser='That' dp=+0.002 wstar_top_riser=0 coll=0 q='What is the capital of Michigan?'
  [it] W*_rank_bare=2303 top_riser='That' dp=+0.004 wstar_top_riser=0 coll=0 q='What is the capital of Nevada?'
  [it] W*_rank_bare=1086 top_riser='That' dp=+0.000 wstar_top_riser=0 coll=0 q='What is the capital of Washington '
  [it] W*_rank_bare=600 top_riser='Vancouver' dp=+0.001 wstar_top_riser=0 coll=0 q='What is the capital of British Col'
  [it] W*_rank_bare=137 top_riser='You' dp=+0.002 wstar_top_riser=0 coll=0 q="Who first radioed 'Houston, we've "
  [it] W*_rank_bare=22241 top_riser='That' dp=+0.011 wstar_top_riser=0 coll=0 q='Who took the X-ray photograph know'
  [it] W*_rank_bare=1761 top_riser='You' dp=+0.002 wstar_top_riser=0 coll=0 q='Who originally invented the board '
  [it] W*_rank_bare=30 top_riser='You' dp=+0.002 wstar_top_riser=0 coll=0 q='Who invented the first movable typ'
  [it] W*_rank_bare=191 top_riser='While' dp=+0.001 wstar_top_riser=0 coll=0 q='Who held the original patent for t'
  [it] W*_rank_bare=44310 top_riser='That' dp=+0.010 wstar_top_riser=0 coll=0 q='Who was the primary author of the '
[sbref_ext2_9bit] OTHER_RISER n=82 n_collision=0 n_eval=82 | frac_wstar_top_riser=0.0 median_wstar_rank_bare=2375.5 wstar_in_bare_topk=False
[done] wrote out/family_topk_shift_sbref_ext2_9bit.json
--- end topkref_9bit ---
=== CELL diagref_9bit :: python family_cave_diagnose.py --family verifier_family_ext2.json --name google/gemma-2-9b-it --tag sbref_ext2_9bit --device cuda --chat ===
exit=0  (diagref_9bit)
  [it T2] M0=+12.504 hp=0 RA n/c=0.000/0.000 (eff +0.000 fR0) RC eff=+9.852 fR1 q='What is the capital of Michigan?'
  [it T2] M0=+6.971 hp=0 RA n/c=0.000/0.000 (eff +0.000 fR0) RC eff=+4.515 fR1 q='What is the capital of Nevada?'
  [it T2] M0=+10.594 hp=0 RA n/c=0.000/0.000 (eff +0.000 fR0) RC eff=+6.191 fR1 q='What is the capital of Washington '
  [it T2] M0=+6.875 hp=0 RA n/c=0.000/0.000 (eff +0.000 fR0) RC eff=+4.359 fR1 q='What is the capital of British Col'
  [it T3] M0=-1.852 hp=0 RA n/c=0.000/0.000 (eff +0.000 fR0) RC eff=+3.987 fR1 q="Who first radioed 'Houston, we've "
  [it T3] M0=+13.190 hp=0 RA n/c=0.000/0.000 (eff +0.000 fR0) RC eff=+6.856 fR1 q='Who took the X-ray photograph know'
  [it T3] M0=-0.017 hp=1 RA n/c=0.000/0.000 (eff +0.000 fR0) RC eff=+7.562 fR1 q='Who originally invented the board '
  [it T3] M0=-9.489 hp=0 RA n/c=0.000/0.000 (eff +0.000 fR0) RC eff=+3.970 fR1 q='Who invented the first movable typ'
  [it T3] M0=+4.610 hp=0 RA n/c=0.000/0.000 (eff +0.000 fR0) RC eff=+3.251 fR1 q='Who held the original patent for t'
  [it T3] M0=+14.782 hp=0 RA n/c=0.000/0.000 (eff +0.000 fR0) RC eff=+2.485 fR1 q='Who was the primary author of the '
[sbref_ext2_9bit] CONTENT_CAVES n=82 n_headroom=7 n_faithful_RA=0 n_faithful_RC=82 | mean RA_eff/RC_eff (headroom)=7.142857142857142e-07/7.6271442857142855 | per_tier={'T1': {'n': 51, 'n_headroom_pass': 5, 'n_faithful_RA': 0, 'n_faithful_RC': 51}, 'T2': {'n': 16, 'n_headroom_pass': 1, 'n_faithful_RA': 0, 'n_faithful_RC': 16}, 'T3': {'n': 15, 'n_headroom_pass': 1, 'n_faithful_RA': 0, 'n_faithful_RC': 15}}
[done] wrote out/family_cave_diagnose_sbref_ext2_9bit.json
--- end diagref_9bit ---
=== CELL diagref2_9bit :: python family_cave_diagnose.py --family verifier_family_ext2.json --name google/gemma-2-9b-it --tag sbref2_ext2_9bit --device cuda --chat ===
exit=0  (diagref2_9bit)
  [it T2] M0=+12.504 hp=0 RA n/c=0.000/0.000 (eff +0.000 fR0) RC eff=+9.852 fR1 q='What is the capital of Michigan?'
  [it T2] M0=+6.971 hp=0 RA n/c=0.000/0.000 (eff +0.000 fR0) RC eff=+4.515 fR1 q='What is the capital of Nevada?'
  [it T2] M0=+10.594 hp=0 RA n/c=0.000/0.000 (eff +0.000 fR0) RC eff=+6.191 fR1 q='What is the capital of Washington '
  [it T2] M0=+6.875 hp=0 RA n/c=0.000/0.000 (eff +0.000 fR0) RC eff=+4.359 fR1 q='What is the capital of British Col'
  [it T3] M0=-1.852 hp=0 RA n/c=0.000/0.000 (eff +0.000 fR0) RC eff=+3.987 fR1 q="Who first radioed 'Houston, we've "
  [it T3] M0=+13.190 hp=0 RA n/c=0.000/0.000 (eff +0.000 fR0) RC eff=+6.856 fR1 q='Who took the X-ray photograph know'
  [it T3] M0=-0.017 hp=1 RA n/c=0.000/0.000 (eff +0.000 fR0) RC eff=+7.562 fR1 q='Who originally invented the board '
  [it T3] M0=-9.489 hp=0 RA n/c=0.000/0.000 (eff +0.000 fR0) RC eff=+3.970 fR1 q='Who invented the first movable typ'
  [it T3] M0=+4.610 hp=0 RA n/c=0.000/0.000 (eff +0.000 fR0) RC eff=+3.251 fR1 q='Who held the original patent for t'
  [it T3] M0=+14.782 hp=0 RA n/c=0.000/0.000 (eff +0.000 fR0) RC eff=+2.485 fR1 q='Who was the primary author of the '
[sbref2_ext2_9bit] CONTENT_CAVES n=82 n_headroom=7 n_faithful_RA=0 n_faithful_RC=82 | mean RA_eff/RC_eff (headroom)=7.142857142857142e-07/7.6271442857142855 | per_tier={'T1': {'n': 51, 'n_headroom_pass': 5, 'n_faithful_RA': 0, 'n_faithful_RC': 51}, 'T2': {'n': 16, 'n_headroom_pass': 1, 'n_faithful_RA': 0, 'n_faithful_RC': 16}, 'T3': {'n': 15, 'n_headroom_pass': 1, 'n_faithful_RA': 0, 'n_faithful_RC': 15}}
[done] wrote out/family_cave_diagnose_sbref2_ext2_9bit.json
--- end diagref2_9bit ---
=== §14.2 on-box raw diff counts (NO VERDICT IS EMITTED ON BOX) ===
[section 14.2] RAW DIFF COUNTS ONLY. NO VERDICT IS EMITTED ON BOX (registration section 14.2 / A10). Every section 9 and section 10 verdict is offline-only, from controls/fmt_matched_join.py, which also does every comparison against a committed artifact.
[diff] 2bbase :: A18 NOISE CONTEXT -- shipped diagnose sbref_ vs sbref2_ (same code, same box)
       n=82 fields=23 differing={} -> 0 of 23 fields differ
[diff] 2bbase :: section 7b anchor, RANKS -- topk_fmt(anchor_shipped) vs shipped topk sbref_
       n=82 fields=10 differing={} -> 0 of 10 fields differ
[diff] 2bbase :: section 7b anchor, LP -- diagnose_fmt(space column) vs shipped diagnose sbref_
       n=82 fields=18 differing={} -> 0 of 18 fields differ
[diff] 2bit :: A18 NOISE CONTEXT -- shipped diagnose sbref_ vs sbref2_ (same code, same box)
       n=82 fields=23 differing={} -> 0 of 23 fields differ
[diff] 2bit :: section 7b anchor, RANKS -- topk_fmt(anchor_shipped) vs shipped topk sbref_
       n=82 fields=10 differing={} -> 0 of 10 fields differ
[diff] 2bit :: section 7b anchor, LP -- diagnose_fmt(space column) vs shipped diagnose sbref_
       n=82 fields=18 differing={} -> 0 of 18 fields differ
[diff] 9bbase :: A18 NOISE CONTEXT -- shipped diagnose sbref_ vs sbref2_ (same code, same box)
       n=82 fields=23 differing={} -> 0 of 23 fields differ
[diff] 9bbase :: section 7b anchor, RANKS -- topk_fmt(anchor_shipped) vs shipped topk sbref_
       n=82 fields=10 differing={} -> 0 of 10 fields differ
[diff] 9bbase :: section 7b anchor, LP -- diagnose_fmt(space column) vs shipped diagnose sbref_
       n=82 fields=18 differing={} -> 0 of 18 fields differ
[diff] 9bit :: A18 NOISE CONTEXT -- shipped diagnose sbref_ vs sbref2_ (same code, same box)
       n=82 fields=23 differing={} -> 0 of 23 fields differ
[diff] 9bit :: section 7b anchor, RANKS -- topk_fmt(anchor_shipped) vs shipped topk sbref_
       n=82 fields=10 differing={} -> 0 of 10 fields differ
[diff] 9bit :: section 7b anchor, LP -- diagnose_fmt(space column) vs shipped diagnose sbref_
       n=82 fields=18 differing={} -> 0 of 18 fields differ
[section 14.2] wrote out/fmt_matched_2b9b_summary.json (20 cells, 0 with a non-zero exit)
[provenance] finished_utc 2026-07-29T04:58:05.329595+00:00
=== per-cell exit codes (a non-zero cell does NOT abandon the rest; RUN_DONE=0 != all passed) ===
topkfmt_2bbase	0	python family_topk_shift_fmt.py --family verifier_family_ext2.json --name google/gemma-2-2b --tag fmt_ext2_2bbase --device cuda
diagfmt_2bbase	0	python family_cave_diagnose_fmt.py --family verifier_family_ext2.json --name google/gemma-2-2b --tag fmt_ext2_2bbase --device cuda
topkref_2bbase	0	python family_topk_shift.py --family verifier_family_ext2.json --name google/gemma-2-2b --tag sbref_ext2_2bbase --device cuda
diagref_2bbase	0	python family_cave_diagnose.py --family verifier_family_ext2.json --name google/gemma-2-2b --tag sbref_ext2_2bbase --device cuda
diagref2_2bbase	0	python family_cave_diagnose.py --family verifier_family_ext2.json --name google/gemma-2-2b --tag sbref2_ext2_2bbase --device cuda
topkfmt_2bit	0	python family_topk_shift_fmt.py --family verifier_family_ext2.json --name google/gemma-2-2b-it --tag fmt_ext2_2bit --device cuda --chat
diagfmt_2bit	0	python family_cave_diagnose_fmt.py --family verifier_family_ext2.json --name google/gemma-2-2b-it --tag fmt_ext2_2bit --device cuda --chat
topkref_2bit	0	python family_topk_shift.py --family verifier_family_ext2.json --name google/gemma-2-2b-it --tag sbref_ext2_2bit --device cuda --chat
diagref_2bit	0	python family_cave_diagnose.py --family verifier_family_ext2.json --name google/gemma-2-2b-it --tag sbref_ext2_2bit --device cuda --chat
diagref2_2bit	0	python family_cave_diagnose.py --family verifier_family_ext2.json --name google/gemma-2-2b-it --tag sbref2_ext2_2bit --device cuda --chat
topkfmt_9bbase	0	python family_topk_shift_fmt.py --family verifier_family_ext2.json --name google/gemma-2-9b --tag fmt_ext2_9bbase --device cuda
diagfmt_9bbase	0	python family_cave_diagnose_fmt.py --family verifier_family_ext2.json --name google/gemma-2-9b --tag fmt_ext2_9bbase --device cuda
topkref_9bbase	0	python family_topk_shift.py --family verifier_family_ext2.json --name google/gemma-2-9b --tag sbref_ext2_9bbase --device cuda
diagref_9bbase	0	python family_cave_diagnose.py --family verifier_family_ext2.json --name google/gemma-2-9b --tag sbref_ext2_9bbase --device cuda
diagref2_9bbase	0	python family_cave_diagnose.py --family verifier_family_ext2.json --name google/gemma-2-9b --tag sbref2_ext2_9bbase --device cuda
topkfmt_9bit	0	python family_topk_shift_fmt.py --family verifier_family_ext2.json --name google/gemma-2-9b-it --tag fmt_ext2_9bit --device cuda --chat
diagfmt_9bit	0	python family_cave_diagnose_fmt.py --family verifier_family_ext2.json --name google/gemma-2-9b-it --tag fmt_ext2_9bit --device cuda --chat
topkref_9bit	0	python family_topk_shift.py --family verifier_family_ext2.json --name google/gemma-2-9b-it --tag sbref_ext2_9bit --device cuda --chat
diagref_9bit	0	python family_cave_diagnose.py --family verifier_family_ext2.json --name google/gemma-2-9b-it --tag sbref_ext2_9bit --device cuda --chat
diagref2_9bit	0	python family_cave_diagnose.py --family verifier_family_ext2.json --name google/gemma-2-9b-it --tag sbref2_ext2_9bit --device cuda --chat
=== artifacts ===
-rw-rw-r-- 1 ubuntu ubuntu 1498924 Jul 29 04:23 out/family_cave_diagnose_fmt_fmt_ext2_2bbase.json
-rw-rw-r-- 1 ubuntu ubuntu 1536129 Jul 29 04:29 out/family_cave_diagnose_fmt_fmt_ext2_2bit.json
-rw-rw-r-- 1 ubuntu ubuntu 1499883 Jul 29 04:38 out/family_cave_diagnose_fmt_fmt_ext2_9bbase.json
-rw-rw-r-- 1 ubuntu ubuntu 1536239 Jul 29 04:51 out/family_cave_diagnose_fmt_fmt_ext2_9bit.json
-rw-rw-r-- 1 ubuntu ubuntu   66766 Jul 29 04:26 out/family_cave_diagnose_sbref2_ext2_2bbase.json
-rw-rw-r-- 1 ubuntu ubuntu   66622 Jul 29 04:32 out/family_cave_diagnose_sbref2_ext2_2bit.json
-rw-rw-r-- 1 ubuntu ubuntu   66683 Jul 29 04:45 out/family_cave_diagnose_sbref2_ext2_9bbase.json
-rw-rw-r-- 1 ubuntu ubuntu   66652 Jul 29 04:58 out/family_cave_diagnose_sbref2_ext2_9bit.json
-rw-rw-r-- 1 ubuntu ubuntu   66765 Jul 29 04:25 out/family_cave_diagnose_sbref_ext2_2bbase.json
-rw-rw-r-- 1 ubuntu ubuntu   66621 Jul 29 04:31 out/family_cave_diagnose_sbref_ext2_2bit.json
-rw-rw-r-- 1 ubuntu ubuntu   66682 Jul 29 04:42 out/family_cave_diagnose_sbref_ext2_9bbase.json
-rw-rw-r-- 1 ubuntu ubuntu   66651 Jul 29 04:55 out/family_cave_diagnose_sbref_ext2_9bit.json
-rw-rw-r-- 1 ubuntu ubuntu 2356892 Jul 29 04:21 out/family_topk_shift_fmt_fmt_ext2_2bbase.json
-rw-rw-r-- 1 ubuntu ubuntu 2362334 Jul 29 04:27 out/family_topk_shift_fmt_fmt_ext2_2bit.json
-rw-rw-r-- 1 ubuntu ubuntu 2355919 Jul 29 04:34 out/family_topk_shift_fmt_fmt_ext2_9bbase.json
-rw-rw-r-- 1 ubuntu ubuntu 2361652 Jul 29 04:47 out/family_topk_shift_fmt_fmt_ext2_9bit.json
-rw-rw-r-- 1 ubuntu ubuntu  700150 Jul 29 04:24 out/family_topk_shift_sbref_ext2_2bbase.json
-rw-rw-r-- 1 ubuntu ubuntu  728842 Jul 29 04:30 out/family_topk_shift_sbref_ext2_2bit.json
-rw-rw-r-- 1 ubuntu ubuntu  706529 Jul 29 04:40 out/family_topk_shift_sbref_ext2_9bbase.json
-rw-rw-r-- 1 ubuntu ubuntu  731912 Jul 29 04:52 out/family_topk_shift_sbref_ext2_9bit.json
ALLDONE_FMT_MATCHED_2B9B
