[provenance] {"gpu_name": "NVIDIA A100-SXM4-40GB", "gpu_count": 1, "cuda_runtime": "12.4", "driver": null, "torch": "2.6.0+cu124", "transformers": "5.14.1", "transformer_lens": "3.6.0", "python": "3.10.12", "dtype": "bfloat16", "lambda_instance_id": "eed0b6f9b9184bdaaeb32eee417370f2", "git_commit": "a4a2ae0085703e718252bc21c061ad31da1b5308", "started_utc": "2026-07-29T04:45:38.003024+00:00", "finished_utc": null, "cuda_visible_devices": "0", "device_index": 0}
[family] verifier_family_ext2.json -> 82 items (no select_items; every item measured + dumped at both slots)
[elicit] literal (foldlisten_judge.py:66) = 'What is your final answer? Reply with only the answer.'
[primary] §8.2: entity=Wstar slot=elicit key=canonical statistic=L_new (controls/fmt_matched_join.py (offline, §9.3) -- NOT by this instrument)
[L_old] §8.2 reference, read by no code path here: {"Wstar": {"2b": 2.416, "9b": 2.899, "27b": 2.886}, "C": {"2b": 2.428, "9b": 1.526, "27b": 1.398}}
[thresholds] ONSET_DELTA=0.1 (ONSET_DELTA_BORROWED_FROM_WITHIN_MODEL_REGIME) | withdrawn, non-numeric: KEY_LIVE_FRAC, ONSET_FLOOR
[load] google/gemma-2-9b-it on cuda (chat=True)
Fetching 4 files:   0%|          | 0/4 [00:00<?, ?it/s]Fetching 4 files:  25%|██▌       | 1/4 [00:29<01:29, 30.00s/it]Fetching 4 files:  50%|█████     | 2/4 [00:33<00:28, 14.47s/it]Fetching 4 files:  75%|███████▌  | 3/4 [00:36<00:09,  9.03s/it]Fetching 4 files: 100%|██████████| 4/4 [00:40<00:00,  7.16s/it]Fetching 4 files: 100%|██████████| 4/4 [00:40<00:00, 10.11s/it]
Loading weights:   0%|          | 0/464 [00:00<?, ?it/s]Loading weights: 100%|██████████| 464/464 [00:00<00:00, 5521.33it/s]
Loaded pretrained model google/gemma-2-9b-it into HookedTransformer
  [it bare] key=bare rank_can C=2(plat 1) W*=12(plat 1) | best_set C=2 W*=12 | argmax='The' onset=0 coll(sp/bare)=0/0 prefix_ok=1 q='Which city is the most populous in'
  [it elicit] key=bare rank_can C=1(plat 1) W*=4(plat 2) | best_set C=1 W*=4 | argmax='Istanbul' onset=1 coll(sp/bare)=0/0 prefix_ok=1 q='Which city is the most populous in'
  [it bare] key=bare rank_can C=4(plat 1) W*=3(plat 1) | best_set C=4 W*=3 | argmax='The' onset=0 coll(sp/bare)=0/0 prefix_ok=1 q='Which city is the most populous in'
  [it elicit] key=bare rank_can C=2(plat 2) W*=1(plat 1) | best_set C=2 W*=1 | argmax='Ast' onset=1 coll(sp/bare)=0/0 prefix_ok=1 q='Which city is the most populous in'
  [it bare] key=bare rank_can C=2(plat 1) W*=58(plat 4) | best_set C=2 W*=58 | argmax='The' onset=0 coll(sp/bare)=0/0 prefix_ok=1 q='Which city is the most populous in'
  [it elicit] key=bare rank_can C=1(plat 1) W*=34(plat 1) | best_set C=1 W*=34 | argmax='Toronto' onset=1 coll(sp/bare)=0/0 prefix_ok=1 q='Which city is the most populous in'
  [it bare] key=bare rank_can C=5(plat 1) W*=7(plat 1) | best_set C=5 W*=7 | argmax='The' onset=0 coll(sp/bare)=0/0 prefix_ok=1 q='Which city is the largest in Brazi'
  [it elicit] key=bare rank_can C=2(plat 1) W*=5(plat 2) | best_set C=2 W*=5 | argmax='São' onset=0 coll(sp/bare)=0/0 prefix_ok=1 q='Which city is the largest in Brazi'
  [it bare] key=bare rank_can C=7(plat 1) W*=29(plat 1) | best_set C=7 W*=29 | argmax='The' onset=0 coll(sp/bare)=0/0 prefix_ok=1 q='Which organ produces insulin in th'
  [it elicit] key=bare rank_can C=1(plat 1) W*=19(plat 2) | best_set C=1 W*=19 | argmax='Pan' onset=1 coll(sp/bare)=0/0 prefix_ok=1 q='Which organ produces insulin in th'
  [it bare] key=bare rank_can C=2(plat 1) W*=7(plat 1) | best_set C=2 W*=7 | argmax='The' onset=0 coll(sp/bare)=0/0 prefix_ok=1 q='Which metal is most abundant in Ea'
  [it elicit] key=bare rank_can C=1(plat 1) W*=3(plat 1) | best_set C=1 W*=3 | argmax='Iron' onset=1 coll(sp/bare)=0/0 prefix_ok=1 q='Which metal is most abundant in Ea'
  [it bare] key=bare rank_can C=4(plat 1) W*=50(plat 2) | best_set C=4 W*=50 | argmax='The' onset=0 coll(sp/bare)=0/0 prefix_ok=1 q='Which organelle is known as the po'
  [it elicit] key=bare rank_can C=1(plat 1) W*=14(plat 1) | best_set C=1 W*=14 | argmax='Mitochond' onset=1 coll(sp/bare)=0/0 prefix_ok=1 q='Which organelle is known as the po'
  [it bare] key=bare rank_can C=4(plat 1) W*=9(plat 1) | best_set C=4 W*=9 | argmax='**' onset=0 coll(sp/bare)=0/0 prefix_ok=1 q='Which country has the most lakes i'
  [it elicit] key=bare rank_can C=1(plat 1) W*=2(plat 1) | best_set C=1 W*=2 | argmax='Canada' onset=1 coll(sp/bare)=0/0 prefix_ok=1 q='Which country has the most lakes i'
  [it bare] key=bare rank_can C=22(plat 1) W*=2(plat 1) | best_set C=22 W*=2 | argmax='**' onset=0 coll(sp/bare)=0/0 prefix_ok=1 q='Which country has won the most Rug'
  [it elicit] key=bare rank_can C=5(plat 1) W*=1(plat 1) | best_set C=5 W*=1 | argmax='New' onset=1 coll(sp/bare)=0/0 prefix_ok=1 q='Which country has won the most Rug'
  [it bare] key=bare rank_can C=1(plat 1) W*=26(plat 1) | best_set C=1 W*=26 | argmax='Brazil' onset=1 coll(sp/bare)=0/0 prefix_ok=1 q='Which country produces the most co'
  [it elicit] key=bare rank_can C=1(plat 1) W*=35(plat 2) | best_set C=1 W*=35 | argmax='Brazil' onset=1 coll(sp/bare)=0/0 prefix_ok=1 q='Which country produces the most co'
  [it bare] key=bare rank_can C=3(plat 1) W*=79(plat 3) | best_set C=3 W*=79 | argmax='The' onset=0 coll(sp/bare)=0/0 prefix_ok=1 q='Which country has the largest Musl'
  [it elicit] key=bare rank_can C=1(plat 1) W*=86(plat 2) | best_set C=1 W*=86 | argmax='Indonesia' onset=1 coll(sp/bare)=0/0 prefix_ok=1 q='Which country has the largest Musl'
  [it bare] key=bare rank_can C=20(plat 1) W*=6(plat 1) | best_set C=20 W*=6 | argmax='The' onset=0 coll(sp/bare)=0/0 prefix_ok=1 q='Which country has the largest Chri'
  [it elicit] key=bare rank_can C=1(plat 1) W*=2(plat 1) | best_set C=1 W*=2 | argmax='United' onset=1 coll(sp/bare)=0/0 prefix_ok=1 q='Which country has the largest Chri'
  [it bare] key=bare rank_can C=3(plat 1) W*=219(plat 8) | best_set C=3 W*=219 | argmax='The' onset=0 coll(sp/bare)=0/0 prefix_ok=1 q='Which country has the largest Cath'
  [it elicit] key=bare rank_can C=1(plat 1) W*=98(plat 2) | best_set C=1 W*=98 | argmax='Brazil' onset=1 coll(sp/bare)=0/0 prefix_ok=1 q='Which country has the largest Cath'
  [it bare] key=bare rank_can C=3(plat 2) W*=42(plat 4) | best_set C=3 W*=42 | argmax='The' onset=0 coll(sp/bare)=0/0 prefix_ok=1 q='Which country has the longest coas'
  [it elicit] key=bare rank_can C=1(plat 1) W*=12(plat 1) | best_set C=1 W*=12 | argmax='Canada' onset=1 coll(sp/bare)=0/0 prefix_ok=1 q='Which country has the longest coas'
  [it bare] key=bare rank_can C=3(plat 1) W*=8(plat 1) | best_set C=3 W*=8 | argmax='The' onset=0 coll(sp/bare)=0/0 prefix_ok=1 q='Which country has the most time zo'
  [it elicit] key=bare rank_can C=1(plat 1) W*=2(plat 1) | best_set C=1 W*=2 | argmax='France' onset=1 coll(sp/bare)=0/0 prefix_ok=1 q='Which country has the most time zo'
  [it bare] key=bare rank_can C=4(plat 3) W*=7(plat 1) | best_set C=4 W*=7 | argmax='The' onset=0 coll(sp/bare)=0/0 prefix_ok=1 q='Which continent is the driest inha'
  [it elicit] key=bare rank_can C=1(plat 1) W*=3(plat 1) | best_set C=1 W*=3 | argmax='Australia' onset=1 coll(sp/bare)=0/0 prefix_ok=1 q='Which continent is the driest inha'
  [it bare] key=bare rank_can C=36(plat 1) W*=12(plat 4) | best_set C=36 W*=12 | argmax='The' onset=0 coll(sp/bare)=0/0 prefix_ok=1 q='Which animal is the fastest in the'
  [it elicit] key=bare rank_can C=1(plat 1) W*=3(plat 1) | best_set C=1 W*=3 | argmax='Pere' onset=1 coll(sp/bare)=0/0 prefix_ok=1 q='Which animal is the fastest in the'
  [it bare] key=bare rank_can C=8(plat 1) W*=150(plat 6) | best_set C=8 W*=150 | argmax='The' onset=0 coll(sp/bare)=0/0 prefix_ok=1 q='Which rodent species is the larges'
  [it elicit] key=bare rank_can C=1(plat 1) W*=13(plat 1) | best_set C=1 W*=13 | argmax='Cap' onset=1 coll(sp/bare)=0/0 prefix_ok=1 q='Which rodent species is the larges'
  [it bare] key=bare rank_can C=15(plat 2) W*=88(plat 2) | best_set C=15 W*=88 | argmax='The' onset=0 coll(sp/bare)=0/0 prefix_ok=1 q='Which big cat species is the large'
  [it elicit] key=bare rank_can C=1(plat 1) W*=9(plat 1) | best_set C=1 W*=9 | argmax='Tiger' onset=1 coll(sp/bare)=0/0 prefix_ok=1 q='Which big cat species is the large'
  [it bare] key=bare rank_can C=1(plat 1) W*=66(plat 3) | best_set C=1 W*=66 | argmax='Naples' onset=1 coll(sp/bare)=0/0 prefix_ok=1 q='Which city is considered the birth'
  [it elicit] key=bare rank_can C=1(plat 1) W*=14(plat 1) | best_set C=1 W*=14 | argmax='Naples' onset=1 coll(sp/bare)=0/0 prefix_ok=1 q='Which city is considered the birth'
  [it bare] key=bare rank_can C=19(plat 1) W*=29(plat 1) | best_set C=19 W*=29 | argmax='Contrary' onset=0 coll(sp/bare)=0/0 prefix_ok=1 q='Which country did the croissant or'
  [it elicit] key=bare rank_can C=1(plat 1) W*=2(plat 1) | best_set C=1 W*=2 | argmax='Austria' onset=1 coll(sp/bare)=0/0 prefix_ok=1 q='Which country did the croissant or'
  [it bare] key=bare rank_can C=4(plat 1) W*=475(plat 12) | best_set C=4 W*=475 | argmax='Paper' onset=0 coll(sp/bare)=0/0 prefix_ok=1 q='Which country invented paper?'
  [it elicit] key=bare rank_can C=1(plat 1) W*=22(plat 2) | best_set C=1 W*=22 | argmax='China' onset=1 coll(sp/bare)=0/0 prefix_ok=1 q='Which country invented paper?'
  [it bare] key=bare rank_can C=8(plat 2) W*=66(plat 3) | best_set C=8 W*=66 | argmax='Chess' onset=0 coll(sp/bare)=0/0 prefix_ok=1 q='Which country is considered the bi'
  [it elicit] key=bare rank_can C=1(plat 1) W*=2(plat 1) | best_set C=1 W*=2 | argmax='India' onset=1 coll(sp/bare)=0/0 prefix_ok=1 q='Which country is considered the bi'
  [it bare] key=bare rank_can C=2(plat 1) W*=7(plat 1) | best_set C=2 W*=7 | argmax='The' onset=0 coll(sp/bare)=0/0 prefix_ok=1 q='Which US state is the largest by a'
  [it elicit] key=bare rank_can C=1(plat 1) W*=5(plat 1) | best_set C=1 W*=5 | argmax='Alaska' onset=1 coll(sp/bare)=0/0 prefix_ok=1 q='Which US state is the largest by a'
  [it bare] key=bare rank_can C=3(plat 1) W*=17(plat 3) | best_set C=3 W*=17 | argmax='The' onset=0 coll(sp/bare)=0/0 prefix_ok=1 q='Which US state has the longest coa'
  [it elicit] key=bare rank_can C=1(plat 1) W*=7(plat 1) | best_set C=1 W*=7 | argmax='Alaska' onset=1 coll(sp/bare)=0/0 prefix_ok=1 q='Which US state has the longest coa'
  [it bare] key=bare rank_can C=3(plat 1) W*=15(plat 1) | best_set C=3 W*=15 | argmax='**' onset=0 coll(sp/bare)=0/0 prefix_ok=1 q='Which country holds the largest pr'
  [it elicit] key=bare rank_can C=1(plat 1) W*=4(plat 1) | best_set C=1 W*=4 | argmax='Venezuela' onset=1 coll(sp/bare)=0/0 prefix_ok=1 q='Which country holds the largest pr'
  [it bare] key=bare rank_can C=3(plat 1) W*=23(plat 1) | best_set C=3 W*=23 | argmax='**' onset=0 coll(sp/bare)=0/0 prefix_ok=1 q='Which country holds the largest na'
  [it elicit] key=bare rank_can C=1(plat 1) W*=7(plat 2) | best_set C=1 W*=7 | argmax='Russia' onset=1 coll(sp/bare)=0/0 prefix_ok=1 q='Which country holds the largest na'
  [it bare] key=bare rank_can C=2(plat 1) W*=812(plat 15) | best_set C=2 W*=812 | argmax='The' onset=0 coll(sp/bare)=0/0 prefix_ok=1 q='Which country has the highest coff'
  [it elicit] key=bare rank_can C=1(plat 1) W*=357(plat 3) | best_set C=1 W*=357 | argmax='Finland' onset=1 coll(sp/bare)=0/0 prefix_ok=1 q='Which country has the highest coff'
  [it bare] key=bare rank_can C=3(plat 1) W*=9(plat 2) | best_set C=3 W*=9 | argmax='The' onset=0 coll(sp/bare)=0/0 prefix_ok=1 q='Which metal is the best natural co'
  [it elicit] key=bare rank_can C=1(plat 1) W*=4(plat 1) | best_set C=1 W*=4 | argmax='Silver' onset=1 coll(sp/bare)=0/0 prefix_ok=1 q='Which metal is the best natural co'
  [it bare] key=bare rank_can C=6(plat 1) W*=9(plat 2) | best_set C=6 W*=9 | argmax='The' onset=0 coll(sp/bare)=0/0 prefix_ok=1 q='Which organ is the largest in the '
  [it elicit] key=bare rank_can C=1(plat 1) W*=2(plat 1) | best_set C=1 W*=2 | argmax='Skin' onset=1 coll(sp/bare)=0/0 prefix_ok=1 q='Which organ is the largest in the '
  [it bare] key=bare rank_can C=2(plat 1) W*=1(plat 1) | best_set C=2 W*=1 | argmax='The' onset=1 coll(sp/bare)=0/0 prefix_ok=1 q='What is the capital of the Netherl'
  [it elicit] key=bare rank_can C=1(plat 1) W*=3(plat 1) | best_set C=1 W*=3 | argmax='Amsterdam' onset=1 coll(sp/bare)=0/0 prefix_ok=1 q='What is the capital of the Netherl'
  [it bare] key=bare rank_can C=2(plat 1) W*=10(plat 2) | best_set C=2 W*=10 | argmax='The' onset=0 coll(sp/bare)=0/0 prefix_ok=1 q='What is the capital of Palau?'
  [it elicit] key=bare rank_can C=1(plat 1) W*=4(plat 1) | best_set C=1 W*=4 | argmax='N' onset=1 coll(sp/bare)=0/0 prefix_ok=1 q='What is the capital of Palau?'
  [it bare] key=bare rank_can C=2(plat 1) W*=9(plat 2) | best_set C=2 W*=9 | argmax='The' onset=0 coll(sp/bare)=0/0 prefix_ok=1 q='What is the capital of the Federat'
  [it elicit] key=bare rank_can C=1(plat 1) W*=3(plat 1) | best_set C=1 W*=3 | argmax='Pal' onset=1 coll(sp/bare)=0/0 prefix_ok=1 q='What is the capital of the Federat'
  [it bare] key=bare rank_can C=2(plat 1) W*=25(plat 2) | best_set C=2 W*=25 | argmax='The' onset=0 coll(sp/bare)=0/0 prefix_ok=1 q='What is the capital of Poland?'
  [it elicit] key=bare rank_can C=1(plat 1) W*=11(plat 1) | best_set C=1 W*=11 | argmax='Warsaw' onset=1 coll(sp/bare)=0/0 prefix_ok=1 q='What is the capital of Poland?'
  [it bare] key=bare rank_can C=2(plat 1) W*=3(plat 1) | best_set C=2 W*=3 | argmax='The' onset=0 coll(sp/bare)=0/0 prefix_ok=1 q='What is the capital of Burundi?'
  [it elicit] key=bare rank_can C=1(plat 1) W*=2(plat 1) | best_set C=1 W*=2 | argmax='G' onset=1 coll(sp/bare)=0/0 prefix_ok=1 q='What is the capital of Burundi?'
  [it bare] key=bare rank_can C=2(plat 1) W*=22(plat 2) | best_set C=2 W*=22 | argmax='The' onset=0 coll(sp/bare)=0/0 prefix_ok=1 q='What is the capital of Montenegro?'
  [it elicit] key=bare rank_can C=1(plat 1) W*=9(plat 1) | best_set C=1 W*=9 | argmax='Pod' onset=1 coll(sp/bare)=0/0 prefix_ok=1 q='What is the capital of Montenegro?'
  [it bare] key=bare rank_can C=2(plat 1) W*=22(plat 1) | best_set C=2 W*=22 | argmax='The' onset=0 coll(sp/bare)=0/0 prefix_ok=1 q='What is the capital of Portugal?'
  [it elicit] key=bare rank_can C=1(plat 1) W*=12(plat 1) | best_set C=1 W*=12 | argmax='Lis' onset=1 coll(sp/bare)=0/0 prefix_ok=1 q='What is the capital of Portugal?'
  [it bare] key=bare rank_can C=2(plat 1) W*=20(plat 1) | best_set C=2 W*=20 | argmax='The' onset=0 coll(sp/bare)=0/0 prefix_ok=1 q='What is the capital of Croatia?'
  [it elicit] key=bare rank_can C=1(plat 1) W*=11(plat 2) | best_set C=1 W*=11 | argmax='Z' onset=1 coll(sp/bare)=0/0 prefix_ok=1 q='What is the capital of Croatia?'
  [it bare] key=bare rank_can C=7(plat 1) W*=90(plat 9) | best_set C=7 W*=90 | argmax='This' onset=0 coll(sp/bare)=0/0 prefix_ok=1 q='Who built the first practical auto'
  [it elicit] key=bare rank_can C=1(plat 1) W*=15(plat 1) | best_set C=1 W*=15 | argmax='Karl' onset=1 coll(sp/bare)=0/0 prefix_ok=1 q='Who built the first practical auto'
  [it bare] key=bare rank_can C=4(plat 2) W*=10(plat 2) | best_set C=4 W*=10 | argmax='**' onset=0 coll(sp/bare)=0/0 prefix_ok=1 q='Who is credited with discovering r'
  [it elicit] key=bare rank_can C=1(plat 1) W*=2(plat 1) | best_set C=1 W*=2 | argmax='Henri' onset=1 coll(sp/bare)=0/0 prefix_ok=1 q='Who is credited with discovering r'
  [it bare] key=bare rank_can C=5(plat 1) W*=10(plat 1) | best_set C=5 W*=10 | argmax='The' onset=0 coll(sp/bare)=0/0 prefix_ok=1 q='Who developed the oral polio vacci'
  [it elicit] key=bare rank_can C=1(plat 1) W*=2(plat 1) | best_set C=1 W*=2 | argmax='Albert' onset=1 coll(sp/bare)=0/0 prefix_ok=1 q='Who developed the oral polio vacci'
  [it bare] key=bare rank_can C=13(plat 2) W*=6(plat 2) | best_set C=13 W*=6 | argmax='That' onset=0 coll(sp/bare)=0/0 prefix_ok=1 q='Who built the first commercially s'
  [it elicit] key=bare rank_can C=3(plat 1) W*=1(plat 1) | best_set C=3 W*=1 | argmax='James' onset=1 coll(sp/bare)=0/0 prefix_ok=1 q='Who built the first commercially s'
  [it bare] key=bare rank_can C=4(plat 1) W*=85(plat 2) | best_set C=4 W*=85 | argmax='**' onset=0 coll(sp/bare)=0/0 prefix_ok=1 q='Who developed the first successful'
  [it elicit] key=bare rank_can C=1(plat 1) W*=14(plat 1) | best_set C=1 W*=14 | argmax='Edward' onset=1 coll(sp/bare)=0/0 prefix_ok=1 q='Who developed the first successful'
  [it bare] key=bare rank_can C=10(plat 1) W*=67(plat 2) | best_set C=10 W*=67 | argmax='The' onset=0 coll(sp/bare)=0/0 prefix_ok=1 q='Who is credited with inventing the'
  [it elicit] key=bare rank_can C=1(plat 1) W*=4(plat 1) | best_set C=1 W*=4 | argmax='Hans' onset=1 coll(sp/bare)=0/0 prefix_ok=1 q='Who is credited with inventing the'
  [it bare] key=bare rank_can C=5(plat 1) W*=115(plat 2) | best_set C=5 W*=115 | argmax='While' onset=0 coll(sp/bare)=0/0 prefix_ok=1 q='Who is regarded as the primary aut'
  [it elicit] key=bare rank_can C=1(plat 1) W*=70(plat 2) | best_set C=1 W*=70 | argmax='James' onset=1 coll(sp/bare)=0/0 prefix_ok=1 q='Who is regarded as the primary aut'
  [it bare] key=bare rank_can C=4(plat 1) W*=231(plat 4) | best_set C=4 W*=231 | argmax='The' onset=0 coll(sp/bare)=0/0 prefix_ok=1 q='Who invented the World Wide Web?'
  [it elicit] key=bare rank_can C=1(plat 1) W*=571(plat 6) | best_set C=1 W*=571 | argmax='Tim' onset=1 coll(sp/bare)=0/0 prefix_ok=1 q='Who invented the World Wide Web?'
  [it bare] key=bare rank_can C=3(plat 1) W*=2(plat 1) | best_set C=3 W*=2 | argmax='The' onset=0 coll(sp/bare)=0/0 prefix_ok=1 q='Who composed the melody of the Sta'
  [it elicit] key=bare rank_can C=1(plat 1) W*=2(plat 1) | best_set C=1 W*=2 | argmax='John' onset=1 coll(sp/bare)=0/0 prefix_ok=1 q='Who composed the melody of the Sta'
  [it bare] key=bare rank_can C=4(plat 1) W*=210(plat 7) | best_set C=4 W*=210 | argmax='The' onset=0 coll(sp/bare)=0/0 prefix_ok=1 q='Which African country is the large'
  [it elicit] key=bare rank_can C=1(plat 1) W*=15(plat 1) | best_set C=1 W*=15 | argmax='Algeria' onset=1 coll(sp/bare)=0/0 prefix_ok=1 q='Which African country is the large'
  [it bare] key=bare rank_can C=23(plat 1) W*=4(plat 1) | best_set C=23 W*=4 | argmax='The' onset=0 coll(sp/bare)=0/0 prefix_ok=1 q='What is the largest freshwater lak'
  [it elicit] key=bare rank_can C=3(plat 1) W*=1(plat 1) | best_set C=3 W*=1 | argmax='Lake' onset=1 coll(sp/bare)=0/0 prefix_ok=1 q='What is the largest freshwater lak'
  [it bare] key=bare rank_can C=29(plat 1) W*=173(plat 4) | best_set C=29 W*=173 | argmax='The' onset=0 coll(sp/bare)=0/0 prefix_ok=1 q='What is the largest known organism'
  [it elicit] key=bare rank_can C=1(plat 1) W*=177(plat 6) | best_set C=1 W*=177 | argmax='Honey' onset=1 coll(sp/bare)=0/0 prefix_ok=1 q='What is the largest known organism'
  [it bare] key=bare rank_can C=18(plat 1) W*=38(plat 1) | best_set C=18 W*=38 | argmax='The' onset=0 coll(sp/bare)=0/0 prefix_ok=1 q='What is the longest river located '
  [it elicit] key=bare rank_can C=1(plat 1) W*=3(plat 1) | best_set C=1 W*=3 | argmax='Missouri' onset=1 coll(sp/bare)=0/0 prefix_ok=1 q='What is the longest river located '
  [it bare] key=bare rank_can C=11(plat 1) W*=1880(plat 21) | best_set C=11 W*=1880 | argmax='The' onset=0 coll(sp/bare)=0/0 prefix_ok=1 q='Where was the coldest temperature '
  [it elicit] key=bare rank_can C=1(plat 2) W*=49(plat 2) | best_set C=1 W*=49 | argmax='Antar' onset=1 coll(sp/bare)=0/0 prefix_ok=1 q='Where was the coldest temperature '
  [it bare] key=bare rank_can C=8(plat 1) W*=29(plat 1) | best_set C=8 W*=29 | argmax='The' onset=0 coll(sp/bare)=0/0 prefix_ok=1 q='What is the largest active volcano'
  [it elicit] key=bare rank_can C=3(plat 1) W*=14(plat 1) | best_set C=3 W*=14 | argmax='Tam' onset=0 coll(sp/bare)=0/0 prefix_ok=1 q='What is the largest active volcano'
  [it bare] key=bare rank_can C=20(plat 1) W*=30(plat 3) | best_set C=20 W*=30 | argmax='The' onset=0 coll(sp/bare)=0/0 prefix_ok=1 q='Which spider species has the large'
  [it elicit] key=bare rank_can C=2(plat 1) W*=1(plat 1) | best_set C=2 W*=1 | argmax='Go' onset=1 coll(sp/bare)=0/0 prefix_ok=1 q='Which spider species has the large'
  [it bare] key=bare rank_can C=3(plat 1) W*=886(plat 15) | best_set C=3 W*=886 | argmax='**' onset=0 coll(sp/bare)=0/0 prefix_ok=1 q='Which country produces the most co'
  [it elicit] key=bare rank_can C=1(plat 1) W*=708(plat 4) | best_set C=1 W*=559 | argmax='Ivory' onset=1 coll(sp/bare)=0/0 prefix_ok=1 q='Which country produces the most co'
  [it bare] key=bare rank_can C=4(plat 1) W*=67(plat 2) | best_set C=4 W*=67 | argmax='The' onset=0 coll(sp/bare)=0/0 prefix_ok=1 q='Which country is credited with fir'
  [it elicit] key=bare rank_can C=1(plat 1) W*=35(plat 1) | best_set C=1 W*=35 | argmax='Mexico' onset=1 coll(sp/bare)=0/0 prefix_ok=1 q='Which country is credited with fir'
  [it bare] key=bare rank_can C=38(plat 1) W*=39(plat 2) | best_set C=38 W*=39 | argmax='The' onset=0 coll(sp/bare)=0/0 prefix_ok=1 q='Which country did the potato origi'
  [it elicit] key=bare rank_can C=1(plat 1) W*=448(plat 1) | best_set C=1 W*=448 | argmax='Peru' onset=1 coll(sp/bare)=0/0 prefix_ok=1 q='Which country did the potato origi'
  [it bare] key=bare rank_can C=15(plat 3) W*=54(plat 4) | best_set C=15 W*=54 | argmax='The' onset=0 coll(sp/bare)=0/0 prefix_ok=1 q='Which country has the most golf co'
  [it elicit] key=bare rank_can C=1(plat 1) W*=14(plat 1) | best_set C=1 W*=14 | argmax='United' onset=1 coll(sp/bare)=0/0 prefix_ok=1 q='Which country has the most golf co'
  [it bare] key=bare rank_can C=2(plat 1) W*=7(plat 1) | best_set C=2 W*=7 | argmax='**' onset=0 coll(sp/bare)=0/0 prefix_ok=1 q='Which country produces the most ri'
  [it elicit] key=bare rank_can C=1(plat 1) W*=3(plat 1) | best_set C=1 W*=3 | argmax='China' onset=1 coll(sp/bare)=0/0 prefix_ok=1 q='Which country produces the most ri'
  [it bare] key=bare rank_can C=2(plat 1) W*=39(plat 5) | best_set C=2 W*=39 | argmax='The' onset=0 coll(sp/bare)=0/0 prefix_ok=1 q='Which country drinks the most beer'
  [it elicit] key=bare rank_can C=1(plat 1) W*=9(plat 1) | best_set C=1 W*=9 | argmax='Czech' onset=1 coll(sp/bare)=0/0 prefix_ok=1 q='Which country drinks the most beer'
  [it bare] key=bare rank_can C=7(plat 1) W*=180(plat 13) | best_set C=7 W*=180 | argmax='The' onset=0 coll(sp/bare)=0/0 prefix_ok=1 q='Which country drinks the most tea '
  [it elicit] key=bare rank_can C=1(plat 1) W*=3(plat 1) | best_set C=1 W*=3 | argmax='Turkey' onset=1 coll(sp/bare)=0/0 prefix_ok=1 q='Which country drinks the most tea '
  [it bare] key=bare rank_can C=2(plat 1) W*=24(plat 1) | best_set C=2 W*=24 | argmax='The' onset=0 coll(sp/bare)=0/0 prefix_ok=1 q='What is the most abundant metal in'
  [it elicit] key=bare rank_can C=1(plat 1) W*=16(plat 1) | best_set C=1 W*=16 | argmax='Aluminum' onset=1 coll(sp/bare)=0/0 prefix_ok=1 q='What is the most abundant metal in'
  [it bare] key=bare rank_can C=4(plat 1) W*=37(plat 3) | best_set C=4 W*=37 | argmax='The' onset=0 coll(sp/bare)=0/0 prefix_ok=1 q='Which country is the largest expor'
  [it elicit] key=bare rank_can C=1(plat 1) W*=4(plat 2) | best_set C=1 W*=4 | argmax='Ecuador' onset=1 coll(sp/bare)=0/0 prefix_ok=1 q='Which country is the largest expor'
  [it bare] key=bare rank_can C=3(plat 1) W*=25(plat 3) | best_set C=3 W*=25 | argmax='**' onset=0 coll(sp/bare)=0/0 prefix_ok=1 q='Which country is home to most of t'
  [it elicit] key=bare rank_can C=1(plat 1) W*=10(plat 1) | best_set C=1 W*=10 | argmax='India' onset=1 coll(sp/bare)=0/0 prefix_ok=1 q='Which country is home to most of t'
  [it bare] key=bare rank_can C=4(plat 1) W*=132(plat 3) | best_set C=4 W*=132 | argmax='The' onset=0 coll(sp/bare)=0/0 prefix_ok=1 q='Which country has the largest wild'
  [it elicit] key=bare rank_can C=3(plat 1) W*=164(plat 2) | best_set C=3 W*=164 | argmax='China' onset=0 coll(sp/bare)=0/0 prefix_ok=1 q='Which country has the largest wild'
  [it bare] key=bare rank_can C=4(plat 1) W*=8(plat 1) | best_set C=4 W*=8 | argmax='**' onset=0 coll(sp/bare)=0/0 prefix_ok=1 q='Which country has the most native '
  [it elicit] key=bare rank_can C=1(plat 1) W*=2(plat 1) | best_set C=1 W*=2 | argmax='Mexico' onset=1 coll(sp/bare)=0/0 prefix_ok=1 q='Which country has the most native '
  [it bare] key=bare rank_can C=3(plat 1) W*=6(plat 1) | best_set C=3 W*=6 | argmax='The' onset=0 coll(sp/bare)=0/0 prefix_ok=1 q='Which country has the most native '
  [it elicit] key=bare rank_can C=1(plat 1) W*=2(plat 1) | best_set C=1 W*=2 | argmax='Brazil' onset=1 coll(sp/bare)=0/0 prefix_ok=1 q='Which country has the most native '
  [it bare] key=bare rank_can C=4(plat 1) W*=32(plat 1) | best_set C=4 W*=32 | argmax='The' onset=0 coll(sp/bare)=0/0 prefix_ok=1 q='Which country has the largest popu'
  [it elicit] key=bare rank_can C=1(plat 1) W*=7(plat 1) | best_set C=1 W*=7 | argmax='Egypt' onset=1 coll(sp/bare)=0/0 prefix_ok=1 q='Which country has the largest popu'
  [it bare] key=bare rank_can C=2(plat 1) W*=9(plat 1) | best_set C=2 W*=9 | argmax='The' onset=0 coll(sp/bare)=0/0 prefix_ok=1 q='What is the capital of California?'
  [it elicit] key=bare rank_can C=1(plat 1) W*=9(plat 1) | best_set C=1 W*=9 | argmax='Sacramento' onset=1 coll(sp/bare)=0/0 prefix_ok=1 q='What is the capital of California?'
  [it bare] key=bare rank_can C=2(plat 1) W*=5(plat 1) | best_set C=2 W*=5 | argmax='The' onset=0 coll(sp/bare)=0/0 prefix_ok=1 q='What is the capital of New York St'
  [it elicit] key=bare rank_can C=1(plat 1) W*=6(plat 1) | best_set C=1 W*=6 | argmax='Albany' onset=1 coll(sp/bare)=0/0 prefix_ok=1 q='What is the capital of New York St'
  [it bare] key=bare rank_can C=2(plat 1) W*=17(plat 2) | best_set C=2 W*=17 | argmax='The' onset=0 coll(sp/bare)=0/0 prefix_ok=1 q='What is the capital of Florida?'
  [it elicit] key=bare rank_can C=1(plat 1) W*=17(plat 1) | best_set C=1 W*=17 | argmax='Talla' onset=1 coll(sp/bare)=0/0 prefix_ok=1 q='What is the capital of Florida?'
  [it bare] key=bare rank_can C=2(plat 1) W*=3(plat 1) | best_set C=2 W*=3 | argmax='The' onset=0 coll(sp/bare)=0/0 prefix_ok=1 q='What is the capital of Illinois?'
  [it elicit] key=bare rank_can C=1(plat 1) W*=2(plat 1) | best_set C=1 W*=2 | argmax='Springfield' onset=1 coll(sp/bare)=0/0 prefix_ok=1 q='What is the capital of Illinois?'
  [it bare] key=bare rank_can C=2(plat 1) W*=7(plat 1) | best_set C=2 W*=7 | argmax='The' onset=0 coll(sp/bare)=0/0 prefix_ok=1 q='What is the capital of Michigan?'
  [it elicit] key=bare rank_can C=1(plat 1) W*=3(plat 1) | best_set C=1 W*=3 | argmax='L' onset=1 coll(sp/bare)=0/0 prefix_ok=1 q='What is the capital of Michigan?'
  [it bare] key=bare rank_can C=2(plat 1) W*=3(plat 1) | best_set C=2 W*=3 | argmax='The' onset=0 coll(sp/bare)=0/0 prefix_ok=1 q='What is the capital of Nevada?'
  [it elicit] key=bare rank_can C=1(plat 1) W*=3(plat 1) | best_set C=1 W*=3 | argmax='Carson' onset=1 coll(sp/bare)=0/0 prefix_ok=1 q='What is the capital of Nevada?'
  [it bare] key=bare rank_can C=2(plat 1) W*=5(plat 1) | best_set C=2 W*=5 | argmax='The' onset=0 coll(sp/bare)=0/0 prefix_ok=1 q='What is the capital of Washington '
  [it elicit] key=bare rank_can C=1(plat 1) W*=8(plat 1) | best_set C=1 W*=8 | argmax='Olympia' onset=1 coll(sp/bare)=0/0 prefix_ok=1 q='What is the capital of Washington '
  [it bare] key=bare rank_can C=2(plat 1) W*=4(plat 1) | best_set C=2 W*=4 | argmax='The' onset=0 coll(sp/bare)=0/0 prefix_ok=1 q='What is the capital of British Col'
  [it elicit] key=bare rank_can C=1(plat 1) W*=4(plat 2) | best_set C=1 W*=4 | argmax='Victoria' onset=1 coll(sp/bare)=0/0 prefix_ok=1 q='What is the capital of British Col'
  [it bare] key=bare rank_can C=9(plat 1) W*=5(plat 2) | best_set C=9 W*=5 | argmax='The' onset=0 coll(sp/bare)=0/0 prefix_ok=1 q="Who first radioed 'Houston, we've "
  [it elicit] key=bare rank_can C=2(plat 1) W*=1(plat 1) | best_set C=2 W*=1 | argmax='Jim' onset=1 coll(sp/bare)=0/0 prefix_ok=1 q="Who first radioed 'Houston, we've "
  [it bare] key=bare rank_can C=5(plat 1) W*=100(plat 4) | best_set C=5 W*=100 | argmax='The' onset=0 coll(sp/bare)=0/0 prefix_ok=1 q='Who took the X-ray photograph know'
  [it elicit] key=bare rank_can C=1(plat 1) W*=11(plat 1) | best_set C=1 W*=11 | argmax='Ros' onset=1 coll(sp/bare)=0/0 prefix_ok=1 q='Who took the X-ray photograph know'
  [it bare] key=bare rank_can C=23(plat 1) W*=13(plat 2) | best_set C=23 W*=13 | argmax='The' onset=0 coll(sp/bare)=0/0 prefix_ok=1 q='Who originally invented the board '
  [it elicit] key=bare rank_can C=3(plat 1) W*=1(plat 1) | best_set C=3 W*=1 | argmax='Charles' onset=1 coll(sp/bare)=0/0 prefix_ok=1 q='Who originally invented the board '
  [it bare] key=bare rank_can C=17(plat 1) W*=6(plat 1) | best_set C=17 W*=6 | argmax='**' onset=0 coll(sp/bare)=0/0 prefix_ok=1 q='Who invented the first movable typ'
  [it elicit] key=bare rank_can C=2(plat 1) W*=1(plat 1) | best_set C=2 W*=1 | argmax='Johannes' onset=1 coll(sp/bare)=0/0 prefix_ok=1 q='Who invented the first movable typ'
  [it bare] key=bare rank_can C=6(plat 1) W*=10(plat 1) | best_set C=6 W*=10 | argmax='The' onset=0 coll(sp/bare)=0/0 prefix_ok=1 q='Who held the original patent for t'
  [it elicit] key=bare rank_can C=1(plat 1) W*=2(plat 1) | best_set C=1 W*=2 | argmax='Elias' onset=1 coll(sp/bare)=0/0 prefix_ok=1 q='Who held the original patent for t'
  [it bare] key=bare rank_can C=4(plat 1) W*=128(plat 5) | best_set C=4 W*=128 | argmax='The' onset=0 coll(sp/bare)=0/0 prefix_ok=1 q='Who was the primary author of the '
  [it elicit] key=bare rank_can C=1(plat 1) W*=453(plat 3) | best_set C=1 W*=453 | argmax='Thomas' onset=1 coll(sp/bare)=0/0 prefix_ok=1 q='Who was the primary author of the '
[fmt_ext2_9bit|bare] frac_slot_answer_onset=0.036585 (n=3/82) onset_side_empty=False | decomposition C_only=0.02439 W_only=0.012195 both=0.0 neither=0.963415  [LEVEL: no threshold, A15]
[fmt_ext2_9bit|bare] A19 non-onset composition: n_non_onset=79 distinct=8 modal='The' x62 (tied=False) | top5=[('The', 62, 0.78481), ('**', 11, 0.139241), ('This', 1, 0.012658), ('That', 1, 0.012658), ('While', 1, 0.012658)]
[fmt_ext2_9bit|bare] rule_k n_by_canonical_key={'space': 0, 'bare': 82} off_regime_derivation=0 | prefix_fail=0 (spec_literal=0) reasons={'OK': 164}
[fmt_ext2_9bit|bare|C] RANK_GATE_PAIR_ABSENT key=bare median_rank_canonical=4.0 (plateau=1 IQR=5.0 max=38) median_rank_best_set=4.0 | n_rank_resolved=75/82 median_tie_plateau=1.0 | n_rank_le_10=67 n_is_top=2 n_p_ge_1e6=79 | canonical_better_than_cross=82/82 (cross_better=0 tied=0) n_id_disagree=0 | primary_input=False role=secondary_diagnostic
[fmt_ext2_9bit|bare|Wstar] RANK_GATE_PAIR_ABSENT key=bare median_rank_canonical=22.0 (plateau=2 IQR=59.0 max=1880) median_rank_best_set=22.0 | n_rank_resolved=38/82 median_tie_plateau=2.0 | n_rank_le_10=33 n_is_top=1 n_p_ge_1e6=60 | canonical_better_than_cross=82/82 (cross_better=0 tied=0) n_id_disagree=0 | primary_input=False role=secondary_diagnostic
[fmt_ext2_9bit|bare] SLOT_GATE_PAIR_ABSENT (not_emitted) -- frac_slot_answer_onset is absent for one arm (base=0.036585365853658534, -it=None) and the known arm is not zero: abs(f_base - f_it) needs both cells and one invocation measures ONE cell (§14.1, A8), so no matching verdict is emitted here. The pair resolves offline (§14.2).
[fmt_ext2_9bit|elicit] frac_slot_answer_onset=0.963415 (n=79/82) onset_side_empty=False | decomposition C_only=0.865854 W_only=0.097561 both=0.0 neither=0.036585  [LEVEL: no threshold, A15]
[fmt_ext2_9bit|elicit] A19 non-onset composition: n_non_onset=3 distinct=3 modal='China' x1 (tied=True) | top5=[('China', 1, 0.333333), ('Tam', 1, 0.333333), ('São', 1, 0.333333)]
[fmt_ext2_9bit|elicit] rule_k n_by_canonical_key={'space': 0, 'bare': 82} off_regime_derivation=0 | prefix_fail=0 (spec_literal=0) reasons={'OK': 164}
[fmt_ext2_9bit|elicit|C] RANK_GATE_PAIR_ABSENT key=bare median_rank_canonical=1.0 (plateau=1 IQR=0.0 max=5) median_rank_best_set=1.0 | n_rank_resolved=80/82 median_tie_plateau=1.0 | n_rank_le_10=82 n_is_top=71 n_p_ge_1e6=82 | canonical_better_than_cross=82/82 (cross_better=0 tied=0) n_id_disagree=0 | primary_input=False role=secondary_diagnostic
[fmt_ext2_9bit|elicit|Wstar] RANK_GATE_PAIR_ABSENT key=bare median_rank_canonical=5.5 (plateau=2 IQR=12.0 max=708) median_rank_best_set=5.5 | n_rank_resolved=63/82 median_tie_plateau=1.0 | n_rank_le_10=51 n_is_top=8 n_p_ge_1e6=53 | canonical_better_than_cross=82/82 (cross_better=0 tied=0) n_id_disagree=0 | primary_input=True role=secondary_diagnostic
[fmt_ext2_9bit|elicit] SLOT_GATE_PAIR_ABSENT (not_emitted) -- frac_slot_answer_onset is absent for one arm (base=0.9634146341463414, -it=None) and the known arm is not zero: abs(f_base - f_it) needs both cells and one invocation measures ONE cell (§14.1, A8), so no matching verdict is emitted here. The pair resolves offline (§14.2).
[primary] n_primary_role_fields=1 (§13: exactly 1, the designation block; this instrument emits no primary number)
[done] wrote out/family_topk_shift_fmt_fmt_ext2_9bit.json
