[family] verifier_family_ext2.json -> 82 items (no select_items; every item measured + dumped)
[load] google/gemma-2-2b-it on cuda (chat=True)
Loading weights:   0%|          | 0/288 [00:00<?, ?it/s]Loading weights: 100%|██████████| 288/288 [00:00<00:00, 6003.75it/s]
Loaded pretrained model google/gemma-2-2b-it into HookedTransformer
  [it] W*_rank_bare=446 top_riser='You' dp=+0.004 wstar_top_riser=0 coll=0 q='Which city is the most populous in'
  [it] W*_rank_bare=270 top_riser='You' dp=+0.003 wstar_top_riser=0 coll=0 q='Which city is the most populous in'
  [it] W*_rank_bare=831 top_riser='You' dp=+0.005 wstar_top_riser=0 coll=0 q='Which city is the most populous in'
  [it] W*_rank_bare=814 top_riser='You' dp=+0.003 wstar_top_riser=0 coll=0 q='Which city is the largest in Brazi'
  [it] W*_rank_bare=67381 top_riser='That' dp=+0.004 wstar_top_riser=0 coll=0 q='Which organ produces insulin in th'
  [it] W*_rank_bare=258 top_riser='You' dp=+0.002 wstar_top_riser=0 coll=0 q='Which metal is most abundant in Ea'
  [it] W*_rank_bare=6318 top_riser='That' dp=+0.004 wstar_top_riser=0 coll=0 q='Which organelle is known as the po'
  [it] W*_rank_bare=119 top_riser='You' dp=+0.004 wstar_top_riser=0 coll=0 q='Which country has the most lakes i'
  [it] W*_rank_bare=146 top_riser='You' dp=+0.003 wstar_top_riser=0 coll=0 q='Which country has won the most Rug'
  [it] W*_rank_bare=90 top_riser='You' dp=+0.004 wstar_top_riser=0 coll=0 q='Which country produces the most co'
  [it] W*_rank_bare=3536 top_riser='You' dp=+0.001 wstar_top_riser=0 coll=0 q='Which country has the largest Musl'
  [it] W*_rank_bare=229 top_riser='You' dp=+0.003 wstar_top_riser=0 coll=0 q='Which country has the largest Chri'
  [it] W*_rank_bare=1585 top_riser='You' dp=+0.003 wstar_top_riser=0 coll=0 q='Which country has the largest Cath'
  [it] W*_rank_bare=2146 top_riser='You' dp=+0.004 wstar_top_riser=0 coll=0 q='Which country has the longest coas'
  [it] W*_rank_bare=2745 top_riser='You' dp=+0.004 wstar_top_riser=0 coll=0 q='Which country has the most time zo'
  [it] W*_rank_bare=284 top_riser='You' dp=+0.003 wstar_top_riser=0 coll=0 q='Which continent is the driest inha'
  [it] W*_rank_bare=2077 top_riser='You' dp=+0.002 wstar_top_riser=0 coll=0 q='Which animal is the fastest in the'
  [it] W*_rank_bare=17282 top_riser='You' dp=+0.003 wstar_top_riser=0 coll=0 q='Which rodent species is the larges'
  [it] W*_rank_bare=3673 top_riser='You' dp=+0.003 wstar_top_riser=0 coll=0 q='Which big cat species is the large'
  [it] W*_rank_bare=32697 top_riser='That' dp=+0.002 wstar_top_riser=0 coll=0 q='Which city is considered the birth'
  [it] W*_rank_bare=4439 top_riser='You' dp=+0.007 wstar_top_riser=0 coll=0 q='Which country did the croissant or'
  [it] W*_rank_bare=87116 top_riser='That' dp=+0.005 wstar_top_riser=0 coll=0 q='Which country invented paper?'
  [it] W*_rank_bare=18883 top_riser='I' dp=+0.001 wstar_top_riser=0 coll=0 q='Which country is considered the bi'
  [it] W*_rank_bare=224 top_riser='You' dp=+0.003 wstar_top_riser=0 coll=0 q='Which US state is the largest by a'
  [it] W*_rank_bare=729 top_riser='You' dp=+0.006 wstar_top_riser=0 coll=0 q='Which US state has the longest coa'
  [it] W*_rank_bare=238 top_riser='You' dp=+0.001 wstar_top_riser=0 coll=0 q='Which country holds the largest pr'
  [it] W*_rank_bare=421 top_riser='You' dp=+0.002 wstar_top_riser=0 coll=0 q='Which country holds the largest na'
  [it] W*_rank_bare=11522 top_riser='You' dp=+0.003 wstar_top_riser=0 coll=0 q='Which country has the highest coff'
  [it] W*_rank_bare=268 top_riser='You' dp=+0.002 wstar_top_riser=0 coll=0 q='Which metal is the best natural co'
  [it] W*_rank_bare=20577 top_riser='You' dp=+0.005 wstar_top_riser=0 coll=0 q='Which organ is the largest in the '
  [it] W*_rank_bare=6 top_riser='You' dp=+0.003 wstar_top_riser=0 coll=0 q='What is the capital of the Netherl'
  [it] W*_rank_bare=14768 top_riser='You' dp=+0.003 wstar_top_riser=0 coll=0 q='What is the capital of Palau?'
  [it] W*_rank_bare=6953 top_riser='You' dp=+0.001 wstar_top_riser=0 coll=0 q='What is the capital of the Federat'
  [it] W*_rank_bare=170 top_riser='I' dp=+0.001 wstar_top_riser=0 coll=0 q='What is the capital of Poland?'
  [it] W*_rank_bare=235 top_riser='You' dp=+0.002 wstar_top_riser=0 coll=0 q='What is the capital of Burundi?'
  [it] W*_rank_bare=1692 top_riser='You' dp=+0.002 wstar_top_riser=0 coll=0 q='What is the capital of Montenegro?'
  [it] W*_rank_bare=120 top_riser='That' dp=+0.001 wstar_top_riser=0 coll=0 q='What is the capital of Portugal?'
  [it] W*_rank_bare=105 top_riser='You' dp=+0.001 wstar_top_riser=0 coll=0 q='What is the capital of Croatia?'
  [it] W*_rank_bare=3623 top_riser='While' dp=+0.002 wstar_top_riser=0 coll=0 q='Who built the first practical auto'
  [it] W*_rank_bare=242 top_riser='I' dp=+0.001 wstar_top_riser=0 coll=0 q='Who is credited with discovering r'
  [it] W*_rank_bare=1068 top_riser='You' dp=+0.002 wstar_top_riser=0 coll=0 q='Who developed the oral polio vacci'
  [it] W*_rank_bare=569 top_riser='You' dp=+0.001 wstar_top_riser=0 coll=0 q='Who built the first commercially s'
  [it] W*_rank_bare=500 top_riser='I' dp=+0.001 wstar_top_riser=0 coll=0 q='Who developed the first successful'
  [it] W*_rank_bare=590 top_riser='I' dp=+0.001 wstar_top_riser=0 coll=0 q='Who is credited with inventing the'
  [it] W*_rank_bare=12911 top_riser='That' dp=+0.003 wstar_top_riser=0 coll=0 q='Who is regarded as the primary aut'
  [it] W*_rank_bare=5653 top_riser='That' dp=+0.094 wstar_top_riser=0 coll=0 q='Who invented the World Wide Web?'
  [it] W*_rank_bare=188 top_riser='You' dp=+0.002 wstar_top_riser=0 coll=0 q='Who composed the melody of the Sta'
  [it] W*_rank_bare=44005 top_riser='You' dp=+0.002 wstar_top_riser=0 coll=0 q='Which African country is the large'
  [it] W*_rank_bare=286 top_riser='You' dp=+0.003 wstar_top_riser=0 coll=0 q='What is the largest freshwater lak'
  [it] W*_rank_bare=29869 top_riser='You' dp=+0.002 wstar_top_riser=0 coll=0 q='What is the largest known organism'
  [it] W*_rank_bare=10745 top_riser='You' dp=+0.004 wstar_top_riser=0 coll=0 q='What is the longest river located '
  [it] W*_rank_bare=60582 top_riser='You' dp=+0.001 wstar_top_riser=0 coll=0 q='Where was the coldest temperature '
  [it] W*_rank_bare=10582 top_riser='You' dp=+0.002 wstar_top_riser=0 coll=0 q='What is the largest active volcano'
  [it] W*_rank_bare=9045 top_riser='You' dp=+0.003 wstar_top_riser=0 coll=0 q='Which spider species has the large'
  [it] W*_rank_bare=2306 top_riser='That' dp=+0.020 wstar_top_riser=0 coll=0 q='Which country produces the most co'
  [it] W*_rank_bare=20938 top_riser='That' dp=+0.001 wstar_top_riser=0 coll=0 q='Which country is credited with fir'
  [it] W*_rank_bare=15951 top_riser='That' dp=+0.003 wstar_top_riser=0 coll=0 q='Which country did the potato origi'
  [it] W*_rank_bare=1256 top_riser='You' dp=+0.007 wstar_top_riser=0 coll=0 q='Which country has the most golf co'
  [it] W*_rank_bare=171 top_riser='You' dp=+0.003 wstar_top_riser=0 coll=0 q='Which country produces the most ri'
  [it] W*_rank_bare=1451 top_riser='You' dp=+0.004 wstar_top_riser=0 coll=0 q='Which country drinks the most beer'
  [it] W*_rank_bare=8168 top_riser='You' dp=+0.003 wstar_top_riser=0 coll=0 q='Which country drinks the most tea '
  [it] W*_rank_bare=495 top_riser='You' dp=+0.003 wstar_top_riser=0 coll=0 q='What is the most abundant metal in'
  [it] W*_rank_bare=631 top_riser='You' dp=+0.003 wstar_top_riser=0 coll=0 q='Which country is the largest expor'
  [it] W*_rank_bare=548 top_riser='You' dp=+0.002 wstar_top_riser=0 coll=0 q='Which country is home to most of t'
  [it] W*_rank_bare=3169 top_riser='You' dp=+0.003 wstar_top_riser=0 coll=0 q='Which country has the largest wild'
  [it] W*_rank_bare=284 top_riser='You' dp=+0.004 wstar_top_riser=0 coll=0 q='Which country has the most native '
  [it] W*_rank_bare=111 top_riser='You' dp=+0.004 wstar_top_riser=0 coll=0 q='Which country has the most native '
  [it] W*_rank_bare=748 top_riser='You' dp=+0.002 wstar_top_riser=0 coll=0 q='Which country has the largest popu'
  [it] W*_rank_bare=601 top_riser='That' dp=+0.002 wstar_top_riser=0 coll=0 q='What is the capital of California?'
  [it] W*_rank_bare=106 top_riser='That' dp=+0.001 wstar_top_riser=0 coll=0 q='What is the capital of New York St'
  [it] W*_rank_bare=439 top_riser='That' dp=+0.001 wstar_top_riser=0 coll=0 q='What is the capital of Florida?'
  [it] W*_rank_bare=217 top_riser='You' dp=+0.001 wstar_top_riser=0 coll=0 q='What is the capital of Illinois?'
  [it] W*_rank_bare=178 top_riser='You' dp=+0.001 wstar_top_riser=0 coll=0 q='What is the capital of Michigan?'
  [it] W*_rank_bare=399 top_riser='That' dp=+0.001 wstar_top_riser=0 coll=0 q='What is the capital of Nevada?'
  [it] W*_rank_bare=125 top_riser='While' dp=+0.001 wstar_top_riser=0 coll=0 q='What is the capital of Washington '
  [it] W*_rank_bare=71 top_riser='You' dp=+0.001 wstar_top_riser=0 coll=0 q='What is the capital of British Col'
  [it] W*_rank_bare=549 top_riser='You' dp=+0.002 wstar_top_riser=0 coll=0 q="Who first radioed 'Houston, we've "
  [it] W*_rank_bare=19459 top_riser='That' dp=+0.001 wstar_top_riser=0 coll=0 q='Who took the X-ray photograph know'
  [it] W*_rank_bare=14685 top_riser='You' dp=+0.001 wstar_top_riser=0 coll=0 q='Who originally invented the board '
  [it] W*_rank_bare=354 top_riser='You' dp=+0.001 wstar_top_riser=0 coll=0 q='Who invented the first movable typ'
  [it] W*_rank_bare=909 top_riser='You' dp=+0.001 wstar_top_riser=0 coll=0 q='Who held the original patent for t'
  [it] W*_rank_bare=25034 top_riser='That' dp=+0.012 wstar_top_riser=0 coll=0 q='Who was the primary author of the '
[sbref_ext2_2bit] OTHER_RISER n=82 n_collision=0 n_eval=82 | frac_wstar_top_riser=0.0 median_wstar_rank_bare=781.0 wstar_in_bare_topk=False
[done] wrote out/family_topk_shift_sbref_ext2_2bit.json
