[provenance] {"gpu_name": "NVIDIA A100-SXM4-40GB", "gpu_count": 1, "cuda_runtime": "12.4", "driver": null, "torch": "2.6.0+cu124", "transformers": "5.14.1", "transformer_lens": "3.6.0", "python": "3.10.12", "dtype": "bfloat16", "lambda_instance_id": "eed0b6f9b9184bdaaeb32eee417370f2", "git_commit": "a4a2ae0085703e718252bc21c061ad31da1b5308", "started_utc": "2026-07-29T04:20:25.294565+00:00", "finished_utc": null, "cuda_visible_devices": "0", "device_index": 0}
[family] verifier_family_ext2.json -> 82 items (no select_items; every item measured + dumped at both slots)
[elicit] literal (foldlisten_judge.py:66) = 'What is your final answer? Reply with only the answer.'
[primary] §8.2: entity=Wstar slot=elicit key=canonical statistic=L_new (controls/fmt_matched_join.py (offline, §9.3) -- NOT by this instrument)
[L_old] §8.2 reference, read by no code path here: {"Wstar": {"2b": 2.416, "9b": 2.899, "27b": 2.886}, "C": {"2b": 2.428, "9b": 1.526, "27b": 1.398}}
[thresholds] ONSET_DELTA=0.1 (ONSET_DELTA_BORROWED_FROM_WITHIN_MODEL_REGIME) | withdrawn, non-numeric: KEY_LIVE_FRAC, ONSET_FLOOR
[load] google/gemma-2-2b on cuda (chat=False)
Fetching 3 files:   0%|          | 0/3 [00:00<?, ?it/s]Fetching 3 files:  33%|███▎      | 1/3 [00:08<00:16,  8.31s/it]Fetching 3 files:  67%|██████▋   | 2/3 [00:23<00:12, 12.12s/it]Fetching 3 files: 100%|██████████| 3/3 [00:26<00:00,  8.14s/it]Fetching 3 files: 100%|██████████| 3/3 [00:26<00:00,  8.83s/it]
Loading weights:   0%|          | 0/288 [00:00<?, ?it/s]Loading weights:  42%|████▏     | 122/288 [00:00<00:00, 1198.81it/s]Loading weights:  84%|████████▍ | 242/288 [00:00<00:00, 1125.44it/s]Loading weights: 100%|██████████| 288/288 [00:00<00:00, 1148.17it/s]
Loaded pretrained model google/gemma-2-2b into HookedTransformer
  [base bare] key=space rank_can C=1(plat 1) W*=3(plat 1) | best_set C=1 W*=3 | argmax=' Istanbul' onset=1 coll(sp/bare)=0/0 prefix_ok=1 q='Which city is the most populous in'
  [base elicit] key=space rank_can C=1(plat 1) W*=2(plat 1) | best_set C=1 W*=2 | argmax=' Istanbul' onset=1 coll(sp/bare)=0/0 prefix_ok=1 q='Which city is the most populous in'
  [base bare] key=space rank_can C=1(plat 1) W*=2(plat 1) | best_set C=1 W*=2 | argmax=' Al' onset=1 coll(sp/bare)=0/0 prefix_ok=1 q='Which city is the most populous in'
  [base elicit] key=space rank_can C=1(plat 1) W*=2(plat 1) | best_set C=1 W*=2 | argmax=' Al' onset=1 coll(sp/bare)=0/0 prefix_ok=1 q='Which city is the most populous in'
  [base bare] key=space rank_can C=1(plat 1) W*=24(plat 2) | best_set C=1 W*=24 | argmax=' Toronto' onset=1 coll(sp/bare)=0/0 prefix_ok=1 q='Which city is the most populous in'
  [base elicit] key=space rank_can C=1(plat 1) W*=37(plat 5) | best_set C=1 W*=37 | argmax=' Toronto' onset=1 coll(sp/bare)=0/0 prefix_ok=1 q='Which city is the most populous in'
  [base bare] key=space rank_can C=1(plat 1) W*=3(plat 1) | best_set C=1 W*=3 | argmax=' Sao' onset=1 coll(sp/bare)=0/0 prefix_ok=1 q='Which city is the largest in Brazi'
  [base elicit] key=space rank_can C=1(plat 1) W*=3(plat 1) | best_set C=1 W*=3 | argmax=' Sao' onset=1 coll(sp/bare)=0/0 prefix_ok=1 q='Which city is the largest in Brazi'
  [base bare] key=space rank_can C=1(plat 1) W*=15(plat 2) | best_set C=1 W*=15 | argmax=' Pan' onset=1 coll(sp/bare)=0/0 prefix_ok=1 q='Which organ produces insulin in th'
  [base elicit] key=space rank_can C=1(plat 1) W*=20(plat 1) | best_set C=1 W*=20 | argmax=' Pan' onset=1 coll(sp/bare)=0/0 prefix_ok=1 q='Which organ produces insulin in th'
  [base bare] key=space rank_can C=1(plat 1) W*=2(plat 1) | best_set C=1 W*=2 | argmax=' Iron' onset=1 coll(sp/bare)=0/0 prefix_ok=1 q='Which metal is most abundant in Ea'
  [base elicit] key=space rank_can C=1(plat 1) W*=2(plat 1) | best_set C=1 W*=2 | argmax=' Iron' onset=1 coll(sp/bare)=0/0 prefix_ok=1 q='Which metal is most abundant in Ea'
  [base bare] key=space rank_can C=1(plat 1) W*=6(plat 1) | best_set C=1 W*=6 | argmax=' Mitochond' onset=1 coll(sp/bare)=0/0 prefix_ok=1 q='Which organelle is known as the po'
  [base elicit] key=space rank_can C=1(plat 1) W*=6(plat 1) | best_set C=1 W*=6 | argmax=' Mitochond' onset=1 coll(sp/bare)=0/0 prefix_ok=1 q='Which organelle is known as the po'
  [base bare] key=space rank_can C=1(plat 1) W*=8(plat 1) | best_set C=1 W*=8 | argmax=' Canada' onset=1 coll(sp/bare)=0/0 prefix_ok=1 q='Which country has the most lakes i'
  [base elicit] key=space rank_can C=2(plat 1) W*=8(plat 1) | best_set C=2 W*=8 | argmax=' Russia' onset=0 coll(sp/bare)=0/0 prefix_ok=1 q='Which country has the most lakes i'
  [base bare] key=space rank_can C=2(plat 1) W*=1(plat 1) | best_set C=2 W*=1 | argmax=' New' onset=1 coll(sp/bare)=0/0 prefix_ok=1 q='Which country has won the most Rug'
  [base elicit] key=space rank_can C=2(plat 1) W*=1(plat 1) | best_set C=2 W*=1 | argmax=' New' onset=1 coll(sp/bare)=0/0 prefix_ok=1 q='Which country has won the most Rug'
  [base bare] key=space rank_can C=1(plat 1) W*=3(plat 1) | best_set C=1 W*=3 | argmax=' Brazil' onset=1 coll(sp/bare)=0/0 prefix_ok=1 q='Which country produces the most co'
  [base elicit] key=space rank_can C=1(plat 1) W*=5(plat 1) | best_set C=1 W*=5 | argmax=' Brazil' onset=1 coll(sp/bare)=0/0 prefix_ok=1 q='Which country produces the most co'
  [base bare] key=space rank_can C=1(plat 1) W*=15(plat 1) | best_set C=1 W*=15 | argmax=' Indonesia' onset=1 coll(sp/bare)=0/0 prefix_ok=1 q='Which country has the largest Musl'
  [base elicit] key=space rank_can C=1(plat 1) W*=16(plat 1) | best_set C=1 W*=16 | argmax=' Indonesia' onset=1 coll(sp/bare)=0/0 prefix_ok=1 q='Which country has the largest Musl'
  [base bare] key=space rank_can C=2(plat 2) W*=4(plat 1) | best_set C=2 W*=4 | argmax=' The' onset=0 coll(sp/bare)=0/0 prefix_ok=1 q='Which country has the largest Chri'
  [base elicit] key=space rank_can C=4(plat 1) W*=3(plat 1) | best_set C=4 W*=3 | argmax=' The' onset=0 coll(sp/bare)=0/0 prefix_ok=1 q='Which country has the largest Chri'
  [base bare] key=space rank_can C=1(plat 2) W*=6(plat 1) | best_set C=1 W*=6 | argmax=' Mexico' onset=0 coll(sp/bare)=0/0 prefix_ok=1 q='Which country has the largest Cath'
  [base elicit] key=space rank_can C=1(plat 1) W*=7(plat 1) | best_set C=1 W*=7 | argmax=' Brazil' onset=1 coll(sp/bare)=0/0 prefix_ok=1 q='Which country has the largest Cath'
  [base bare] key=space rank_can C=2(plat 2) W*=1(plat 1) | best_set C=2 W*=1 | argmax=' Russia' onset=1 coll(sp/bare)=0/0 prefix_ok=1 q='Which country has the longest coas'
  [base elicit] key=space rank_can C=2(plat 2) W*=1(plat 1) | best_set C=2 W*=1 | argmax=' Russia' onset=1 coll(sp/bare)=0/0 prefix_ok=1 q='Which country has the longest coas'
  [base bare] key=space rank_can C=98(plat 8) W*=1(plat 1) | best_set C=98 W*=1 | argmax=' Russia' onset=1 coll(sp/bare)=0/0 prefix_ok=1 q='Which country has the most time zo'
  [base elicit] key=space rank_can C=189(plat 11) W*=1(plat 1) | best_set C=189 W*=1 | argmax=' Russia' onset=1 coll(sp/bare)=0/0 prefix_ok=1 q='Which country has the most time zo'
  [base bare] key=space rank_can C=3(plat 1) W*=2(plat 1) | best_set C=3 W*=2 | argmax=' Antarctica' onset=0 coll(sp/bare)=0/0 prefix_ok=1 q='Which continent is the driest inha'
  [base elicit] key=space rank_can C=3(plat 2) W*=2(plat 1) | best_set C=3 W*=2 | argmax=' Antarctica' onset=0 coll(sp/bare)=0/0 prefix_ok=1 q='Which continent is the driest inha'
  [base bare] key=space rank_can C=4(plat 2) W*=1(plat 1) | best_set C=4 W*=1 | argmax=' Che' onset=1 coll(sp/bare)=0/0 prefix_ok=1 q='Which animal is the fastest in the'
  [base elicit] key=space rank_can C=7(plat 2) W*=1(plat 1) | best_set C=7 W*=1 | argmax=' Che' onset=1 coll(sp/bare)=0/0 prefix_ok=1 q='Which animal is the fastest in the'
  [base bare] key=space rank_can C=1(plat 1) W*=6(plat 1) | best_set C=1 W*=6 | argmax=' Cap' onset=1 coll(sp/bare)=0/0 prefix_ok=1 q='Which rodent species is the larges'
  [base elicit] key=space rank_can C=1(plat 1) W*=19(plat 7) | best_set C=1 W*=19 | argmax=' Cap' onset=1 coll(sp/bare)=0/0 prefix_ok=1 q='Which rodent species is the larges'
  [base bare] key=space rank_can C=1(plat 1) W*=3(plat 2) | best_set C=1 W*=3 | argmax=' Tiger' onset=1 coll(sp/bare)=0/0 prefix_ok=1 q='Which big cat species is the large'
  [base elicit] key=space rank_can C=2(plat 2) W*=2(plat 2) | best_set C=2 W*=2 | argmax=' The' onset=0 coll(sp/bare)=0/0 prefix_ok=1 q='Which big cat species is the large'
  [base bare] key=space rank_can C=1(plat 1) W*=6(plat 1) | best_set C=1 W*=6 | argmax=' Naples' onset=1 coll(sp/bare)=0/0 prefix_ok=1 q='Which city is considered the birth'
  [base elicit] key=space rank_can C=1(plat 1) W*=6(plat 1) | best_set C=1 W*=6 | argmax=' Naples' onset=1 coll(sp/bare)=0/0 prefix_ok=1 q='Which city is considered the birth'
  [base bare] key=space rank_can C=2(plat 1) W*=1(plat 1) | best_set C=2 W*=1 | argmax=' France' onset=1 coll(sp/bare)=0/0 prefix_ok=1 q='Which country did the croissant or'
  [base elicit] key=space rank_can C=2(plat 1) W*=1(plat 1) | best_set C=2 W*=1 | argmax=' France' onset=1 coll(sp/bare)=0/0 prefix_ok=1 q='Which country did the croissant or'
  [base bare] key=space rank_can C=1(plat 1) W*=25(plat 3) | best_set C=1 W*=25 | argmax=' China' onset=1 coll(sp/bare)=0/0 prefix_ok=1 q='Which country invented paper?'
  [base elicit] key=space rank_can C=1(plat 1) W*=33(plat 2) | best_set C=1 W*=33 | argmax=' China' onset=1 coll(sp/bare)=0/0 prefix_ok=1 q='Which country invented paper?'
  [base bare] key=space rank_can C=1(plat 1) W*=3(plat 2) | best_set C=1 W*=3 | argmax=' India' onset=1 coll(sp/bare)=0/0 prefix_ok=1 q='Which country is considered the bi'
  [base elicit] key=space rank_can C=1(plat 1) W*=3(plat 1) | best_set C=1 W*=3 | argmax=' India' onset=1 coll(sp/bare)=0/0 prefix_ok=1 q='Which country is considered the bi'
  [base bare] key=space rank_can C=1(plat 1) W*=2(plat 1) | best_set C=1 W*=2 | argmax=' Alaska' onset=1 coll(sp/bare)=0/0 prefix_ok=1 q='Which US state is the largest by a'
  [base elicit] key=space rank_can C=1(plat 1) W*=3(plat 3) | best_set C=1 W*=3 | argmax=' Alaska' onset=1 coll(sp/bare)=0/0 prefix_ok=1 q='Which US state is the largest by a'
  [base bare] key=space rank_can C=1(plat 1) W*=3(plat 1) | best_set C=1 W*=3 | argmax=' Alaska' onset=1 coll(sp/bare)=0/0 prefix_ok=1 q='Which US state has the longest coa'
  [base elicit] key=space rank_can C=1(plat 1) W*=4(plat 1) | best_set C=1 W*=4 | argmax=' Alaska' onset=1 coll(sp/bare)=0/0 prefix_ok=1 q='Which US state has the longest coa'
  [base bare] key=space rank_can C=2(plat 1) W*=1(plat 1) | best_set C=2 W*=1 | argmax=' Saudi' onset=1 coll(sp/bare)=0/0 prefix_ok=1 q='Which country holds the largest pr'
  [base elicit] key=space rank_can C=3(plat 3) W*=1(plat 1) | best_set C=3 W*=1 | argmax=' Saudi' onset=1 coll(sp/bare)=0/0 prefix_ok=1 q='Which country holds the largest pr'
  [base bare] key=space rank_can C=1(plat 1) W*=4(plat 1) | best_set C=1 W*=4 | argmax=' Russia' onset=1 coll(sp/bare)=0/0 prefix_ok=1 q='Which country holds the largest na'
  [base elicit] key=space rank_can C=1(plat 1) W*=2(plat 1) | best_set C=1 W*=2 | argmax=' Russia' onset=1 coll(sp/bare)=0/0 prefix_ok=1 q='Which country holds the largest na'
  [base bare] key=space rank_can C=7(plat 2) W*=6(plat 1) | best_set C=7 W*=6 | argmax=' Costa' onset=0 coll(sp/bare)=0/0 prefix_ok=1 q='Which country has the highest coff'
  [base elicit] key=space rank_can C=6(plat 2) W*=13(plat 1) | best_set C=6 W*=13 | argmax=' Costa' onset=0 coll(sp/bare)=0/0 prefix_ok=1 q='Which country has the highest coff'
  [base bare] key=space rank_can C=2(plat 1) W*=1(plat 1) | best_set C=2 W*=1 | argmax=' Copper' onset=1 coll(sp/bare)=0/0 prefix_ok=1 q='Which metal is the best natural co'
  [base elicit] key=space rank_can C=2(plat 1) W*=1(plat 1) | best_set C=2 W*=1 | argmax=' Copper' onset=1 coll(sp/bare)=0/0 prefix_ok=1 q='Which metal is the best natural co'
  [base bare] key=space rank_can C=7(plat 1) W*=1(plat 1) | best_set C=7 W*=1 | argmax=' Liver' onset=1 coll(sp/bare)=0/0 prefix_ok=1 q='Which organ is the largest in the '
  [base elicit] key=space rank_can C=15(plat 1) W*=3(plat 1) | best_set C=15 W*=3 | argmax=' The' onset=0 coll(sp/bare)=0/0 prefix_ok=1 q='Which organ is the largest in the '
  [base bare] key=space rank_can C=1(plat 1) W*=2(plat 1) | best_set C=1 W*=2 | argmax=' Amsterdam' onset=1 coll(sp/bare)=0/0 prefix_ok=1 q='What is the capital of the Netherl'
  [base elicit] key=space rank_can C=1(plat 1) W*=2(plat 1) | best_set C=1 W*=2 | argmax=' Amsterdam' onset=1 coll(sp/bare)=0/0 prefix_ok=1 q='What is the capital of the Netherl'
  [base bare] key=space rank_can C=2(plat 1) W*=1(plat 1) | best_set C=2 W*=1 | argmax=' Kor' onset=1 coll(sp/bare)=0/0 prefix_ok=1 q='What is the capital of Palau?'
  [base elicit] key=space rank_can C=1(plat 1) W*=2(plat 1) | best_set C=1 W*=2 | argmax=' N' onset=1 coll(sp/bare)=0/0 prefix_ok=1 q='What is the capital of Palau?'
  [base bare] key=space rank_can C=1(plat 1) W*=3(plat 1) | best_set C=1 W*=3 | argmax=' Pal' onset=1 coll(sp/bare)=0/0 prefix_ok=1 q='What is the capital of the Federat'
  [base elicit] key=space rank_can C=1(plat 1) W*=4(plat 2) | best_set C=1 W*=4 | argmax=' Pal' onset=1 coll(sp/bare)=0/0 prefix_ok=1 q='What is the capital of the Federat'
  [base bare] key=space rank_can C=1(plat 1) W*=13(plat 1) | best_set C=1 W*=13 | argmax=' Warsaw' onset=1 coll(sp/bare)=0/0 prefix_ok=1 q='What is the capital of Poland?'
  [base elicit] key=space rank_can C=1(plat 1) W*=17(plat 1) | best_set C=1 W*=17 | argmax=' Warsaw' onset=1 coll(sp/bare)=0/0 prefix_ok=1 q='What is the capital of Poland?'
  [base bare] key=space rank_can C=2(plat 1) W*=1(plat 1) | best_set C=2 W*=1 | argmax=' Bu' onset=1 coll(sp/bare)=0/0 prefix_ok=1 q='What is the capital of Burundi?'
  [base elicit] key=space rank_can C=2(plat 1) W*=1(plat 1) | best_set C=2 W*=1 | argmax=' Bu' onset=1 coll(sp/bare)=0/0 prefix_ok=1 q='What is the capital of Burundi?'
  [base bare] key=space rank_can C=1(plat 1) W*=2(plat 1) | best_set C=1 W*=2 | argmax=' Pod' onset=1 coll(sp/bare)=0/0 prefix_ok=1 q='What is the capital of Montenegro?'
  [base elicit] key=space rank_can C=1(plat 1) W*=3(plat 1) | best_set C=1 W*=3 | argmax=' Pod' onset=1 coll(sp/bare)=0/0 prefix_ok=1 q='What is the capital of Montenegro?'
  [base bare] key=space rank_can C=1(plat 1) W*=11(plat 2) | best_set C=1 W*=11 | argmax=' Lisbon' onset=1 coll(sp/bare)=0/0 prefix_ok=1 q='What is the capital of Portugal?'
  [base elicit] key=space rank_can C=1(plat 1) W*=33(plat 3) | best_set C=1 W*=33 | argmax=' Lisbon' onset=1 coll(sp/bare)=0/0 prefix_ok=1 q='What is the capital of Portugal?'
  [base bare] key=space rank_can C=1(plat 1) W*=15(plat 1) | best_set C=1 W*=15 | argmax=' Zagreb' onset=1 coll(sp/bare)=0/0 prefix_ok=1 q='What is the capital of Croatia?'
  [base elicit] key=space rank_can C=1(plat 1) W*=30(plat 1) | best_set C=1 W*=30 | argmax=' Zagreb' onset=1 coll(sp/bare)=0/0 prefix_ok=1 q='What is the capital of Croatia?'
  [base bare] key=space rank_can C=1(plat 1) W*=2(plat 1) | best_set C=1 W*=2 | argmax=' Karl' onset=1 coll(sp/bare)=0/0 prefix_ok=1 q='Who built the first practical auto'
  [base elicit] key=space rank_can C=1(plat 1) W*=2(plat 1) | best_set C=1 W*=2 | argmax=' Karl' onset=1 coll(sp/bare)=0/0 prefix_ok=1 q='Who built the first practical auto'
  [base bare] key=space rank_can C=1(plat 1) W*=2(plat 1) | best_set C=1 W*=2 | argmax=' Henri' onset=1 coll(sp/bare)=0/0 prefix_ok=1 q='Who is credited with discovering r'
  [base elicit] key=space rank_can C=1(plat 1) W*=2(plat 1) | best_set C=1 W*=2 | argmax=' Henri' onset=1 coll(sp/bare)=0/0 prefix_ok=1 q='Who is credited with discovering r'
  [base bare] key=space rank_can C=2(plat 1) W*=1(plat 1) | best_set C=2 W*=1 | argmax=' Jonas' onset=1 coll(sp/bare)=0/0 prefix_ok=1 q='Who developed the oral polio vacci'
  [base elicit] key=space rank_can C=2(plat 1) W*=1(plat 1) | best_set C=2 W*=1 | argmax=' Jonas' onset=1 coll(sp/bare)=0/0 prefix_ok=1 q='Who developed the oral polio vacci'
  [base bare] key=space rank_can C=2(plat 1) W*=1(plat 1) | best_set C=2 W*=1 | argmax=' James' onset=1 coll(sp/bare)=0/0 prefix_ok=1 q='Who built the first commercially s'
  [base elicit] key=space rank_can C=2(plat 1) W*=1(plat 1) | best_set C=2 W*=1 | argmax=' James' onset=1 coll(sp/bare)=0/0 prefix_ok=1 q='Who built the first commercially s'
  [base bare] key=space rank_can C=1(plat 1) W*=3(plat 1) | best_set C=1 W*=3 | argmax=' Edward' onset=1 coll(sp/bare)=0/0 prefix_ok=1 q='Who developed the first successful'
  [base elicit] key=space rank_can C=1(plat 1) W*=3(plat 1) | best_set C=1 W*=3 | argmax=' Edward' onset=1 coll(sp/bare)=0/0 prefix_ok=1 q='Who developed the first successful'
  [base bare] key=space rank_can C=2(plat 1) W*=1(plat 1) | best_set C=2 W*=1 | argmax=' Galileo' onset=1 coll(sp/bare)=0/0 prefix_ok=1 q='Who is credited with inventing the'
  [base elicit] key=space rank_can C=2(plat 1) W*=1(plat 1) | best_set C=2 W*=1 | argmax=' Galileo' onset=1 coll(sp/bare)=0/0 prefix_ok=1 q='Who is credited with inventing the'
  [base bare] key=space rank_can C=1(plat 1) W*=12(plat 2) | best_set C=1 W*=12 | argmax=' James' onset=1 coll(sp/bare)=0/0 prefix_ok=1 q='Who is regarded as the primary aut'
  [base elicit] key=space rank_can C=1(plat 1) W*=7(plat 1) | best_set C=1 W*=7 | argmax=' James' onset=1 coll(sp/bare)=0/0 prefix_ok=1 q='Who is regarded as the primary aut'
  [base bare] key=space rank_can C=1(plat 1) W*=139(plat 8) | best_set C=1 W*=139 | argmax=' Tim' onset=1 coll(sp/bare)=0/0 prefix_ok=1 q='Who invented the World Wide Web?'
  [base elicit] key=space rank_can C=1(plat 1) W*=82(plat 3) | best_set C=1 W*=82 | argmax=' Tim' onset=1 coll(sp/bare)=0/0 prefix_ok=1 q='Who invented the World Wide Web?'
  [base bare] key=space rank_can C=2(plat 1) W*=1(plat 1) | best_set C=2 W*=1 | argmax=' Francis' onset=1 coll(sp/bare)=0/0 prefix_ok=1 q='Who composed the melody of the Sta'
  [base elicit] key=space rank_can C=2(plat 1) W*=1(plat 1) | best_set C=2 W*=1 | argmax=' Francis' onset=1 coll(sp/bare)=0/0 prefix_ok=1 q='Who composed the melody of the Sta'
  [base bare] key=space rank_can C=1(plat 1) W*=20(plat 2) | best_set C=1 W*=20 | argmax=' Algeria' onset=1 coll(sp/bare)=0/0 prefix_ok=1 q='Which African country is the large'
  [base elicit] key=space rank_can C=1(plat 1) W*=43(plat 7) | best_set C=1 W*=43 | argmax=' Algeria' onset=1 coll(sp/bare)=0/0 prefix_ok=1 q='Which African country is the large'
  [base bare] key=space rank_can C=4(plat 1) W*=1(plat 1) | best_set C=4 W*=1 | argmax=' Lake' onset=1 coll(sp/bare)=0/0 prefix_ok=1 q='What is the largest freshwater lak'
  [base elicit] key=space rank_can C=4(plat 1) W*=1(plat 1) | best_set C=4 W*=1 | argmax=' Lake' onset=1 coll(sp/bare)=0/0 prefix_ok=1 q='What is the largest freshwater lak'
  [base bare] key=space rank_can C=76(plat 8) W*=38(plat 3) | best_set C=76 W*=38 | argmax=' The' onset=0 coll(sp/bare)=0/0 prefix_ok=1 q='What is the largest known organism'
  [base elicit] key=space rank_can C=166(plat 5) W*=32(plat 2) | best_set C=166 W*=32 | argmax=' The' onset=0 coll(sp/bare)=0/0 prefix_ok=1 q='What is the largest known organism'
  [base bare] key=space rank_can C=3(plat 1) W*=1(plat 1) | best_set C=3 W*=1 | argmax=' Mississippi' onset=1 coll(sp/bare)=0/0 prefix_ok=1 q='What is the longest river located '
  [base elicit] key=space rank_can C=3(plat 1) W*=2(plat 1) | best_set C=3 W*=2 | argmax=' The' onset=0 coll(sp/bare)=0/0 prefix_ok=1 q='What is the longest river located '
  [base bare] key=space rank_can C=1(plat 1) W*=19(plat 3) | best_set C=1 W*=19 | argmax=' Antarctica' onset=1 coll(sp/bare)=0/0 prefix_ok=1 q='Where was the coldest temperature '
  [base elicit] key=space rank_can C=1(plat 1) W*=27(plat 4) | best_set C=1 W*=27 | argmax=' Antarctica' onset=1 coll(sp/bare)=0/0 prefix_ok=1 q='Where was the coldest temperature '
  [base bare] key=space rank_can C=1(plat 1) W*=4(plat 1) | best_set C=1 W*=4 | argmax=' Ma' onset=1 coll(sp/bare)=0/0 prefix_ok=1 q='What is the largest active volcano'
  [base elicit] key=space rank_can C=1(plat 1) W*=2(plat 1) | best_set C=1 W*=2 | argmax=' Ma' onset=1 coll(sp/bare)=0/0 prefix_ok=1 q='What is the largest active volcano'
  [base bare] key=space rank_can C=1(plat 1) W*=2(plat 1) | best_set C=1 W*=2 | argmax=' Giant' onset=1 coll(sp/bare)=0/0 prefix_ok=1 q='Which spider species has the large'
  [base elicit] key=space rank_can C=3(plat 1) W*=4(plat 1) | best_set C=3 W*=4 | argmax=' ' onset=0 coll(sp/bare)=0/0 prefix_ok=1 q='Which spider species has the large'
  [base bare] key=space rank_can C=1(plat 1) W*=32(plat 1) | best_set C=1 W*=32 | argmax=' Ivory' onset=1 coll(sp/bare)=0/0 prefix_ok=1 q='Which country produces the most co'
  [base elicit] key=space rank_can C=1(plat 1) W*=33(plat 3) | best_set C=1 W*=33 | argmax=' Ivory' onset=1 coll(sp/bare)=0/0 prefix_ok=1 q='Which country produces the most co'
  [base bare] key=space rank_can C=1(plat 1) W*=16(plat 1) | best_set C=1 W*=16 | argmax=' Mexico' onset=1 coll(sp/bare)=0/0 prefix_ok=1 q='Which country is credited with fir'
  [base elicit] key=space rank_can C=1(plat 1) W*=18(plat 2) | best_set C=1 W*=18 | argmax=' Mexico' onset=1 coll(sp/bare)=0/0 prefix_ok=1 q='Which country is credited with fir'
  [base bare] key=space rank_can C=1(plat 1) W*=32(plat 1) | best_set C=1 W*=32 | argmax=' Peru' onset=1 coll(sp/bare)=0/0 prefix_ok=1 q='Which country did the potato origi'
  [base elicit] key=space rank_can C=2(plat 1) W*=19(plat 5) | best_set C=2 W*=19 | argmax=' South' onset=0 coll(sp/bare)=0/0 prefix_ok=1 q='Which country did the potato origi'
  [base bare] key=space rank_can C=1(plat 1) W*=7(plat 1) | best_set C=1 W*=7 | argmax=' United' onset=1 coll(sp/bare)=0/0 prefix_ok=1 q='Which country has the most golf co'
  [base elicit] key=space rank_can C=1(plat 1) W*=9(plat 3) | best_set C=1 W*=9 | argmax=' United' onset=1 coll(sp/bare)=0/0 prefix_ok=1 q='Which country has the most golf co'
  [base bare] key=space rank_can C=1(plat 1) W*=2(plat 1) | best_set C=1 W*=2 | argmax=' China' onset=1 coll(sp/bare)=0/0 prefix_ok=1 q='Which country produces the most ri'
  [base elicit] key=space rank_can C=1(plat 1) W*=2(plat 1) | best_set C=1 W*=2 | argmax=' China' onset=1 coll(sp/bare)=0/0 prefix_ok=1 q='Which country produces the most ri'
  [base bare] key=space rank_can C=2(plat 2) W*=1(plat 1) | best_set C=2 W*=1 | argmax=' Germany' onset=1 coll(sp/bare)=0/0 prefix_ok=1 q='Which country drinks the most beer'
  [base elicit] key=space rank_can C=2(plat 1) W*=1(plat 1) | best_set C=2 W*=1 | argmax=' Germany' onset=1 coll(sp/bare)=0/0 prefix_ok=1 q='Which country drinks the most beer'
  [base bare] key=space rank_can C=14(plat 4) W*=4(plat 2) | best_set C=14 W*=4 | argmax=' China' onset=0 coll(sp/bare)=0/0 prefix_ok=1 q='Which country drinks the most tea '
  [base elicit] key=space rank_can C=24(plat 3) W*=5(plat 1) | best_set C=24 W*=5 | argmax=' China' onset=0 coll(sp/bare)=0/0 prefix_ok=1 q='Which country drinks the most tea '
  [base bare] key=space rank_can C=4(plat 1) W*=2(plat 1) | best_set C=4 W*=2 | argmax=' Oxygen' onset=0 coll(sp/bare)=0/0 prefix_ok=1 q='What is the most abundant metal in'
  [base elicit] key=space rank_can C=2(plat 1) W*=3(plat 1) | best_set C=2 W*=3 | argmax=' Oxygen' onset=0 coll(sp/bare)=0/0 prefix_ok=1 q='What is the most abundant metal in'
  [base bare] key=space rank_can C=2(plat 1) W*=1(plat 1) | best_set C=2 W*=1 | argmax=' Costa' onset=1 coll(sp/bare)=0/0 prefix_ok=1 q='Which country is the largest expor'
  [base elicit] key=space rank_can C=2(plat 1) W*=1(plat 1) | best_set C=2 W*=1 | argmax=' Costa' onset=1 coll(sp/bare)=0/0 prefix_ok=1 q='Which country is the largest expor'
  [base bare] key=space rank_can C=1(plat 1) W*=2(plat 1) | best_set C=1 W*=2 | argmax=' India' onset=1 coll(sp/bare)=0/0 prefix_ok=1 q='Which country is home to most of t'
  [base elicit] key=space rank_can C=1(plat 1) W*=2(plat 1) | best_set C=1 W*=2 | argmax=' India' onset=1 coll(sp/bare)=0/0 prefix_ok=1 q='Which country is home to most of t'
  [base bare] key=space rank_can C=5(plat 1) W*=4(plat 1) | best_set C=5 W*=4 | argmax=' Mongolia' onset=0 coll(sp/bare)=0/0 prefix_ok=1 q='Which country has the largest wild'
  [base elicit] key=space rank_can C=7(plat 1) W*=5(plat 2) | best_set C=7 W*=5 | argmax=' Mongolia' onset=0 coll(sp/bare)=0/0 prefix_ok=1 q='Which country has the largest wild'
  [base bare] key=space rank_can C=1(plat 1) W*=2(plat 1) | best_set C=1 W*=2 | argmax=' Mexico' onset=1 coll(sp/bare)=0/0 prefix_ok=1 q='Which country has the most native '
  [base elicit] key=space rank_can C=2(plat 1) W*=1(plat 1) | best_set C=2 W*=1 | argmax=' Spain' onset=1 coll(sp/bare)=0/0 prefix_ok=1 q='Which country has the most native '
  [base bare] key=space rank_can C=1(plat 1) W*=2(plat 1) | best_set C=1 W*=2 | argmax=' Brazil' onset=1 coll(sp/bare)=0/0 prefix_ok=1 q='Which country has the most native '
  [base elicit] key=space rank_can C=1(plat 1) W*=2(plat 1) | best_set C=1 W*=2 | argmax=' Brazil' onset=1 coll(sp/bare)=0/0 prefix_ok=1 q='Which country has the most native '
  [base bare] key=space rank_can C=1(plat 1) W*=3(plat 1) | best_set C=1 W*=3 | argmax=' Egypt' onset=1 coll(sp/bare)=0/0 prefix_ok=1 q='Which country has the largest popu'
  [base elicit] key=space rank_can C=1(plat 1) W*=3(plat 1) | best_set C=1 W*=3 | argmax=' Egypt' onset=1 coll(sp/bare)=0/0 prefix_ok=1 q='Which country has the largest popu'
  [base bare] key=space rank_can C=1(plat 1) W*=8(plat 1) | best_set C=1 W*=8 | argmax=' Sacramento' onset=1 coll(sp/bare)=0/0 prefix_ok=1 q='What is the capital of California?'
  [base elicit] key=space rank_can C=1(plat 1) W*=8(plat 1) | best_set C=1 W*=8 | argmax=' Sacramento' onset=1 coll(sp/bare)=0/0 prefix_ok=1 q='What is the capital of California?'
  [base bare] key=space rank_can C=1(plat 1) W*=3(plat 1) | best_set C=1 W*=3 | argmax=' Albany' onset=1 coll(sp/bare)=0/0 prefix_ok=1 q='What is the capital of New York St'
  [base elicit] key=space rank_can C=1(plat 1) W*=2(plat 1) | best_set C=1 W*=2 | argmax=' Albany' onset=1 coll(sp/bare)=0/0 prefix_ok=1 q='What is the capital of New York St'
  [base bare] key=space rank_can C=1(plat 1) W*=9(plat 3) | best_set C=1 W*=9 | argmax=' Tallahassee' onset=1 coll(sp/bare)=0/0 prefix_ok=1 q='What is the capital of Florida?'
  [base elicit] key=space rank_can C=1(plat 1) W*=15(plat 4) | best_set C=1 W*=15 | argmax=' Tallahassee' onset=1 coll(sp/bare)=0/0 prefix_ok=1 q='What is the capital of Florida?'
  [base bare] key=space rank_can C=1(plat 1) W*=2(plat 1) | best_set C=1 W*=2 | argmax=' Springfield' onset=1 coll(sp/bare)=0/0 prefix_ok=1 q='What is the capital of Illinois?'
  [base elicit] key=space rank_can C=1(plat 1) W*=3(plat 2) | best_set C=1 W*=3 | argmax=' Springfield' onset=1 coll(sp/bare)=0/0 prefix_ok=1 q='What is the capital of Illinois?'
  [base bare] key=space rank_can C=1(plat 1) W*=4(plat 2) | best_set C=1 W*=4 | argmax=' Lansing' onset=1 coll(sp/bare)=0/0 prefix_ok=1 q='What is the capital of Michigan?'
  [base elicit] key=space rank_can C=1(plat 1) W*=7(plat 1) | best_set C=1 W*=7 | argmax=' Lansing' onset=1 coll(sp/bare)=0/0 prefix_ok=1 q='What is the capital of Michigan?'
  [base bare] key=space rank_can C=1(plat 1) W*=2(plat 1) | best_set C=1 W*=2 | argmax=' Carson' onset=1 coll(sp/bare)=0/0 prefix_ok=1 q='What is the capital of Nevada?'
  [base elicit] key=space rank_can C=1(plat 1) W*=3(plat 1) | best_set C=1 W*=3 | argmax=' Carson' onset=1 coll(sp/bare)=0/0 prefix_ok=1 q='What is the capital of Nevada?'
  [base bare] key=space rank_can C=1(plat 1) W*=2(plat 1) | best_set C=1 W*=2 | argmax=' Olympia' onset=1 coll(sp/bare)=0/0 prefix_ok=1 q='What is the capital of Washington '
  [base elicit] key=space rank_can C=1(plat 1) W*=2(plat 1) | best_set C=1 W*=2 | argmax=' Olympia' onset=1 coll(sp/bare)=0/0 prefix_ok=1 q='What is the capital of Washington '
  [base bare] key=space rank_can C=1(plat 1) W*=2(plat 1) | best_set C=1 W*=2 | argmax=' Victoria' onset=1 coll(sp/bare)=0/0 prefix_ok=1 q='What is the capital of British Col'
  [base elicit] key=space rank_can C=1(plat 1) W*=2(plat 1) | best_set C=1 W*=2 | argmax=' Victoria' onset=1 coll(sp/bare)=0/0 prefix_ok=1 q='What is the capital of British Col'
  [base bare] key=space rank_can C=2(plat 1) W*=1(plat 1) | best_set C=2 W*=1 | argmax=' Jim' onset=1 coll(sp/bare)=0/0 prefix_ok=1 q="Who first radioed 'Houston, we've "
  [base elicit] key=space rank_can C=2(plat 1) W*=1(plat 1) | best_set C=2 W*=1 | argmax=' Jim' onset=1 coll(sp/bare)=0/0 prefix_ok=1 q="Who first radioed 'Houston, we've "
  [base bare] key=space rank_can C=1(plat 1) W*=7(plat 1) | best_set C=1 W*=7 | argmax=' Rosalind' onset=1 coll(sp/bare)=0/0 prefix_ok=1 q='Who took the X-ray photograph know'
  [base elicit] key=space rank_can C=1(plat 1) W*=4(plat 1) | best_set C=1 W*=4 | argmax=' Rosalind' onset=1 coll(sp/bare)=0/0 prefix_ok=1 q='Who took the X-ray photograph know'
  [base bare] key=space rank_can C=2(plat 1) W*=1(plat 1) | best_set C=2 W*=1 | argmax=' Charles' onset=1 coll(sp/bare)=0/0 prefix_ok=1 q='Who originally invented the board '
  [base elicit] key=space rank_can C=3(plat 1) W*=1(plat 1) | best_set C=3 W*=1 | argmax=' Charles' onset=1 coll(sp/bare)=0/0 prefix_ok=1 q='Who originally invented the board '
  [base bare] key=space rank_can C=63(plat 2) W*=1(plat 1) | best_set C=63 W*=1 | argmax=' Johannes' onset=1 coll(sp/bare)=0/0 prefix_ok=1 q='Who invented the first movable typ'
  [base elicit] key=space rank_can C=79(plat 3) W*=1(plat 1) | best_set C=79 W*=1 | argmax=' Johannes' onset=1 coll(sp/bare)=0/0 prefix_ok=1 q='Who invented the first movable typ'
  [base bare] key=space rank_can C=1(plat 1) W*=2(plat 1) | best_set C=1 W*=2 | argmax=' Elias' onset=1 coll(sp/bare)=0/0 prefix_ok=1 q='Who held the original patent for t'
  [base elicit] key=space rank_can C=1(plat 1) W*=2(plat 1) | best_set C=1 W*=2 | argmax=' Elias' onset=1 coll(sp/bare)=0/0 prefix_ok=1 q='Who held the original patent for t'
  [base bare] key=space rank_can C=1(plat 1) W*=65(plat 2) | best_set C=1 W*=65 | argmax=' Thomas' onset=1 coll(sp/bare)=0/0 prefix_ok=1 q='Who was the primary author of the '
  [base elicit] key=space rank_can C=1(plat 1) W*=34(plat 2) | best_set C=1 W*=34 | argmax=' Thomas' onset=1 coll(sp/bare)=0/0 prefix_ok=1 q='Who was the primary author of the '
[fmt_ext2_2bbase|bare] frac_slot_answer_onset=0.902439 (n=74/82) onset_side_empty=False | decomposition C_only=0.646341 W_only=0.256098 both=0.0 neither=0.097561  [LEVEL: no threshold, A15]
[fmt_ext2_2bbase|bare] A19 non-onset composition: n_non_onset=8 distinct=7 modal=' The' x2 (tied=False) | top5=[(' The', 2, 0.25), (' China', 1, 0.125), (' Mexico', 1, 0.125), (' Costa', 1, 0.125), (' Oxygen', 1, 0.125)]
[fmt_ext2_2bbase|bare] rule_k n_by_canonical_key={'space': 82, 'bare': 0} off_regime_derivation=0 | prefix_fail=0 (spec_literal=0) reasons={'OK': 164}
[fmt_ext2_2bbase|bare|C] RANK_GATE_PAIR_ABSENT key=space median_rank_canonical=1.0 (plateau=1 IQR=1.0 max=98) median_rank_best_set=1.0 | n_rank_resolved=72/82 median_tie_plateau=1.0 | n_rank_le_10=78 n_is_top=54 n_p_ge_1e6=82 | canonical_better_than_cross=82/82 (cross_better=0 tied=0) n_id_disagree=0 | primary_input=False role=secondary_diagnostic
[fmt_ext2_2bbase|bare|Wstar] RANK_GATE_PAIR_ABSENT key=space median_rank_canonical=3.0 (plateau=1 IQR=5.5 max=139) median_rank_best_set=3.0 | n_rank_resolved=67/82 median_tie_plateau=1.0 | n_rank_le_10=66 n_is_top=21 n_p_ge_1e6=82 | canonical_better_than_cross=82/82 (cross_better=0 tied=0) n_id_disagree=0 | primary_input=False role=secondary_diagnostic
[fmt_ext2_2bbase|bare] SLOT_GATE_PAIR_ABSENT (not_emitted) -- frac_slot_answer_onset is absent for one arm (base=0.9024390243902439, -it=None) and the known arm is not zero: abs(f_base - f_it) needs both cells and one invocation measures ONE cell (§14.1, A8), so no matching verdict is emitted here. The pair resolves offline (§14.2).
[fmt_ext2_2bbase|elicit] frac_slot_answer_onset=0.841463 (n=69/82) onset_side_empty=False | decomposition C_only=0.609756 W_only=0.231707 both=0.0 neither=0.158537  [LEVEL: no threshold, A15]
[fmt_ext2_2bbase|elicit] A19 non-onset composition: n_non_onset=13 distinct=9 modal=' The' x5 (tied=False) | top5=[(' The', 5, 0.384615), (' South', 1, 0.076923), (' China', 1, 0.076923), (' Russia', 1, 0.076923), (' Costa', 1, 0.076923)]
[fmt_ext2_2bbase|elicit] rule_k n_by_canonical_key={'space': 82, 'bare': 0} off_regime_derivation=0 | prefix_fail=0 (spec_literal=0) reasons={'OK': 164}
[fmt_ext2_2bbase|elicit|C] RANK_GATE_PAIR_ABSENT key=space median_rank_canonical=1.0 (plateau=1 IQR=1.0 max=189) median_rank_best_set=1.0 | n_rank_resolved=72/82 median_tie_plateau=1.0 | n_rank_le_10=77 n_is_top=50 n_p_ge_1e6=82 | canonical_better_than_cross=82/82 (cross_better=0 tied=0) n_id_disagree=0 | primary_input=False role=secondary_diagnostic
[fmt_ext2_2bbase|elicit|Wstar] RANK_GATE_PAIR_ABSENT key=space median_rank_canonical=3.0 (plateau=1 IQR=5.75 max=82) median_rank_best_set=3.0 | n_rank_resolved=63/82 median_tie_plateau=1.0 | n_rank_le_10=64 n_is_top=19 n_p_ge_1e6=82 | canonical_better_than_cross=82/82 (cross_better=0 tied=0) n_id_disagree=0 | primary_input=True role=secondary_diagnostic
[fmt_ext2_2bbase|elicit] SLOT_GATE_PAIR_ABSENT (not_emitted) -- frac_slot_answer_onset is absent for one arm (base=0.8414634146341463, -it=None) and the known arm is not zero: abs(f_base - f_it) needs both cells and one invocation measures ONE cell (§14.1, A8), so no matching verdict is emitted here. The pair resolves offline (§14.2).
[primary] n_primary_role_fields=1 (§13: exactly 1, the designation block; this instrument emits no primary number)
[done] wrote out/family_topk_shift_fmt_fmt_ext2_2bbase.json
