[provenance] {"gpu_name": "NVIDIA A100-SXM4-40GB", "gpu_count": 1, "cuda_runtime": "12.4", "driver": null, "torch": "2.6.0+cu124", "transformers": "5.14.1", "transformer_lens": "3.6.0", "python": "3.10.12", "dtype": "bfloat16", "lambda_instance_id": "eed0b6f9b9184bdaaeb32eee417370f2", "git_commit": "a4a2ae0085703e718252bc21c061ad31da1b5308", "started_utc": "2026-07-29T04:26:43.921666+00:00", "finished_utc": null, "cuda_visible_devices": "0", "device_index": 0}
[family] verifier_family_ext2.json -> 82 items (no select_items; every item measured + dumped at both slots)
[elicit] literal (foldlisten_judge.py:66) = 'What is your final answer? Reply with only the answer.'
[primary] §8.2: entity=Wstar slot=elicit key=canonical statistic=L_new (controls/fmt_matched_join.py (offline, §9.3) -- NOT by this instrument)
[L_old] §8.2 reference, read by no code path here: {"Wstar": {"2b": 2.416, "9b": 2.899, "27b": 2.886}, "C": {"2b": 2.428, "9b": 1.526, "27b": 1.398}}
[thresholds] ONSET_DELTA=0.1 (ONSET_DELTA_BORROWED_FROM_WITHIN_MODEL_REGIME) | withdrawn, non-numeric: KEY_LIVE_FRAC, ONSET_FLOOR
[load] google/gemma-2-2b-it on cuda (chat=True)
Fetching 2 files:   0%|          | 0/2 [00:00<?, ?it/s]Fetching 2 files:  50%|█████     | 1/2 [00:08<00:08,  8.39s/it]Fetching 2 files: 100%|██████████| 2/2 [00:15<00:00,  7.85s/it]Fetching 2 files: 100%|██████████| 2/2 [00:15<00:00,  7.93s/it]
Loading weights:   0%|          | 0/288 [00:00<?, ?it/s]Loading weights: 100%|██████████| 288/288 [00:00<00:00, 5859.22it/s]
Loaded pretrained model google/gemma-2-2b-it into HookedTransformer
  [it bare] key=bare rank_can C=3(plat 1) W*=8(plat 1) | best_set C=3 W*=8 | argmax='The' onset=0 coll(sp/bare)=0/0 prefix_ok=1 q='Which city is the most populous in'
  [it elicit] key=bare rank_can C=1(plat 1) W*=4(plat 1) | best_set C=1 W*=4 | argmax='Istanbul' onset=1 coll(sp/bare)=0/0 prefix_ok=1 q='Which city is the most populous in'
  [it bare] key=bare rank_can C=3(plat 1) W*=6(plat 1) | best_set C=3 W*=6 | argmax='The' onset=0 coll(sp/bare)=0/0 prefix_ok=1 q='Which city is the most populous in'
  [it elicit] key=bare rank_can C=1(plat 1) W*=2(plat 1) | best_set C=1 W*=2 | argmax='Al' onset=1 coll(sp/bare)=0/0 prefix_ok=1 q='Which city is the most populous in'
  [it bare] key=bare rank_can C=3(plat 1) W*=32(plat 3) | best_set C=3 W*=32 | argmax='The' onset=0 coll(sp/bare)=0/0 prefix_ok=1 q='Which city is the most populous in'
  [it elicit] key=bare rank_can C=1(plat 1) W*=22(plat 2) | best_set C=1 W*=22 | argmax='Toronto' onset=1 coll(sp/bare)=0/0 prefix_ok=1 q='Which city is the most populous in'
  [it bare] key=bare rank_can C=10(plat 1) W*=8(plat 2) | best_set C=10 W*=8 | argmax='The' onset=0 coll(sp/bare)=0/0 prefix_ok=1 q='Which city is the largest in Brazi'
  [it elicit] key=bare rank_can C=2(plat 1) W*=4(plat 2) | best_set C=2 W*=4 | argmax='São' onset=0 coll(sp/bare)=0/0 prefix_ok=1 q='Which city is the largest in Brazi'
  [it bare] key=bare rank_can C=10(plat 2) W*=77(plat 2) | best_set C=10 W*=77 | argmax='The' onset=0 coll(sp/bare)=0/0 prefix_ok=1 q='Which organ produces insulin in th'
  [it elicit] key=bare rank_can C=1(plat 1) W*=32(plat 2) | best_set C=1 W*=32 | argmax='Pan' onset=1 coll(sp/bare)=0/0 prefix_ok=1 q='Which organ produces insulin in th'
  [it bare] key=bare rank_can C=3(plat 1) W*=14(plat 2) | best_set C=3 W*=14 | argmax='The' onset=0 coll(sp/bare)=0/0 prefix_ok=1 q='Which metal is most abundant in Ea'
  [it elicit] key=bare rank_can C=1(plat 1) W*=5(plat 1) | best_set C=1 W*=5 | argmax='Iron' onset=1 coll(sp/bare)=0/0 prefix_ok=1 q='Which metal is most abundant in Ea'
  [it bare] key=bare rank_can C=3(plat 1) W*=289(plat 5) | best_set C=3 W*=289 | argmax='The' onset=0 coll(sp/bare)=0/0 prefix_ok=1 q='Which organelle is known as the po'
  [it elicit] key=bare rank_can C=1(plat 1) W*=11(plat 1) | best_set C=1 W*=11 | argmax='Mitochond' onset=1 coll(sp/bare)=0/0 prefix_ok=1 q='Which organelle is known as the po'
  [it bare] key=bare rank_can C=9(plat 1) W*=10(plat 2) | best_set C=9 W*=10 | argmax='The' onset=0 coll(sp/bare)=0/0 prefix_ok=1 q='Which country has the most lakes i'
  [it elicit] key=bare rank_can C=1(plat 1) W*=2(plat 1) | best_set C=1 W*=2 | argmax='Canada' onset=1 coll(sp/bare)=0/0 prefix_ok=1 q='Which country has the most lakes i'
  [it bare] key=bare rank_can C=6(plat 2) W*=5(plat 1) | best_set C=6 W*=5 | argmax='**' onset=0 coll(sp/bare)=0/0 prefix_ok=1 q='Which country has won the most Rug'
  [it elicit] key=bare rank_can C=2(plat 1) W*=1(plat 1) | best_set C=2 W*=1 | argmax='New' onset=1 coll(sp/bare)=0/0 prefix_ok=1 q='Which country has won the most Rug'
  [it bare] key=bare rank_can C=4(plat 1) W*=7(plat 1) | best_set C=4 W*=7 | argmax='The' onset=0 coll(sp/bare)=0/0 prefix_ok=1 q='Which country produces the most co'
  [it elicit] key=bare rank_can C=1(plat 1) W*=4(plat 1) | best_set C=1 W*=4 | argmax='Brazil' onset=1 coll(sp/bare)=0/0 prefix_ok=1 q='Which country produces the most co'
  [it bare] key=bare rank_can C=4(plat 1) W*=56(plat 2) | best_set C=4 W*=56 | argmax='The' onset=0 coll(sp/bare)=0/0 prefix_ok=1 q='Which country has the largest Musl'
  [it elicit] key=bare rank_can C=1(plat 1) W*=27(plat 2) | best_set C=1 W*=27 | argmax='Indonesia' onset=1 coll(sp/bare)=0/0 prefix_ok=1 q='Which country has the largest Musl'
  [it bare] key=bare rank_can C=92(plat 5) W*=7(plat 1) | best_set C=92 W*=7 | argmax='The' onset=0 coll(sp/bare)=0/0 prefix_ok=1 q='Which country has the largest Chri'
  [it elicit] key=bare rank_can C=1(plat 1) W*=3(plat 1) | best_set C=1 W*=3 | argmax='United' onset=1 coll(sp/bare)=0/0 prefix_ok=1 q='Which country has the largest Chri'
  [it bare] key=bare rank_can C=4(plat 1) W*=16(plat 4) | best_set C=4 W*=16 | argmax='The' onset=0 coll(sp/bare)=0/0 prefix_ok=1 q='Which country has the largest Cath'
  [it elicit] key=bare rank_can C=1(plat 1) W*=7(plat 1) | best_set C=1 W*=7 | argmax='Brazil' onset=1 coll(sp/bare)=0/0 prefix_ok=1 q='Which country has the largest Cath'
  [it bare] key=bare rank_can C=5(plat 1) W*=30(plat 1) | best_set C=5 W*=30 | argmax='The' onset=0 coll(sp/bare)=0/0 prefix_ok=1 q='Which country has the longest coas'
  [it elicit] key=bare rank_can C=1(plat 1) W*=2(plat 2) | best_set C=1 W*=2 | argmax='Canada' onset=1 coll(sp/bare)=0/0 prefix_ok=1 q='Which country has the longest coas'
  [it bare] key=bare rank_can C=154(plat 6) W*=35(plat 2) | best_set C=154 W*=35 | argmax='The' onset=0 coll(sp/bare)=0/0 prefix_ok=1 q='Which country has the most time zo'
  [it elicit] key=bare rank_can C=138(plat 16) W*=1(plat 1) | best_set C=138 W*=1 | argmax='Russia' onset=1 coll(sp/bare)=0/0 prefix_ok=1 q='Which country has the most time zo'
  [it bare] key=bare rank_can C=11(plat 2) W*=5(plat 1) | best_set C=11 W*=5 | argmax='The' onset=0 coll(sp/bare)=0/0 prefix_ok=1 q='Which continent is the driest inha'
  [it elicit] key=bare rank_can C=6(plat 1) W*=2(plat 1) | best_set C=6 W*=2 | argmax='Antar' onset=0 coll(sp/bare)=0/0 prefix_ok=1 q='Which continent is the driest inha'
  [it bare] key=bare rank_can C=82(plat 3) W*=16(plat 3) | best_set C=82 W*=16 | argmax='The' onset=0 coll(sp/bare)=0/0 prefix_ok=1 q='Which animal is the fastest in the'
  [it elicit] key=bare rank_can C=1(plat 1) W*=11(plat 3) | best_set C=1 W*=11 | argmax='Pere' onset=1 coll(sp/bare)=0/0 prefix_ok=1 q='Which animal is the fastest in the'
  [it bare] key=bare rank_can C=63(plat 3) W*=1290(plat 8) | best_set C=63 W*=1290 | argmax='The' onset=0 coll(sp/bare)=0/0 prefix_ok=1 q='Which rodent species is the larges'
  [it elicit] key=bare rank_can C=1(plat 1) W*=8(plat 2) | best_set C=1 W*=8 | argmax='Cap' onset=1 coll(sp/bare)=0/0 prefix_ok=1 q='Which rodent species is the larges'
  [it bare] key=bare rank_can C=35(plat 2) W*=52(plat 3) | best_set C=35 W*=52 | argmax='The' onset=0 coll(sp/bare)=0/0 prefix_ok=1 q='Which big cat species is the large'
  [it elicit] key=bare rank_can C=1(plat 1) W*=2(plat 1) | best_set C=1 W*=2 | argmax='Tiger' onset=1 coll(sp/bare)=0/0 prefix_ok=1 q='Which big cat species is the large'
  [it bare] key=bare rank_can C=4(plat 3) W*=100(plat 9) | best_set C=4 W*=100 | argmax='The' onset=0 coll(sp/bare)=0/0 prefix_ok=1 q='Which city is considered the birth'
  [it elicit] key=bare rank_can C=1(plat 1) W*=18(plat 1) | best_set C=1 W*=18 | argmax='Naples' onset=1 coll(sp/bare)=0/0 prefix_ok=1 q='Which city is considered the birth'
  [it bare] key=bare rank_can C=55(plat 3) W*=41(plat 3) | best_set C=55 W*=41 | argmax='The' onset=0 coll(sp/bare)=0/0 prefix_ok=1 q='Which country did the croissant or'
  [it elicit] key=bare rank_can C=1(plat 1) W*=2(plat 1) | best_set C=1 W*=2 | argmax='Austria' onset=1 coll(sp/bare)=0/0 prefix_ok=1 q='Which country did the croissant or'
  [it bare] key=bare rank_can C=7(plat 1) W*=565(plat 9) | best_set C=7 W*=565 | argmax='The' onset=0 coll(sp/bare)=0/0 prefix_ok=1 q='Which country invented paper?'
  [it elicit] key=bare rank_can C=1(plat 1) W*=1092(plat 17) | best_set C=1 W*=1092 | argmax='China' onset=1 coll(sp/bare)=0/0 prefix_ok=1 q='Which country invented paper?'
  [it bare] key=bare rank_can C=14(plat 1) W*=70(plat 3) | best_set C=14 W*=70 | argmax='The' onset=0 coll(sp/bare)=0/0 prefix_ok=1 q='Which country is considered the bi'
  [it elicit] key=bare rank_can C=1(plat 1) W*=6(plat 1) | best_set C=1 W*=6 | argmax='India' onset=1 coll(sp/bare)=0/0 prefix_ok=1 q='Which country is considered the bi'
  [it bare] key=bare rank_can C=3(plat 1) W*=5(plat 1) | best_set C=3 W*=5 | argmax='The' onset=0 coll(sp/bare)=0/0 prefix_ok=1 q='Which US state is the largest by a'
  [it elicit] key=bare rank_can C=1(plat 1) W*=3(plat 1) | best_set C=1 W*=3 | argmax='Alaska' onset=1 coll(sp/bare)=0/0 prefix_ok=1 q='Which US state is the largest by a'
  [it bare] key=bare rank_can C=5(plat 1) W*=11(plat 1) | best_set C=5 W*=11 | argmax='The' onset=0 coll(sp/bare)=0/0 prefix_ok=1 q='Which US state has the longest coa'
  [it elicit] key=bare rank_can C=1(plat 1) W*=5(plat 1) | best_set C=1 W*=5 | argmax='Alaska' onset=1 coll(sp/bare)=0/0 prefix_ok=1 q='Which US state has the longest coa'
  [it bare] key=bare rank_can C=11(plat 1) W*=8(plat 1) | best_set C=11 W*=8 | argmax='The' onset=0 coll(sp/bare)=0/0 prefix_ok=1 q='Which country holds the largest pr'
  [it elicit] key=bare rank_can C=3(plat 1) W*=1(plat 1) | best_set C=3 W*=1 | argmax='Saudi' onset=1 coll(sp/bare)=0/0 prefix_ok=1 q='Which country holds the largest pr'
  [it bare] key=bare rank_can C=9(plat 1) W*=30(plat 1) | best_set C=9 W*=30 | argmax='The' onset=0 coll(sp/bare)=0/0 prefix_ok=1 q='Which country holds the largest na'
  [it elicit] key=bare rank_can C=2(plat 1) W*=5(plat 1) | best_set C=2 W*=5 | argmax='United' onset=0 coll(sp/bare)=0/0 prefix_ok=1 q='Which country holds the largest na'
  [it bare] key=bare rank_can C=9(plat 1) W*=70(plat 2) | best_set C=9 W*=70 | argmax='The' onset=0 coll(sp/bare)=0/0 prefix_ok=1 q='Which country has the highest coff'
  [it elicit] key=bare rank_can C=1(plat 1) W*=33(plat 3) | best_set C=1 W*=33 | argmax='Finland' onset=1 coll(sp/bare)=0/0 prefix_ok=1 q='Which country has the highest coff'
  [it bare] key=bare rank_can C=8(plat 2) W*=8(plat 2) | best_set C=8 W*=8 | argmax='The' onset=0 coll(sp/bare)=0/0 prefix_ok=1 q='Which metal is the best natural co'
  [it elicit] key=bare rank_can C=1(plat 1) W*=2(plat 1) | best_set C=1 W*=2 | argmax='Silver' onset=1 coll(sp/bare)=0/0 prefix_ok=1 q='Which metal is the best natural co'
  [it bare] key=bare rank_can C=212(plat 2) W*=204(plat 2) | best_set C=212 W*=204 | argmax='The' onset=0 coll(sp/bare)=0/0 prefix_ok=1 q='Which organ is the largest in the '
  [it elicit] key=bare rank_can C=6(plat 1) W*=1(plat 1) | best_set C=6 W*=1 | argmax='Liver' onset=1 coll(sp/bare)=0/0 prefix_ok=1 q='Which organ is the largest in the '
  [it bare] key=bare rank_can C=2(plat 2) W*=1(plat 1) | best_set C=2 W*=1 | argmax='The' onset=1 coll(sp/bare)=0/0 prefix_ok=1 q='What is the capital of the Netherl'
  [it elicit] key=bare rank_can C=1(plat 1) W*=4(plat 1) | best_set C=1 W*=4 | argmax='Amsterdam' onset=1 coll(sp/bare)=0/0 prefix_ok=1 q='What is the capital of the Netherl'
  [it bare] key=bare rank_can C=9(plat 1) W*=27(plat 1) | best_set C=9 W*=27 | argmax='The' onset=0 coll(sp/bare)=0/0 prefix_ok=1 q='What is the capital of Palau?'
  [it elicit] key=bare rank_can C=1(plat 1) W*=2(plat 1) | best_set C=1 W*=2 | argmax='N' onset=1 coll(sp/bare)=0/0 prefix_ok=1 q='What is the capital of Palau?'
  [it bare] key=bare rank_can C=20(plat 1) W*=65(plat 3) | best_set C=20 W*=65 | argmax='The' onset=0 coll(sp/bare)=0/0 prefix_ok=1 q='What is the capital of the Federat'
  [it elicit] key=bare rank_can C=1(plat 1) W*=3(plat 1) | best_set C=1 W*=3 | argmax='Pal' onset=1 coll(sp/bare)=0/0 prefix_ok=1 q='What is the capital of the Federat'
  [it bare] key=bare rank_can C=3(plat 1) W*=11(plat 1) | best_set C=3 W*=11 | argmax='The' onset=0 coll(sp/bare)=0/0 prefix_ok=1 q='What is the capital of Poland?'
  [it elicit] key=bare rank_can C=1(plat 1) W*=13(plat 1) | best_set C=1 W*=13 | argmax='Warsaw' onset=1 coll(sp/bare)=0/0 prefix_ok=1 q='What is the capital of Poland?'
  [it bare] key=bare rank_can C=3(plat 1) W*=4(plat 1) | best_set C=3 W*=4 | argmax='The' onset=0 coll(sp/bare)=0/0 prefix_ok=1 q='What is the capital of Burundi?'
  [it elicit] key=bare rank_can C=1(plat 1) W*=2(plat 1) | best_set C=1 W*=2 | argmax='G' onset=1 coll(sp/bare)=0/0 prefix_ok=1 q='What is the capital of Burundi?'
  [it bare] key=bare rank_can C=5(plat 1) W*=36(plat 2) | best_set C=5 W*=36 | argmax='The' onset=0 coll(sp/bare)=0/0 prefix_ok=1 q='What is the capital of Montenegro?'
  [it elicit] key=bare rank_can C=1(plat 1) W*=5(plat 1) | best_set C=1 W*=5 | argmax='Pod' onset=1 coll(sp/bare)=0/0 prefix_ok=1 q='What is the capital of Montenegro?'
  [it bare] key=bare rank_can C=2(plat 1) W*=6(plat 1) | best_set C=2 W*=6 | argmax='The' onset=0 coll(sp/bare)=0/0 prefix_ok=1 q='What is the capital of Portugal?'
  [it elicit] key=bare rank_can C=1(plat 1) W*=10(plat 1) | best_set C=1 W*=10 | argmax='Lis' onset=1 coll(sp/bare)=0/0 prefix_ok=1 q='What is the capital of Portugal?'
  [it bare] key=bare rank_can C=6(plat 1) W*=10(plat 1) | best_set C=6 W*=10 | argmax='The' onset=0 coll(sp/bare)=0/0 prefix_ok=1 q='What is the capital of Croatia?'
  [it elicit] key=bare rank_can C=1(plat 1) W*=4(plat 1) | best_set C=1 W*=4 | argmax='Z' onset=1 coll(sp/bare)=0/0 prefix_ok=1 q='What is the capital of Croatia?'
  [it bare] key=bare rank_can C=8(plat 1) W*=34(plat 3) | best_set C=8 W*=34 | argmax='The' onset=0 coll(sp/bare)=0/0 prefix_ok=1 q='Who built the first practical auto'
  [it elicit] key=bare rank_can C=1(plat 1) W*=5(plat 1) | best_set C=1 W*=5 | argmax='Karl' onset=1 coll(sp/bare)=0/0 prefix_ok=1 q='Who built the first practical auto'
  [it bare] key=bare rank_can C=5(plat 1) W*=9(plat 1) | best_set C=5 W*=9 | argmax='**' onset=0 coll(sp/bare)=0/0 prefix_ok=1 q='Who is credited with discovering r'
  [it elicit] key=bare rank_can C=1(plat 1) W*=2(plat 1) | best_set C=1 W*=2 | argmax='Henri' onset=1 coll(sp/bare)=0/0 prefix_ok=1 q='Who is credited with discovering r'
  [it bare] key=bare rank_can C=10(plat 1) W*=16(plat 1) | best_set C=10 W*=16 | argmax='The' onset=0 coll(sp/bare)=0/0 prefix_ok=1 q='Who developed the oral polio vacci'
  [it elicit] key=bare rank_can C=2(plat 1) W*=1(plat 1) | best_set C=2 W*=1 | argmax='Jonas' onset=1 coll(sp/bare)=0/0 prefix_ok=1 q='Who developed the oral polio vacci'
  [it bare] key=bare rank_can C=9(plat 1) W*=8(plat 1) | best_set C=9 W*=8 | argmax='The' onset=0 coll(sp/bare)=0/0 prefix_ok=1 q='Who built the first commercially s'
  [it elicit] key=bare rank_can C=1(plat 1) W*=2(plat 1) | best_set C=1 W*=2 | argmax='Thomas' onset=1 coll(sp/bare)=0/0 prefix_ok=1 q='Who built the first commercially s'
  [it bare] key=bare rank_can C=7(plat 1) W*=11(plat 1) | best_set C=7 W*=11 | argmax='The' onset=0 coll(sp/bare)=0/0 prefix_ok=1 q='Who developed the first successful'
  [it elicit] key=bare rank_can C=1(plat 1) W*=2(plat 1) | best_set C=1 W*=2 | argmax='Edward' onset=1 coll(sp/bare)=0/0 prefix_ok=1 q='Who developed the first successful'
  [it bare] key=bare rank_can C=26(plat 2) W*=15(plat 2) | best_set C=26 W*=15 | argmax='The' onset=0 coll(sp/bare)=0/0 prefix_ok=1 q='Who is credited with inventing the'
  [it elicit] key=bare rank_can C=1(plat 1) W*=3(plat 1) | best_set C=1 W*=3 | argmax='Hans' onset=1 coll(sp/bare)=0/0 prefix_ok=1 q='Who is credited with inventing the'
  [it bare] key=bare rank_can C=9(plat 4) W*=104(plat 1) | best_set C=9 W*=104 | argmax='While' onset=0 coll(sp/bare)=0/0 prefix_ok=1 q='Who is regarded as the primary aut'
  [it elicit] key=bare rank_can C=1(plat 1) W*=5(plat 1) | best_set C=1 W*=5 | argmax='James' onset=1 coll(sp/bare)=0/0 prefix_ok=1 q='Who is regarded as the primary aut'
  [it bare] key=bare rank_can C=6(plat 1) W*=60(plat 2) | best_set C=6 W*=60 | argmax='The' onset=0 coll(sp/bare)=0/0 prefix_ok=1 q='Who invented the World Wide Web?'
  [it elicit] key=bare rank_can C=1(plat 1) W*=37(plat 2) | best_set C=1 W*=37 | argmax='Tim' onset=1 coll(sp/bare)=0/0 prefix_ok=1 q='Who invented the World Wide Web?'
  [it bare] key=bare rank_can C=17(plat 1) W*=8(plat 1) | best_set C=17 W*=8 | argmax='The' onset=0 coll(sp/bare)=0/0 prefix_ok=1 q='Who composed the melody of the Sta'
  [it elicit] key=bare rank_can C=2(plat 1) W*=1(plat 1) | best_set C=2 W*=1 | argmax='Francis' onset=1 coll(sp/bare)=0/0 prefix_ok=1 q='Who composed the melody of the Sta'
  [it bare] key=bare rank_can C=14(plat 2) W*=1983(plat 5) | best_set C=14 W*=1983 | argmax='The' onset=0 coll(sp/bare)=0/0 prefix_ok=1 q='Which African country is the large'
  [it elicit] key=bare rank_can C=1(plat 1) W*=289(plat 5) | best_set C=1 W*=44 | argmax='Algeria' onset=1 coll(sp/bare)=0/0 prefix_ok=1 q='Which African country is the large'
  [it bare] key=bare rank_can C=100(plat 4) W*=6(plat 1) | best_set C=100 W*=6 | argmax='The' onset=0 coll(sp/bare)=0/0 prefix_ok=1 q='What is the largest freshwater lak'
  [it elicit] key=bare rank_can C=5(plat 2) W*=1(plat 1) | best_set C=5 W*=1 | argmax='Lake' onset=1 coll(sp/bare)=0/0 prefix_ok=1 q='What is the largest freshwater lak'
  [it bare] key=bare rank_can C=216(plat 3) W*=128(plat 3) | best_set C=216 W*=128 | argmax='The' onset=0 coll(sp/bare)=0/0 prefix_ok=1 q='What is the largest known organism'
  [it elicit] key=bare rank_can C=11(plat 1) W*=203(plat 5) | best_set C=11 W*=203 | argmax='P' onset=0 coll(sp/bare)=0/0 prefix_ok=1 q='What is the largest known organism'
  [it bare] key=bare rank_can C=184(plat 5) W*=45(plat 2) | best_set C=184 W*=45 | argmax='The' onset=0 coll(sp/bare)=0/0 prefix_ok=1 q='What is the longest river located '
  [it elicit] key=bare rank_can C=1(plat 1) W*=3(plat 1) | best_set C=1 W*=3 | argmax='Missouri' onset=1 coll(sp/bare)=0/0 prefix_ok=1 q='What is the longest river located '
  [it bare] key=bare rank_can C=13(plat 1) W*=4009(plat 4) | best_set C=13 W*=4009 | argmax='The' onset=0 coll(sp/bare)=0/0 prefix_ok=1 q='Where was the coldest temperature '
  [it elicit] key=bare rank_can C=5(plat 1) W*=656(plat 5) | best_set C=5 W*=656 | argmax='-' onset=0 coll(sp/bare)=0/0 prefix_ok=1 q='Where was the coldest temperature '
  [it bare] key=bare rank_can C=81(plat 4) W*=60(plat 4) | best_set C=81 W*=60 | argmax='The' onset=0 coll(sp/bare)=0/0 prefix_ok=1 q='What is the largest active volcano'
  [it elicit] key=bare rank_can C=1(plat 1) W*=23(plat 1) | best_set C=1 W*=23 | argmax='Ma' onset=1 coll(sp/bare)=0/0 prefix_ok=1 q='What is the largest active volcano'
  [it bare] key=bare rank_can C=422(plat 5) W*=99(plat 3) | best_set C=422 W*=99 | argmax='The' onset=0 coll(sp/bare)=0/0 prefix_ok=1 q='Which spider species has the large'
  [it elicit] key=bare rank_can C=3(plat 2) W*=1(plat 2) | best_set C=3 W*=1 | argmax='Go' onset=1 coll(sp/bare)=0/0 prefix_ok=1 q='Which spider species has the large'
  [it bare] key=bare rank_can C=6(plat 1) W*=49(plat 1) | best_set C=6 W*=49 | argmax='The' onset=0 coll(sp/bare)=0/0 prefix_ok=1 q='Which country produces the most co'
  [it elicit] key=bare rank_can C=1(plat 1) W*=32(plat 2) | best_set C=1 W*=32 | argmax='Ivory' onset=1 coll(sp/bare)=0/0 prefix_ok=1 q='Which country produces the most co'
  [it bare] key=bare rank_can C=14(plat 1) W*=99(plat 5) | best_set C=14 W*=99 | argmax='The' onset=0 coll(sp/bare)=0/0 prefix_ok=1 q='Which country is credited with fir'
  [it elicit] key=bare rank_can C=1(plat 1) W*=40(plat 5) | best_set C=1 W*=40 | argmax='Mexico' onset=1 coll(sp/bare)=0/0 prefix_ok=1 q='Which country is credited with fir'
  [it bare] key=bare rank_can C=43(plat 3) W*=125(plat 4) | best_set C=43 W*=125 | argmax='The' onset=0 coll(sp/bare)=0/0 prefix_ok=1 q='Which country did the potato origi'
  [it elicit] key=bare rank_can C=4(plat 1) W*=698(plat 19) | best_set C=4 W*=698 | argmax='South' onset=0 coll(sp/bare)=0/0 prefix_ok=1 q='Which country did the potato origi'
  [it bare] key=bare rank_can C=51(plat 3) W*=101(plat 7) | best_set C=51 W*=101 | argmax='The' onset=0 coll(sp/bare)=0/0 prefix_ok=1 q='Which country has the most golf co'
  [it elicit] key=bare rank_can C=1(plat 1) W*=9(plat 1) | best_set C=1 W*=9 | argmax='United' onset=1 coll(sp/bare)=0/0 prefix_ok=1 q='Which country has the most golf co'
  [it bare] key=bare rank_can C=4(plat 1) W*=6(plat 1) | best_set C=4 W*=6 | argmax='The' onset=0 coll(sp/bare)=0/0 prefix_ok=1 q='Which country produces the most ri'
  [it elicit] key=bare rank_can C=2(plat 1) W*=1(plat 1) | best_set C=2 W*=1 | argmax='India' onset=1 coll(sp/bare)=0/0 prefix_ok=1 q='Which country produces the most ri'
  [it bare] key=bare rank_can C=23(plat 2) W*=12(plat 1) | best_set C=23 W*=12 | argmax='The' onset=0 coll(sp/bare)=0/0 prefix_ok=1 q='Which country drinks the most beer'
  [it elicit] key=bare rank_can C=1(plat 1) W*=5(plat 3) | best_set C=1 W*=5 | argmax='Czech' onset=1 coll(sp/bare)=0/0 prefix_ok=1 q='Which country drinks the most beer'
  [it bare] key=bare rank_can C=85(plat 5) W*=65(plat 1) | best_set C=85 W*=65 | argmax='The' onset=0 coll(sp/bare)=0/0 prefix_ok=1 q='Which country drinks the most tea '
  [it elicit] key=bare rank_can C=15(plat 3) W*=2(plat 1) | best_set C=15 W*=2 | argmax='China' onset=0 coll(sp/bare)=0/0 prefix_ok=1 q='Which country drinks the most tea '
  [it bare] key=bare rank_can C=12(plat 1) W*=5(plat 1) | best_set C=12 W*=5 | argmax='The' onset=0 coll(sp/bare)=0/0 prefix_ok=1 q='What is the most abundant metal in'
  [it elicit] key=bare rank_can C=1(plat 1) W*=2(plat 1) | best_set C=1 W*=2 | argmax='Aluminum' onset=1 coll(sp/bare)=0/0 prefix_ok=1 q='What is the most abundant metal in'
  [it bare] key=bare rank_can C=8(plat 2) W*=18(plat 1) | best_set C=8 W*=18 | argmax='The' onset=0 coll(sp/bare)=0/0 prefix_ok=1 q='Which country is the largest expor'
  [it elicit] key=bare rank_can C=2(plat 1) W*=1(plat 1) | best_set C=2 W*=1 | argmax='Costa' onset=1 coll(sp/bare)=0/0 prefix_ok=1 q='Which country is the largest expor'
  [it bare] key=bare rank_can C=3(plat 1) W*=6(plat 1) | best_set C=3 W*=6 | argmax='The' onset=0 coll(sp/bare)=0/0 prefix_ok=1 q='Which country is home to most of t'
  [it elicit] key=bare rank_can C=1(plat 1) W*=4(plat 1) | best_set C=1 W*=4 | argmax='India' onset=1 coll(sp/bare)=0/0 prefix_ok=1 q='Which country is home to most of t'
  [it bare] key=bare rank_can C=21(plat 2) W*=67(plat 1) | best_set C=21 W*=67 | argmax='The' onset=0 coll(sp/bare)=0/0 prefix_ok=1 q='Which country has the largest wild'
  [it elicit] key=bare rank_can C=6(plat 1) W*=7(plat 1) | best_set C=6 W*=7 | argmax='China' onset=0 coll(sp/bare)=0/0 prefix_ok=1 q='Which country has the largest wild'
  [it bare] key=bare rank_can C=13(plat 1) W*=8(plat 1) | best_set C=13 W*=8 | argmax='The' onset=0 coll(sp/bare)=0/0 prefix_ok=1 q='Which country has the most native '
  [it elicit] key=bare rank_can C=1(plat 1) W*=2(plat 1) | best_set C=1 W*=2 | argmax='Mexico' onset=1 coll(sp/bare)=0/0 prefix_ok=1 q='Which country has the most native '
  [it bare] key=bare rank_can C=6(plat 1) W*=7(plat 1) | best_set C=6 W*=7 | argmax='The' onset=0 coll(sp/bare)=0/0 prefix_ok=1 q='Which country has the most native '
  [it elicit] key=bare rank_can C=1(plat 1) W*=2(plat 1) | best_set C=1 W*=2 | argmax='Brazil' onset=1 coll(sp/bare)=0/0 prefix_ok=1 q='Which country has the most native '
  [it bare] key=bare rank_can C=7(plat 1) W*=21(plat 1) | best_set C=7 W*=21 | argmax='The' onset=0 coll(sp/bare)=0/0 prefix_ok=1 q='Which country has the largest popu'
  [it elicit] key=bare rank_can C=2(plat 1) W*=4(plat 1) | best_set C=2 W*=4 | argmax='Algeria' onset=0 coll(sp/bare)=0/0 prefix_ok=1 q='Which country has the largest popu'
  [it bare] key=bare rank_can C=2(plat 1) W*=6(plat 2) | best_set C=2 W*=6 | argmax='The' onset=0 coll(sp/bare)=0/0 prefix_ok=1 q='What is the capital of California?'
  [it elicit] key=bare rank_can C=1(plat 1) W*=8(plat 2) | best_set C=1 W*=8 | argmax='Sacramento' onset=1 coll(sp/bare)=0/0 prefix_ok=1 q='What is the capital of California?'
  [it bare] key=bare rank_can C=3(plat 1) W*=2(plat 1) | best_set C=3 W*=2 | argmax='The' onset=0 coll(sp/bare)=0/0 prefix_ok=1 q='What is the capital of New York St'
  [it elicit] key=bare rank_can C=1(plat 1) W*=4(plat 1) | best_set C=1 W*=4 | argmax='Albany' onset=1 coll(sp/bare)=0/0 prefix_ok=1 q='What is the capital of New York St'
  [it bare] key=bare rank_can C=4(plat 1) W*=8(plat 2) | best_set C=4 W*=8 | argmax='The' onset=0 coll(sp/bare)=0/0 prefix_ok=1 q='What is the capital of Florida?'
  [it elicit] key=bare rank_can C=1(plat 1) W*=6(plat 1) | best_set C=1 W*=6 | argmax='Talla' onset=1 coll(sp/bare)=0/0 prefix_ok=1 q='What is the capital of Florida?'
  [it bare] key=bare rank_can C=2(plat 1) W*=5(plat 1) | best_set C=2 W*=5 | argmax='The' onset=0 coll(sp/bare)=0/0 prefix_ok=1 q='What is the capital of Illinois?'
  [it elicit] key=bare rank_can C=1(plat 1) W*=3(plat 1) | best_set C=1 W*=3 | argmax='Springfield' onset=1 coll(sp/bare)=0/0 prefix_ok=1 q='What is the capital of Illinois?'
  [it bare] key=bare rank_can C=9(plat 1) W*=4(plat 1) | best_set C=9 W*=4 | argmax='The' onset=0 coll(sp/bare)=0/0 prefix_ok=1 q='What is the capital of Michigan?'
  [it elicit] key=bare rank_can C=1(plat 1) W*=3(plat 1) | best_set C=1 W*=3 | argmax='L' onset=1 coll(sp/bare)=0/0 prefix_ok=1 q='What is the capital of Michigan?'
  [it bare] key=bare rank_can C=3(plat 1) W*=2(plat 1) | best_set C=3 W*=2 | argmax='The' onset=0 coll(sp/bare)=0/0 prefix_ok=1 q='What is the capital of Nevada?'
  [it elicit] key=bare rank_can C=1(plat 1) W*=3(plat 2) | best_set C=1 W*=3 | argmax='Carson' onset=1 coll(sp/bare)=0/0 prefix_ok=1 q='What is the capital of Nevada?'
  [it bare] key=bare rank_can C=6(plat 1) W*=2(plat 2) | best_set C=6 W*=2 | argmax='The' onset=0 coll(sp/bare)=0/0 prefix_ok=1 q='What is the capital of Washington '
  [it elicit] key=bare rank_can C=1(plat 1) W*=4(plat 1) | best_set C=1 W*=4 | argmax='Olympia' onset=1 coll(sp/bare)=0/0 prefix_ok=1 q='What is the capital of Washington '
  [it bare] key=bare rank_can C=6(plat 1) W*=5(plat 1) | best_set C=6 W*=5 | argmax='The' onset=0 coll(sp/bare)=0/0 prefix_ok=1 q='What is the capital of British Col'
  [it elicit] key=bare rank_can C=1(plat 1) W*=2(plat 1) | best_set C=1 W*=2 | argmax='Victoria' onset=1 coll(sp/bare)=0/0 prefix_ok=1 q='What is the capital of British Col'
  [it bare] key=bare rank_can C=27(plat 3) W*=7(plat 1) | best_set C=27 W*=7 | argmax='The' onset=0 coll(sp/bare)=0/0 prefix_ok=1 q="Who first radioed 'Houston, we've "
  [it elicit] key=bare rank_can C=5(plat 1) W*=1(plat 1) | best_set C=5 W*=1 | argmax='Jim' onset=1 coll(sp/bare)=0/0 prefix_ok=1 q="Who first radioed 'Houston, we've "
  [it bare] key=bare rank_can C=9(plat 3) W*=14(plat 2) | best_set C=9 W*=14 | argmax='The' onset=0 coll(sp/bare)=0/0 prefix_ok=1 q='Who took the X-ray photograph know'
  [it elicit] key=bare rank_can C=1(plat 1) W*=6(plat 2) | best_set C=1 W*=6 | argmax='Ros' onset=1 coll(sp/bare)=0/0 prefix_ok=1 q='Who took the X-ray photograph know'
  [it bare] key=bare rank_can C=191(plat 3) W*=11(plat 2) | best_set C=191 W*=11 | argmax='The' onset=0 coll(sp/bare)=0/0 prefix_ok=1 q='Who originally invented the board '
  [it elicit] key=bare rank_can C=5(plat 1) W*=2(plat 1) | best_set C=5 W*=2 | argmax='Le' onset=0 coll(sp/bare)=0/0 prefix_ok=1 q='Who originally invented the board '
  [it bare] key=bare rank_can C=460(plat 14) W*=10(plat 2) | best_set C=460 W*=10 | argmax='The' onset=0 coll(sp/bare)=0/0 prefix_ok=1 q='Who invented the first movable typ'
  [it elicit] key=bare rank_can C=21(plat 2) W*=5(plat 2) | best_set C=21 W*=5 | argmax='Hi' onset=0 coll(sp/bare)=0/0 prefix_ok=1 q='Who invented the first movable typ'
  [it bare] key=bare rank_can C=36(plat 2) W*=19(plat 2) | best_set C=36 W*=19 | argmax='The' onset=0 coll(sp/bare)=0/0 prefix_ok=1 q='Who held the original patent for t'
  [it elicit] key=bare rank_can C=2(plat 1) W*=1(plat 1) | best_set C=2 W*=1 | argmax='Isaac' onset=1 coll(sp/bare)=0/0 prefix_ok=1 q='Who held the original patent for t'
  [it bare] key=bare rank_can C=4(plat 1) W*=155(plat 2) | best_set C=4 W*=155 | argmax='The' onset=0 coll(sp/bare)=0/0 prefix_ok=1 q='Who was the primary author of the '
  [it elicit] key=bare rank_can C=1(plat 1) W*=466(plat 7) | best_set C=1 W*=466 | argmax='Thomas' onset=1 coll(sp/bare)=0/0 prefix_ok=1 q='Who was the primary author of the '
[fmt_ext2_2bit|bare] frac_slot_answer_onset=0.012195 (n=1/82) onset_side_empty=False | decomposition C_only=0.0 W_only=0.012195 both=0.0 neither=0.987805  [LEVEL: no threshold, A15]
[fmt_ext2_2bit|bare] A19 non-onset composition: n_non_onset=81 distinct=3 modal='The' x78 (tied=False) | top5=[('The', 78, 0.962963), ('**', 2, 0.024691), ('While', 1, 0.012346)]
[fmt_ext2_2bit|bare] rule_k n_by_canonical_key={'space': 0, 'bare': 82} off_regime_derivation=0 | prefix_fail=0 (spec_literal=0) reasons={'OK': 164}
[fmt_ext2_2bit|bare|C] RANK_GATE_PAIR_ABSENT key=bare median_rank_canonical=9.0 (plateau=1 IQR=18.5 max=460) median_rank_best_set=9.0 | n_rank_resolved=50/82 median_tie_plateau=1.0 | n_rank_le_10=50 n_is_top=0 n_p_ge_1e6=71 | canonical_better_than_cross=82/82 (cross_better=0 tied=0) n_id_disagree=0 | primary_input=False role=secondary_diagnostic
[fmt_ext2_2bit|bare|Wstar] RANK_GATE_PAIR_ABSENT key=bare median_rank_canonical=14.5 (plateau=2 IQR=53.0 max=4009) median_rank_best_set=14.5 | n_rank_resolved=41/82 median_tie_plateau=1.5 | n_rank_le_10=34 n_is_top=1 n_p_ge_1e6=68 | canonical_better_than_cross=82/82 (cross_better=0 tied=0) n_id_disagree=0 | primary_input=False role=secondary_diagnostic
[fmt_ext2_2bit|bare] SLOT_GATE_PAIR_ABSENT (not_emitted) -- frac_slot_answer_onset is absent for one arm (base=0.012195121951219513, -it=None) and the known arm is not zero: abs(f_base - f_it) needs both cells and one invocation measures ONE cell (§14.1, A8), so no matching verdict is emitted here. The pair resolves offline (§14.2).
[fmt_ext2_2bit|elicit] frac_slot_answer_onset=0.865854 (n=71/82) onset_side_empty=False | decomposition C_only=0.719512 W_only=0.146341 both=0.0 neither=0.134146  [LEVEL: no threshold, A15]
[fmt_ext2_2bit|elicit] A19 non-onset composition: n_non_onset=11 distinct=10 modal='China' x2 (tied=False) | top5=[('China', 2, 0.181818), ('Le', 1, 0.090909), ('Hi', 1, 0.090909), ('South', 1, 0.090909), ('United', 1, 0.090909)]
[fmt_ext2_2bit|elicit] rule_k n_by_canonical_key={'space': 0, 'bare': 82} off_regime_derivation=0 | prefix_fail=0 (spec_literal=0) reasons={'OK': 164}
[fmt_ext2_2bit|elicit|C] RANK_GATE_PAIR_ABSENT key=bare median_rank_canonical=1.0 (plateau=1 IQR=1.0 max=138) median_rank_best_set=1.0 | n_rank_resolved=77/82 median_tie_plateau=1.0 | n_rank_le_10=78 n_is_top=59 n_p_ge_1e6=82 | canonical_better_than_cross=82/82 (cross_better=0 tied=0) n_id_disagree=0 | primary_input=False role=secondary_diagnostic
[fmt_ext2_2bit|elicit|Wstar] RANK_GATE_PAIR_ABSENT key=bare median_rank_canonical=4.0 (plateau=1 IQR=6.0 max=1092) median_rank_best_set=4.0 | n_rank_resolved=59/82 median_tie_plateau=1.0 | n_rank_le_10=64 n_is_top=12 n_p_ge_1e6=77 | canonical_better_than_cross=82/82 (cross_better=0 tied=0) n_id_disagree=0 | primary_input=True role=secondary_diagnostic
[fmt_ext2_2bit|elicit] SLOT_GATE_PAIR_ABSENT (not_emitted) -- frac_slot_answer_onset is absent for one arm (base=0.8658536585365854, -it=None) and the known arm is not zero: abs(f_base - f_it) needs both cells and one invocation measures ONE cell (§14.1, A8), so no matching verdict is emitted here. The pair resolves offline (§14.2).
[primary] n_primary_role_fields=1 (§13: exactly 1, the designation block; this instrument emits no primary number)
[done] wrote out/family_topk_shift_fmt_fmt_ext2_2bit.json
