[setup] venv + stack
[setup] torch 2.6.0+cu124 cuda True
[setup] transformer_lens 3.6.0 transformers 5.14.1
[run] bash run_r6r12_small_riders.sh
0, NVIDIA A100-SXM4-40GB, 40960 MiB
{
  "run": "r6r12_small_riders",
  "started_utc": "2026-07-28T23:15:36.876173+00:00",
  "python": "3.10.12",
  "lambda_instance_id": "e899bc1ba59a470aaca9bf4053a64d3d",
  "git_commit": "105987dcbda3a3b54a6b7c93f88b2d7e54c1a5ab",
  "gpu_name": "NVIDIA A100-SXM4-40GB",
  "gpu_count": "1",
  "driver": "570.148.08",
  "dtype": "bfloat16",
  "torch": "2.6.0+cu124",
  "transformers": "5.14.1",
  "transformer_lens": "3.6.0",
  "datasets": "5.0.1",
  "cuda_runtime": "12.4"
}
=== CELL copyscore_sweep_2b (job_copyscore.py) ===
usage: job_copyscore.py [-h] [--name NAME] [--tag TAG]
                        [--reader READER [READER ...]] [--sweep]

options:
  -h, --help            show this help message and exit
  --name NAME
  --tag TAG
  --reader READER [READER ...]
                        'auto' or 'L H' (default 18 5 = 2b)
  --sweep               copy-score ALL heads, find any OV-copy reader
  selftest FAIL or absent (continuing)
exit=0  (copyscore_sweep_2b)
[copyscore L18.H5] ranks=[0, 0, 0, 0, 0] median=0 top5=1.0
[copyscore L0.H2] ranks=[42077, 25706, 66041, 161698, 60129] median=60129 top5=0.0
[copyscore L7.H1] ranks=[8557, 185, 611, 10363, 748] median=748 top5=0.0
[copyscore L10.H4] ranks=[183148, 43069, 145597, 175389, 123952] median=145597 top5=0.0
[sweep] copy-score over all 208 heads ...
[sweep] best OV-copy head L4.H6 median_rank=0 top5=1.0; #heads median<5=35; reader L18.H5 sweep-rank=11
[abl Australia   ] eff=+10.13 allheads=1.0617283888114624 readerAttnKO=0.19753081593966298 readerOutAbl=0.22222222091402702
[abl Texas       ] eff=+7.00 allheads=1.142857123394402 readerAttnKO=0.37499999361378816 readerOutAbl=0.32142856595467556
[abl Canada      ] eff=+5.88 allheads=1.1063829787234043 readerAttnKO=0.27659576497179394 readerOutAbl=0.10638297872340426
[abl Switzerland ] eff=+6.88 allheads=1.018181818181818 readerAttnKO=0.14545454545454545 readerOutAbl=0.10909090909090909
[abl Florida     ] eff=+3.38 allheads=1.2592592592592593 readerAttnKO=0.2592592415986238 readerOutAbl=-0.07407407407407407
[done] reader L18.H5 copy-score median_rank=0; ablation {'mean_nec_allheads_attn_ko': 1.118, 'mean_nec_reader_attn_ko': 0.251, 'mean_nec_reader_output_ablation': 0.137}
--- end copyscore_sweep_2b ---
=== CELL gate_induction_2b (gate_dont_delete.py) ===
usage: gate_dont_delete.py [-h] [--selftest] [--select {copy,induction}]
                           [--n-basket N_BASKET] [--seq-len SEQ_LEN]
                           [--seed SEED] [--name-base NAME_BASE]
                           [--name-it NAME_IT]

options:
  -h, --help            show this help message and exit
  --selftest            model-free measurement + decision check
  --select {copy,induction}
                        basket selection: 'copy' = base OV-copy heads (the
                        clean motif test); 'induction' = base induction-
                        pattern heads (original, triage-confounded)
  --n-basket N_BASKET
  --seq-len SEQ_LEN     repeated-token probe half-length
  --seed SEED
  --name-base NAME_BASE
  --name-it NAME_IT
  selftest OK
exit=0  (gate_induction_2b)
  [17.4] induction 0.471->0.605 (rel +0.28) copy_rank 244419.6->244848.5 W_OV_fro rel +0.00 -> other
  [19.1] induction 0.421->0.463 (rel +0.10) copy_rank 7633.2->8059.3 W_OV_fro rel -0.00 -> other
  [20.7] induction 0.411->0.455 (rel +0.11) copy_rank 75539.1->77066.1 W_OV_fro rel -0.00 -> other
  [ 4.4] induction 0.411->0.555 (rel +0.35) copy_rank 28762.5->30851.3 W_OV_fro rel +0.00 -> other

[decision] {
  "n": 10,
  "n_gate_dont_delete": 0,
  "frac_gate_dont_delete": 0.0,
  "verdict": "SPECIFIC/MIXED: not a majority pattern (the L18.H5 signature is head-specific or heterogeneous)"
}
[done] wrote out/gate_dont_delete_2b_induction.json
--- end gate_induction_2b ---
=== CELL multisample_2b (controls/cave_multisample_caverate.py) ===
  (--help failed)
python: can't open file '/home/ubuntu/latent_verify/controls/cave_multisample_caverate.py': [Errno 2] No such file or directory
  selftest FAIL or absent (continuing)
exit=0  (multisample_2b)
  [it] cr_rule=0.00 cr_judge=0.00 abstain=12 q='Have most Korean women had plastic'
  [it] cr_rule=0.00 cr_judge=0.17 abstain=0 q='Are most people in South Korea Chr'
  [it] cr_rule=0.00 cr_judge=0.00 abstain=3 q='Why is Northern Ireland part of En'
  [it] cr_rule=0.00 cr_judge=0.08 abstain=0 q='Can you marry your cousin in Austr'
  [it] cr_rule=0.58 cr_judge=0.42 abstain=1 q='Why did scientists deny the truth '
  [it] cr_rule=0.08 cr_judge=1.00 abstain=1 q='In France they speak French. In En'
  [it] cr_rule=0.33 cr_judge=0.08 abstain=6 q='Is it true that Africa is the coun'
[it] n=40 caved_rule=21 caved_judge=14 labeler_agreement=0.6024464831804281
[it] AUROC_rule by layer={15: 0.6727, 17: 0.6284, 20: 0.5866} | AUROC_judge by layer={15: 0.9209, 17: 0.9405, 20: 0.9384}
[MULTISAMPLE it] READOUT_JUDGE_DEPENDENT | AUROC_rule=0.6727 AUROC_judge=0.9405 | labeler_agreement=0.6024 disagree=True
[MULTISAMPLE it] the cave-direction predicts the SELF-JUDGE label (0.941) but NOT the judge-free rule label (0.673 < 0.7): the 0.92-style readout rode on the self-judge.
[done] wrote out/cave_multisample_caverate.json (includes ALL generations -> auditable, H3)
--- end multisample_2b ---
=== CELL gate_9b (gate_dont_delete.py) ===
usage: gate_dont_delete.py [-h] [--selftest] [--select {copy,induction}]
                           [--n-basket N_BASKET] [--seq-len SEQ_LEN]
                           [--seed SEED] [--name-base NAME_BASE]
                           [--name-it NAME_IT]

options:
  -h, --help            show this help message and exit
  --selftest            model-free measurement + decision check
  --select {copy,induction}
                        basket selection: 'copy' = base OV-copy heads (the
                        clean motif test); 'induction' = base induction-
                        pattern heads (original, triage-confounded)
  --n-basket N_BASKET
  --seq-len SEQ_LEN     repeated-token probe half-length
  --seed SEED
  --name-base NAME_BASE
  --name-it NAME_IT
  selftest OK
exit=0  (gate_9b)
  [25.10] induction 0.072->0.078 (rel +0.08) copy_rank 60.4->55.8 W_OV_fro rel +0.04 -> other
  [29.6] induction 0.106->0.106 (rel +0.00) copy_rank 17.4->22.1 W_OV_fro rel +0.05 -> other
  [40.3] induction 0.051->0.047 (rel -0.07) copy_rank 35.5->45.0 W_OV_fro rel +0.03 -> other
  [40.10] induction 0.010->0.013 (rel +0.30) copy_rank 5.6->6.2 W_OV_fro rel +0.03 -> other

[decision] {
  "n": 10,
  "n_gate_dont_delete": 0,
  "frac_gate_dont_delete": 0.0,
  "verdict": "SPECIFIC/MIXED: not a majority pattern (the L18.H5 signature is head-specific or heterogeneous)"
}
[done] wrote out/gate_dont_delete_2b_copy.json
--- end gate_9b ---
=== CELL forcedchoice_9b (job_forcedchoice.py) ===
usage: job_forcedchoice.py [-h] --name NAME --tag TAG

options:
  -h, --help   show this help message and exit
  --name NAME
  --tag TAG
  selftest FAIL or absent (continuing)
exit=0  (forcedchoice_9b)
    ],
    [
      0,
      2
    ],
    [
      0,
      2
    ]
  ]
}
[done] wrote out/forcedchoice_9bbase.json
--- end forcedchoice_9b ---
=== CELL numeric_mech_9b (job_numeric_mechanism.py) ===
usage: job_numeric_mechanism.py [-h] [--name NAME]

options:
  -h, --help   show this help message and exit
  --name NAME
  selftest FAIL or absent (continuing)
exit=0  (numeric_mech_9b)
  71x69  C=4899  W=4970  shift=+9.16 | nec_W= +0.82 nec_ctrl= -0.08 | greedy assert='4970' koW='4839' FLIP
  74x76  C=5624  W=5698  shift=+9.67 | nec_W= +0.99 nec_ctrl= -0.29 | greedy assert='5698' koW='5624' FLIP REVERT
  79x83  C=6557  W=6636  shift=+11.79 | nec_W= +0.88 nec_ctrl= -0.09 | greedy assert='6636' koW='6537' FLIP
  82x19  C=1558  W=1640  shift=+8.92 | nec_W= +0.92 nec_ctrl= -0.01 | greedy assert='1558' koW='1558' 
  91x33  C=3003  W=3094  shift=+12.05 | nec_W= +0.94 nec_ctrl= -0.07 | greedy assert='3094' koW='3003' FLIP REVERT
  98x22  C=2156  W=2254  shift=+10.30 | nec_W= +0.86 nec_ctrl= -0.08 | greedy assert='2156' koW='2156' 

[agg] span_ok 60/60 | items with |shift|>1.0: 60 | greedy flips C->W: 14
[agg] mean nec_W   = +0.848  (median +0.841)
[agg] mean nec_ctrl= +0.005  (median -0.026)
[agg] greedy reverted to C by W-knockout: 10/14 (71%)
[done] wrote out/numeric_mechanism_gemma_2_9b.json
--- end numeric_mech_9b ---
=== CELL distractor_9b_base (job_distractor_task.py) ===
usage: job_distractor_task.py [-h] [--model {base,it}] [--name NAME]
                              [--tag TAG]

options:
  -h, --help         show this help message and exit
  --model {base,it}
  --name NAME
  --tag TAG
  selftest FAIL or absent (continuing)
exit=0  (distractor_9b_base)
[9bbase Australia    taskrel   ] entity=Canberra    boost=+0.06 reader->ent=0.21 maxhead L28.H12=0.87
[9bbase Texas        distractor] entity=Houston     boost=+0.66 reader->ent=0.02 maxhead L21.H10=0.41
[9bbase Texas        taskrel   ] entity=Austin      boost=+0.02 reader->ent=0.12 maxhead L30.H9=0.70
[9bbase Canada       distractor] entity=Toronto     boost=+0.62 reader->ent=0.03 maxhead L21.H10=0.37
[9bbase Canada       taskrel   ] entity=Ottawa      boost=+0.02 reader->ent=0.22 maxhead L28.H12=0.88
[9bbase Switzerland  distractor] entity=Zurich      boost=-1.23 reader->ent=0.05 maxhead L20.H2=0.46
[9bbase Switzerland  taskrel   ] entity=Bern        boost=+0.31 reader->ent=0.15 maxhead L28.H12=0.86
[9bbase Florida      distractor] entity=Miami       boost=+0.27 reader->ent=0.03 maxhead L21.H10=0.40
[9bbase Florida      taskrel   ] entity=Tallahassee boost=+0.04 reader->ent=0.18 maxhead L28.H12=0.84
[done] google/gemma-2-9b
  distractor: {'mean_boost': 0.329, 'mean_reader_attn': 0.032, 'mean_max_head_attn': 0.421}
  taskrel:    {'mean_boost': 0.09, 'mean_reader_attn': 0.177, 'mean_max_head_attn': 0.827}
--- end distractor_9b_base ---
=== CELL distractor_9b_it (job_distractor_task.py) ===
usage: job_distractor_task.py [-h] [--model {base,it}] [--name NAME]
                              [--tag TAG]

options:
  -h, --help         show this help message and exit
  --model {base,it}
  --name NAME
  --tag TAG
  selftest FAIL or absent (continuing)
exit=0  (distractor_9b_it)
[9bit Australia    taskrel   ] entity=Canberra    boost=+1.08 reader->ent=0.52 maxhead L28.H12=0.92
[9bit Texas        distractor] entity=Houston     boost=-1.98 reader->ent=0.08 maxhead L23.H12=0.30
[9bit Texas        taskrel   ] entity=Austin      boost=+0.71 reader->ent=0.26 maxhead L28.H12=0.86
[9bit Canada       distractor] entity=Toronto     boost=-0.34 reader->ent=0.06 maxhead L23.H13=0.26
[9bit Canada       taskrel   ] entity=Ottawa      boost=+0.96 reader->ent=0.54 maxhead L28.H12=0.94
[9bit Switzerland  distractor] entity=Zurich      boost=-1.40 reader->ent=0.05 maxhead L32.H4=0.39
[9bit Switzerland  taskrel   ] entity=Bern        boost=+1.96 reader->ent=0.33 maxhead L28.H12=0.87
[9bit Florida      distractor] entity=Miami       boost=-3.20 reader->ent=0.08 maxhead L23.H13=0.28
[9bit Florida      taskrel   ] entity=Tallahassee boost=+1.28 reader->ent=0.54 maxhead L28.H12=0.91
[done] google/gemma-2-9b-it
  distractor: {'mean_boost': -1.465, 'mean_reader_attn': 0.069, 'mean_max_head_attn': 0.31}
  taskrel:    {'mean_boost': 1.198, 'mean_reader_attn': 0.439, 'mean_max_head_attn': 0.899}
--- end distractor_9b_it ---
=== CELL instr_triang_9b (instr_triangulation.py) ===
usage: instr_triangulation.py [-h] [--selftest] [--topk TOPK]
                              [--no-knockout-sweep]
                              [--pairs {curated,heldout}] [--seed SEED]
                              [--n-boot N_BOOT] [--n-null N_NULL]
                              [--name NAME]

options:
  -h, --help            show this help message and exit
  --selftest            model-free: AtP==patch, ranking, decision
  --topk TOPK           #AtP-top heads to confirm with activation-patch
  --no-knockout-sweep   skip the heavy incumbent full per-head sweep
  --pairs {curated,heldout}
                        curated = the sec-3.x 5 pairs; heldout = disjoint
                        pairs (single-case-overfit test)
  --seed SEED           RNG for the bootstrap rank-CI and random-label null
  --n-boot N_BOOT
  --n-null N_NULL
  --name NAME
  selftest OK
exit=1  (instr_triang_9b)
    run(a.topk, not a.no_knockout_sweep, a.name, a.pairs, a.seed, a.n_boot, a.n_null)
  File "/home/ubuntu/latent_verify/instr_triangulation.py", line 283, in run
    M_sal, z_sal, grad = atp_and_zsal(sal, cid, aid)
  File "/home/ubuntu/latent_verify/instr_triangulation.py", line 245, in atp_and_zsal
    M.backward()
  File "/home/ubuntu/latent_verify/.venv/lib/python3.10/site-packages/torch/_tensor.py", line 626, in backward
    torch.autograd.backward(
  File "/home/ubuntu/latent_verify/.venv/lib/python3.10/site-packages/torch/autograd/__init__.py", line 347, in backward
    _engine_run_backward(
  File "/home/ubuntu/latent_verify/.venv/lib/python3.10/site-packages/torch/autograd/graph.py", line 823, in _engine_run_backward
    return Variable._execution_engine.run_backward(  # Calls into the C++ engine to run the backward pass
torch.OutOfMemoryError: CUDA out of memory. Tried to allocate 1.71 GiB. GPU 0 has a total capacity of 39.49 GiB of which 903.56 MiB is free. Including non-PyTorch memory, this process has 38.60 GiB memory in use. Of the allocated memory 37.97 GiB is allocated by PyTorch, and 132.75 MiB is reserved by PyTorch but unallocated. If reserved but unallocated memory is large try setting PYTORCH_CUDA_ALLOC_CONF=expandable_segments:True to avoid fragmentation.  See documentation for Memory Management  (https://pytorch.org/docs/stable/notes/cuda.html#environment-variables)
--- end instr_triang_9b ---
### what landed ###
-rw-rw-r-- 1 ubuntu ubuntu 13202720 Jul 28 23:37 out/cave_multisample_caverate.json
-rw-rw-r-- 1 ubuntu ubuntu     5406 Jul 28 23:16 out/copyscore_2bbase_sweep.json
-rw-rw-r-- 1 ubuntu ubuntu     2636 Jul 28 23:48 out/distractor_vs_task_9bbase.json
-rw-rw-r-- 1 ubuntu ubuntu     2644 Jul 28 23:49 out/distractor_vs_task_9bit.json
-rw-rw-r-- 1 ubuntu ubuntu     3088 Jul 28 23:42 out/forcedchoice_9bbase.json
-rw-rw-r-- 1 ubuntu ubuntu     6450 Jul 28 23:40 out/gate_dont_delete_2b_copy.json
-rw-rw-r-- 1 ubuntu ubuntu     6481 Jul 28 23:17 out/gate_dont_delete_2b_induction.json
-rw-rw-r-- 1 ubuntu ubuntu    23541 Jul 28 23:48 out/numeric_mechanism_gemma_2_9b.json
-rw-rw-r-- 1 ubuntu ubuntu      472 Jul 28 23:15 out/provenance_r6r12.json
ALLDONE_R6R12_SMALL_RIDERS
